{"case": "additional-01", "method": "component_count", "repeat": 0, "status": "complete"}
{"case": "additional-01", "method": "array_min_fill", "repeat": 0, "status": "refused"}
{"case": "additional-01", "method": "cudd_dynamic", "repeat": 0, "status": "complete"}
{"case": "additional-01", "method": "cudd_dynamic", "repeat": 1, "status": "complete"}
{"case": "additional-01", "method": "array_min_fill", "repeat": 1, "status": "refused"}
{"case": "additional-01", "method": "component_count", "repeat": 1, "status": "complete"}
{"case": "additional-01", "method": "component_count", "repeat": 2, "status": "complete"}
{"case": "additional-01", "method": "array_min_fill", "repeat": 2, "status": "refused"}
{"case": "additional-01", "method": "cudd_dynamic", "repeat": 2, "status": "complete"}
{"case": "additional-02", "method": "component_count", "repeat": 0, "status": "complete"}
{"case": "additional-02", "method": "array_min_fill", "repeat": 0, "status": "complete"}
{"case": "additional-02", "method": "cudd_dynamic", "repeat": 0, "status": "complete"}
{"case": "additional-02", "method": "cudd_dynamic", "repeat": 1, "status": "complete"}
{"case": "additional-02", "method": "array_min_fill", "repeat": 1, "status": "complete"}
{"case": "additional-02", "method": "component_count", "repeat": 1, "status": "complete"}
{"case": "additional-02", "method": "component_count", "repeat": 2, "status": "complete"}
{"case": "additional-02", "method": "array_min_fill", "repeat": 2, "status": "complete"}
{"case": "additional-02", "method": "cudd_dynamic", "repeat": 2, "status": "complete"}
{"case": "additional-03", "method": "component_count", "repeat": 0, "status": "complete"}
{"case": "additional-03", "method": "array_min_fill", "repeat": 0, "status": "refused"}
{"case": "additional-03", "method": "cudd_dynamic", "repeat": 0, "status": "complete"}
{"case": "additional-03", "method": "cudd_dynamic", "repeat": 1, "status": "complete"}
{"case": "additional-03", "method": "array_min_fill", "repeat": 1, "status": "refused"}
{"case": "additional-03", "method": "component_count", "repeat": 1, "status": "complete"}
{"case": "additional-03", "method": "component_count", "repeat": 2, "status": "complete"}
{"case": "additional-03", "method": "array_min_fill", "repeat": 2, "status": "refused"}
{"case": "additional-03", "method": "cudd_dynamic", "repeat": 2, "status": "complete"}
{"case": "additional-04", "method": "component_count", "repeat": 0, "status": "complete"}
{"case": "additional-04", "method": "array_min_fill", "repeat": 0, "status": "refused"}
{"case": "additional-04", "method": "cudd_dynamic", "repeat": 0, "status": "complete"}
{"case": "additional-04", "method": "cudd_dynamic", "repeat": 1, "status": "complete"}
{"case": "additional-04", "method": "array_min_fill", "repeat": 1, "status": "refused"}
{"case": "additional-04", "method": "component_count", "repeat": 1, "status": "complete"}
{"case": "additional-04", "method": "component_count", "repeat": 2, "status": "complete"}
{"case": "additional-04", "method": "array_min_fill", "repeat": 2, "status": "refused"}
{"case": "additional-04", "method": "cudd_dynamic", "repeat": 2, "status": "complete"}
{"case": "additional-05", "method": "component_count", "repeat": 0, "status": "complete"}
{"case": "additional-05", "method": "array_min_fill", "repeat": 0, "status": "refused"}
{"case": "additional-05", "method": "cudd_dynamic", "repeat": 0, "status": "timeout"}
{"case": "additional-05", "method": "cudd_dynamic", "repeat": 1, "status": "timeout"}
{"case": "additional-05", "method": "array_min_fill", "repeat": 1, "status": "refused"}
{"case": "additional-05", "method": "component_count", "repeat": 1, "status": "complete"}
{"case": "additional-05", "method": "component_count", "repeat": 2, "status": "complete"}
{"case": "additional-05", "method": "array_min_fill", "repeat": 2, "status": "refused"}
{"case": "additional-05", "method": "cudd_dynamic", "repeat": 2, "status": "timeout"}
{"case": "additional-06", "method": "component_count", "repeat": 0, "status": "complete"}
{"case": "additional-06", "method": "array_min_fill", "repeat": 0, "status": "refused"}
{"case": "additional-06", "method": "cudd_dynamic", "repeat": 0, "status": "timeout"}
{"case": "additional-06", "method": "cudd_dynamic", "repeat": 1, "status": "timeout"}
{"case": "additional-06", "method": "array_min_fill", "repeat": 1, "status": "refused"}
{"case": "additional-06", "method": "component_count", "repeat": 1, "status": "complete"}
{"case": "additional-06", "method": "component_count", "repeat": 2, "status": "complete"}
{"case": "additional-06", "method": "array_min_fill", "repeat": 2, "status": "refused"}
{"case": "additional-06", "method": "cudd_dynamic", "repeat": 2, "status": "timeout"}
{"case": "additional-07", "method": "component_count", "repeat": 0, "status": "refused"}
{"case": "additional-07", "method": "array_min_fill", "repeat": 0, "status": "refused"}
{"case": "additional-07", "method": "cudd_dynamic", "repeat": 0, "status": "timeout"}
{"case": "additional-07", "method": "cudd_dynamic", "repeat": 1, "status": "timeout"}
{"case": "additional-07", "method": "array_min_fill", "repeat": 1, "status": "refused"}
{"case": "additional-07", "method": "component_count", "repeat": 1, "status": "refused"}
{"case": "additional-07", "method": "component_count", "repeat": 2, "status": "refused"}
{"case": "additional-07", "method": "array_min_fill", "repeat": 2, "status": "refused"}
{"case": "additional-07", "method": "cudd_dynamic", "repeat": 2, "status": "timeout"}
{"case": "additional-08", "method": "component_count", "repeat": 0, "status": "complete"}
{"case": "additional-08", "method": "array_min_fill", "repeat": 0, "status": "refused"}
{"case": "additional-08", "method": "cudd_dynamic", "repeat": 0, "status": "complete"}
{"case": "additional-08", "method": "cudd_dynamic", "repeat": 1, "status": "complete"}
{"case": "additional-08", "method": "array_min_fill", "repeat": 1, "status": "refused"}
{"case": "additional-08", "method": "component_count", "repeat": 1, "status": "complete"}
{"case": "additional-08", "method": "component_count", "repeat": 2, "status": "complete"}
{"case": "additional-08", "method": "array_min_fill", "repeat": 2, "status": "refused"}
{"case": "additional-08", "method": "cudd_dynamic", "repeat": 2, "status": "complete"}
{"case": "additional-09", "method": "component_count", "repeat": 0, "status": "refused"}
{"case": "additional-09", "method": "array_min_fill", "repeat": 0, "status": "refused"}
{"case": "additional-09", "method": "cudd_dynamic", "repeat": 0, "status": "timeout"}
{"case": "additional-09", "method": "cudd_dynamic", "repeat": 1, "status": "timeout"}
{"case": "additional-09", "method": "array_min_fill", "repeat": 1, "status": "refused"}
{"case": "additional-09", "method": "component_count", "repeat": 1, "status": "refused"}
{"case": "additional-09", "method": "component_count", "repeat": 2, "status": "refused"}
{"case": "additional-09", "method": "array_min_fill", "repeat": 2, "status": "refused"}
{"case": "additional-09", "method": "cudd_dynamic", "repeat": 2, "status": "timeout"}
{"case": "independent-01", "method": "component_count", "repeat": 0, "status": "refused"}
{"case": "independent-01", "method": "array_min_fill", "repeat": 0, "status": "refused"}
{"case": "independent-01", "method": "cudd_dynamic", "repeat": 0, "status": "complete"}
{"case": "independent-01", "method": "cudd_dynamic", "repeat": 1, "status": "complete"}
{"case": "independent-01", "method": "array_min_fill", "repeat": 1, "status": "refused"}
{"case": "independent-01", "method": "component_count", "repeat": 1, "status": "refused"}
{"case": "independent-01", "method": "component_count", "repeat": 2, "status": "refused"}
{"case": "independent-01", "method": "array_min_fill", "repeat": 2, "status": "refused"}
{"case": "independent-01", "method": "cudd_dynamic", "repeat": 2, "status": "complete"}
{"case": "independent-02", "method": "component_count", "repeat": 0, "status": "refused"}
{"case": "independent-02", "method": "array_min_fill", "repeat": 0, "status": "refused"}
{"case": "independent-02", "method": "cudd_dynamic", "repeat": 0, "status": "timeout"}
{"case": "independent-02", "method": "cudd_dynamic", "repeat": 1, "status": "timeout"}
{"case": "independent-02", "method": "array_min_fill", "repeat": 1, "status": "refused"}
{"case": "independent-02", "method": "component_count", "repeat": 1, "status": "refused"}
{"case": "independent-02", "method": "component_count", "repeat": 2, "status": "refused"}
{"case": "independent-02", "method": "array_min_fill", "repeat": 2, "status": "refused"}
{"case": "independent-02", "method": "cudd_dynamic", "repeat": 2, "status": "timeout"}
{"case": "independent-03", "method": "component_count", "repeat": 0, "status": "refused"}
{"case": "independent-03", "method": "array_min_fill", "repeat": 0, "status": "refused"}
{"case": "independent-03", "method": "cudd_dynamic", "repeat": 0, "status": "timeout"}
{"case": "independent-03", "method": "cudd_dynamic", "repeat": 1, "status": "timeout"}
{"case": "independent-03", "method": "array_min_fill", "repeat": 1, "status": "refused"}
{"case": "independent-03", "method": "component_count", "repeat": 1, "status": "refused"}
{"case": "independent-03", "method": "component_count", "repeat": 2, "status": "refused"}
{"case": "independent-03", "method": "array_min_fill", "repeat": 2, "status": "refused"}
{"case": "independent-03", "method": "cudd_dynamic", "repeat": 2, "status": "timeout"}
{"case": "independent-07", "method": "component_count", "repeat": 0, "status": "refused"}
{"case": "independent-07", "method": "array_min_fill", "repeat": 0, "status": "refused"}
{"case": "independent-07", "method": "cudd_dynamic", "repeat": 0, "status": "timeout"}
{"case": "independent-07", "method": "cudd_dynamic", "repeat": 1, "status": "timeout"}
{"case": "independent-07", "method": "array_min_fill", "repeat": 1, "status": "refused"}
{"case": "independent-07", "method": "component_count", "repeat": 1, "status": "refused"}
{"case": "independent-07", "method": "component_count", "repeat": 2, "status": "refused"}
{"case": "independent-07", "method": "array_min_fill", "repeat": 2, "status": "refused"}
{"case": "independent-07", "method": "cudd_dynamic", "repeat": 2, "status": "timeout"}
{"case": "independent-08", "method": "component_count", "repeat": 0, "status": "refused"}
{"case": "independent-08", "method": "array_min_fill", "repeat": 0, "status": "refused"}
{"case": "independent-08", "method": "cudd_dynamic", "repeat": 0, "status": "timeout"}
{"case": "independent-08", "method": "cudd_dynamic", "repeat": 1, "status": "timeout"}
{"case": "independent-08", "method": "array_min_fill", "repeat": 1, "status": "refused"}
{"case": "independent-08", "method": "component_count", "repeat": 1, "status": "refused"}
{"case": "independent-08", "method": "component_count", "repeat": 2, "status": "refused"}
{"case": "independent-08", "method": "array_min_fill", "repeat": 2, "status": "refused"}
{"case": "independent-08", "method": "cudd_dynamic", "repeat": 2, "status": "timeout"}
{"case": "independent-09", "method": "component_count", "repeat": 0, "status": "refused"}
{"case": "independent-09", "method": "array_min_fill", "repeat": 0, "status": "refused"}
{"case": "independent-09", "method": "cudd_dynamic", "repeat": 0, "status": "timeout"}
{"case": "independent-09", "method": "cudd_dynamic", "repeat": 1, "status": "timeout"}
{"case": "independent-09", "method": "array_min_fill", "repeat": 1, "status": "refused"}
{"case": "independent-09", "method": "component_count", "repeat": 1, "status": "refused"}
{"case": "independent-09", "method": "component_count", "repeat": 2, "status": "refused"}
{"case": "independent-09", "method": "array_min_fill", "repeat": 2, "status": "refused"}
{"case": "independent-09", "method": "cudd_dynamic", "repeat": 2, "status": "timeout"}
