c o Ganak SHA1: 0b4881b40126fb5ae8a1b7c9fdd4878afa25b051
c o Arjun SHA1: 0b4881b40126fb5ae8a1b7c9fdd4878afa25b051
c o SBVA SHA1: 0b4881b40126fb5ae8a1b7c9fdd4878afa25b051
c o CMS SHA1: 0b4881b40126fb5ae8a1b7c9fdd4878afa25b051
c o ApproxMC SHA1: 0b4881b40126fb5ae8a1b7c9fdd4878afa25b051
c o Using ideas by JM Lagniez, and Pierre Marquis
c o     from paper: Improving Model Counting [..] IJCAI 2016
c o Using VMTF, picosat, CaDiCaL, and CadiBack code by Armin Biere
c o CMS is MIT licensed
c o Using code from 'When Boolean Satisfiability Meets Gauss-E. in a Simplex Way'
c o       by C.-S. Han and J.-H. Roland Jiang in CAV 2012. Fixes by M. Soos
c o Using CCAnr from 'CCAnr: A Conf. Checking Based Local Search Solver [...]'
c o       by Shaowei Cai, Chuan Luo, and Kaile Su, SAT 2015
c o Using Oracle code from 'Integrating Tree Decompositions [...]'
c o       by Tuukka Korhonen and Matti Jarvisalo, CP 2021
c o Using Graph library by Tuukka Korhonen and Matti Jarvisalo
c o Using Flowcutter by Ben Strasser
c o Ganak compilation env CMAKE_CXX_COMPILER = /usr/bin/c++ | CMAKE_CXX_FLAGS =  -fno-stack-protector -mpopcnt -msse4.2 -mpclmul -Wduplicated-cond -Wduplicated-branches -Wlogical-op -Wrestrict -Wnull-dereference -Wdouble-promotion -Wshadow -Wformat=2 -Wextra-semi -pedantic | COMPILE_DEFINES =  -DNDEBUG -D_FORTIFY_SOURCE=0 -DUSE_ZLIB | BUILD_SHARED_LIBS = OFF | ZLIB_FOUND = TRUE | ENABLE_ASSERTIONS = OFF | 
c o called with: /workspace/cm-packed-continuation/build/application-ganak/ganak --prob 0 --mode 0 --fast /workspace/cm-packed-evidence/oracle-extension/independent-03-3.cnf
c o CNF projection set size: 64
c o --> Executing strategy token: clean-cls
c o --> Executing strategy token: must-scc-vrepl
c o [scc] new: 11 BP 0M T: 0.00
c o [vrep] vars 11 lits 302 rem-bin-cls 44 rem-long-cls 0 BP 0M T: 0.00
c o [consolidate] mini T: 0.00
c o global_timeout_multiplier: 0.1
c o [branch] rebuilding order heap for all branchings. Current branching: vsids
c o [0m[arjun-simp] probing all sampling variables[0m
c o --> Executing strategy token: must-scc-vrepl
c o [scc] new: 0 BP 0M T: 0.00
c o [vrep] vars 0 lits 0 rem-bin-cls 0 rem-long-cls 0 BP 0M T: 0.00
c o [consolidate] mini T: 0.00
c o global_timeout_multiplier: 0.1
c o [branch] rebuilding order heap for all branchings. Current branching: vsids
c o [0m[arjun-simp] Removed set       : 2 new size: 62[0m
c o [0m[arjun-simp] Removed eq lits: 0 new size: 62[0m
c o [0m[arjun-simp] probe removed: 2 perc: 3.12 T: 0.00[0m
c o [0m[arjun-simp] Removed eq lits: 0 new size: 62[0m
c o [0m[arjun-simp] Removed set       : 0 new size: 62[0m
c o [0m[arjun-simp] get-empties removed: 0 perc: 0.00 total empties now: 0 T: 0.00[0m
c o [0m[arjun-simp] CMS::simplify() with no BVE, intree probe...[0m
c o --> Executing strategy token: str-impl
c [impl-str] lit bin: 0 set-var: 0 T: 0.00 T-out: N T-r: 99.95% w-visit: 862
c o --> Executing strategy token: intree-probe
c o [scc] new: 0 BP 0M T: 0.00
c o [vrep] vars 0 lits 0 rem-bin-cls 0 rem-long-cls 0 BP 0M T: 0.00
c o [intree] Set 0 vars hyper-added: 0 trans-irred: 0 trans-red: 0 T: 0.00 T-out: N T-r: 0.02%
c o Executing OCC strategy token(s): 'occ-ternary-res,occ-backw-sub,
c o [occ] mem usage for occur      0 MB
c o [occ] Linked in IRRED BIN by default: 121
c o [occ] Linked in RED   BIN by default: 0
c o [occ] mem usage for occur      0 MB
c o Mem for watch alloc    : 0           MB (0.77      %)
c o Mem for watch array    : 0           MB (0.28      %)
c o Executing OCC strategy token: occ-ternary-res
c o [occ-ternary-res] Ternary res-tri: 361 res-bin: 0 sub: 0 str: 0 T: 0.00 T-out: N T-r: 98.03%
c o Executing OCC strategy token: occ-backw-sub
c o [occ-backw-sub-long-w-long] rem cl: 4 tried: 1538/1538 (100.0%) T: 0.00 T-out: N T-r: 98.00%
c o --> Executing strategy token: distill-litrem
c [distill-litrem] useful: 361/2989/1173 lits-rem: 361 0-depth-assigns: 0 T: 0.01 T-out: Y
c o --> Executing strategy token: must-distill-cls
c o [distill-long-irred] cls tried: 1036/1036 T: 0.00 T-out: N T-r: 82.20%
c o [distill-long-irred] cls tried: 951/951 T: 0.00 T-out: N T-r: 78.99%
c o --> Executing strategy token: distill-bins
c o [distill-bin] useful: 120/347/347 lits-rem: 0 cl-rem: 113 0-depth-assigns: 7 T: 0.00 T-out: N
c o --> Executing strategy token: oracle-vivif-veryfast
c o --> Executing strategy token: must-renumber
c o [oracle-bin] potential pairs: 1259 T: 0.0
c o --> Executing strategy token: must-scc-vrepl
c o [scc] new: 34 BP 0M T: 0.00
c o [vrep] vars 34 lits 1281 rem-bin-cls 252 rem-long-cls 0 BP 0M T: 0.00
c o [oracle-vivif] lits-rem: 216 learnt-units: 8 T-out: N T-remain: 96.5% T: 0.01
c o [oracle-bin] bin-added: 194 equiv-added: 34 T-out: N T-remain: 99.28% T: 0.00
c o [oracle-vivif] cache usefulness: 91% total T: 0.01
c o [consolidate] mini T: 0.00
c o global_timeout_multiplier: 0.1000
c o [branch] rebuilding order heap for all branchings. Current branching: vsids
c o --> Executing strategy token: scc-vrepl
c o [scc] new: 0 BP 0M T: 0.00
c o [vrep] vars 0 lits 0 rem-bin-cls 0 rem-long-cls 0 BP 0M T: 0.00
c o --> Executing strategy token: sub-impl
c o [impl-sub] bin: 124 T: 0.00 T-out: N w-visit: 862
c o --> Executing strategy token: breakid
c o Executing OCC strategy token(s): 'occ-backw-sub-str,occ-clean-implicit,occ-bve,occ-bva,occ-ternary-res,occ-xor,
c o [occ] mem usage for occur      0 MB
c o [occ] Linked in IRRED BIN by default: 143
c o [occ] Linked in RED   BIN by default: 2
c o [occ] mem usage for occur      0 MB
c o Mem for watch alloc    : 0           MB (0.74      %)
c o Mem for watch array    : 0           MB (0.22      %)
c o Executing OCC strategy token: occ-backw-sub-str
c o [occ-backw-sub-str-long-w-bins] subs: 0 str: 0 tried: 145 0-depth ass: 0 T: 0.00 T-out: N T-r: 99.33%
c o [occ-backw-sub-long-w-long] rem cl: 64 tried: 1230/1230 (100.0%) T: 0.00 T-out: N T-r: 99.36%
c o [occ-backw-sub-str-long-w-long] sub: 0 str: 0 tried: 3690/1230 (300.0)  T: 0.00 T-out: N T-r: 96.30%
c o Executing OCC strategy token: occ-clean-implicit
c o Executing OCC strategy token: occ-bve
c o Executing OCC strategy token: occ-bva
c o Executing OCC strategy token: occ-ternary-res
c o [occ-ternary-res] Ternary res-tri: 262 res-bin: 0 sub: 1 str: 8 T: 0.00 T-out: N T-r: 98.81%
c o Executing OCC strategy token: occ-xor
c o --> Executing strategy token: card-find
c o --> Executing strategy token: cl-consolidate
c o Not consolidating memory.
c o --> Executing strategy token: scc-vrepl
c o [scc] new: 0 BP 0M T: 0.00
c o [vrep] vars 0 lits 0 rem-bin-cls 0 rem-long-cls 0 BP 0M T: 0.00
c o --> Executing strategy token: renumber
c o --> Executing strategy token: louvain-comms
c o [consolidate] mini T: 0.00
c o global_timeout_multiplier: 0.1000
c o [branch] rebuilding order heap for all branchings. Current branching: vsids
c o [0m[arjun-simp] Removed set       : 0 new size: 62[0m
c o [0m[arjun-simp] CMS::simplify() with no BVE finished. T: 0.0280[0m
c o [0mWARNING: Turning off gates, because the sampling size is small, so we can just do it. Size: 62[0m
c o --> Executing strategy token: must-scc-vrepl
c o [scc] new: 0 BP 0M T: 0.00
c o [vrep] vars 0 lits 0 rem-bin-cls 0 rem-long-cls 0 BP 0M T: 0.00
c o --> Executing strategy token: clean-cls
c o --> Executing strategy token: sub-impl
c o [impl-sub] bin: 0 T: 0.00 T-out: N w-visit: 862
c o [consolidate] mini T: 0.00
c o global_timeout_multiplier: 0.1000
c o [branch] rebuilding order heap for all branchings. Current branching: vsids
c o [0m[arjun-simp] Removed eq lits: 0 new size: 62[0m
c o [0m[arjun-simp] Removed set       : 0 new size: 62[0m
c o [0m[arjun-simp] get-empties removed: 0 perc: 0.00 total empties now: 0 T: 0.00[0m
c o [0m[arjun-simp] probing all sampling variables[0m
c o [0m[arjun-simp] Removed set       : 0 new size: 62[0m
c o [0m[arjun-simp] Removed eq lits: 0 new size: 62[0m
c o [0m[arjun-simp] probe removed: 0 perc: 0.00 T: 0.00[0m
c o [0m[arjun-simp] Removed eq lits: 0 new size: 62[0m
c o [0m[arjun-simp] Removed set       : 0 new size: 62[0m
c o [0m[arjun-simp] get-empties removed: 0 perc: 0.00 total empties now: 0 T: 0.00[0m
c o [0m[arjun] simplification finished  removed: 2 perc: 3.12 T: 0.03[0m
c o [0m[arjun] Duplicating CNF...[0m
c o [0m[arjun] Duplicated CNF. T: 0.00[0m
c o [0m[arjun] CMS::simplify() with *only* BVE...[0m
c o Executing OCC strategy token(s): 'occ-bve,
c o [occ] mem usage for occur      0 MB
c o [occ] Linked in IRRED BIN by default: 286
c o [occ] Linked in RED   BIN by default: 10
c o [occ] mem usage for occur      0 MB
c o Mem for watch alloc    : 0           MB (1.38      %)
c o Mem for watch array    : 0           MB (0.52      %)
c o Executing OCC strategy token: occ-bve
c o [occ-empty-res] Empty resolvent elimed: 215 T: 0.00 T-out: N
c o [occ-bve] turning off picosat-based irreg gate detection, added lits:  7057
c o [occ-bve] iter v-elim 308
c o cl_inc_rate=0.43, var_dec_rate=2.23 (grow=0)
c o Reduced to 251 vars, 898 cls (grow=0)
c o [occ-bve] iter v-elim 29
c o cl_inc_rate=0.98, var_dec_rate=1.13 (grow=3)
c o Reduced to 222 vars, 880 cls (grow=3)
c o [occ-bve] iter v-elim 4
c o cl_inc_rate=1.00, var_dec_rate=1.02 (grow=4)
c o Reduced to 218 vars, 877 cls (grow=4)
c o [occ-bve] iter v-elim 5
c o cl_inc_rate=1.01, var_dec_rate=1.02 (grow=6)
c o Reduced to 213 vars, 882 cls (grow=6)
c o [occ-bve] iter v-elim 0
c o cl_inc_rate=1.00, var_dec_rate=1.00 (grow=9)
c o Reduced to 213 vars, 882 cls (grow=9)
c o [occ-bve] iter v-elim 6
c o cl_inc_rate=1.01, var_dec_rate=1.03 (grow=13)
c o Reduced to 207 vars, 890 cls (grow=13)
c o [occ-bve] iter v-elim 11
c o cl_inc_rate=1.03, var_dec_rate=1.06 (grow=16)
c o Reduced to 196 vars, 919 cls (grow=16)
c o x n vars       : 196
c o #try to eliminate:  1655
c o #var-elim        :   363
c o #T-o: N
c o #T-r: 99.90%
c o #T  : 0.03
c o [occur] 0.00 is overhead
c o [occur] link-in T: 0.00 cleanup T: 0.00
c o [occ-xor-bve] elimed: 0 T: 0.00 T-out: N
c o [consolidate] mini T: 0.00
c o global_timeout_multiplier: 0.1000
c o [branch] rebuilding order heap for all branchings. Current branching: vsids
c o [0m[arjun] CMS::simplify() with *only* BVE finished. T: 0.0323[0m
c o [0m[arjun] Adding fixed clauses time: 0.0000[0m
c o [0m[backward FAST] Start unknown size: 62[0m
c o [0m[31m[arjun] backward round finished. U:  I: 61 T: 0.00[0m
c o [0m[arjun] run_minimize finished T: 0.07[0m
c o --> Executing strategy token: must-scc-vrepl
c o [scc] new: 47 BP 0M T: 0.00
c o [vrep] vars 45 lits 1100 rem-bin-cls 210 rem-long-cls 128 BP 0M T: 0.00
c o --> Executing strategy token: full-probe
c o [full-probe]  bin_only: 0 set: 0 repl: 0 T: 0.00 T-out: N T-r: 99.26%
c o --> Executing strategy token: sub-impl
c o [impl-sub] bin: 16 T: 0.00 T-out: N w-visit: 862
c o --> Executing strategy token: sub-cls-with-bin
c o [distill] watch-based irred--  cl tried      950 cl-sh     0 cl-rem   18 lit-rem      0 T: 0.00 T-out: N
c o [distill] watch-based   red--  cl tried        0 cl-sh     0 cl-rem    0 lit-rem      0 T: 0.00 T-out: N
c o --> Executing strategy token: distill-cls-onlyrem
c o [distill-long-irred] cls tried: 932/932 T: 0.00 T-out: N T-r: 99.52%
c o Executing OCC strategy token(s): 'occ-backw-sub,occ-resolv-subs,occ-rem-with-orgates,occ-ternary-res,
c o [occ] mem usage for occur      0 MB
c o [occ] Linked in IRRED BIN by default: 87
c o [occ] Linked in RED   BIN by default: 0
c o Mem for watch alloc    : 0           MB (0.56      %)
c o Mem for watch array    : 0           MB (0.26      %)
c o Executing OCC strategy token: occ-backw-sub
c o [occ-backw-sub-long-w-long] rem cl: 64 tried: 931/931 (100.0%) T: 0.00 T-out: N T-r: 99.37%
c o Executing OCC strategy token: occ-resolv-subs
c o [occ-resolv-subs] removed: 0 checked: 20382 T: 0.0
c o Executing OCC strategy token: occ-rem-with-orgates
c o [occ-gates] found:     5 avg-s: 2.0 T: 0.00 T-out: N T-r: 99.38%
c o [occ-gate-based-lit-rem] lit-rem: 0 cl-rem: 0 T: 0.00 T-out: N
c o Executing OCC strategy token: occ-ternary-res
c o [occ-ternary-res] Ternary res-tri: 294 res-bin: 0 sub: 2 str: 8 T: 0.00 T-out: N T-r: 98.73%
c o --> Executing strategy token: must-scc-vrepl
c o [scc] new: 0 BP 0M T: 0.00
c o [vrep] vars 0 lits 0 rem-bin-cls 0 rem-long-cls 0 BP 0M T: 0.00
c o Executing OCC strategy token(s): 'occ-bve,
c o [occ] mem usage for occur      0 MB
c o [occ] Linked in IRRED BIN by default: 87
c o [occ] Linked in RED   BIN by default: 8
c o Mem for watch alloc    : 0           MB (0.62      %)
c o Mem for watch array    : 0           MB (0.26      %)
c o Executing OCC strategy token: occ-bve
c o [occ-empty-res] Empty resolvent elimed: 98 T: 0.00 T-out: N
c o [occ-bve] turning off picosat-based irreg gate detection, added lits:  7008
c o [occ-bve] iter v-elim 120
c o cl_inc_rate=0.53, var_dec_rate=1.87 (grow=0)
c o Reduced to 138 vars, 478 cls (grow=0)
c o x n vars       : 138
c o #try to eliminate:   385
c o #var-elim        :   120
c o #T-o: N
c o #T-r: 99.98%
c o #T  : 0.01
c o [occur] 0.00 is overhead
c o [occur] link-in T: 0.00 cleanup T: 0.00
c o [occ-xor-bve] elimed: 0 T: 0.00 T-out: N
c o --> Executing strategy token: sub-impl
c o [impl-sub] bin: 0 T: 0.00 T-out: N w-visit: 862
c o --> Executing strategy token: distill-cls-onlyrem
c o [distill-long-irred] cls tried: 385/385 T: 0.00 T-out: N T-r: 99.90%
c o --> Executing strategy token: intree-probe
c o [scc] new: 16 BP 0M T: 0.00
c o [vrep] vars 16 lits 309 rem-bin-cls 64 rem-long-cls 16 BP 0M T: 0.00
c o [scc] new: 0 BP 0M T: 0.00
c o [vrep] vars 0 lits 0 rem-bin-cls 0 rem-long-cls 0 BP 0M T: 0.00
c o [intree] Set 0 vars hyper-added: 0 trans-irred: 0 trans-red: 0 T: 0.00 T-out: N T-r: -0.49%
c o Executing OCC strategy token(s): 'occ-backw-sub-str,
c o [occ] mem usage for occur      0 MB
c o [occ] Linked in IRRED BIN by default: 61
c o [occ] Linked in RED   BIN by default: 0
c o Mem for watch alloc    : 0           MB (0.61      %)
c o Mem for watch array    : 0           MB (0.26      %)
c o Executing OCC strategy token: occ-backw-sub-str
c o [occ-backw-sub-str-long-w-bins] subs: 0 str: 0 tried: 625 0-depth ass: 0 T: 0.00 T-out: N T-r: 99.51%
c o [occ-backw-sub-long-w-long] rem cl: 2 tried: 385/385 (100.0%) T: 0.00 T-out: N T-r: 99.75%
c o [occ-backw-sub-str-long-w-long] sub: 0 str: 0 tried: 1155/385 (300.0)  T: 0.00 T-out: N T-r: 98.57%
c o --> Executing strategy token: sub-str-cls-with-bin
c o [distill] watch-based irred--  cl tried      763 cl-sh     0 cl-rem    1 lit-rem      0 T: 0.00 T-out: N
c o [distill] watch-based   red--  cl tried        0 cl-sh     0 cl-rem    0 lit-rem      0 T: 0.00 T-out: N
c o --> Executing strategy token: clean-cls
c o --> Executing strategy token: distill-cls
c o [distill-long-irred] cls tried: 379/379 T: 0.00 T-out: N T-r: 99.91%
c o [distill-long-irred] cls tried: 379/379 T: 0.00 T-out: N T-r: 99.90%
c o --> Executing strategy token: distill-bins
c o [distill-bin] useful: 0/45/45 lits-rem: 0 cl-rem: 0 0-depth-assigns: 0 T: 0.00 T-out: N
c o [consolidate] mini T: 0.00
c o global_timeout_multiplier: 0.1100
c o [branch] rebuilding order heap for all branchings. Current branching: vsids
c o --> Executing strategy token: must-scc-vrepl
c o [scc] new: 0 BP 0M T: 0.00
c o [vrep] vars 0 lits 0 rem-bin-cls 0 rem-long-cls 0 BP 0M T: 0.00
c o --> Executing strategy token: full-probe
c o [full-probe]  bin_only: 0 set: 0 repl: 0 T: 0.00 T-out: N T-r: 99.72%
c o --> Executing strategy token: sub-impl
c o [impl-sub] bin: 0 T: 0.00 T-out: N w-visit: 862
c o --> Executing strategy token: sub-cls-with-bin
c o [distill] watch-based irred--  cl tried      381 cl-sh     0 cl-rem    0 lit-rem      0 T: 0.00 T-out: N
c o [distill] watch-based   red--  cl tried        0 cl-sh     0 cl-rem    0 lit-rem      0 T: 0.00 T-out: N
c o --> Executing strategy token: distill-cls-onlyrem
c o [distill-long-irred] cls tried: 379/379 T: 0.00 T-out: N T-r: 99.91%
c o Executing OCC strategy token(s): 'occ-backw-sub,occ-resolv-subs,occ-rem-with-orgates,occ-ternary-res,
c o [occ] mem usage for occur      0 MB
c o [occ] Linked in IRRED BIN by default: 45
c o [occ] Linked in RED   BIN by default: 0
c o Mem for watch alloc    : 0           MB (0.61      %)
c o Mem for watch array    : 0           MB (0.22      %)
c o Executing OCC strategy token: occ-backw-sub
c o [occ-backw-sub-long-w-long] rem cl: 0 tried: 379/379 (100.0%) T: 0.00 T-out: N T-r: 99.75%
c o Executing OCC strategy token: occ-resolv-subs
c o [occ-resolv-subs] removed: 5 checked: 6246 T: 0.0
c o Executing OCC strategy token: occ-rem-with-orgates
c o [occ-gates] found:     4 avg-s: 2.0 T: 0.00 T-out: N T-r: 99.65%
c o [occ-gate-based-lit-rem] lit-rem: 0 cl-rem: 0 T: 0.00 T-out: N
c o Executing OCC strategy token: occ-ternary-res
c o [occ-ternary-res] Ternary res-tri: 25 res-bin: 0 sub: 0 str: 0 T: 0.00 T-out: N T-r: 99.31%
c o --> Executing strategy token: must-scc-vrepl
c o [scc] new: 0 BP 0M T: 0.00
c o [vrep] vars 0 lits 0 rem-bin-cls 0 rem-long-cls 0 BP 0M T: 0.00
c o Executing OCC strategy token(s): 'occ-bve,
c o [occ] mem usage for occur      0 MB
c o [occ] Linked in IRRED BIN by default: 45
c o [occ] Linked in RED   BIN by default: 0
c o Mem for watch alloc    : 0           MB (0.61      %)
c o Mem for watch array    : 0           MB (0.22      %)
c o Executing OCC strategy token: occ-bve
c o [occ-empty-res] Empty resolvent elimed: 2 T: 0.00 T-out: N
c o [occ-bve] turning off picosat-based irreg gate detection, added lits:  7025
c o [occ-bve] iter v-elim 5
c o cl_inc_rate=0.97, var_dec_rate=1.04 (grow=0)
c o Reduced to 115 vars, 401 cls (grow=0)
c o x n vars       : 115
c o #try to eliminate:    84
c o #var-elim        :     5
c o #T-o: N
c o #T-r: 100.00%
c o #T  : 0.00
c o [occur] 0.00 is overhead
c o [occur] link-in T: 0.00 cleanup T: 0.00
c o [occ-xor-bve] elimed: 0 T: 0.00 T-out: N
c o --> Executing strategy token: sub-impl
c o [impl-sub] bin: 0 T: 0.00 T-out: N w-visit: 862
c o --> Executing strategy token: distill-cls-onlyrem
c o [distill-long-irred] cls tried: 355/355 T: 0.00 T-out: N T-r: 99.91%
c o --> Executing strategy token: intree-probe
c o [scc] new: 0 BP 0M T: 0.00
c o [vrep] vars 0 lits 0 rem-bin-cls 0 rem-long-cls 0 BP 0M T: 0.00
c o [intree] Set 0 vars hyper-added: 0 trans-irred: 0 trans-red: 0 T: 0.00 T-out: N T-r: -0.25%
c o Executing OCC strategy token(s): 'occ-backw-sub-str,
c o [occ] mem usage for occur      0 MB
c o [occ] Linked in IRRED BIN by default: 44
c o [occ] Linked in RED   BIN by default: 0
c o Mem for watch alloc    : 0           MB (0.60      %)
c o Mem for watch array    : 0           MB (0.22      %)
c o Executing OCC strategy token: occ-backw-sub-str
c o [occ-backw-sub-str-long-w-bins] subs: 0 str: 0 tried: 730 0-depth ass: 0 T: 0.00 T-out: N T-r: 99.61%
c o [occ-backw-sub-long-w-long] rem cl: 2 tried: 373/373 (100.0%) T: 0.00 T-out: N T-r: 99.76%
c o [occ-backw-sub-str-long-w-long] sub: 0 str: 0 tried: 1119/373 (300.0)  T: 0.00 T-out: N T-r: 98.59%
c o --> Executing strategy token: sub-str-cls-with-bin
c o [distill] watch-based irred--  cl tried      714 cl-sh     0 cl-rem    0 lit-rem      0 T: 0.00 T-out: N
c o [distill] watch-based   red--  cl tried        0 cl-sh     0 cl-rem    0 lit-rem      0 T: 0.00 T-out: N
c o --> Executing strategy token: clean-cls
c o --> Executing strategy token: distill-cls
c o [distill-long-irred] cls tried: 353/353 T: 0.00 T-out: N T-r: 99.91%
c o [distill-long-irred] cls tried: 353/353 T: 0.00 T-out: N T-r: 99.90%
c o --> Executing strategy token: distill-bins
c o [distill-bin] useful: 2/44/44 lits-rem: 0 cl-rem: 2 0-depth-assigns: 0 T: 0.00 T-out: N
c o [consolidate] mini T: 0.00
c o global_timeout_multiplier: 0.1100
c o [branch] rebuilding order heap for all branchings. Current branching: vsids
c o [backbone-simpl] ccnr sols: 10 drop_cands: 398 T: 0.00
c o [backbone-simpl] cadiback called with -- lits: 1675 num cls: 429 num vars: 431
c o [backbone-simpl] res: 10 num units added: 0 num eq added: 0 num bins: 1 T: 0.00
c o --> Executing strategy token: must-scc-vrepl
c o [scc] new: 0 BP 0M T: 0.00
c o [vrep] vars 0 lits 0 rem-bin-cls 0 rem-long-cls 0 BP 0M T: 0.00
c o --> Executing strategy token: must-renumber
c o [renumber] T: 0.00
c o [consolidate] mini T: 0.00
c o global_timeout_multiplier: 0.1100
c o [branch] rebuilding order heap for all branchings. Current branching: vsids
c o --> Executing strategy token: oracle-vivif-sparsify
c o --> Executing strategy token: must-renumber
c o [renumber] T: 0.00
c o [oracle-bin] potential pairs: 860 T: 0.0001
c o --> Executing strategy token: must-scc-vrepl
c o [scc] new: 0 BP 0M T: 0.00
c o [vrep] vars 0 lits 0 rem-bin-cls 0 rem-long-cls 0 BP 0M T: 0.00
c o [oracle-vivif] lits-rem: 0 learnt-units: 0 T-out: N T-remain: 97.5890% T: 0.00
c o [oracle-bin] bin-added: 42 equiv-added: 0 T-out: N T-remain: 98.25% T: 0.00
c o [oracle-vivif] cache usefulness: 86% total T: 0.00
c o --> Executing strategy token: sub-impl
c o [impl-sub] bin: 42 T: 0.00 T-out: N w-visit: 230
c o Executing OCC strategy token(s): 'occ-backw-sub,
c o [occ] mem usage for occur      0 MB
c o [occ] Linked in IRRED BIN by default: 42
c o [occ] Linked in RED   BIN by default: 3
c o Mem for watch alloc    : 0           MB (0.48      %)
c o Mem for watch array    : 0           MB (0.06      %)
c o Executing OCC strategy token: occ-backw-sub
c o [occ-backw-sub-long-w-long] rem cl: 0 tried: 381/381 (100.0%) T: 0.00 T-out: N T-r: 99.75%
c o --> Executing strategy token: must-renumber
c o [renumber] T: 0.00
c o [oracle-sparsify] done with 10 % oracle mems:     0 ccnr useful: 100.0% T: 0.0
c o [oracle-sparsify] done with 20 % oracle mems:     0 ccnr useful: 100.0% T: 0.0
c o [oracle-sparsify] done with 30 % oracle mems:     0 ccnr useful: 100.0% T: 0.0
c o [oracle-sparsify] done with 40 % oracle mems:     0 ccnr useful: 100.0% T: 0.0
c o [oracle-sparsify] done with 50 % oracle mems:     0 ccnr useful: 100.0% T: 0.0
c o [oracle-sparsify] done with 60 % oracle mems:     0 ccnr useful: 100.0% T: 0.0
c o [oracle-sparsify] done with 70 % oracle mems:     0 ccnr useful: 100.0% T: 0.0
c o [oracle-sparsify] done with 80 % oracle mems:     0 ccnr useful: 100.0% T: 0.0
c o [oracle-sparsify] done with 90 % oracle mems:     0 ccnr useful: 100.0% T: 0.0
c o [oracle-sparsify] removed: 0 of which bin: 0 tot considered: 399 ccnr useful: 399 oracle uknown: 0 cache useful: 0% learnt-units: 0 T: 0.00 buildT: 0.00
c o [consolidate] mini T: 0.00
c o global_timeout_multiplier: 0.1100
c o [branch] rebuilding order heap for all branchings. Current branching: vsids
c o --> Executing strategy token: must-scc-vrepl
c o [scc] new: 0 BP 0M T: 0.00
c o [vrep] vars 0 lits 0 rem-bin-cls 0 rem-long-cls 0 BP 0M T: 0.00
c o --> Executing strategy token: full-probe
c o [full-probe]  bin_only: 0 set: 0 repl: 0 T: 0.00 T-out: N T-r: 99.70%
c o --> Executing strategy token: sub-impl
c o [impl-sub] bin: 0 T: 0.00 T-out: N w-visit: 230
c o --> Executing strategy token: sub-cls-with-bin
c o [distill] watch-based irred--  cl tried      357 cl-sh     0 cl-rem    0 lit-rem      0 T: 0.00 T-out: N
c o [distill] watch-based   red--  cl tried        0 cl-sh     0 cl-rem    0 lit-rem      0 T: 0.00 T-out: N
c o --> Executing strategy token: distill-cls-onlyrem
c o [distill-long-irred] cls tried: 357/357 T: 0.00 T-out: N T-r: 99.91%
c o Executing OCC strategy token(s): 'occ-backw-sub,occ-resolv-subs,occ-rem-with-orgates,occ-ternary-res,
c o [occ] mem usage for occur      0 MB
c o [occ] Linked in IRRED BIN by default: 42
c o [occ] Linked in RED   BIN by default: 3
c o [occ] mem usage for occur      0 MB
c o Mem for watch alloc    : 0           MB (0.48      %)
c o Mem for watch array    : 0           MB (0.06      %)
c o Executing OCC strategy token: occ-backw-sub
c o [occ-backw-sub-long-w-long] rem cl: 0 tried: 381/381 (100.0%) T: 0.00 T-out: N T-r: 99.76%
c o Executing OCC strategy token: occ-resolv-subs
c o [occ-resolv-subs] removed: 0 checked: 6478 T: 0.0
c o Executing OCC strategy token: occ-rem-with-orgates
c o [occ-gates] found:     4 avg-s: 2.0 T: 0.00 T-out: N T-r: 99.65%
c o [occ-gate-based-lit-rem] lit-rem: 2 cl-rem: 0 T: 0.00 T-out: N
c o Executing OCC strategy token: occ-ternary-res
c o [occ-ternary-res] Ternary res-tri: 14 res-bin: 0 sub: 0 str: 0 T: 0.00 T-out: N T-r: 99.35%
c o --> Executing strategy token: must-scc-vrepl
c o [scc] new: 0 BP 0M T: 0.00
c o [vrep] vars 0 lits 0 rem-bin-cls 0 rem-long-cls 0 BP 0M T: 0.00
c o Executing OCC strategy token(s): 'occ-bve,
c o [occ] mem usage for occur      0 MB
c o [occ] Linked in IRRED BIN by default: 42
c o [occ] Linked in RED   BIN by default: 3
c o [occ] mem usage for occur      0 MB
c o Mem for watch alloc    : 0           MB (0.48      %)
c o Mem for watch array    : 0           MB (0.06      %)
c o Executing OCC strategy token: occ-bve
c o [occ-empty-res] Empty resolvent elimed: 0 T: 0.00 T-out: N
c o [occ-bve] iter v-elim 0
c o cl_inc_rate=1.00, var_dec_rate=1.00 (grow=0)
c o Reduced to 115 vars, 399 cls (grow=0)
c o [occ-bve] turning off picosat-based irreg gate detection, added lits:  7023
c o [occ-bve] iter v-elim 1
c o cl_inc_rate=0.99, var_dec_rate=1.01 (grow=3)
c o Reduced to 114 vars, 397 cls (grow=3)
c o [occ-bve] iter v-elim 0
c o cl_inc_rate=1.00, var_dec_rate=1.00 (grow=4)
c o Reduced to 114 vars, 397 cls (grow=4)
c o [occ-bve] iter v-elim 0
c o cl_inc_rate=1.00, var_dec_rate=1.00 (grow=6)
c o Reduced to 114 vars, 397 cls (grow=6)
c o x n vars       : 114
c o #try to eliminate:   223
c o #var-elim        :     1
c o #T-o: N
c o #T-r: 99.99%
c o #T  : 0.01
c o [occur] 0.00 is overhead
c o [occur] link-in T: 0.00 cleanup T: 0.00
c o [occ-xor-bve] elimed: 0 T: 0.00 T-out: N
c o --> Executing strategy token: sub-impl
c o [impl-sub] bin: 0 T: 0.00 T-out: N w-visit: 230
c o --> Executing strategy token: distill-cls-onlyrem
c o [distill-long-irred] cls tried: 355/355 T: 0.00 T-out: N T-r: 99.91%
c o --> Executing strategy token: intree-probe
c o [scc] new: 0 BP 0M T: 0.00
c o [vrep] vars 0 lits 0 rem-bin-cls 0 rem-long-cls 0 BP 0M T: 0.00
c o [intree] Set 0 vars hyper-added: 2 trans-irred: 0 trans-red: 1 T: 0.00 T-out: N T-r: -0.25%
c o Executing OCC strategy token(s): 'occ-backw-sub-str,
c o [occ] mem usage for occur      0 MB
c o [occ] Linked in IRRED BIN by default: 42
c o [occ] Linked in RED   BIN by default: 4
c o [occ] mem usage for occur      0 MB
c o Mem for watch alloc    : 0           MB (0.48      %)
c o Mem for watch array    : 0           MB (0.06      %)
c o Executing OCC strategy token: occ-backw-sub-str
c o [occ-backw-sub-str-long-w-bins] subs: 0 str: 0 tried: 794 0-depth ass: 0 T: 0.00 T-out: N T-r: 99.67%
c o [occ-backw-sub-long-w-long] rem cl: 2 tried: 386/386 (100.0%) T: 0.00 T-out: N T-r: 99.76%
c o [occ-backw-sub-str-long-w-long] sub: 0 str: 0 tried: 1158/386 (300.0)  T: 0.00 T-out: N T-r: 98.41%
c o --> Executing strategy token: sub-str-cls-with-bin
c o [distill] watch-based irred--  cl tried      704 cl-sh     0 cl-rem    0 lit-rem      0 T: 0.00 T-out: N
c o [distill] watch-based   red--  cl tried        0 cl-sh     0 cl-rem    0 lit-rem      0 T: 0.00 T-out: N
c o --> Executing strategy token: clean-cls
c o --> Executing strategy token: distill-cls
c o [distill-long-irred] cls tried: 352/352 T: 0.00 T-out: N T-r: 99.91%
c o [distill-long-irred] cls tried: 352/352 T: 0.00 T-out: N T-r: 99.90%
c o --> Executing strategy token: distill-bins
c o [distill-bin] useful: 0/42/42 lits-rem: 0 cl-rem: 0 0-depth-assigns: 0 T: 0.00 T-out: N
c o Executing OCC strategy token(s): 'occ-backw-sub,
c o [occ] mem usage for occur      0 MB
c o [occ] Linked in IRRED BIN by default: 42
c o [occ] Linked in RED   BIN by default: 4
c o [occ] mem usage for occur      0 MB
c o Mem for watch alloc    : 0           MB (0.48      %)
c o Mem for watch array    : 0           MB (0.06      %)
c o Executing OCC strategy token: occ-backw-sub
c o [occ-backw-sub-long-w-long] rem cl: 0 tried: 384/384 (100.0%) T: 0.00 T-out: N T-r: 99.76%
c o [consolidate] mini T: 0.00
c o global_timeout_multiplier: 0.1100
c o [branch] rebuilding order heap for all branchings. Current branching: vsids
c o --> Executing strategy token: must-scc-vrepl
c o [scc] new: 0 BP 0M T: 0.00
c o [vrep] vars 0 lits 0 rem-bin-cls 0 rem-long-cls 0 BP 0M T: 0.00
c o --> Executing strategy token: full-probe
c o [full-probe]  bin_only: 0 set: 0 repl: 0 T: 0.00 T-out: N T-r: 99.70%
c o --> Executing strategy token: sub-impl
c o [impl-sub] bin: 0 T: 0.00 T-out: N w-visit: 230
c o --> Executing strategy token: sub-cls-with-bin
c o [distill] watch-based irred--  cl tried      352 cl-sh     0 cl-rem    0 lit-rem      0 T: 0.00 T-out: N
c o [distill] watch-based   red--  cl tried        0 cl-sh     0 cl-rem    0 lit-rem      0 T: 0.00 T-out: N
c o --> Executing strategy token: distill-cls-onlyrem
c o [distill-long-irred] cls tried: 352/352 T: 0.00 T-out: N T-r: 99.91%
c o Executing OCC strategy token(s): 'occ-backw-sub,occ-resolv-subs,occ-rem-with-orgates,occ-ternary-res,
c o [occ] mem usage for occur      0 MB
c o [occ] Linked in IRRED BIN by default: 42
c o [occ] Linked in RED   BIN by default: 4
c o [occ] mem usage for occur      0 MB
c o Mem for watch alloc    : 0           MB (0.48      %)
c o Mem for watch array    : 0           MB (0.06      %)
c o Executing OCC strategy token: occ-backw-sub
c o [occ-backw-sub-long-w-long] rem cl: 0 tried: 384/384 (100.0%) T: 0.00 T-out: N T-r: 99.76%
c o Executing OCC strategy token: occ-resolv-subs
c o [occ-resolv-subs] removed: 0 checked: 6297 T: 0.0
c o Executing OCC strategy token: occ-rem-with-orgates
c o [occ-gates] found:     4 avg-s: 2.0 T: 0.00 T-out: N T-r: 99.66%
c o [occ-gate-based-lit-rem] lit-rem: 0 cl-rem: 0 T: 0.00 T-out: N
c o Executing OCC strategy token: occ-ternary-res
c o [occ-ternary-res] Ternary res-tri: 0 res-bin: 0 sub: 0 str: 0 T: 0.00 T-out: N T-r: 99.95%
c o --> Executing strategy token: must-scc-vrepl
c o [scc] new: 0 BP 0M T: 0.00
c o [vrep] vars 0 lits 0 rem-bin-cls 0 rem-long-cls 0 BP 0M T: 0.00
c o Executing OCC strategy token(s): 'occ-bve,
c o [occ] mem usage for occur      0 MB
c o [occ] Linked in IRRED BIN by default: 42
c o [occ] Linked in RED   BIN by default: 4
c o [occ] mem usage for occur      0 MB
c o Mem for watch alloc    : 0           MB (0.48      %)
c o Mem for watch array    : 0           MB (0.06      %)
c o Executing OCC strategy token: occ-bve
c o [occ-empty-res] Empty resolvent elimed: 0 T: 0.00 T-out: N
c o [occ-bve] iter v-elim 0
c o cl_inc_rate=1.00, var_dec_rate=1.00 (grow=0)
c o Reduced to 114 vars, 394 cls (grow=0)
c o [occ-bve] iter v-elim 0
c o cl_inc_rate=1.00, var_dec_rate=1.00 (grow=3)
c o Reduced to 114 vars, 394 cls (grow=3)
c o [occ-bve] iter v-elim 0
c o cl_inc_rate=1.00, var_dec_rate=1.00 (grow=4)
c o Reduced to 114 vars, 394 cls (grow=4)
c o [occ-bve] iter v-elim 0
c o cl_inc_rate=1.00, var_dec_rate=1.00 (grow=6)
c o Reduced to 114 vars, 394 cls (grow=6)
c o x n vars       : 114
c o #try to eliminate:   212
c o #var-elim        :     0
c o #T-o: N
c o #T-r: 99.99%
c o #T  : 0.01
c o [occur] 0.00 is overhead
c o [occur] link-in T: 0.00 cleanup T: 0.00
c o [occ-xor-bve] elimed: 0 T: 0.00 T-out: N
c o --> Executing strategy token: sub-impl
c o [impl-sub] bin: 0 T: 0.00 T-out: N w-visit: 230
c o --> Executing strategy token: distill-cls-onlyrem
c o [distill-long-irred] cls tried: 352/352 T: 0.00 T-out: N T-r: 99.91%
c o --> Executing strategy token: intree-probe
c o [scc] new: 0 BP 0M T: 0.00
c o [vrep] vars 0 lits 0 rem-bin-cls 0 rem-long-cls 0 BP 0M T: 0.00
c o [intree] Set 0 vars hyper-added: 0 trans-irred: 0 trans-red: 0 T: 0.00 T-out: N T-r: -0.24%
c o Executing OCC strategy token(s): 'occ-backw-sub-str,
c o [occ] mem usage for occur      0 MB
c o [occ] Linked in IRRED BIN by default: 42
c o [occ] Linked in RED   BIN by default: 4
c o [occ] mem usage for occur      0 MB
c o Mem for watch alloc    : 0           MB (0.48      %)
c o Mem for watch array    : 0           MB (0.06      %)
c o Executing OCC strategy token: occ-backw-sub-str
c o [occ-backw-sub-str-long-w-bins] subs: 0 str: 0 tried: 840 0-depth ass: 0 T: 0.00 T-out: N T-r: 99.67%
c o [occ-backw-sub-long-w-long] rem cl: 0 tried: 384/384 (100.0%) T: 0.00 T-out: N T-r: 99.76%
c o [occ-backw-sub-str-long-w-long] sub: 0 str: 0 tried: 1152/384 (300.0)  T: 0.00 T-out: N T-r: 98.41%
c o --> Executing strategy token: sub-str-cls-with-bin
c o [distill] watch-based irred--  cl tried      704 cl-sh     0 cl-rem    0 lit-rem      0 T: 0.00 T-out: N
c o [distill] watch-based   red--  cl tried        0 cl-sh     0 cl-rem    0 lit-rem      0 T: 0.00 T-out: N
c o --> Executing strategy token: clean-cls
c o --> Executing strategy token: distill-cls
c o [distill-long-irred] cls tried: 352/352 T: 0.00 T-out: N T-r: 99.91%
c o [distill-long-irred] cls tried: 352/352 T: 0.00 T-out: N T-r: 99.90%
c o --> Executing strategy token: distill-bins
c o [distill-bin] useful: 0/42/42 lits-rem: 0 cl-rem: 0 0-depth-assigns: 0 T: 0.00 T-out: N
c o Executing OCC strategy token(s): 'occ-backw-sub,
c o [occ] mem usage for occur      0 MB
c o [occ] Linked in IRRED BIN by default: 42
c o [occ] Linked in RED   BIN by default: 4
c o [occ] mem usage for occur      0 MB
c o Mem for watch alloc    : 0           MB (0.48      %)
c o Mem for watch array    : 0           MB (0.06      %)
c o Executing OCC strategy token: occ-backw-sub
c o [occ-backw-sub-long-w-long] rem cl: 0 tried: 384/384 (100.0%) T: 0.00 T-out: N T-r: 99.76%
c o [consolidate] mini T: 0.00
c o global_timeout_multiplier: 0.1100
c o [branch] rebuilding order heap for all branchings. Current branching: vsids
c o --> Executing strategy token: oracle-vivif-fast
c o --> Executing strategy token: must-renumber
c o [renumber] T: 0.00
c o [oracle-bin] potential pairs: 855 T: 0.0001
c o --> Executing strategy token: must-scc-vrepl
c o [scc] new: 0 BP 0M T: 0.00
c o [vrep] vars 0 lits 0 rem-bin-cls 0 rem-long-cls 0 BP 0M T: 0.00
c o [oracle-vivif] lits-rem: 0 learnt-units: 0 T-out: N T-remain: 92.5251% T: 0.00
c o [oracle-bin] bin-added: 42 equiv-added: 0 T-out: N T-remain: 98.05% T: 0.00
c o [oracle-vivif] cache usefulness: 85% total T: 0.00
c o --> Executing strategy token: oracle-sparsify-fast
c o --> Executing strategy token: sub-impl
c o [impl-sub] bin: 44 T: 0.00 T-out: N w-visit: 228
c o Executing OCC strategy token(s): 'occ-backw-sub,
c o [occ] mem usage for occur      0 MB
c o [occ] Linked in IRRED BIN by default: 42
c o [occ] Linked in RED   BIN by default: 4
c o [occ] mem usage for occur      0 MB
c o Mem for watch alloc    : 0           MB (0.48      %)
c o Mem for watch array    : 0           MB (0.06      %)
c o Executing OCC strategy token: occ-backw-sub
c o [occ-backw-sub-long-w-long] rem cl: 0 tried: 391/391 (100.0%) T: 0.00 T-out: N T-r: 99.76%
c o --> Executing strategy token: must-renumber
c o [renumber] T: 0.00
c o [oracle-sparsify] done with 10 % oracle mems:     0 ccnr useful: 100.0% T: 0.0
c o [oracle-sparsify] done with 20 % oracle mems:     0 ccnr useful: 100.0% T: 0.0
c o [oracle-sparsify] done with 30 % oracle mems:     0 ccnr useful: 100.0% T: 0.0
c o [oracle-sparsify] done with 40 % oracle mems:     0 ccnr useful: 100.0% T: 0.0
c o [oracle-sparsify] done with 50 % oracle mems:     0 ccnr useful: 100.0% T: 0.0
c o [oracle-sparsify] done with 60 % oracle mems:     0 ccnr useful: 100.0% T: 0.0
c o [oracle-sparsify] done with 70 % oracle mems:     0 ccnr useful: 100.0% T: 0.0
c o [oracle-sparsify] done with 80 % oracle mems:     0 ccnr useful: 100.0% T: 0.0
c o [oracle-sparsify] done with 90 % oracle mems:     0 ccnr useful: 100.0% T: 0.0
c o [oracle-sparsify] removed: 0 of which bin: 0 tot considered: 394 ccnr useful: 394 oracle uknown: 0 cache useful: 0% learnt-units: 0 T: 0.00 buildT: 0.00
c o [consolidate] mini T: 0.00
c o global_timeout_multiplier: 0.1100
c o [branch] rebuilding order heap for all branchings. Current branching: vsids
c o Executing OCC strategy token(s): 'occ-bve,
c o [occ] mem usage for occur      0 MB
c o [occ] Linked in IRRED BIN by default: 42
c o [occ] Linked in RED   BIN by default: 4
c o [occ] mem usage for occur      0 MB
c o Mem for watch alloc    : 0           MB (0.48      %)
c o Mem for watch array    : 0           MB (0.06      %)
c o Executing OCC strategy token: occ-bve
c o [occ-empty-res] Empty resolvent elimed: 0 T: 0.00 T-out: N
c o [occ-bve] iter v-elim 0
c o cl_inc_rate=1.00, var_dec_rate=1.00 (grow=0)
c o Reduced to 114 vars, 394 cls (grow=0)
c o x n vars       : 114
c o #try to eliminate:    53
c o #var-elim        :     0
c o #T-o: N
c o #T-r: 100.00%
c o #T  : 0.00
c o [occur] 0.00 is overhead
c o [occur] link-in T: 0.00 cleanup T: 0.00
c o [occ-xor-bve] elimed: 0 T: 0.00 T-out: N
c o [consolidate] mini T: 0.00
c o global_timeout_multiplier: 0.1100
c o [branch] rebuilding order heap for all branchings. Current branching: vsids
c o --> Executing strategy token: must-scc-vrepl
c o [scc] new: 0 BP 0M T: 0.00
c o [vrep] vars 0 lits 0 rem-bin-cls 0 rem-long-cls 0 BP 0M T: 0.00
c o --> Executing strategy token: must-renumber
c o [renumber] T: 0.00
c o [consolidate] mini T: 0.00
c o global_timeout_multiplier: 0.1100
c o [branch] rebuilding order heap for all branchings. Current branching: vsids
c o [occ] mem usage for occur      0 MB
c o [occ] Linked in IRRED BIN by default: 42
c o [occ] Linked in RED   BIN by default: 4
c o [occ] mem usage for occur      0 MB
c o Mem for watch alloc    : 0           MB (0.48      %)
c o Mem for watch array    : 0           MB (0.06      %)
c o [empty] empty_occ: 0 T: 0.00
c o Executing OCC strategy token(s): 'occ-bve-empty,
c o [occ] mem usage for occur      0 MB
c o [occ] Linked in IRRED BIN by default: 42
c o [occ] Linked in RED   BIN by default: 4
c o [occ] mem usage for occur      0 MB
c o Mem for watch alloc    : 0           MB (0.48      %)
c o Mem for watch array    : 0           MB (0.06      %)
c o Executing OCC strategy token: occ-bve-empty
c o [occ-empty-res] Empty resolvent elimed: 0 T: 0.00 T-out: N
c o --> Executing strategy token: must-renumber
c o [renumber] T: 0.00
c o [consolidate] mini T: 0.00
c o global_timeout_multiplier: 0.1100
c o [branch] rebuilding order heap for all branchings. Current branching: vsids
c o [0m[puura] new_empty_sampl_vars size: 0[0m
c o [get-cnf] Checking for variables mapping to same new var to set AIG definitions...
c o solver orig num vars: 431 solver simp num vars: 114
c o [0m[31m[puura] Done. final vars: 114 final cls: 394 T: 0.07[0m
c o [0m[31m[autarky] Found autarkies: 0 autarky vars: 0 T-out: N T: 0.00[0m
c o --> Executing strategy token: must-scc-vrepl
c o [scc] new: 0 BP 0M T: 0.00
c o [vrep] vars 0 lits 0 rem-bin-cls 0 rem-long-cls 0 BP 0M T: 0.00
c o --> Executing strategy token: full-probe
c o [full-probe]  bin_only: 0 set: 0 repl: 0 T: 0.00 T-out: N T-r: 99.68%
c o --> Executing strategy token: sub-impl
c o [impl-sub] bin: 0 T: 0.00 T-out: N w-visit: 228
c o --> Executing strategy token: sub-cls-with-bin
c o [distill] watch-based irred--  cl tried      352 cl-sh     0 cl-rem    0 lit-rem      0 T: 0.00 T-out: N
c o [distill] watch-based   red--  cl tried        0 cl-sh     0 cl-rem    0 lit-rem      0 T: 0.00 T-out: N
c o --> Executing strategy token: distill-cls-onlyrem
c o [distill-long-irred] cls tried: 352/352 T: 0.00 T-out: N T-r: 99.91%
c o Executing OCC strategy token(s): 'occ-backw-sub,occ-resolv-subs,occ-rem-with-orgates,occ-ternary-res,
c o [occ] mem usage for occur      0 MB
c o [occ] Linked in IRRED BIN by default: 42
c o [occ] Linked in RED   BIN by default: 4
c o Mem for watch alloc    : 0           MB (0.20      %)
c o Mem for watch array    : 0           MB (0.07      %)
c o Executing OCC strategy token: occ-backw-sub
c o [occ-backw-sub-long-w-long] rem cl: 0 tried: 391/391 (100.0%) T: 0.00 T-out: N T-r: 99.74%
c o Executing OCC strategy token: occ-resolv-subs
c o [occ-resolv-subs] removed: 0 checked: 6297 T: 0.0
c o Executing OCC strategy token: occ-rem-with-orgates
c o [occ-gates] found:     4 avg-s: 2.0 T: 0.00 T-out: N T-r: 99.66%
c o [occ-gate-based-lit-rem] lit-rem: 0 cl-rem: 0 T: 0.00 T-out: N
c o Executing OCC strategy token: occ-ternary-res
c o [occ-ternary-res] Ternary res-tri: 12 res-bin: 0 sub: 0 str: 0 T: 0.00 T-out: N T-r: 99.37%
c o --> Executing strategy token: must-scc-vrepl
c o [scc] new: 0 BP 0M T: 0.00
c o [vrep] vars 0 lits 0 rem-bin-cls 0 rem-long-cls 0 BP 0M T: 0.00
c o Executing OCC strategy token(s): 'occ-bve,
c o [occ] mem usage for occur      0 MB
c o [occ] Linked in IRRED BIN by default: 42
c o [occ] Linked in RED   BIN by default: 4
c o Mem for watch alloc    : 0           MB (0.20      %)
c o Mem for watch array    : 0           MB (0.07      %)
c o Executing OCC strategy token: occ-bve
c o [occ-empty-res] Empty resolvent elimed: 0 T: 0.00 T-out: N
c o [occ-bve] iter v-elim 0
c o cl_inc_rate=1.00, var_dec_rate=1.00 (grow=0)
c o Reduced to 114 vars, 394 cls (grow=0)
c o x n vars       : 114
c o #try to eliminate:    53
c o #var-elim        :     0
c o #T-o: N
c o #T-r: 100.00%
c o #T  : 0.00
c o [occur] 0.00 is overhead
c o [occur] link-in T: 0.00 cleanup T: 0.00
c o [occ-xor-bve] elimed: 0 T: 0.00 T-out: N
c o --> Executing strategy token: sub-impl
c o [impl-sub] bin: 0 T: 0.00 T-out: N w-visit: 228
c o --> Executing strategy token: distill-cls-onlyrem
c o [distill-long-irred] cls tried: 352/352 T: 0.00 T-out: N T-r: 99.90%
c o --> Executing strategy token: intree-probe
c o [scc] new: 0 BP 0M T: 0.00
c o [vrep] vars 0 lits 0 rem-bin-cls 0 rem-long-cls 0 BP 0M T: 0.00
c o [intree] Set 0 vars hyper-added: 0 trans-irred: 0 trans-red: 0 T: 0.00 T-out: N T-r: -0.11%
c o Executing OCC strategy token(s): 'occ-backw-sub-str,
c o [occ] mem usage for occur      0 MB
c o [occ] Linked in IRRED BIN by default: 42
c o [occ] Linked in RED   BIN by default: 4
c o Mem for watch alloc    : 0           MB (0.21      %)
c o Mem for watch array    : 0           MB (0.07      %)
c o Executing OCC strategy token: occ-backw-sub-str
c o [occ-backw-sub-str-long-w-bins] subs: 0 str: 0 tried: 46 0-depth ass: 0 T: 0.00 T-out: N T-r: 99.67%
c o [occ-backw-sub-long-w-long] rem cl: 0 tried: 403/403 (100.0%) T: 0.00 T-out: N T-r: 99.74%
c o [occ-backw-sub-str-long-w-long] sub: 0 str: 0 tried: 1209/403 (300.0)  T: 0.00 T-out: N T-r: 98.27%
c o --> Executing strategy token: sub-str-cls-with-bin
c o [distill] watch-based irred--  cl tried      704 cl-sh     0 cl-rem    0 lit-rem      0 T: 0.00 T-out: N
c o [distill] watch-based   red--  cl tried        0 cl-sh     0 cl-rem    0 lit-rem      0 T: 0.00 T-out: N
c o --> Executing strategy token: clean-cls
c o --> Executing strategy token: distill-cls
c o [distill-long-irred] cls tried: 352/352 T: 0.00 T-out: N T-r: 99.90%
c o [distill-long-irred] cls tried: 352/352 T: 0.00 T-out: N T-r: 99.89%
c o --> Executing strategy token: distill-bins
c o [distill-bin] useful: 0/42/42 lits-rem: 0 cl-rem: 0 0-depth-assigns: 0 T: 0.00 T-out: N
c o [consolidate] mini T: 0.00
c o global_timeout_multiplier: 0.1100
c o [branch] rebuilding order heap for all branchings. Current branching: vsids
c o --> Executing strategy token: oracle-vivif-sparsify
c o --> Executing strategy token: must-renumber
c o [renumber] T: 0.00
c o [oracle-bin] potential pairs: 855 T: 0.0001
c o --> Executing strategy token: must-scc-vrepl
c o [scc] new: 0 BP 0M T: 0.00
c o [vrep] vars 0 lits 0 rem-bin-cls 0 rem-long-cls 0 BP 0M T: 0.00
c o [oracle-vivif] lits-rem: 0 learnt-units: 0 T-out: N T-remain: 97.5565% T: 0.00
c o [oracle-bin] bin-added: 42 equiv-added: 0 T-out: N T-remain: 98.23% T: 0.00
c o [oracle-vivif] cache usefulness: 85% total T: 0.00
c o --> Executing strategy token: sub-impl
c o [impl-sub] bin: 44 T: 0.00 T-out: N w-visit: 228
c o Executing OCC strategy token(s): 'occ-backw-sub,
c o [occ] mem usage for occur      0 MB
c o [occ] Linked in IRRED BIN by default: 42
c o [occ] Linked in RED   BIN by default: 4
c o Mem for watch alloc    : 0           MB (0.22      %)
c o Mem for watch array    : 0           MB (0.06      %)
c o Executing OCC strategy token: occ-backw-sub
c o [occ-backw-sub-long-w-long] rem cl: 0 tried: 407/407 (100.0%) T: 0.00 T-out: N T-r: 99.74%
c o --> Executing strategy token: must-renumber
c o [renumber] T: 0.00
c o [oracle-sparsify] done with 10 % oracle mems:     0 ccnr useful: 100.0% T: 0.0
c o [oracle-sparsify] done with 20 % oracle mems:     0 ccnr useful: 100.0% T: 0.0
c o [oracle-sparsify] done with 30 % oracle mems:     0 ccnr useful: 100.0% T: 0.0
c o [oracle-sparsify] done with 40 % oracle mems:     0 ccnr useful: 100.0% T: 0.0
c o [oracle-sparsify] done with 50 % oracle mems:     0 ccnr useful: 100.0% T: 0.0
c o [oracle-sparsify] done with 60 % oracle mems:     0 ccnr useful: 100.0% T: 0.0
c o [oracle-sparsify] done with 70 % oracle mems:     0 ccnr useful: 100.0% T: 0.0
c o [oracle-sparsify] done with 80 % oracle mems:     0 ccnr useful: 100.0% T: 0.0
c o [oracle-sparsify] done with 90 % oracle mems:     0 ccnr useful: 100.0% T: 0.0
c o [oracle-sparsify] removed: 0 of which bin: 0 tot considered: 394 ccnr useful: 394 oracle uknown: 0 cache useful: 0% learnt-units: 0 T: 0.00 buildT: 0.00
c o [consolidate] mini T: 0.00
c o global_timeout_multiplier: 0.1100
c o [branch] rebuilding order heap for all branchings. Current branching: vsids
c o --> Executing strategy token: must-scc-vrepl
c o [scc] new: 0 BP 0M T: 0.00
c o [vrep] vars 0 lits 0 rem-bin-cls 0 rem-long-cls 0 BP 0M T: 0.00
c o --> Executing strategy token: full-probe
c o [full-probe]  bin_only: 0 set: 0 repl: 0 T: 0.00 T-out: N T-r: 99.67%
c o --> Executing strategy token: sub-impl
c o [impl-sub] bin: 0 T: 0.00 T-out: N w-visit: 228
c o --> Executing strategy token: sub-cls-with-bin
c o [distill] watch-based irred--  cl tried      352 cl-sh     0 cl-rem    0 lit-rem      0 T: 0.00 T-out: N
c o [distill] watch-based   red--  cl tried        0 cl-sh     0 cl-rem    0 lit-rem      0 T: 0.00 T-out: N
c o --> Executing strategy token: distill-cls-onlyrem
c o [distill-long-irred] cls tried: 352/352 T: 0.00 T-out: N T-r: 99.91%
c o Executing OCC strategy token(s): 'occ-backw-sub,occ-resolv-subs,occ-rem-with-orgates,occ-ternary-res,
c o [occ] mem usage for occur      0 MB
c o [occ] Linked in IRRED BIN by default: 42
c o [occ] Linked in RED   BIN by default: 4
c o [occ] mem usage for occur      0 MB
c o Mem for watch alloc    : 0           MB (0.22      %)
c o Mem for watch array    : 0           MB (0.06      %)
c o Executing OCC strategy token: occ-backw-sub
c o [occ-backw-sub-long-w-long] rem cl: 0 tried: 407/407 (100.0%) T: 0.00 T-out: N T-r: 99.75%
c o Executing OCC strategy token: occ-resolv-subs
c o [occ-resolv-subs] removed: 0 checked: 6297 T: 0.0
c o Executing OCC strategy token: occ-rem-with-orgates
c o [occ-gates] found:     4 avg-s: 2.0 T: 0.00 T-out: N T-r: 99.66%
c o [occ-gate-based-lit-rem] lit-rem: 0 cl-rem: 0 T: 0.00 T-out: N
c o Executing OCC strategy token: occ-ternary-res
c o [occ-ternary-res] Ternary res-tri: 12 res-bin: 0 sub: 0 str: 0 T: 0.00 T-out: N T-r: 99.37%
c o --> Executing strategy token: must-scc-vrepl
c o [scc] new: 0 BP 0M T: 0.00
c o [vrep] vars 0 lits 0 rem-bin-cls 0 rem-long-cls 0 BP 0M T: 0.00
c o Executing OCC strategy token(s): 'occ-bve,
c o [occ] mem usage for occur      0 MB
c o [occ] Linked in IRRED BIN by default: 42
c o [occ] Linked in RED   BIN by default: 4
c o [occ] mem usage for occur      0 MB
c o Mem for watch alloc    : 0           MB (0.22      %)
c o Mem for watch array    : 0           MB (0.06      %)
c o Executing OCC strategy token: occ-bve
c o [occ-empty-res] Empty resolvent elimed: 0 T: 0.00 T-out: N
c o [occ-bve] iter v-elim 0
c o cl_inc_rate=1.00, var_dec_rate=1.00 (grow=0)
c o Reduced to 114 vars, 394 cls (grow=0)
c o x n vars       : 114
c o #try to eliminate:    53
c o #var-elim        :     0
c o #T-o: N
c o #T-r: 100.00%
c o #T  : 0.00
c o [occur] 0.00 is overhead
c o [occur] link-in T: 0.00 cleanup T: 0.00
c o [occ-xor-bve] elimed: 0 T: 0.00 T-out: N
c o --> Executing strategy token: sub-impl
c o [impl-sub] bin: 0 T: 0.00 T-out: N w-visit: 228
c o --> Executing strategy token: distill-cls-onlyrem
c o [distill-long-irred] cls tried: 352/352 T: 0.00 T-out: N T-r: 99.90%
c o --> Executing strategy token: intree-probe
c o [scc] new: 0 BP 0M T: 0.00
c o [vrep] vars 0 lits 0 rem-bin-cls 0 rem-long-cls 0 BP 0M T: 0.00
c o [intree] Set 0 vars hyper-added: 0 trans-irred: 0 trans-red: 0 T: 0.00 T-out: N T-r: -0.29%
c o Executing OCC strategy token(s): 'occ-backw-sub-str,
c o [occ] mem usage for occur      0 MB
c o [occ] Linked in IRRED BIN by default: 42
c o [occ] Linked in RED   BIN by default: 4
c o [occ] mem usage for occur      0 MB
c o Mem for watch alloc    : 0           MB (0.22      %)
c o Mem for watch array    : 0           MB (0.06      %)
c o Executing OCC strategy token: occ-backw-sub-str
c o [occ-backw-sub-str-long-w-bins] subs: 0 str: 0 tried: 92 0-depth ass: 0 T: 0.00 T-out: N T-r: 99.69%
c o [occ-backw-sub-long-w-long] rem cl: 0 tried: 419/419 (100.0%) T: 0.00 T-out: N T-r: 99.74%
c o [occ-backw-sub-str-long-w-long] sub: 0 str: 0 tried: 1257/419 (300.0)  T: 0.00 T-out: N T-r: 98.31%
c o --> Executing strategy token: sub-str-cls-with-bin
c o [distill] watch-based irred--  cl tried      704 cl-sh     0 cl-rem    0 lit-rem      0 T: 0.00 T-out: N
c o [distill] watch-based   red--  cl tried        0 cl-sh     0 cl-rem    0 lit-rem      0 T: 0.00 T-out: N
c o --> Executing strategy token: clean-cls
c o --> Executing strategy token: distill-cls
c o [distill-long-irred] cls tried: 352/352 T: 0.00 T-out: N T-r: 99.90%
c o [distill-long-irred] cls tried: 352/352 T: 0.00 T-out: N T-r: 99.89%
c o --> Executing strategy token: distill-bins
c o [distill-bin] useful: 0/42/42 lits-rem: 0 cl-rem: 0 0-depth-assigns: 0 T: 0.00 T-out: N
c o Executing OCC strategy token(s): 'occ-backw-sub,
c o [occ] mem usage for occur      0 MB
c o [occ] Linked in IRRED BIN by default: 42
c o [occ] Linked in RED   BIN by default: 4
c o [occ] mem usage for occur      0 MB
c o Mem for watch alloc    : 0           MB (0.22      %)
c o Mem for watch array    : 0           MB (0.06      %)
c o Executing OCC strategy token: occ-backw-sub
c o [occ-backw-sub-long-w-long] rem cl: 0 tried: 419/419 (100.0%) T: 0.00 T-out: N T-r: 99.74%
c o [consolidate] mini T: 0.00
c o global_timeout_multiplier: 0.1100
c o [branch] rebuilding order heap for all branchings. Current branching: vsids
c o --> Executing strategy token: oracle-vivif-fast
c o --> Executing strategy token: must-renumber
c o [renumber] T: 0.00
c o [oracle-bin] potential pairs: 855 T: 0.0001
c o --> Executing strategy token: must-scc-vrepl
c o [scc] new: 0 BP 0M T: 0.00
c o [vrep] vars 0 lits 0 rem-bin-cls 0 rem-long-cls 0 BP 0M T: 0.00
c o [oracle-vivif] lits-rem: 0 learnt-units: 0 T-out: N T-remain: 92.6383% T: 0.00
c o [oracle-bin] bin-added: 42 equiv-added: 0 T-out: N T-remain: 98.14% T: 0.00
c o [oracle-vivif] cache usefulness: 85% total T: 0.00
c o --> Executing strategy token: oracle-sparsify-fast
c o --> Executing strategy token: sub-impl
c o [impl-sub] bin: 44 T: 0.00 T-out: N w-visit: 228
c o Executing OCC strategy token(s): 'occ-backw-sub,
c o [occ] mem usage for occur      0 MB
c o [occ] Linked in IRRED BIN by default: 42
c o [occ] Linked in RED   BIN by default: 4
c o [occ] mem usage for occur      0 MB
c o Mem for watch alloc    : 0           MB (0.22      %)
c o Mem for watch array    : 0           MB (0.06      %)
c o Executing OCC strategy token: occ-backw-sub
c o [occ-backw-sub-long-w-long] rem cl: 0 tried: 421/421 (100.0%) T: 0.00 T-out: N T-r: 99.74%
c o --> Executing strategy token: must-renumber
c o [renumber] T: 0.00
c o [oracle-sparsify] done with 10 % oracle mems:     0 ccnr useful: 100.0% T: 0.0
c o [oracle-sparsify] done with 20 % oracle mems:     0 ccnr useful: 100.0% T: 0.0
c o [oracle-sparsify] done with 30 % oracle mems:     0 ccnr useful: 100.0% T: 0.0
c o [oracle-sparsify] done with 40 % oracle mems:     0 ccnr useful: 100.0% T: 0.0
c o [oracle-sparsify] done with 50 % oracle mems:     0 ccnr useful: 100.0% T: 0.0
c o [oracle-sparsify] done with 60 % oracle mems:     0 ccnr useful: 100.0% T: 0.0
c o [oracle-sparsify] done with 70 % oracle mems:     0 ccnr useful: 100.0% T: 0.0
c o [oracle-sparsify] done with 80 % oracle mems:     0 ccnr useful: 100.0% T: 0.0
c o [oracle-sparsify] done with 90 % oracle mems:     0 ccnr useful: 100.0% T: 0.0
c o [oracle-sparsify] removed: 0 of which bin: 0 tot considered: 394 ccnr useful: 394 oracle uknown: 0 cache useful: 0% learnt-units: 0 T: 0.00 buildT: 0.00
c o [consolidate] mini T: 0.00
c o global_timeout_multiplier: 0.1100
c o [branch] rebuilding order heap for all branchings. Current branching: vsids
c o Executing OCC strategy token(s): 'occ-bve,
c o [occ] mem usage for occur      0 MB
c o [occ] Linked in IRRED BIN by default: 42
c o [occ] Linked in RED   BIN by default: 4
c o [occ] mem usage for occur      0 MB
c o Mem for watch alloc    : 0           MB (0.22      %)
c o Mem for watch array    : 0           MB (0.06      %)
c o Executing OCC strategy token: occ-bve
c o [occ-empty-res] Empty resolvent elimed: 0 T: 0.00 T-out: N
c o [occ-bve] iter v-elim 0
c o cl_inc_rate=1.00, var_dec_rate=1.00 (grow=0)
c o Reduced to 114 vars, 394 cls (grow=0)
c o x n vars       : 114
c o #try to eliminate:    53
c o #var-elim        :     0
c o #T-o: N
c o #T-r: 100.00%
c o #T  : 0.00
c o [occur] 0.00 is overhead
c o [occur] link-in T: 0.00 cleanup T: 0.00
c o [occ-xor-bve] elimed: 0 T: 0.00 T-out: N
c o [consolidate] mini T: 0.00
c o global_timeout_multiplier: 0.1100
c o [branch] rebuilding order heap for all branchings. Current branching: vsids
c o --> Executing strategy token: must-scc-vrepl
c o [scc] new: 0 BP 0M T: 0.00
c o [vrep] vars 0 lits 0 rem-bin-cls 0 rem-long-cls 0 BP 0M T: 0.00
c o --> Executing strategy token: must-renumber
c o [renumber] T: 0.00
c o [consolidate] mini T: 0.00
c o global_timeout_multiplier: 0.1100
c o [branch] rebuilding order heap for all branchings. Current branching: vsids
c o [occ] mem usage for occur      0 MB
c o [occ] Linked in IRRED BIN by default: 42
c o [occ] Linked in RED   BIN by default: 4
c o [occ] mem usage for occur      0 MB
c o Mem for watch alloc    : 0           MB (0.22      %)
c o Mem for watch array    : 0           MB (0.06      %)
c o [empty] empty_occ: 0 T: 0.00
c o Executing OCC strategy token(s): 'occ-bve-empty,
c o [occ] mem usage for occur      0 MB
c o [occ] Linked in IRRED BIN by default: 42
c o [occ] Linked in RED   BIN by default: 4
c o [occ] mem usage for occur      0 MB
c o Mem for watch alloc    : 0           MB (0.22      %)
c o Mem for watch array    : 0           MB (0.06      %)
c o Executing OCC strategy token: occ-bve-empty
c o [occ-empty-res] Empty resolvent elimed: 0 T: 0.00 T-out: N
c o --> Executing strategy token: must-renumber
c o [renumber] T: 0.00
c o [consolidate] mini T: 0.00
c o global_timeout_multiplier: 0.1100
c o [branch] rebuilding order heap for all branchings. Current branching: vsids
c o [0m[puura] new_empty_sampl_vars size: 0[0m
c o [get-cnf] Checking for variables mapping to same new var to set AIG definitions...
c o solver orig num vars: 114 solver simp num vars: 114
c o [0m[31m[puura] Done. final vars: 114 final cls: 394 T: 0.03[0m
c o [0m[arjun-sbva] entering SBVA with     vars: 114     cls:   394 opt sampl: 61[0m
c o [0m[arjun-sbva] exited SBVA with       vars: 114     cls:   394[0m
c o [0m[arjun-sbva] K steps remaining: 956.55 T-out: No T: 0.00[0m
c o [0m[extend-gates] Gates added to opt indep: 0 T: 0.00[0m
c o [0m[arjun-extend] Start unknown size: 53[0m
c o [0m[arjun-extend] ccnr. got back sols: 0 erased: 0 T: 0.00[0m
c o [0m[arjun-extend] Extend finished  orig size: 61 final size: 62 Undef: 0 T: 0.01 mem: 9 MB[0m
c o Arjun T: 0.18
c o Found 1 disconnected component(s)
c o [par] Using non-parallel counting
c o ind size: 61 nvars: 114
c o opt ind size: 62 ind size: 61 nvars: 114
c o Sampling set size: 61
c o Opt sampling set size: 62
c o Bin irred/red      42         4         
c o Long irred cls/tri 167        185       
c o Long red cls/tri   21         48        
c o [td] nodes: 62 nvars: 114 edges: 1141
c o [td] Primal graph   nodes: 114 edges: 1141 density: 0.088 edge/var: 10.009
c o [td] min degree heuristic
c o [td] #bags 4, tw 31, elapsed 0.001 s
c o [td] min shortcut heuristic
c o [td] run with 0.0/0.1/0.2 min balance and node_min_expansion in endless loop with varying seed
c o [td] iter 100 width: 30 stepsK remain: 99 T: 0.293
c o [td] iter 200 width: 30 stepsK remain: 98 T: 0.566
c o [td] iter 300 width: 30 stepsK remain: 97 T: 0.842
c o [td] iter 400 width: 30 stepsK remain: 96 T: 1.110
c o [td] iter 500 width: 30 stepsK remain: 96 T: 1.385
c o [td] iter 600 width: 30 stepsK remain: 95 T: 1.663
c o [td] iter 700 width: 30 stepsK remain: 94 T: 1.936
c o [td] iter 800 width: 30 stepsK remain: 93 T: 2.210
c o [td] centroid bag id: 1 bag size: 16
c o [td] centroid bag id: 1 bag size: 16
c o [td] weight: 7.000 nodes: 62 rt/width(=rt): 2.067 rt*conf.td_exp_mult: 2.273 conf.td_exp_mult: 1.100 conf.td_divider: 1000.000 max ord diff: 1
c o [td] decompose time: 2.487
c o [rdb] cls before: 10070 after: 10070 low lbd: 0 lbd cutoff: 2 target computed: 4000 cannot be del : 13 used: 10070 rdb: 1
c o [rst-cube] Num restarts: 0 orig cubes this rst: 1 final cubes this rst: 1 total orig cubes: 1 total final cubes: 1
c o total time so far: 13.086
c o decisions K                    1145      -- Kdec/s:     88.72    
c o conflicts                      16328        -- confl/s:    1265.13  
c o rem lits triedK/rem lits remK  16        0         
c o shrink tried/useful%/lits rem  16328     77.8417   37747     
c o avg clsz/rem lits avg/finalavg 23.1844   20.7816   20.7814  
c o rdbs/low lbd/rem               1     0      0     
c o looks/look-computes            0/0
c o sat call/sat/unsat/confl/rst  73682 73682 0     151   0     
c o buddy called /unsat ratio           0     / 0.0000 
c o buddy avg num bin/long cls/vs  0.0000 / 0.0000 / 0.0000
c o buddy max num bin/long cls/vs  0     / 0     / 0    
c o orig cubes/lit-r avg/exten avg 1     / 0.00  / 0.00 
c o cubes orig/symm/final          1     / 0     / 1    
c o cubes resolved/flp-removed     0     / 0    
c o tot restarts                   0    
c o comp sortsK/avg sz             1028  / 1.04955944
c o comps recordK/non-reset ratio  4669 / 1.00
c o vivif: try/cls/clviv/litsravg  0         0         0         0.00      
c o toplev subs runs/bins/long-cls 0         0         0         0         0         
c o toplevel probes/fail/bprop     0         0         0         
c o Mem used                       0.25 GB
c o cache pollutions call/removed  31194/11047
c o cache entries K                1068
c o MB cache                       180.915
c o cache K (lookup/ stores/ hits/ dels) 4627   1079   3547   0       -- Klookup/s:  358.46   
c o cache miss rate                0.233
c o avg hit/store num vars 4.502 / 28.928
c o 
c o intermediate count: 385801953879957504
c o Total time [Arjun+GANAK]: 13.33
s SATISFIABLE
c s type pmc
c s log10-estimate 1.75863644e+01
c s exact arb int 385801953879957504
c s pac guarantees epsilon: 0 delta: 0
