c o Ganak SHA1: 0b4881b40126fb5ae8a1b7c9fdd4878afa25b051
c o Arjun SHA1: 0b4881b40126fb5ae8a1b7c9fdd4878afa25b051
c o SBVA SHA1: 0b4881b40126fb5ae8a1b7c9fdd4878afa25b051
c o CMS SHA1: 0b4881b40126fb5ae8a1b7c9fdd4878afa25b051
c o ApproxMC SHA1: 0b4881b40126fb5ae8a1b7c9fdd4878afa25b051
c o Using ideas by JM Lagniez, and Pierre Marquis
c o     from paper: Improving Model Counting [..] IJCAI 2016
c o Using VMTF, picosat, CaDiCaL, and CadiBack code by Armin Biere
c o CMS is MIT licensed
c o Using code from 'When Boolean Satisfiability Meets Gauss-E. in a Simplex Way'
c o       by C.-S. Han and J.-H. Roland Jiang in CAV 2012. Fixes by M. Soos
c o Using CCAnr from 'CCAnr: A Conf. Checking Based Local Search Solver [...]'
c o       by Shaowei Cai, Chuan Luo, and Kaile Su, SAT 2015
c o Using Oracle code from 'Integrating Tree Decompositions [...]'
c o       by Tuukka Korhonen and Matti Jarvisalo, CP 2021
c o Using Graph library by Tuukka Korhonen and Matti Jarvisalo
c o Using Flowcutter by Ben Strasser
c o Ganak compilation env CMAKE_CXX_COMPILER = /usr/bin/c++ | CMAKE_CXX_FLAGS =  -fno-stack-protector -mpopcnt -msse4.2 -mpclmul -Wduplicated-cond -Wduplicated-branches -Wlogical-op -Wrestrict -Wnull-dereference -Wdouble-promotion -Wshadow -Wformat=2 -Wextra-semi -pedantic | COMPILE_DEFINES =  -DNDEBUG -D_FORTIFY_SOURCE=0 -DUSE_ZLIB | BUILD_SHARED_LIBS = OFF | ZLIB_FOUND = TRUE | ENABLE_ASSERTIONS = OFF | 
c o called with: /workspace/cm-packed-continuation/build/application-ganak/ganak --prob 0 --mode 0 --fast /workspace/cm-packed-evidence/oracle-extension/independent-08-3.cnf
c o CNF projection set size: 45
c o --> Executing strategy token: clean-cls
c o --> Executing strategy token: must-scc-vrepl
c o [scc] new: 486 BP 0M T: 0.00
c o [vrep] vars 420 lits 13114 rem-bin-cls 1812 rem-long-cls 0 BP 0M T: 0.00
c o [consolidate] mini T: 0.00
c o global_timeout_multiplier: 0.1
c o [branch] rebuilding order heap for all branchings. Current branching: vsids
c o [0m[arjun-simp] probing all sampling variables[0m
c o --> Executing strategy token: must-scc-vrepl
c o [scc] new: 33 BP 0M T: 0.00
c o [vrep] vars 33 lits 583 rem-bin-cls 169 rem-long-cls 4 BP 0M T: 0.00
c o [consolidate] mini T: 0.00
c o global_timeout_multiplier: 0.1
c o [branch] rebuilding order heap for all branchings. Current branching: vsids
c o [0m[arjun-simp] Removed set       : 23 new size: 22[0m
c o [0m[arjun-simp] Removed eq lits: 0 new size: 22[0m
c o [0m[arjun-simp] probe removed: 23 perc: 51.11 T: 0.00[0m
c o [0m[arjun-simp] Removed eq lits: 0 new size: 22[0m
c o [0m[arjun-simp] Removed set       : 0 new size: 22[0m
c o [0m[arjun-simp] get-empties removed: 0 perc: 0.00 total empties now: 0 T: 0.00[0m
c o [0m[arjun-simp] CMS::simplify() with no BVE, intree probe...[0m
c o --> Executing strategy token: str-impl
c [impl-str] lit bin: 0 set-var: 0 T: 0.00 T-out: N T-r: 99.60% w-visit: 4452
c o --> Executing strategy token: intree-probe
c o [scc] new: 0 BP 0M T: 0.00
c o [vrep] vars 0 lits 0 rem-bin-cls 0 rem-long-cls 0 BP 0M T: 0.00
c o [intree] Set 0 vars hyper-added: 0 trans-irred: 0 trans-red: 0 T: 0.00 T-out: N T-r: 0.16%
c o Executing OCC strategy token(s): 'occ-ternary-res,occ-backw-sub,
c o [occ] mem usage for occur      0 MB
c o [occ] Linked in IRRED BIN by default: 1360
c o [occ] Linked in RED   BIN by default: 0
c o [occ] mem usage for occur      0 MB
c o Mem for watch alloc    : 0           MB (3.63      %)
c o Mem for watch array    : 0           MB (1.13      %)
c o Executing OCC strategy token: occ-ternary-res
c o [occ-ternary-res] Ternary res-tri: 1030 res-bin: 0 sub: 122 str: 164 T: 0.00 T-out: N T-r: 79.09%
c o Executing OCC strategy token: occ-backw-sub
c o [occ-backw-sub-long-w-long] rem cl: 5 tried: 5260/5260 (100.0%) T: 0.00 T-out: N T-r: 95.24%
c o --> Executing strategy token: distill-litrem
c [distill-litrem] useful: 28/6561/4225 lits-rem: 28 0-depth-assigns: 0 T: 0.01 T-out: Y
c o --> Executing strategy token: must-distill-cls
c o [distill-long-irred] cls tried: 4197/4197 T: 0.01 T-out: N T-r: 69.22%
c o [distill-long-irred] cls tried: 3988/3988 T: 0.01 T-out: N T-r: 64.61%
c o --> Executing strategy token: distill-bins
c o [distill-bin] useful: 53/920/1597 lits-rem: 0 cl-rem: 52 0-depth-assigns: 1 T: 0.00 T-out: Y
c o --> Executing strategy token: oracle-vivif-veryfast
c o --> Executing strategy token: must-renumber
c o [oracle-bin] potential pairs: 7444 T: 0.0
c o --> Executing strategy token: must-scc-vrepl
c o [scc] new: 168 BP 0M T: 0.00
c o [vrep] vars 155 lits 6409 rem-bin-cls 1008 rem-long-cls 149 BP 0M T: 0.00
c o [oracle-vivif] lits-rem: 2326 learnt-units: 50 T-out: N T-remain: 33.7% T: 0.21
c o [oracle-bin] bin-added: 1599 equiv-added: 129 T-out: N T-remain: 73.72% T: 0.06
c o [oracle-vivif] cache usefulness: 88% total T: 0.27
c o [consolidate] mini T: 0.00
c o global_timeout_multiplier: 0.1000
c o [branch] rebuilding order heap for all branchings. Current branching: vsids
c o --> Executing strategy token: scc-vrepl
c o [scc] new: 0 BP 0M T: 0.00
c o --> Executing strategy token: sub-impl
c o [impl-sub] bin: 609 T: 0.00 T-out: N w-visit: 4452
c o --> Executing strategy token: breakid
c o Executing OCC strategy token(s): 'occ-backw-sub-str,occ-clean-implicit,occ-bve,occ-bva,occ-ternary-res,occ-xor,
c o [occ] mem usage for occur      0 MB
c o [occ] Linked in IRRED BIN by default: 1718
c o [occ] Linked in RED   BIN by default: 875
c o [occ] mem usage for occur      0 MB
c o Mem for watch alloc    : 0           MB (3.22      %)
c o Mem for watch array    : 0           MB (0.79      %)
c o Executing OCC strategy token: occ-backw-sub-str
c o [occ-backw-sub-str-long-w-bins] subs: 0 str: 0 tried: 2593 0-depth ass: 0 T: 0.00 T-out: N T-r: 82.18%
c o [occ-backw-sub-long-w-long] rem cl: 127 tried: 3457/3457 (100.0%) T: 0.00 T-out: N T-r: 97.79%
c o [occ-backw-sub-str-long-w-long] sub: 0 str: 0 tried: 10371/3457 (300.0)  T: 0.00 T-out: N T-r: 87.48%
c o Executing OCC strategy token: occ-clean-implicit
c o Executing OCC strategy token: occ-bve
c o Executing OCC strategy token: occ-bva
c o Executing OCC strategy token: occ-ternary-res
c o [occ-ternary-res] Ternary res-tri: 758 res-bin: 0 sub: 62 str: 160 T: 0.00 T-out: N T-r: 88.56%
c o Executing OCC strategy token: occ-xor
c o --> Executing strategy token: card-find
c o --> Executing strategy token: cl-consolidate
c o Not consolidating memory.
c o --> Executing strategy token: scc-vrepl
c o [scc] new: 39 BP 0M T: 0.00
c o [vrep] vars 37 lits 916 rem-bin-cls 238 rem-long-cls 160 BP 0M T: 0.00
c o --> Executing strategy token: renumber
c o --> Executing strategy token: louvain-comms
c o [consolidate] mini T: 0.00
c o global_timeout_multiplier: 0.1000
c o [branch] rebuilding order heap for all branchings. Current branching: vsids
c o [0m[arjun-simp] Removed set       : 4 new size: 18[0m
c o [0m[arjun-simp] CMS::simplify() with no BVE finished. T: 0.3043[0m
c o [0mWARNING: Turning off gates, because the sampling size is small, so we can just do it. Size: 18[0m
c o --> Executing strategy token: must-scc-vrepl
c o [scc] new: 0 BP 0M T: 0.00
c o [vrep] vars 0 lits 0 rem-bin-cls 0 rem-long-cls 0 BP 0M T: 0.00
c o --> Executing strategy token: clean-cls
c o --> Executing strategy token: sub-impl
c o [impl-sub] bin: 0 T: 0.00 T-out: N w-visit: 4452
c o [consolidate] mini T: 0.00
c o global_timeout_multiplier: 0.1000
c o [branch] rebuilding order heap for all branchings. Current branching: vsids
c o --> Executing strategy token: must-scc-vrepl
c o [scc] new: 0 BP 0M T: 0.00
c o [vrep] vars 0 lits 0 rem-bin-cls 0 rem-long-cls 0 BP 0M T: 0.00
c o --> Executing strategy token: clean-cls
c o --> Executing strategy token: sub-impl
c o [impl-sub] bin: 0 T: 0.00 T-out: N w-visit: 4452
c o [consolidate] mini T: 0.00
c o global_timeout_multiplier: 0.1000
c o [branch] rebuilding order heap for all branchings. Current branching: vsids
c o [0m[arjun-simp] Removed eq lits: 5 new size: 13[0m
c o [0m[arjun-simp] Removed set       : 0 new size: 13[0m
c o [0m[arjun-simp] get-empties removed: 0 perc: 0.00 total empties now: 0 T: 0.00[0m
c o [0m[arjun-simp] probing all sampling variables[0m
c o [0m[arjun-simp] Removed set       : 0 new size: 13[0m
c o [0m[arjun-simp] Removed eq lits: 0 new size: 13[0m
c o [0m[arjun-simp] probe removed: 0 perc: 0.00 T: 0.00[0m
c o [0m[arjun-simp] Removed eq lits: 0 new size: 13[0m
c o [0m[arjun-simp] Removed set       : 0 new size: 13[0m
c o [0m[arjun-simp] get-empties removed: 0 perc: 0.00 total empties now: 0 T: 0.00[0m
c o [0m[arjun] simplification finished  removed: 32 perc: 71.11 T: 0.32[0m
c o [0m[arjun] Duplicating CNF...[0m
c o [0m[arjun] Duplicated CNF. T: 0.00[0m
c o [0m[arjun] CMS::simplify() with *only* BVE...[0m
c o Executing OCC strategy token(s): 'occ-bve,
c o [occ] mem usage for occur      0 MB
c o [occ] Linked in IRRED BIN by default: 3991
c o [occ] Linked in RED   BIN by default: 875
c o [occ] mem usage for occur      0 MB
c o Mem for watch alloc    : 0           MB (5.20      %)
c o Mem for watch array    : 0           MB (1.93      %)
c o Executing OCC strategy token: occ-bve
c o [occ-empty-res] Empty resolvent elimed: 97 T: 0.00 T-out: N
c o [occ-bve] turning off picosat-based irreg gate detection, added lits:  7028
c o [occ-bve] iter v-elim 1539
c o cl_inc_rate=0.59, var_dec_rate=2.19 (grow=0)
c o Reduced to 1289 vars, 6323 cls (grow=0)
c o [occ-bve] iter v-elim 59
c o cl_inc_rate=1.01, var_dec_rate=1.05 (grow=3)
c o Reduced to 1230 vars, 6380 cls (grow=3)
c o [occ-bve] iter v-elim 34
c o cl_inc_rate=1.01, var_dec_rate=1.03 (grow=4)
c o Reduced to 1196 vars, 6434 cls (grow=4)
c o [occ-bve] iter v-elim 1
c o cl_inc_rate=1.00, var_dec_rate=1.00 (grow=6)
c o Reduced to 1195 vars, 6438 cls (grow=6)
c o [occ-bve] iter v-elim 8
c o cl_inc_rate=1.01, var_dec_rate=1.01 (grow=9)
c o Reduced to 1187 vars, 6486 cls (grow=9)
c o x n vars       : 1187
c o #try to eliminate: 10195
c o #var-elim        :  1641
c o #T-o: N
c o #T-r: 99.59%
c o #T  : 0.09
c o [occur] 0.00 is overhead
c o [occur] link-in T: 0.00 cleanup T: 0.00
c o [occ-xor-bve] elimed: 0 T: 0.00 T-out: N
c o [consolidate] mini T: 0.00
c o global_timeout_multiplier: 0.1000
c o [branch] rebuilding order heap for all branchings. Current branching: vsids
c o [0m[arjun] CMS::simplify() with *only* BVE finished. T: 0.0926[0m
c o [0m[arjun] Adding fixed clauses time: 0.0001[0m
c o [0m[backward FAST] Start unknown size: 13[0m
c o [0m[31m[arjun] backward round finished. U:  I: 11 T: 0.01[0m
c o [0m[arjun] run_minimize finished T: 0.42[0m
c o --> Executing strategy token: must-scc-vrepl
c o [scc] new: 665 BP 0M T: 0.00
c o [vrep] vars 611 lits 18654 rem-bin-cls 3619 rem-long-cls 35 BP 0M T: 0.00
c o --> Executing strategy token: full-probe
c o [full-probe]  bin_only: 0 set: 0 repl: 0 T: 0.00 T-out: N T-r: 93.65%
c o --> Executing strategy token: sub-impl
c o [impl-sub] bin: 14 T: 0.00 T-out: N w-visit: 4452
c o --> Executing strategy token: sub-cls-with-bin
c o [distill] watch-based irred--  cl tried     3765 cl-sh     0 cl-rem  201 lit-rem      0 T: 0.00 T-out: N
c o [distill] watch-based   red--  cl tried        0 cl-sh     0 cl-rem    0 lit-rem      0 T: 0.00 T-out: N
c o --> Executing strategy token: distill-cls-onlyrem
c o [distill-long-irred] cls tried: 3564/3564 T: 0.01 T-out: N T-r: 97.21%
c o Executing OCC strategy token(s): 'occ-backw-sub,occ-resolv-subs,occ-rem-with-orgates,occ-ternary-res,
c o [occ] mem usage for occur      0 MB
c o [occ] Linked in IRRED BIN by default: 1014
c o [occ] Linked in RED   BIN by default: 0
c o Mem for watch alloc    : 0           MB (2.49      %)
c o Mem for watch array    : 0           MB (0.97      %)
c o Executing OCC strategy token: occ-backw-sub
c o [occ-backw-sub-long-w-long] rem cl: 276 tried: 3491/3491 (100.0%) T: 0.00 T-out: N T-r: 97.31%
c o Executing OCC strategy token: occ-resolv-subs
c o [occ-resolv-subs] removed: 4 checked: 47888 T: 0.0
c o Executing OCC strategy token: occ-rem-with-orgates
c o [occ-gates] found:   126 avg-s: 2.0 T: 0.00 T-out: N T-r: 97.34%
c o [occ-gate-based-lit-rem] lit-rem: 95 cl-rem: 0 T: 0.00 T-out: N
c o Executing OCC strategy token: occ-ternary-res
c o [occ-ternary-res] Ternary res-tri: 926 res-bin: 0 sub: 104 str: 30 T: 0.00 T-out: N T-r: 85.12%
c o --> Executing strategy token: must-scc-vrepl
c o [scc] new: 5 BP 0M T: 0.00
c o [vrep] vars 4 lits 120 rem-bin-cls 30 rem-long-cls 20 BP 0M T: 0.00
c o Executing OCC strategy token(s): 'occ-bve,
c o [occ] mem usage for occur      0 MB
c o [occ] Linked in IRRED BIN by default: 1105
c o [occ] Linked in RED   BIN by default: 10
c o Mem for watch alloc    : 0           MB (2.72      %)
c o Mem for watch array    : 0           MB (0.97      %)
c o Executing OCC strategy token: occ-bve
c o [occ-empty-res] Empty resolvent elimed: 15 T: 0.00 T-out: N
c o [occ-bve] turning off picosat-based irreg gate detection, added lits:  7018
c o [occ-bve] iter v-elim 358
c o cl_inc_rate=0.76, var_dec_rate=1.51 (grow=0)
c o Reduced to 704 vars, 3072 cls (grow=0)
c o x n vars       : 704
c o #try to eliminate:  1377
c o #var-elim        :   358
c o #T-o: N
c o #T-r: 99.97%
c o #T  : 0.02
c o [occur] 0.00 is overhead
c o [occur] link-in T: 0.00 cleanup T: 0.00
c o [occ-xor-bve] elimed: 0 T: 0.00 T-out: N
c o --> Executing strategy token: sub-impl
c o [impl-sub] bin: 5 T: 0.00 T-out: N w-visit: 4452
c o --> Executing strategy token: distill-cls-onlyrem
c o [distill-long-irred] cls tried: 2333/2333 T: 0.01 T-out: N T-r: 98.57%
c o --> Executing strategy token: intree-probe
c o [scc] new: 2 BP 0M T: 0.00
c o [vrep] vars 2 lits 73 rem-bin-cls 8 rem-long-cls 0 BP 0M T: 0.00
c o [scc] new: 0 BP 0M T: 0.00
c o [vrep] vars 0 lits 0 rem-bin-cls 0 rem-long-cls 0 BP 0M T: 0.00
c o [intree] Set 0 vars hyper-added: 331 trans-irred: 4 trans-red: 0 T: 0.00 T-out: N T-r: -3.57%
c o Executing OCC strategy token(s): 'occ-backw-sub-str,
c o [occ] mem usage for occur      0 MB
c o [occ] Linked in IRRED BIN by default: 734
c o [occ] Linked in RED   BIN by default: 332
c o Mem for watch alloc    : 0           MB (2.57      %)
c o Mem for watch array    : 0           MB (0.97      %)
c o Executing OCC strategy token: occ-backw-sub-str
c o [occ-backw-sub-str-long-w-bins] subs: 56 str: 79 tried: 2519 0-depth ass: 0 T: 0.00 T-out: N T-r: 91.52%
c o [occ-backw-sub-long-w-long] rem cl: 13 tried: 2436/2436 (100.0%) T: 0.00 T-out: N T-r: 97.86%
c o [occ-backw-sub-str-long-w-long] sub: 0 str: 1 tried: 7308/2436 (300.0)  T: 0.00 T-out: N T-r: 87.55%
c o [occ-backw-sub-str-w-added-long]  sub: 0 str: 0 0-depth ass: 0 T: 0.00 T-out: N T-r: 100.00%
c o --> Executing strategy token: sub-str-cls-with-bin
c o [distill] watch-based irred--  cl tried     4298 cl-sh     0 cl-rem    0 lit-rem      0 T: 0.00 T-out: N
c o [distill] watch-based   red--  cl tried        0 cl-sh     0 cl-rem    0 lit-rem      0 T: 0.00 T-out: N
c o --> Executing strategy token: clean-cls
c o --> Executing strategy token: distill-cls
c o [distill-long-irred] cls tried: 2138/2138 T: 0.00 T-out: N T-r: 98.65%
c o [distill-long-irred] cls tried: 2126/2126 T: 0.01 T-out: N T-r: 98.30%
c o --> Executing strategy token: distill-bins
c o [distill-bin] useful: 65/892/892 lits-rem: 0 cl-rem: 65 0-depth-assigns: 0 T: 0.00 T-out: N
c o [consolidate] mini T: 0.00
c o global_timeout_multiplier: 0.1100
c o [branch] rebuilding order heap for all branchings. Current branching: vsids
c o --> Executing strategy token: must-scc-vrepl
c o [scc] new: 0 BP 0M T: 0.00
c o [vrep] vars 0 lits 0 rem-bin-cls 0 rem-long-cls 0 BP 0M T: 0.00
c o --> Executing strategy token: full-probe
c o [full-probe]  bin_only: 0 set: 0 repl: 0 T: 0.00 T-out: N T-r: 97.01%
c o --> Executing strategy token: sub-impl
c o [impl-sub] bin: 56 T: 0.00 T-out: N w-visit: 4452
c o --> Executing strategy token: sub-cls-with-bin
c o [distill] watch-based irred--  cl tried     2118 cl-sh     0 cl-rem    4 lit-rem      0 T: 0.00 T-out: N
c o [distill] watch-based   red--  cl tried        0 cl-sh     0 cl-rem    0 lit-rem      0 T: 0.00 T-out: N
c o --> Executing strategy token: distill-cls-onlyrem
c o [distill-long-irred] cls tried: 2103/2103 T: 0.00 T-out: N T-r: 98.73%
c o Executing OCC strategy token(s): 'occ-backw-sub,occ-resolv-subs,occ-rem-with-orgates,occ-ternary-res,
c o [occ] mem usage for occur      0 MB
c o [occ] Linked in IRRED BIN by default: 827
c o [occ] Linked in RED   BIN by default: 220
c o Mem for watch alloc    : 0           MB (2.57      %)
c o Mem for watch array    : 0           MB (0.79      %)
c o Executing OCC strategy token: occ-backw-sub
c o [occ-backw-sub-long-w-long] rem cl: 0 tried: 2238/2238 (100.0%) T: 0.00 T-out: N T-r: 97.97%
c o Executing OCC strategy token: occ-resolv-subs
c o [occ-resolv-subs] removed: 9 checked: 29107 T: 0.0
c o Executing OCC strategy token: occ-rem-with-orgates
c o [occ-gates] found:   169 avg-s: 2.0 T: 0.00 T-out: N T-r: 98.04%
c o [occ-gate-based-lit-rem] lit-rem: 5 cl-rem: 0 T: 0.00 T-out: N
c o Executing OCC strategy token: occ-ternary-res
c o [occ-ternary-res] Ternary res-tri: 251 res-bin: 0 sub: 68 str: 0 T: 0.00 T-out: N T-r: 97.25%
c o --> Executing strategy token: must-scc-vrepl
c o [scc] new: 0 BP 0M T: 0.00
c o [vrep] vars 0 lits 0 rem-bin-cls 0 rem-long-cls 0 BP 0M T: 0.00
c o Executing OCC strategy token(s): 'occ-bve,
c o [occ] mem usage for occur      0 MB
c o [occ] Linked in IRRED BIN by default: 832
c o [occ] Linked in RED   BIN by default: 220
c o Mem for watch alloc    : 0           MB (2.58      %)
c o Mem for watch array    : 0           MB (0.79      %)
c o Executing OCC strategy token: occ-bve
c o [occ-empty-res] Empty resolvent elimed: 0 T: 0.00 T-out: N
c o [occ-bve] turning off picosat-based irreg gate detection, added lits:  7008
c o [occ-bve] iter v-elim 6
c o cl_inc_rate=1.00, var_dec_rate=1.01 (grow=0)
c o Reduced to 696 vars, 2909 cls (grow=0)
c o x n vars       : 696
c o #try to eliminate:   788
c o #var-elim        :     6
c o #T-o: N
c o #T-r: 99.99%
c o #T  : 0.01
c o [occur] 0.00 is overhead
c o [occur] link-in T: 0.00 cleanup T: 0.00
c o [occ-xor-bve] elimed: 0 T: 0.00 T-out: N
c o --> Executing strategy token: sub-impl
c o [impl-sub] bin: 1 T: 0.00 T-out: N w-visit: 4452
c o --> Executing strategy token: distill-cls-onlyrem
c o [distill-long-irred] cls tried: 2094/2094 T: 0.00 T-out: N T-r: 98.61%
c o --> Executing strategy token: intree-probe
c o [scc] new: 0 BP 0M T: 0.00
c o [vrep] vars 0 lits 0 rem-bin-cls 0 rem-long-cls 0 BP 0M T: 0.00
c o [intree] Set 0 vars hyper-added: 73 trans-irred: 1 trans-red: 23 T: 0.00 T-out: N T-r: -5.50%
c o Executing OCC strategy token(s): 'occ-backw-sub-str,
c o [occ] mem usage for occur      0 MB
c o [occ] Linked in IRRED BIN by default: 803
c o [occ] Linked in RED   BIN by default: 253
c o Mem for watch alloc    : 0           MB (2.55      %)
c o Mem for watch array    : 0           MB (0.79      %)
c o Executing OCC strategy token: occ-backw-sub-str
c o [occ-backw-sub-str-long-w-bins] subs: 11 str: 1 tried: 4065 0-depth ass: 0 T: 0.00 T-out: N T-r: 92.05%
c o [occ-backw-sub-long-w-long] rem cl: 0 tried: 2325/2325 (100.0%) T: 0.00 T-out: N T-r: 97.90%
c o [occ-backw-sub-str-long-w-long] sub: 0 str: 0 tried: 6975/2325 (300.0)  T: 0.00 T-out: N T-r: 87.65%
c o [occ-backw-sub-str-w-added-long]  sub: 0 str: 0 0-depth ass: 0 T: 0.00 T-out: N T-r: 100.00%
c o --> Executing strategy token: sub-str-cls-with-bin
c o [distill] watch-based irred--  cl tried     4178 cl-sh     0 cl-rem    0 lit-rem      0 T: 0.00 T-out: N
c o [distill] watch-based   red--  cl tried        0 cl-sh     0 cl-rem    0 lit-rem      0 T: 0.00 T-out: N
c o --> Executing strategy token: clean-cls
c o --> Executing strategy token: distill-cls
c o [distill-long-irred] cls tried: 2078/2078 T: 0.00 T-out: N T-r: 98.60%
c o [distill-long-irred] cls tried: 2070/2070 T: 0.01 T-out: N T-r: 98.21%
c o --> Executing strategy token: distill-bins
c o [distill-bin] useful: 4/829/829 lits-rem: 0 cl-rem: 4 0-depth-assigns: 0 T: 0.00 T-out: N
c o [consolidate] mini T: 0.00
c o global_timeout_multiplier: 0.1100
c o [branch] rebuilding order heap for all branchings. Current branching: vsids
c o [backbone-simpl] ccnr sols: 10 drop_cands: 1466 T: 0.02
c o [backbone-simpl] cadiback called with -- lits: 8333 num cls: 3429 num vars: 2226
c o [backbone-simpl] res: 10 num units added: 0 num eq added: 0 num bins: 5 T: 0.03
c o --> Executing strategy token: must-scc-vrepl
c o [scc] new: 0 BP 0M T: 0.00
c o [vrep] vars 0 lits 0 rem-bin-cls 0 rem-long-cls 0 BP 0M T: 0.00
c o --> Executing strategy token: must-renumber
c o [renumber] T: 0.00
c o [consolidate] mini T: 0.00
c o global_timeout_multiplier: 0.1100
c o [branch] rebuilding order heap for all branchings. Current branching: vsids
c o --> Executing strategy token: oracle-vivif-sparsify
c o --> Executing strategy token: must-renumber
c o [renumber] T: 0.00
c o [oracle-bin] potential pairs: 4504 T: 0.0017
c o --> Executing strategy token: must-scc-vrepl
c o [scc] new: 0 BP 0M T: 0.00
c o [vrep] vars 0 lits 0 rem-bin-cls 0 rem-long-cls 0 BP 0M T: 0.00
c o [oracle-vivif] lits-rem: 286 learnt-units: 0 T-out: N T-remain: 83.2388% T: 0.04
c o [oracle-bin] bin-added: 199 equiv-added: 0 T-out: Y T-remain: 92.54% T: 0.00
c o [oracle-vivif] cache usefulness: 92% total T: 0.04
c o --> Executing strategy token: sub-impl
c o [impl-sub] bin: 245 T: 0.00 T-out: N w-visit: 1392
c o Executing OCC strategy token(s): 'occ-backw-sub,
c o [occ] mem usage for occur      0 MB
c o [occ] Linked in IRRED BIN by default: 838
c o [occ] Linked in RED   BIN by default: 245
c o Mem for watch alloc    : 0           MB (1.17      %)
c o Mem for watch array    : 0           MB (0.23      %)
c o Executing OCC strategy token: occ-backw-sub
c o [occ-backw-sub-long-w-long] rem cl: 18 tried: 3414/3414 (100.0%) T: 0.00 T-out: N T-r: 97.90%
c o --> Executing strategy token: must-renumber
c o [renumber] T: 0.00
c o [oracle-sparsify] done with 10 % oracle mems: 1392K ccnr useful: 8.7% T: 0.1
c o [oracle-sparsify] done with 20 % oracle mems: 2901K ccnr useful: 4.3% T: 0.2
c o [oracle-sparsify] too many mems in oracle, aborting
c o [oracle-sparsify] removed: 209 of which bin: 55 tot considered: 2888 ccnr useful: 25 oracle uknown: 0 cache useful: 0% learnt-units: 0 T: 0.22 buildT: 0.00
c o [consolidate] mini T: 0.00
c o global_timeout_multiplier: 0.1100
c o [branch] rebuilding order heap for all branchings. Current branching: vsids
c o --> Executing strategy token: must-scc-vrepl
c o [scc] new: 0 BP 0M T: 0.00
c o [vrep] vars 0 lits 0 rem-bin-cls 0 rem-long-cls 0 BP 0M T: 0.00
c o --> Executing strategy token: full-probe
c o [full-probe]  bin_only: 0 set: 0 repl: 0 T: 0.00 T-out: N T-r: 94.15%
c o --> Executing strategy token: sub-impl
c o [impl-sub] bin: 0 T: 0.00 T-out: N w-visit: 1392
c o --> Executing strategy token: sub-cls-with-bin
c o [distill] watch-based irred--  cl tried     1896 cl-sh     0 cl-rem    0 lit-rem      0 T: 0.00 T-out: N
c o [distill] watch-based   red--  cl tried        0 cl-sh     0 cl-rem    0 lit-rem      0 T: 0.00 T-out: N
c o --> Executing strategy token: distill-cls-onlyrem
c o [distill-long-irred] cls tried: 1896/1896 T: 0.00 T-out: N T-r: 98.32%
c o Executing OCC strategy token(s): 'occ-backw-sub,occ-resolv-subs,occ-rem-with-orgates,occ-ternary-res,
c o [occ] mem usage for occur      0 MB
c o [occ] Linked in IRRED BIN by default: 783
c o [occ] Linked in RED   BIN by default: 300
c o [occ] mem usage for occur      0 MB
c o Mem for watch alloc    : 0           MB (1.02      %)
c o Mem for watch array    : 0           MB (0.19      %)
c o Executing OCC strategy token: occ-backw-sub
c o [occ-backw-sub-long-w-long] rem cl: 0 tried: 3396/3396 (100.0%) T: 0.00 T-out: N T-r: 98.04%
c o Executing OCC strategy token: occ-resolv-subs
c o [occ-resolv-subs] removed: 0 checked: 22537 T: 0.0
c o Executing OCC strategy token: occ-rem-with-orgates
c o [occ-gates] found:   127 avg-s: 2.0 T: 0.00 T-out: N T-r: 98.23%
c o [occ-gate-based-lit-rem] lit-rem: 9 cl-rem: 0 T: 0.00 T-out: N
c o Executing OCC strategy token: occ-ternary-res
c o [occ-ternary-res] Ternary res-tri: 274 res-bin: 0 sub: 36 str: 0 T: 0.00 T-out: N T-r: 93.69%
c o --> Executing strategy token: must-scc-vrepl
c o [scc] new: 0 BP 0M T: 0.00
c o [vrep] vars 0 lits 0 rem-bin-cls 0 rem-long-cls 0 BP 0M T: 0.00
c o Executing OCC strategy token(s): 'occ-bve,
c o [occ] mem usage for occur      0 MB
c o [occ] Linked in IRRED BIN by default: 783
c o [occ] Linked in RED   BIN by default: 300
c o [occ] mem usage for occur      0 MB
c o Mem for watch alloc    : 0           MB (1.02      %)
c o Mem for watch array    : 0           MB (0.19      %)
c o Executing OCC strategy token: occ-bve
c o [occ-empty-res] Empty resolvent elimed: 79 T: 0.00 T-out: N
c o [occ-bve] turning off picosat-based irreg gate detection, added lits:  7028
c o [occ-bve] iter v-elim 334
c o cl_inc_rate=0.63, var_dec_rate=2.18 (grow=0)
c o Reduced to 283 vars, 1492 cls (grow=0)
c o [occ-bve] iter v-elim 35
c o cl_inc_rate=1.03, var_dec_rate=1.14 (grow=3)
c o Reduced to 248 vars, 1533 cls (grow=3)
c o [occ-bve] iter v-elim 11
c o cl_inc_rate=1.02, var_dec_rate=1.05 (grow=4)
c o Reduced to 237 vars, 1565 cls (grow=4)
c o [occ-bve] iter v-elim 15
c o cl_inc_rate=1.05, var_dec_rate=1.07 (grow=6)
c o Reduced to 222 vars, 1642 cls (grow=6)
c o x n vars       : 222
c o #try to eliminate:  2042
c o #var-elim        :   395
c o #T-o: N
c o #T-r: 99.93%
c o #T  : 0.07
c o [occur] 0.00 is overhead
c o [occur] link-in T: 0.00 cleanup T: 0.00
c o [occ-xor-bve] elimed: 0 T: 0.00 T-out: N
c o --> Executing strategy token: sub-impl
c o [impl-sub] bin: 0 T: 0.00 T-out: N w-visit: 1392
c o --> Executing strategy token: distill-cls-onlyrem
c o [distill-long-irred] cls tried: 1421/1421 T: 0.00 T-out: N T-r: 98.50%
c o --> Executing strategy token: intree-probe
c o [scc] new: 0 BP 0M T: 0.00
c o [vrep] vars 0 lits 0 rem-bin-cls 0 rem-long-cls 0 BP 0M T: 0.00
c o [intree] Set 0 vars hyper-added: 3 trans-irred: 0 trans-red: 0 T: 0.00 T-out: N T-r: -6.12%
c o Executing OCC strategy token(s): 'occ-backw-sub-str,
c o [occ] mem usage for occur      0 MB
c o [occ] Linked in IRRED BIN by default: 221
c o [occ] Linked in RED   BIN by default: 8
c o [occ] mem usage for occur      0 MB
c o Mem for watch alloc    : 0           MB (0.66      %)
c o Mem for watch array    : 0           MB (0.19      %)
c o Executing OCC strategy token: occ-backw-sub-str
c o [occ-backw-sub-str-long-w-bins] subs: 0 str: 0 tried: 13832 0-depth ass: 0 T: 0.00 T-out: N T-r: 98.58%
c o [occ-backw-sub-long-w-long] rem cl: 31 tried: 1445/1445 (100.0%) T: 0.00 T-out: N T-r: 98.59%
c o [occ-backw-sub-str-long-w-long] sub: 0 str: 0 tried: 4335/1445 (300.0)  T: 0.00 T-out: N T-r: 94.35%
c o --> Executing strategy token: sub-str-cls-with-bin
c o [distill] watch-based irred--  cl tried     2440 cl-sh     0 cl-rem    0 lit-rem      0 T: 0.00 T-out: N
c o [distill] watch-based   red--  cl tried        0 cl-sh     0 cl-rem    0 lit-rem      0 T: 0.00 T-out: N
c o --> Executing strategy token: clean-cls
c o --> Executing strategy token: distill-cls
c o [distill-long-irred] cls tried: 1211/1211 T: 0.00 T-out: N T-r: 98.71%
c o [distill-long-irred] cls tried: 1192/1192 T: 0.01 T-out: N T-r: 97.97%
c o --> Executing strategy token: distill-bins
c o [distill-bin] useful: 4/226/226 lits-rem: 0 cl-rem: 4 0-depth-assigns: 0 T: 0.00 T-out: N
c o Executing OCC strategy token(s): 'occ-backw-sub,
c o [occ] mem usage for occur      0 MB
c o [occ] Linked in IRRED BIN by default: 222
c o [occ] Linked in RED   BIN by default: 8
c o [occ] mem usage for occur      0 MB
c o Mem for watch alloc    : 0           MB (0.66      %)
c o Mem for watch array    : 0           MB (0.19      %)
c o Executing OCC strategy token: occ-backw-sub
c o [occ-backw-sub-long-w-long] rem cl: 5 tried: 1390/1390 (100.0%) T: 0.00 T-out: N T-r: 98.68%
c o [consolidate] mini T: 0.00
c o global_timeout_multiplier: 0.1100
c o [branch] rebuilding order heap for all branchings. Current branching: vsids
c o --> Executing strategy token: must-scc-vrepl
c o [scc] new: 0 BP 0M T: 0.00
c o [vrep] vars 0 lits 0 rem-bin-cls 0 rem-long-cls 0 BP 0M T: 0.00
c o --> Executing strategy token: full-probe
c o [full-probe]  bin_only: 0 set: 0 repl: 0 T: 0.00 T-out: N T-r: 98.64%
c o --> Executing strategy token: sub-impl
c o [impl-sub] bin: 0 T: 0.00 T-out: N w-visit: 1392
c o --> Executing strategy token: sub-cls-with-bin
c o [distill] watch-based irred--  cl tried     1191 cl-sh     0 cl-rem    7 lit-rem      0 T: 0.00 T-out: N
c o [distill] watch-based   red--  cl tried        0 cl-sh     0 cl-rem    0 lit-rem      0 T: 0.00 T-out: N
c o --> Executing strategy token: distill-cls-onlyrem
c o [distill-long-irred] cls tried: 1175/1175 T: 0.00 T-out: N T-r: 98.90%
c o Executing OCC strategy token(s): 'occ-backw-sub,occ-resolv-subs,occ-rem-with-orgates,occ-ternary-res,
c o [occ] mem usage for occur      0 MB
c o [occ] Linked in IRRED BIN by default: 222
c o [occ] Linked in RED   BIN by default: 8
c o [occ] mem usage for occur      0 MB
c o Mem for watch alloc    : 0           MB (0.66      %)
c o Mem for watch array    : 0           MB (0.19      %)
c o Executing OCC strategy token: occ-backw-sub
c o [occ-backw-sub-long-w-long] rem cl: 0 tried: 1360/1360 (100.0%) T: 0.00 T-out: N T-r: 98.73%
c o Executing OCC strategy token: occ-resolv-subs
c o [occ-resolv-subs] removed: 19 checked: 18134 T: 0.0
c o Executing OCC strategy token: occ-rem-with-orgates
c o [occ-gates] found:     7 avg-s: 2.0 T: 0.00 T-out: N T-r: 99.05%
c o [occ-gate-based-lit-rem] lit-rem: 0 cl-rem: 0 T: 0.00 T-out: N
c o Executing OCC strategy token: occ-ternary-res
c o [occ-ternary-res] Ternary res-tri: 110 res-bin: 0 sub: 22 str: 0 T: 0.00 T-out: N T-r: 97.06%
c o --> Executing strategy token: must-scc-vrepl
c o [scc] new: 0 BP 0M T: 0.00
c o [vrep] vars 0 lits 0 rem-bin-cls 0 rem-long-cls 0 BP 0M T: 0.00
c o Executing OCC strategy token(s): 'occ-bve,
c o [occ] mem usage for occur      0 MB
c o [occ] Linked in IRRED BIN by default: 222
c o [occ] Linked in RED   BIN by default: 8
c o [occ] mem usage for occur      0 MB
c o Mem for watch alloc    : 0           MB (0.66      %)
c o Mem for watch array    : 0           MB (0.19      %)
c o Executing OCC strategy token: occ-bve
c o [occ-empty-res] Empty resolvent elimed: 0 T: 0.00 T-out: N
c o [occ-bve] iter v-elim 0
c o cl_inc_rate=1.00, var_dec_rate=1.00 (grow=0)
c o Reduced to 222 vars, 1369 cls (grow=0)
c o [occ-bve] iter v-elim 4
c o cl_inc_rate=1.00, var_dec_rate=1.02 (grow=3)
c o Reduced to 218 vars, 1372 cls (grow=3)
c o x n vars       : 218
c o #try to eliminate:   456
c o #var-elim        :     4
c o #T-o: N
c o #T-r: 99.99%
c o #T  : 0.03
c o [occur] 0.00 is overhead
c o [occur] link-in T: 0.00 cleanup T: 0.00
c o [occ-xor-bve] elimed: 0 T: 0.00 T-out: N
c o --> Executing strategy token: sub-impl
c o [impl-sub] bin: 0 T: 0.00 T-out: N w-visit: 1392
c o --> Executing strategy token: distill-cls-onlyrem
c o [distill-long-irred] cls tried: 1145/1145 T: 0.00 T-out: N T-r: 98.80%
c o --> Executing strategy token: intree-probe
c o [scc] new: 0 BP 0M T: 0.00
c o [vrep] vars 0 lits 0 rem-bin-cls 0 rem-long-cls 0 BP 0M T: 0.00
c o [intree] Set 0 vars hyper-added: 41 trans-irred: 0 trans-red: 0 T: 0.00 T-out: N T-r: -3.94%
c o Executing OCC strategy token(s): 'occ-backw-sub-str,
c o [occ] mem usage for occur      0 MB
c o [occ] Linked in IRRED BIN by default: 218
c o [occ] Linked in RED   BIN by default: 48
c o [occ] mem usage for occur      0 MB
c o Mem for watch alloc    : 0           MB (0.65      %)
c o Mem for watch array    : 0           MB (0.19      %)
c o Executing OCC strategy token: occ-backw-sub-str
c o [occ-backw-sub-str-long-w-bins] subs: 3 str: 0 tried: 14552 0-depth ass: 0 T: 0.00 T-out: N T-r: 98.43%
c o [occ-backw-sub-long-w-long] rem cl: 4 tried: 1417/1417 (100.0%) T: 0.00 T-out: N T-r: 98.69%
c o [occ-backw-sub-str-long-w-long] sub: 0 str: 0 tried: 4251/1417 (300.0)  T: 0.00 T-out: N T-r: 94.56%
c o --> Executing strategy token: sub-str-cls-with-bin
c o [distill] watch-based irred--  cl tried     2292 cl-sh     0 cl-rem    0 lit-rem      0 T: 0.00 T-out: N
c o [distill] watch-based   red--  cl tried        0 cl-sh     0 cl-rem    0 lit-rem      0 T: 0.00 T-out: N
c o --> Executing strategy token: clean-cls
c o --> Executing strategy token: distill-cls
c o [distill-long-irred] cls tried: 1135/1135 T: 0.00 T-out: N T-r: 98.74%
c o [distill-long-irred] cls tried: 1125/1125 T: 0.00 T-out: N T-r: 98.17%
c o --> Executing strategy token: distill-bins
c o [distill-bin] useful: 3/223/223 lits-rem: 0 cl-rem: 3 0-depth-assigns: 0 T: 0.00 T-out: N
c o Executing OCC strategy token(s): 'occ-backw-sub,
c o [occ] mem usage for occur      0 MB
c o [occ] Linked in IRRED BIN by default: 220
c o [occ] Linked in RED   BIN by default: 46
c o [occ] mem usage for occur      0 MB
c o Mem for watch alloc    : 0           MB (0.65      %)
c o Mem for watch array    : 0           MB (0.19      %)
c o Executing OCC strategy token: occ-backw-sub
c o [occ-backw-sub-long-w-long] rem cl: 1 tried: 1397/1397 (100.0%) T: 0.00 T-out: N T-r: 98.72%
c o [consolidate] mini T: 0.00
c o global_timeout_multiplier: 0.1100
c o [branch] rebuilding order heap for all branchings. Current branching: vsids
c o --> Executing strategy token: oracle-vivif-fast
c o --> Executing strategy token: must-renumber
c o [renumber] T: 0.00
c o [oracle-bin] potential pairs: 2393 T: 0.0003
c o --> Executing strategy token: must-scc-vrepl
c o [scc] new: 0 BP 0M T: 0.00
c o [vrep] vars 0 lits 0 rem-bin-cls 0 rem-long-cls 0 BP 0M T: 0.00
c o [oracle-vivif] lits-rem: 55 learnt-units: 0 T-out: N T-remain: 83.7296% T: 0.01
c o [oracle-bin] bin-added: 193 equiv-added: 0 T-out: N T-remain: 94.30% T: 0.00
c o [oracle-vivif] cache usefulness: 95% total T: 0.02
c o --> Executing strategy token: oracle-sparsify-fast
c o --> Executing strategy token: sub-impl
c o [impl-sub] bin: 206 T: 0.00 T-out: N w-visit: 436
c o Executing OCC strategy token(s): 'occ-backw-sub,
c o [occ] mem usage for occur      0 MB
c o [occ] Linked in IRRED BIN by default: 227
c o [occ] Linked in RED   BIN by default: 49
c o [occ] mem usage for occur      0 MB
c o Mem for watch alloc    : 0           MB (0.66      %)
c o Mem for watch array    : 0           MB (0.06      %)
c o Executing OCC strategy token: occ-backw-sub
c o [occ-backw-sub-long-w-long] rem cl: 38 tried: 1910/1910 (100.0%) T: 0.00 T-out: N T-r: 98.34%
c o --> Executing strategy token: must-renumber
c o [renumber] T: 0.00
c o [oracle-sparsify] done with 10 % oracle mems:  222K ccnr useful: 7.4% T: 0.0
c o [oracle-sparsify] done with 20 % oracle mems:  383K ccnr useful: 6.7% T: 0.0
c o [oracle-sparsify] done with 30 % oracle mems:  596K ccnr useful: 6.7% T: 0.1
c o [oracle-sparsify] done with 40 % oracle mems:  724K ccnr useful: 6.1% T: 0.1
c o [oracle-sparsify] done with 50 % oracle mems:  921K ccnr useful: 4.9% T: 0.1
c o [oracle-sparsify] too many mems in oracle, aborting
c o [oracle-sparsify] removed: 166 of which bin: 10 tot considered: 1349 ccnr useful: 33 oracle uknown: 0 cache useful: 0% learnt-units: 0 T: 0.12 buildT: 0.00
c o [consolidate] mini T: 0.00
c o global_timeout_multiplier: 0.1100
c o [branch] rebuilding order heap for all branchings. Current branching: vsids
c o Executing OCC strategy token(s): 'occ-bve,
c o [occ] mem usage for occur      0 MB
c o [occ] Linked in IRRED BIN by default: 217
c o [occ] Linked in RED   BIN by default: 59
c o [occ] mem usage for occur      0 MB
c o Mem for watch alloc    : 0           MB (0.67      %)
c o Mem for watch array    : 0           MB (0.06      %)
c o Executing OCC strategy token: occ-bve
c o [occ-empty-res] Empty resolvent elimed: 0 T: 0.00 T-out: N
c o [occ-bve] iter v-elim 3
c o cl_inc_rate=1.00, var_dec_rate=1.01 (grow=0)
c o Reduced to 215 vars, 1180 cls (grow=0)
c o x n vars       : 215
c o #try to eliminate:   228
c o #var-elim        :     3
c o #T-o: N
c o #T-r: 99.99%
c o #T  : 0.01
c o [occur] 0.00 is overhead
c o [occur] link-in T: 0.00 cleanup T: 0.00
c o [occ-xor-bve] elimed: 0 T: 0.00 T-out: N
c o [consolidate] mini T: 0.00
c o global_timeout_multiplier: 0.1100
c o [branch] rebuilding order heap for all branchings. Current branching: vsids
c o --> Executing strategy token: must-scc-vrepl
c o [scc] new: 0 BP 0M T: 0.00
c o [vrep] vars 0 lits 0 rem-bin-cls 0 rem-long-cls 0 BP 0M T: 0.00
c o --> Executing strategy token: must-renumber
c o [renumber] T: 0.00
c o [consolidate] mini T: 0.00
c o global_timeout_multiplier: 0.1100
c o [branch] rebuilding order heap for all branchings. Current branching: vsids
c o [occ] mem usage for occur      0 MB
c o [occ] Linked in IRRED BIN by default: 217
c o [occ] Linked in RED   BIN by default: 56
c o [occ] mem usage for occur      0 MB
c o Mem for watch alloc    : 0           MB (0.66      %)
c o Mem for watch array    : 0           MB (0.06      %)
c o [empty] empty_occ: 0 T: 0.00
c o Executing OCC strategy token(s): 'occ-bve-empty,
c o [occ] mem usage for occur      0 MB
c o [occ] Linked in IRRED BIN by default: 217
c o [occ] Linked in RED   BIN by default: 56
c o [occ] mem usage for occur      0 MB
c o Mem for watch alloc    : 0           MB (0.66      %)
c o Mem for watch array    : 0           MB (0.06      %)
c o Executing OCC strategy token: occ-bve-empty
c o [occ-empty-res] Empty resolvent elimed: 0 T: 0.00 T-out: N
c o --> Executing strategy token: must-renumber
c o [renumber] T: 0.00
c o [consolidate] mini T: 0.00
c o global_timeout_multiplier: 0.1100
c o [branch] rebuilding order heap for all branchings. Current branching: vsids
c o [0m[puura] new_empty_sampl_vars size: 0[0m
c o [get-cnf] Checking for variables mapping to same new var to set AIG definitions...
c o solver orig num vars: 2226 solver simp num vars: 215
c o [0m[31m[puura] Done. final vars: 215 final cls: 1180 T: 0.73[0m
c o [0m[31m[autarky] Found autarkies: 0 autarky vars: 0 T-out: N T: 0.01[0m
c o --> Executing strategy token: must-scc-vrepl
c o [scc] new: 0 BP 0M T: 0.00
c o [vrep] vars 0 lits 0 rem-bin-cls 0 rem-long-cls 0 BP 0M T: 0.00
c o --> Executing strategy token: full-probe
c o [full-probe]  bin_only: 0 set: 0 repl: 0 T: 0.00 T-out: N T-r: 98.02%
c o --> Executing strategy token: sub-impl
c o [impl-sub] bin: 0 T: 0.00 T-out: N w-visit: 430
c o --> Executing strategy token: sub-cls-with-bin
c o [distill] watch-based irred--  cl tried      963 cl-sh     0 cl-rem    0 lit-rem      0 T: 0.00 T-out: N
c o [distill] watch-based   red--  cl tried        0 cl-sh     0 cl-rem    0 lit-rem      0 T: 0.00 T-out: N
c o --> Executing strategy token: distill-cls-onlyrem
c o [distill-long-irred] cls tried: 963/963 T: 0.00 T-out: N T-r: 98.53%
c o Executing OCC strategy token(s): 'occ-backw-sub,occ-resolv-subs,occ-rem-with-orgates,occ-ternary-res,
c o [occ] mem usage for occur      0 MB
c o [occ] Linked in IRRED BIN by default: 217
c o [occ] Linked in RED   BIN by default: 56
c o Mem for watch alloc    : 0           MB (0.40      %)
c o Mem for watch array    : 0           MB (0.07      %)
c o Executing OCC strategy token: occ-backw-sub
c o [occ-backw-sub-long-w-long] rem cl: 1 tried: 1843/1843 (100.0%) T: 0.00 T-out: N T-r: 98.51%
c o Executing OCC strategy token: occ-resolv-subs
c o [occ-resolv-subs] removed: 5 checked: 14277 T: 0.0
c o Executing OCC strategy token: occ-rem-with-orgates
c o [occ-gates] found:     6 avg-s: 2.0 T: 0.00 T-out: N T-r: 99.17%
c o [occ-gate-based-lit-rem] lit-rem: 0 cl-rem: 0 T: 0.00 T-out: N
c o Executing OCC strategy token: occ-ternary-res
c o [occ-ternary-res] Ternary res-tri: 139 res-bin: 0 sub: 26 str: 0 T: 0.00 T-out: N T-r: 97.46%
c o --> Executing strategy token: must-scc-vrepl
c o [scc] new: 0 BP 0M T: 0.00
c o [vrep] vars 0 lits 0 rem-bin-cls 0 rem-long-cls 0 BP 0M T: 0.00
c o Executing OCC strategy token(s): 'occ-bve,
c o [occ] mem usage for occur      0 MB
c o [occ] Linked in IRRED BIN by default: 217
c o [occ] Linked in RED   BIN by default: 56
c o Mem for watch alloc    : 0           MB (0.40      %)
c o Mem for watch array    : 0           MB (0.07      %)
c o Executing OCC strategy token: occ-bve
c o [occ-empty-res] Empty resolvent elimed: 0 T: 0.00 T-out: N
c o [occ-bve] turning off picosat-based irreg gate detection, added lits:  7068
c o [occ-bve] iter v-elim 0
c o cl_inc_rate=1.00, var_dec_rate=1.00 (grow=0)
c o Reduced to 215 vars, 1169 cls (grow=0)
c o x n vars       : 215
c o #try to eliminate:   204
c o #var-elim        :     0
c o #T-o: N
c o #T-r: 100.00%
c o #T  : 0.01
c o [occur] 0.00 is overhead
c o [occur] link-in T: 0.00 cleanup T: 0.00
c o [occ-xor-bve] elimed: 0 T: 0.00 T-out: N
c o --> Executing strategy token: sub-impl
c o [impl-sub] bin: 0 T: 0.00 T-out: N w-visit: 430
c o --> Executing strategy token: distill-cls-onlyrem
c o [distill-long-irred] cls tried: 952/952 T: 0.00 T-out: N T-r: 98.15%
c o --> Executing strategy token: intree-probe
c o [scc] new: 0 BP 0M T: 0.00
c o [vrep] vars 0 lits 0 rem-bin-cls 0 rem-long-cls 0 BP 0M T: 0.00
c o [intree] Set 0 vars hyper-added: 8 trans-irred: 0 trans-red: 0 T: 0.00 T-out: N T-r: -2.93%
c o Executing OCC strategy token(s): 'occ-backw-sub-str,
c o [occ] mem usage for occur      0 MB
c o [occ] Linked in IRRED BIN by default: 217
c o [occ] Linked in RED   BIN by default: 64
c o Mem for watch alloc    : 0           MB (0.42      %)
c o Mem for watch array    : 0           MB (0.07      %)
c o Executing OCC strategy token: occ-backw-sub-str
c o [occ-backw-sub-str-long-w-bins] subs: 0 str: 0 tried: 281 0-depth ass: 0 T: 0.00 T-out: N T-r: 98.43%
c o [occ-backw-sub-long-w-long] rem cl: 0 tried: 1950/1950 (100.0%) T: 0.00 T-out: N T-r: 98.42%
c o [occ-backw-sub-str-long-w-long] sub: 0 str: 0 tried: 5850/1950 (300.0)  T: 0.00 T-out: N T-r: 93.01%
c o --> Executing strategy token: sub-str-cls-with-bin
c o [distill] watch-based irred--  cl tried     1904 cl-sh     0 cl-rem    0 lit-rem      0 T: 0.00 T-out: N
c o [distill] watch-based   red--  cl tried        0 cl-sh     0 cl-rem    0 lit-rem      0 T: 0.00 T-out: N
c o --> Executing strategy token: clean-cls
c o --> Executing strategy token: distill-cls
c o [distill-long-irred] cls tried: 952/952 T: 0.00 T-out: N T-r: 98.14%
c o [distill-long-irred] cls tried: 952/952 T: 0.01 T-out: N T-r: 97.30%
c o --> Executing strategy token: distill-bins
c o [distill-bin] useful: 1/217/217 lits-rem: 0 cl-rem: 1 0-depth-assigns: 0 T: 0.00 T-out: N
c o [consolidate] mini T: 0.00
c o global_timeout_multiplier: 0.1100
c o [branch] rebuilding order heap for all branchings. Current branching: vsids
c o --> Executing strategy token: oracle-vivif-sparsify
c o --> Executing strategy token: must-renumber
c o [renumber] T: 0.00
c o [oracle-bin] potential pairs: 2291 T: 0.0003
c o --> Executing strategy token: must-scc-vrepl
c o [scc] new: 0 BP 0M T: 0.00
c o [vrep] vars 0 lits 0 rem-bin-cls 0 rem-long-cls 0 BP 0M T: 0.00
c o [oracle-vivif] lits-rem: 1 learnt-units: 0 T-out: N T-remain: 95.7015% T: 0.01
c o [oracle-bin] bin-added: 186 equiv-added: 0 T-out: N T-remain: 95.24% T: 0.00
c o [oracle-vivif] cache usefulness: 95% total T: 0.01
c o --> Executing strategy token: sub-impl
c o [impl-sub] bin: 192 T: 0.00 T-out: N w-visit: 430
c o Executing OCC strategy token(s): 'occ-backw-sub,
c o [occ] mem usage for occur      0 MB
c o [occ] Linked in IRRED BIN by default: 217
c o [occ] Linked in RED   BIN by default: 65
c o Mem for watch alloc    : 0           MB (0.50      %)
c o Mem for watch array    : 0           MB (0.06      %)
c o Executing OCC strategy token: occ-backw-sub
c o [occ-backw-sub-long-w-long] rem cl: 0 tried: 2369/2369 (100.0%) T: 0.00 T-out: N T-r: 98.13%
c o --> Executing strategy token: must-renumber
c o [renumber] T: 0.00
c o [oracle-sparsify] done with 10 % oracle mems:  157K ccnr useful: 22.2% T: 0.0
c o [oracle-sparsify] done with 20 % oracle mems:  321K ccnr useful: 15.8% T: 0.0
c o [oracle-sparsify] done with 30 % oracle mems:  476K ccnr useful: 15.1% T: 0.1
c o [oracle-sparsify] done with 40 % oracle mems:  643K ccnr useful: 15.8% T: 0.1
c o [oracle-sparsify] done with 50 % oracle mems:  828K ccnr useful: 15.4% T: 0.1
c o [oracle-sparsify] done with 60 % oracle mems: 1046K ccnr useful: 13.1% T: 0.1
c o [oracle-sparsify] done with 70 % oracle mems: 1194K ccnr useful: 14.1% T: 0.1
c o [oracle-sparsify] done with 80 % oracle mems: 1362K ccnr useful: 15.0% T: 0.1
c o [oracle-sparsify] done with 90 % oracle mems: 1534K ccnr useful: 16.2% T: 0.2
c o [oracle-sparsify] removed: 31 of which bin: 7 tot considered: 1168 ccnr useful: 175 oracle uknown: 0 cache useful: 0% learnt-units: 0 T: 0.17 buildT: 0.00
c o [consolidate] mini T: 0.00
c o global_timeout_multiplier: 0.1100
c o [branch] rebuilding order heap for all branchings. Current branching: vsids
c o --> Executing strategy token: must-scc-vrepl
c o [scc] new: 0 BP 0M T: 0.00
c o [vrep] vars 0 lits 0 rem-bin-cls 0 rem-long-cls 0 BP 0M T: 0.00
c o --> Executing strategy token: full-probe
c o [full-probe]  bin_only: 0 set: 0 repl: 0 T: 0.00 T-out: N T-r: 97.54%
c o --> Executing strategy token: sub-impl
c o [impl-sub] bin: 0 T: 0.00 T-out: N w-visit: 430
c o --> Executing strategy token: sub-cls-with-bin
c o [distill] watch-based irred--  cl tried      927 cl-sh     0 cl-rem    0 lit-rem      0 T: 0.00 T-out: N
c o [distill] watch-based   red--  cl tried        0 cl-sh     0 cl-rem    0 lit-rem      0 T: 0.00 T-out: N
c o --> Executing strategy token: distill-cls-onlyrem
c o [distill-long-irred] cls tried: 927/927 T: 0.00 T-out: N T-r: 98.22%
c o Executing OCC strategy token(s): 'occ-backw-sub,occ-resolv-subs,occ-rem-with-orgates,occ-ternary-res,
c o [occ] mem usage for occur      0 MB
c o [occ] Linked in IRRED BIN by default: 210
c o [occ] Linked in RED   BIN by default: 72
c o [occ] mem usage for occur      0 MB
c o Mem for watch alloc    : 0           MB (0.55      %)
c o Mem for watch array    : 0           MB (0.06      %)
c o Executing OCC strategy token: occ-backw-sub
c o [occ-backw-sub-long-w-long] rem cl: 0 tried: 2369/2369 (100.0%) T: 0.00 T-out: N T-r: 98.18%
c o Executing OCC strategy token: occ-resolv-subs
c o [occ-resolv-subs] removed: 0 checked: 13306 T: 0.0
c o Executing OCC strategy token: occ-rem-with-orgates
c o [occ-gates] found:     6 avg-s: 2.0 T: 0.00 T-out: N T-r: 99.19%
c o [occ-gate-based-lit-rem] lit-rem: 0 cl-rem: 0 T: 0.00 T-out: N
c o Executing OCC strategy token: occ-ternary-res
c o [occ-ternary-res] Ternary res-tri: 147 res-bin: 0 sub: 33 str: 0 T: 0.00 T-out: N T-r: 97.48%
c o --> Executing strategy token: must-scc-vrepl
c o [scc] new: 0 BP 0M T: 0.00
c o [vrep] vars 0 lits 0 rem-bin-cls 0 rem-long-cls 0 BP 0M T: 0.00
c o Executing OCC strategy token(s): 'occ-bve,
c o [occ] mem usage for occur      0 MB
c o [occ] Linked in IRRED BIN by default: 210
c o [occ] Linked in RED   BIN by default: 72
c o [occ] mem usage for occur      0 MB
c o Mem for watch alloc    : 0           MB (0.55      %)
c o Mem for watch array    : 0           MB (0.06      %)
c o Executing OCC strategy token: occ-bve
c o [occ-empty-res] Empty resolvent elimed: 0 T: 0.00 T-out: N
c o [occ-bve] turning off picosat-based irreg gate detection, added lits:  7001
c o [occ-bve] iter v-elim 0
c o cl_inc_rate=1.00, var_dec_rate=1.00 (grow=0)
c o Reduced to 215 vars, 1137 cls (grow=0)
c o x n vars       : 215
c o #try to eliminate:   204
c o #var-elim        :     0
c o #T-o: N
c o #T-r: 100.00%
c o #T  : 0.01
c o [occur] 0.00 is overhead
c o [occur] link-in T: 0.00 cleanup T: 0.00
c o [occ-xor-bve] elimed: 0 T: 0.00 T-out: N
c o --> Executing strategy token: sub-impl
c o [impl-sub] bin: 0 T: 0.00 T-out: N w-visit: 430
c o --> Executing strategy token: distill-cls-onlyrem
c o [distill-long-irred] cls tried: 927/927 T: 0.00 T-out: N T-r: 97.79%
c o --> Executing strategy token: intree-probe
c o [scc] new: 0 BP 0M T: 0.00
c o [vrep] vars 0 lits 0 rem-bin-cls 0 rem-long-cls 0 BP 0M T: 0.00
c o [intree] Set 0 vars hyper-added: 6 trans-irred: 0 trans-red: 0 T: 0.00 T-out: N T-r: -7.11%
c o Executing OCC strategy token(s): 'occ-backw-sub-str,
c o [occ] mem usage for occur      0 MB
c o [occ] Linked in IRRED BIN by default: 210
c o [occ] Linked in RED   BIN by default: 78
c o [occ] mem usage for occur      0 MB
c o Mem for watch alloc    : 0           MB (0.56      %)
c o Mem for watch array    : 0           MB (0.06      %)
c o Executing OCC strategy token: occ-backw-sub-str
c o [occ-backw-sub-str-long-w-bins] subs: 0 str: 0 tried: 569 0-depth ass: 0 T: 0.00 T-out: N T-r: 98.41%
c o [occ-backw-sub-long-w-long] rem cl: 0 tried: 2483/2483 (100.0%) T: 0.00 T-out: N T-r: 98.09%
c o [occ-backw-sub-str-long-w-long] sub: 0 str: 0 tried: 7449/2483 (300.0)  T: 0.00 T-out: N T-r: 91.45%
c o --> Executing strategy token: sub-str-cls-with-bin
c o [distill] watch-based irred--  cl tried     1854 cl-sh     0 cl-rem    0 lit-rem      0 T: 0.00 T-out: N
c o [distill] watch-based   red--  cl tried        0 cl-sh     0 cl-rem    0 lit-rem      0 T: 0.00 T-out: N
c o --> Executing strategy token: clean-cls
c o --> Executing strategy token: distill-cls
c o [distill-long-irred] cls tried: 927/927 T: 0.00 T-out: N T-r: 97.79%
c o [distill-long-irred] cls tried: 927/927 T: 0.01 T-out: N T-r: 96.76%
c o --> Executing strategy token: distill-bins
c o [distill-bin] useful: 0/210/210 lits-rem: 0 cl-rem: 0 0-depth-assigns: 0 T: 0.00 T-out: N
c o Executing OCC strategy token(s): 'occ-backw-sub,
c o [occ] mem usage for occur      0 MB
c o [occ] Linked in IRRED BIN by default: 210
c o [occ] Linked in RED   BIN by default: 78
c o [occ] mem usage for occur      0 MB
c o Mem for watch alloc    : 0           MB (0.61      %)
c o Mem for watch array    : 0           MB (0.06      %)
c o Executing OCC strategy token: occ-backw-sub
c o [occ-backw-sub-long-w-long] rem cl: 0 tried: 2483/2483 (100.0%) T: 0.00 T-out: N T-r: 98.10%
c o [consolidate] mini T: 0.00
c o global_timeout_multiplier: 0.1100
c o [branch] rebuilding order heap for all branchings. Current branching: vsids
c o --> Executing strategy token: oracle-vivif-fast
c o --> Executing strategy token: must-renumber
c o [renumber] T: 0.00
c o [oracle-bin] potential pairs: 2273 T: 0.0002
c o --> Executing strategy token: must-scc-vrepl
c o [scc] new: 0 BP 0M T: 0.00
c o [vrep] vars 0 lits 0 rem-bin-cls 0 rem-long-cls 0 BP 0M T: 0.00
c o [oracle-vivif] lits-rem: 0 learnt-units: 0 T-out: N T-remain: 86.0093% T: 0.01
c o [oracle-bin] bin-added: 186 equiv-added: 0 T-out: N T-remain: 95.24% T: 0.00
c o [oracle-vivif] cache usefulness: 95% total T: 0.01
c o --> Executing strategy token: oracle-sparsify-fast
c o --> Executing strategy token: sub-impl
c o [impl-sub] bin: 193 T: 0.00 T-out: N w-visit: 430
c o Executing OCC strategy token(s): 'occ-backw-sub,
c o [occ] mem usage for occur      0 MB
c o [occ] Linked in IRRED BIN by default: 210
c o [occ] Linked in RED   BIN by default: 79
c o [occ] mem usage for occur      0 MB
c o Mem for watch alloc    : 0           MB (0.65      %)
c o Mem for watch array    : 0           MB (0.06      %)
c o Executing OCC strategy token: occ-backw-sub
c o [occ-backw-sub-long-w-long] rem cl: 0 tried: 2968/2968 (100.0%) T: 0.00 T-out: N T-r: 97.74%
c o --> Executing strategy token: must-renumber
c o [renumber] T: 0.00
c o [oracle-sparsify] done with 10 % oracle mems:  142K ccnr useful: 27.2% T: 0.0
c o [oracle-sparsify] done with 20 % oracle mems:  285K ccnr useful: 22.4% T: 0.0
c o [oracle-sparsify] done with 30 % oracle mems:  434K ccnr useful: 19.9% T: 0.0
c o [oracle-sparsify] done with 40 % oracle mems:  582K ccnr useful: 22.6% T: 0.1
c o [oracle-sparsify] done with 50 % oracle mems:  792K ccnr useful: 19.0% T: 0.1
c o [oracle-sparsify] done with 60 % oracle mems: 1003K ccnr useful: 16.1% T: 0.1
c o [oracle-sparsify] too many mems in oracle, aborting
c o [oracle-sparsify] removed: 0 of which bin: 0 tot considered: 1137 ccnr useful: 119 oracle uknown: 0 cache useful: 0% learnt-units: 0 T: 0.11 buildT: 0.00
c o [consolidate] mini T: 0.00
c o global_timeout_multiplier: 0.1100
c o [branch] rebuilding order heap for all branchings. Current branching: vsids
c o Executing OCC strategy token(s): 'occ-bve,
c o [occ] mem usage for occur      0 MB
c o [occ] Linked in IRRED BIN by default: 210
c o [occ] Linked in RED   BIN by default: 79
c o [occ] mem usage for occur      0 MB
c o Mem for watch alloc    : 0           MB (0.65      %)
c o Mem for watch array    : 0           MB (0.06      %)
c o Executing OCC strategy token: occ-bve
c o [occ-empty-res] Empty resolvent elimed: 0 T: 0.00 T-out: N
c o [occ-bve] turning off picosat-based irreg gate detection, added lits:  7007
c o [occ-bve] iter v-elim 0
c o cl_inc_rate=1.00, var_dec_rate=1.00 (grow=0)
c o Reduced to 215 vars, 1137 cls (grow=0)
c o x n vars       : 215
c o #try to eliminate:   204
c o #var-elim        :     0
c o #T-o: N
c o #T-r: 100.00%
c o #T  : 0.01
c o [occur] 0.00 is overhead
c o [occur] link-in T: 0.00 cleanup T: 0.00
c o [occ-xor-bve] elimed: 0 T: 0.00 T-out: N
c o [consolidate] mini T: 0.00
c o global_timeout_multiplier: 0.1100
c o [branch] rebuilding order heap for all branchings. Current branching: vsids
c o --> Executing strategy token: must-scc-vrepl
c o [scc] new: 0 BP 0M T: 0.00
c o [vrep] vars 0 lits 0 rem-bin-cls 0 rem-long-cls 0 BP 0M T: 0.00
c o --> Executing strategy token: must-renumber
c o [renumber] T: 0.00
c o [consolidate] mini T: 0.00
c o global_timeout_multiplier: 0.1100
c o [branch] rebuilding order heap for all branchings. Current branching: vsids
c o [occ] mem usage for occur      0 MB
c o [occ] Linked in IRRED BIN by default: 210
c o [occ] Linked in RED   BIN by default: 79
c o [occ] mem usage for occur      0 MB
c o Mem for watch alloc    : 0           MB (0.65      %)
c o Mem for watch array    : 0           MB (0.06      %)
c o [empty] empty_occ: 0 T: 0.00
c o Executing OCC strategy token(s): 'occ-bve-empty,
c o [occ] mem usage for occur      0 MB
c o [occ] Linked in IRRED BIN by default: 210
c o [occ] Linked in RED   BIN by default: 79
c o [occ] mem usage for occur      0 MB
c o Mem for watch alloc    : 0           MB (0.65      %)
c o Mem for watch array    : 0           MB (0.06      %)
c o Executing OCC strategy token: occ-bve-empty
c o [occ-empty-res] Empty resolvent elimed: 0 T: 0.00 T-out: N
c o --> Executing strategy token: must-renumber
c o [renumber] T: 0.00
c o [consolidate] mini T: 0.00
c o global_timeout_multiplier: 0.1100
c o [branch] rebuilding order heap for all branchings. Current branching: vsids
c o [0m[puura] new_empty_sampl_vars size: 0[0m
c o [get-cnf] Checking for variables mapping to same new var to set AIG definitions...
c o solver orig num vars: 215 solver simp num vars: 215
c o [0m[31m[puura] Done. final vars: 215 final cls: 1137 T: 0.40[0m
c o [0m[arjun-sbva] entering SBVA with     vars: 215     cls:   1137 opt sampl: 12[0m
c o [0m[arjun-sbva] exited SBVA with       vars: 216     cls:   1135[0m
c o [0m[arjun-sbva] K steps remaining: 847.50 T-out: No T: 0.00[0m
c o [0m[extend-gates] Gates added to opt indep: 1 T: 0.01[0m
c o [0m[arjun-extend] Start unknown size: 203[0m
c o [0m[arjun-extend] ccnr. got back sols: 0 erased: 0 T: 0.01[0m
c o [0m[arjun-extend] Extend finished  orig size: 12 final size: 24 Undef: 0 T: 0.02 mem: 16 MB[0m
c o Arjun T: 1.59
c o Found 1 disconnected component(s)
c o [par] Using non-parallel counting
c o ind size: 11 nvars: 216
c o opt ind size: 24 ind size: 11 nvars: 216
c o Sampling set size: 11
c o Opt sampling set size: 24
c o Bin irred/red      211        79        
c o Long irred cls/tri 400        524       
c o Long red cls/tri   1348       693       
c o [td] nodes: 24 nvars: 216 edges: 205
c o [td] Primal graph   nodes: 216 edges: 205 density: 0.004 edge/var: 0.949
c o [td] min degree heuristic
c o [td] #bags 5, tw 18, elapsed 0.000 s
c o [td] min shortcut heuristic
c o [td] run with 0.0/0.1/0.2 min balance and node_min_expansion in endless loop with varying seed
c o [td] iter 100 width: 17 stepsK remain: 99 T: 0.060
c o [td] at iter 100 Width is very small, halving steps 
c o [td] iter 200 width: 17 stepsK remain: 24 T: 0.119
c o [td] iter 300 width: 17 stepsK remain: 24 T: 0.179
c o [td] iter 400 width: 17 stepsK remain: 24 T: 0.240
c o [td] iter 500 width: 17 stepsK remain: 24 T: 0.301
c o [td] iter 600 width: 17 stepsK remain: 23 T: 0.359
c o [td] iter 700 width: 17 stepsK remain: 23 T: 0.426
c o [td] iter 800 width: 17 stepsK remain: 23 T: 0.488
c o [td] centroid bag id: 2 bag size: 15
c o [td] centroid bag id: 2 bag size: 15
c o [td] weight: 7.000 nodes: 24 rt/width(=rt): 1.412 rt*conf.td_exp_mult: 1.553 conf.td_exp_mult: 1.100 conf.td_divider: 1000.000 max ord diff: 2
c o [td] decompose time: 0.561
c o [rst-cube] Num restarts: 0 orig cubes this rst: 1 final cubes this rst: 1 total orig cubes: 1 total final cubes: 1
c o total time so far: 2.168
c o decisions K                    0         -- Kdec/s:     1.04     
c o conflicts                      2            -- confl/s:    3.53     
c o rem lits triedK/rem lits remK  0         0         
c o shrink tried/useful%/lits rem  2         0.0000    0         
c o avg clsz/rem lits avg/finalavg 5.0000    5.0000    5.0000   
c o rdbs/low lbd/rem               0     0      0     
c o looks/look-computes            0/0
c o sat call/sat/unsat/confl/rst  120   120   0     2     0     
c o buddy called /unsat ratio           0     / 0.0000 
c o buddy avg num bin/long cls/vs  0.0000 / 0.0000 / 0.0000
c o buddy max num bin/long cls/vs  0     / 0     / 0    
c o orig cubes/lit-r avg/exten avg 1     / 0.00  / 0.00 
c o cubes orig/symm/final          1     / 0     / 1    
c o cubes resolved/flp-removed     0     / 0    
c o tot restarts                   0    
c o comp sortsK/avg sz             0     / 2.44000000
c o comps recordK/non-reset ratio  0 / 0.98
c o vivif: try/cls/clviv/litsravg  0         0         0         0.00      
c o toplev subs runs/bins/long-cls 0         0         0         0         0         
c o toplevel probes/fail/bprop     0         0         0         
c o Mem used                       0.02 GB
c o cache pollutions call/removed  0/0
c o cache entries K                0
c o MB cache                       4.040
c o cache K (lookup/ stores/ hits/ dels) 0      0      0      0       -- Klookup/s:  0.37     
c o cache miss rate                0.867
c o avg hit/store num vars 59.750 / 52.400
c o 
c o intermediate count: 69
c o Total time [Arjun+GANAK]: 2.17
s SATISFIABLE
c s type pmc
c s log10-estimate 1.83884909e+00
c s exact arb int 69
c s pac guarantees epsilon: 0 delta: 0
