c o Ganak SHA1: 0b4881b40126fb5ae8a1b7c9fdd4878afa25b051
c o Arjun SHA1: 0b4881b40126fb5ae8a1b7c9fdd4878afa25b051
c o SBVA SHA1: 0b4881b40126fb5ae8a1b7c9fdd4878afa25b051
c o CMS SHA1: 0b4881b40126fb5ae8a1b7c9fdd4878afa25b051
c o ApproxMC SHA1: 0b4881b40126fb5ae8a1b7c9fdd4878afa25b051
c o Using ideas by JM Lagniez, and Pierre Marquis
c o     from paper: Improving Model Counting [..] IJCAI 2016
c o Using VMTF, picosat, CaDiCaL, and CadiBack code by Armin Biere
c o CMS is MIT licensed
c o Using code from 'When Boolean Satisfiability Meets Gauss-E. in a Simplex Way'
c o       by C.-S. Han and J.-H. Roland Jiang in CAV 2012. Fixes by M. Soos
c o Using CCAnr from 'CCAnr: A Conf. Checking Based Local Search Solver [...]'
c o       by Shaowei Cai, Chuan Luo, and Kaile Su, SAT 2015
c o Using Oracle code from 'Integrating Tree Decompositions [...]'
c o       by Tuukka Korhonen and Matti Jarvisalo, CP 2021
c o Using Graph library by Tuukka Korhonen and Matti Jarvisalo
c o Using Flowcutter by Ben Strasser
c o Ganak compilation env CMAKE_CXX_COMPILER = /usr/bin/c++ | CMAKE_CXX_FLAGS =  -fno-stack-protector -mpopcnt -msse4.2 -mpclmul -Wduplicated-cond -Wduplicated-branches -Wlogical-op -Wrestrict -Wnull-dereference -Wdouble-promotion -Wshadow -Wformat=2 -Wextra-semi -pedantic | COMPILE_DEFINES =  -DNDEBUG -D_FORTIFY_SOURCE=0 -DUSE_ZLIB | BUILD_SHARED_LIBS = OFF | ZLIB_FOUND = TRUE | ENABLE_ASSERTIONS = OFF | 
c o called with: /workspace/cm-packed-continuation/build/application-ganak/ganak --prob 0 --mode 0 --fast /workspace/cm-packed-evidence/oracle-extension/independent-09-4.cnf
c o CNF projection set size: 45
c o --> Executing strategy token: clean-cls
c o --> Executing strategy token: must-scc-vrepl
c o [scc] new: 488 BP 0M T: 0.00
c o [vrep] vars 424 lits 13083 rem-bin-cls 1824 rem-long-cls 0 BP 0M T: 0.00
c o [consolidate] mini T: 0.00
c o global_timeout_multiplier: 0.1
c o [branch] rebuilding order heap for all branchings. Current branching: vsids
c o [0m[arjun-simp] probing all sampling variables[0m
c o --> Executing strategy token: must-scc-vrepl
c o [scc] new: 29 BP 0M T: 0.00
c o [vrep] vars 29 lits 518 rem-bin-cls 154 rem-long-cls 3 BP 0M T: 0.00
c o [consolidate] mini T: 0.00
c o global_timeout_multiplier: 0.1
c o [branch] rebuilding order heap for all branchings. Current branching: vsids
c o [0m[arjun-simp] Removed set       : 24 new size: 21[0m
c o [0m[arjun-simp] Removed eq lits: 1 new size: 20[0m
c o [0m[arjun-simp] probe removed: 25 perc: 55.56 T: 0.01[0m
c o [0m[arjun-simp] Removed eq lits: 0 new size: 20[0m
c o [0m[arjun-simp] Removed set       : 0 new size: 20[0m
c o [0m[arjun-simp] get-empties removed: 0 perc: 0.00 total empties now: 0 T: 0.00[0m
c o [0m[arjun-simp] CMS::simplify() with no BVE, intree probe...[0m
c o --> Executing strategy token: str-impl
c [impl-str] lit bin: 0 set-var: 0 T: 0.00 T-out: N T-r: 99.63% w-visit: 4452
c o --> Executing strategy token: intree-probe
c o [scc] new: 0 BP 0M T: 0.00
c o [vrep] vars 0 lits 0 rem-bin-cls 0 rem-long-cls 0 BP 0M T: 0.00
c o [intree] Set 0 vars hyper-added: 0 trans-irred: 0 trans-red: 0 T: 0.00 T-out: N T-r: 0.14%
c o Executing OCC strategy token(s): 'occ-ternary-res,occ-backw-sub,
c o [occ] mem usage for occur      0 MB
c o [occ] Linked in IRRED BIN by default: 1251
c o [occ] Linked in RED   BIN by default: 0
c o [occ] mem usage for occur      0 MB
c o Mem for watch alloc    : 0           MB (3.60      %)
c o Mem for watch array    : 0           MB (1.13      %)
c o Executing OCC strategy token: occ-ternary-res
c o [occ-ternary-res] Ternary res-tri: 996 res-bin: 0 sub: 34 str: 184 T: 0.00 T-out: N T-r: 79.32%
c o Executing OCC strategy token: occ-backw-sub
c o [occ-backw-sub-long-w-long] rem cl: 5 tried: 5167/5167 (100.0%) T: 0.00 T-out: N T-r: 95.02%
c o --> Executing strategy token: distill-litrem
c [distill-litrem] useful: 73/5828/4166 lits-rem: 73 0-depth-assigns: 0 T: 0.01 T-out: Y
c o --> Executing strategy token: must-distill-cls
c o [distill-long-irred] cls tried: 4096/4096 T: 0.01 T-out: N T-r: 59.53%
c o [distill-long-irred] cls tried: 3636/3636 T: 0.01 T-out: N T-r: 55.22%
c o --> Executing strategy token: distill-bins
c o [distill-bin] useful: 102/880/1726 lits-rem: 0 cl-rem: 100 0-depth-assigns: 24 T: 0.00 T-out: Y
c o --> Executing strategy token: oracle-vivif-veryfast
c o --> Executing strategy token: must-renumber
c o [oracle-bin] potential pairs: 16298 T: 0.0
c o --> Executing strategy token: must-scc-vrepl
c o [scc] new: 178 BP 0M T: 0.00
c o [vrep] vars 158 lits 4394 rem-bin-cls 794 rem-long-cls 222 BP 0M T: 0.00
c o [oracle-vivif] lits-rem: 601 learnt-units: 19 T-out: N T-remain: 36.7% T: 0.27
c o [oracle-bin] bin-added: 73 equiv-added: 6 T-out: Y T-remain: 92.22% T: 0.03
c o [oracle-vivif] cache usefulness: 95% total T: 0.31
c o [consolidate] mini T: 0.00
c o global_timeout_multiplier: 0.1000
c o [branch] rebuilding order heap for all branchings. Current branching: vsids
c o --> Executing strategy token: scc-vrepl
c o [scc] new: 0 BP 0M T: 0.00
c o --> Executing strategy token: sub-impl
c o [impl-sub] bin: 178 T: 0.00 T-out: N w-visit: 4452
c o --> Executing strategy token: breakid
c o Executing OCC strategy token(s): 'occ-backw-sub-str,occ-clean-implicit,occ-bve,occ-bva,occ-ternary-res,occ-xor,
c o [occ] mem usage for occur      0 MB
c o [occ] Linked in IRRED BIN by default: 1501
c o [occ] Linked in RED   BIN by default: 0
c o [occ] mem usage for occur      0 MB
c o Mem for watch alloc    : 0           MB (2.54      %)
c o Mem for watch array    : 0           MB (0.69      %)
c o Executing OCC strategy token: occ-backw-sub-str
c o [occ-backw-sub-str-long-w-bins] subs: 0 str: 2 tried: 1503 0-depth ass: 0 T: 0.00 T-out: N T-r: 88.59%
c o [occ-backw-sub-long-w-long] rem cl: 190 tried: 3695/3695 (100.0%) T: 0.00 T-out: N T-r: 96.75%
c o [occ-backw-sub-str-long-w-long] sub: 0 str: 0 tried: 11085/3695 (300.0)  T: 0.00 T-out: N T-r: 79.65%
c o [occ-backw-sub-str-w-added-long]  sub: 0 str: 0 0-depth ass: 0 T: 0.00 T-out: N T-r: 100.00%
c o Executing OCC strategy token: occ-clean-implicit
c o Executing OCC strategy token: occ-bve
c o Executing OCC strategy token: occ-bva
c o Executing OCC strategy token: occ-ternary-res
c o [occ-ternary-res] Ternary res-tri: 801 res-bin: 0 sub: 1 str: 210 T: 0.00 T-out: N T-r: 86.13%
c o Executing OCC strategy token: occ-xor
c o --> Executing strategy token: card-find
c o --> Executing strategy token: cl-consolidate
c o Not consolidating memory.
c o --> Executing strategy token: scc-vrepl
c o [scc] new: 48 BP 0M T: 0.00
c o [vrep] vars 42 lits 1466 rem-bin-cls 308 rem-long-cls 208 BP 0M T: 0.00
c o --> Executing strategy token: renumber
c o --> Executing strategy token: louvain-comms
c o [consolidate] mini T: 0.00
c o global_timeout_multiplier: 0.1000
c o [branch] rebuilding order heap for all branchings. Current branching: vsids
c o [0m[arjun-simp] Removed set       : 3 new size: 17[0m
c o [0m[arjun-simp] CMS::simplify() with no BVE finished. T: 0.3456[0m
c o [0mWARNING: Turning off gates, because the sampling size is small, so we can just do it. Size: 17[0m
c o --> Executing strategy token: must-scc-vrepl
c o [scc] new: 0 BP 0M T: 0.00
c o [vrep] vars 0 lits 0 rem-bin-cls 0 rem-long-cls 0 BP 0M T: 0.00
c o --> Executing strategy token: clean-cls
c o --> Executing strategy token: sub-impl
c o [impl-sub] bin: 3 T: 0.00 T-out: N w-visit: 4452
c o [consolidate] mini T: 0.00
c o global_timeout_multiplier: 0.1000
c o [branch] rebuilding order heap for all branchings. Current branching: vsids
c o --> Executing strategy token: must-scc-vrepl
c o [scc] new: 0 BP 0M T: 0.00
c o [vrep] vars 0 lits 0 rem-bin-cls 0 rem-long-cls 0 BP 0M T: 0.00
c o --> Executing strategy token: clean-cls
c o --> Executing strategy token: sub-impl
c o [impl-sub] bin: 0 T: 0.00 T-out: N w-visit: 4452
c o [consolidate] mini T: 0.00
c o global_timeout_multiplier: 0.1000
c o [branch] rebuilding order heap for all branchings. Current branching: vsids
c o [0m[arjun-simp] Removed eq lits: 2 new size: 15[0m
c o [0m[arjun-simp] Removed set       : 0 new size: 15[0m
c o [0m[arjun-simp] get-empties removed: 6 perc: 40.00 total empties now: 0 T: 0.00[0m
c o [0m[arjun-simp] probing all sampling variables[0m
c o [0m[arjun-simp] Removed set       : 0 new size: 9[0m
c o [0m[arjun-simp] Removed eq lits: 0 new size: 9[0m
c o [0m[arjun-simp] probe removed: 0 perc: 0.00 T: 0.00[0m
c o [0m[arjun-simp] Removed eq lits: 0 new size: 9[0m
c o [0m[arjun-simp] Removed set       : 0 new size: 9[0m
c o [0m[arjun-simp] get-empties removed: 0 perc: 0.00 total empties now: 0 T: 0.00[0m
c o [0m[arjun] simplification finished  removed: 36 perc: 80.00 T: 0.36[0m
c o [0m[arjun] Duplicating CNF...[0m
c o [0m[arjun] Duplicated CNF. T: 0.00[0m
c o [0m[arjun] CMS::simplify() with *only* BVE...[0m
c o Executing OCC strategy token(s): 'occ-bve,
c o [occ] mem usage for occur      0 MB
c o [occ] Linked in IRRED BIN by default: 3646
c o [occ] Linked in RED   BIN by default: 1
c o [occ] mem usage for occur      0 MB
c o Mem for watch alloc    : 0           MB (4.27      %)
c o Mem for watch array    : 0           MB (1.68      %)
c o Executing OCC strategy token: occ-bve
c o [occ-empty-res] Empty resolvent elimed: 185 T: 0.00 T-out: N
c o [occ-bve] turning off picosat-based irreg gate detection, added lits:  7035
c o [occ-bve] iter v-elim 1247
c o cl_inc_rate=0.64, var_dec_rate=1.85 (grow=0)
c o Reduced to 1471 vars, 6564 cls (grow=0)
c o [occ-bve] iter v-elim 141
c o cl_inc_rate=0.98, var_dec_rate=1.11 (grow=3)
c o Reduced to 1330 vars, 6403 cls (grow=3)
c o [occ-bve] iter v-elim 25
c o cl_inc_rate=1.01, var_dec_rate=1.02 (grow=4)
c o Reduced to 1305 vars, 6459 cls (grow=4)
c o [occ-bve] iter v-elim 7
c o cl_inc_rate=1.00, var_dec_rate=1.01 (grow=6)
c o Reduced to 1298 vars, 6487 cls (grow=6)
c o [occ-bve] iter v-elim 3
c o cl_inc_rate=1.00, var_dec_rate=1.00 (grow=9)
c o Reduced to 1295 vars, 6509 cls (grow=9)
c o x n vars       : 1295
c o #try to eliminate: 10992
c o #var-elim        :  1423
c o #T-o: N
c o #T-r: 99.63%
c o #T  : 0.08
c o [occur] 0.00 is overhead
c o [occur] link-in T: 0.00 cleanup T: 0.00
c o [occ-xor-bve] elimed: 0 T: 0.00 T-out: N
c o [consolidate] mini T: 0.00
c o global_timeout_multiplier: 0.1000
c o [branch] rebuilding order heap for all branchings. Current branching: vsids
c o [0m[arjun] CMS::simplify() with *only* BVE finished. T: 0.0844[0m
c o [0m[arjun] Adding fixed clauses time: 0.0001[0m
c o [0m[backward FAST] Start unknown size: 9[0m
c o [0m[31m[arjun] backward round finished. U:  I: 6 T: 0.01[0m
c o [0m[arjun] run_minimize finished T: 0.46[0m
c o WARNING. Not performing puura.  Number of sampling variables: 6 vs 10 and  --puura is: 1 components may be disconnected, which will interfere with proper TD weight calculation
c o Arjun T: 0.46
c o Found 2 disconnected component(s)
c o [par] Using non-parallel counting
c o ind size: 6 nvars: 2225
c o opt ind size: 9 ind size: 6 nvars: 2225
c o Sampling set size: 6
c o Opt sampling set size: 9
c o Bin irred/red            2988          0
c o Long irred cls/tri        354       5960
c o Long red cls/tri            0          0
c o [rst-cube] Num restarts: 0 orig cubes this rst: 1 final cubes this rst: 1 total orig cubes: 1 total final cubes: 1
c o total time so far: 0.49
c o decisions K                    0         -- Kdec/s:     31.17    
c o conflicts                      135          -- confl/s:    7458.98  
c o rem lits triedK/rem lits remK  0         0         
c o shrink tried/useful%/lits rem  135       28.1481   332       
c o avg clsz/rem lits avg/finalavg 9.9407    6.6370    6.6370   
c o rdbs/low lbd/rem               0     0      0     
c o looks/look-computes            0/0
c o sat call/sat/unsat/confl/rst  31    14    17    128   0     
c o buddy called /unsat ratio           0     / 0.0000 
c o buddy avg num bin/long cls/vs  0.0000 / 0.0000 / 0.0000
c o buddy max num bin/long cls/vs  0     / 0     / 0    
c o orig cubes/lit-r avg/exten avg 1     / 0.00  / 0.00 
c o cubes orig/symm/final          1     / 0     / 1    
c o cubes resolved/flp-removed     0     / 0    
c o tot restarts                   0    
c o comp sortsK/avg sz             0     / 1.00000000
c o comps recordK/non-reset ratio  0 / 0.98
c o vivif: try/cls/clviv/litsravg  0         0         0         0.00      
c o toplev subs runs/bins/long-cls 0         0         0         0         0         
c o toplevel probes/fail/bprop     0         0         0         
c o Mem used                       0.02 GB
c o cache pollutions call/removed  51/39
c o cache entries K                0
c o MB cache                       4.091
c o cache K (lookup/ stores/ hits/ dels) 0      0      0      0       -- Klookup/s:  3.73     
c o cache miss rate                0.897
c o avg hit/store num vars 170.429 / 1240.365
c o 
c o intermediate count: 13
c o Total time [Arjun+GANAK]: 0.49
s SATISFIABLE
c s type pmc
c s log10-estimate 1.11394335e+00
c s exact arb int 13
c s pac guarantees epsilon: 0 delta: 0
