c o Ganak SHA1: 0b4881b40126fb5ae8a1b7c9fdd4878afa25b051
c o Arjun SHA1: 0b4881b40126fb5ae8a1b7c9fdd4878afa25b051
c o SBVA SHA1: 0b4881b40126fb5ae8a1b7c9fdd4878afa25b051
c o CMS SHA1: 0b4881b40126fb5ae8a1b7c9fdd4878afa25b051
c o ApproxMC SHA1: 0b4881b40126fb5ae8a1b7c9fdd4878afa25b051
c o Using ideas by JM Lagniez, and Pierre Marquis
c o     from paper: Improving Model Counting [..] IJCAI 2016
c o Using VMTF, picosat, CaDiCaL, and CadiBack code by Armin Biere
c o CMS is MIT licensed
c o Using code from 'When Boolean Satisfiability Meets Gauss-E. in a Simplex Way'
c o       by C.-S. Han and J.-H. Roland Jiang in CAV 2012. Fixes by M. Soos
c o Using CCAnr from 'CCAnr: A Conf. Checking Based Local Search Solver [...]'
c o       by Shaowei Cai, Chuan Luo, and Kaile Su, SAT 2015
c o Using Oracle code from 'Integrating Tree Decompositions [...]'
c o       by Tuukka Korhonen and Matti Jarvisalo, CP 2021
c o Using Graph library by Tuukka Korhonen and Matti Jarvisalo
c o Using Flowcutter by Ben Strasser
c o Ganak compilation env CMAKE_CXX_COMPILER = /usr/bin/c++ | CMAKE_CXX_FLAGS =  -fno-stack-protector -mpopcnt -msse4.2 -mpclmul -Wduplicated-cond -Wduplicated-branches -Wlogical-op -Wrestrict -Wnull-dereference -Wdouble-promotion -Wshadow -Wformat=2 -Wextra-semi -pedantic | COMPILE_DEFINES =  -DNDEBUG -D_FORTIFY_SOURCE=0 -DUSE_ZLIB | BUILD_SHARED_LIBS = OFF | ZLIB_FOUND = TRUE | ENABLE_ASSERTIONS = OFF | 
c o called with: /workspace/cm-packed-continuation/build/application-ganak/ganak --prob 0 --mode 0 --fast /workspace/cm-packed-evidence/oracle-extension/independent-09-2.cnf
c o CNF projection set size: 45
c o --> Executing strategy token: clean-cls
c o --> Executing strategy token: must-scc-vrepl
c o [scc] new: 488 BP 0M T: 0.00
c o [vrep] vars 421 lits 13136 rem-bin-cls 1818 rem-long-cls 4 BP 0M T: 0.00
c o [consolidate] mini T: 0.00
c o global_timeout_multiplier: 0.1
c o [branch] rebuilding order heap for all branchings. Current branching: vsids
c o [0m[arjun-simp] probing all sampling variables[0m
c o --> Executing strategy token: must-scc-vrepl
c o [scc] new: 29 BP 0M T: 0.00
c o [vrep] vars 29 lits 516 rem-bin-cls 154 rem-long-cls 3 BP 0M T: 0.00
c o [consolidate] mini T: 0.00
c o global_timeout_multiplier: 0.1
c o [branch] rebuilding order heap for all branchings. Current branching: vsids
c o [0m[arjun-simp] Removed set       : 24 new size: 21[0m
c o [0m[arjun-simp] Removed eq lits: 0 new size: 21[0m
c o [0m[arjun-simp] probe removed: 24 perc: 53.33 T: 0.00[0m
c o [0m[arjun-simp] Removed eq lits: 0 new size: 21[0m
c o [0m[arjun-simp] Removed set       : 0 new size: 21[0m
c o [0m[arjun-simp] get-empties removed: 0 perc: 0.00 total empties now: 0 T: 0.00[0m
c o [0m[arjun-simp] CMS::simplify() with no BVE, intree probe...[0m
c o --> Executing strategy token: str-impl
c [impl-str] lit bin: 1 set-var: 1 T: 0.00 T-out: N T-r: 99.62% w-visit: 4452
c o --> Executing strategy token: intree-probe
c o [scc] new: 0 BP 0M T: 0.00
c o [vrep] vars 0 lits 0 rem-bin-cls 0 rem-long-cls 0 BP 0M T: 0.00
c o [intree] Set 0 vars hyper-added: 0 trans-irred: 0 trans-red: 0 T: 0.00 T-out: N T-r: 0.15%
c o Executing OCC strategy token(s): 'occ-ternary-res,occ-backw-sub,
c o [occ] mem usage for occur      0 MB
c o [occ] Linked in IRRED BIN by default: 1284
c o [occ] Linked in RED   BIN by default: 0
c o [occ] mem usage for occur      0 MB
c o Mem for watch alloc    : 0           MB (3.57      %)
c o Mem for watch array    : 0           MB (1.13      %)
c o Executing OCC strategy token: occ-ternary-res
c o [occ-ternary-res] Ternary res-tri: 1020 res-bin: 0 sub: 40 str: 192 T: 0.00 T-out: N T-r: 78.31%
c o Executing OCC strategy token: occ-backw-sub
c o [occ-backw-sub-long-w-long] rem cl: 5 tried: 5222/5222 (100.0%) T: 0.00 T-out: N T-r: 94.97%
c o --> Executing strategy token: distill-litrem
c [distill-litrem] useful: 21/6554/4197 lits-rem: 21 0-depth-assigns: 0 T: 0.01 T-out: Y
c o --> Executing strategy token: must-distill-cls
c o [distill-long-irred] cls tried: 4176/4176 T: 0.01 T-out: N T-r: 69.08%
c o [distill-long-irred] cls tried: 3954/3954 T: 0.01 T-out: N T-r: 64.23%
c o --> Executing strategy token: distill-bins
c o [distill-bin] useful: 72/945/1525 lits-rem: 0 cl-rem: 70 0-depth-assigns: 2 T: 0.00 T-out: Y
c o --> Executing strategy token: oracle-vivif-veryfast
c o --> Executing strategy token: must-renumber
c o [oracle-bin] potential pairs: 3081 T: 0.0
c o --> Executing strategy token: must-scc-vrepl
c o [scc] new: 352 BP 0M T: 0.00
c o [vrep] vars 313 lits 12877 rem-bin-cls 2475 rem-long-cls 186 BP 0M T: 0.00
c o [oracle-vivif] lits-rem: 4887 learnt-units: 132 T-out: N T-remain: 45.6% T: 0.12
c o [oracle-bin] bin-added: 1597 equiv-added: 380 T-out: N T-remain: 74.80% T: 0.04
c o [oracle-vivif] cache usefulness: 75% total T: 0.16
c o [consolidate] mini T: 0.00
c o global_timeout_multiplier: 0.1000
c o [branch] rebuilding order heap for all branchings. Current branching: vsids
c o --> Executing strategy token: scc-vrepl
c o [scc] new: 0 BP 0M T: 0.00
c o [vrep] vars 0 lits 0 rem-bin-cls 0 rem-long-cls 0 BP 0M T: 0.00
c o --> Executing strategy token: sub-impl
c o [impl-sub] bin: 1437 T: 0.00 T-out: N w-visit: 4452
c o --> Executing strategy token: breakid
c o Executing OCC strategy token(s): 'occ-backw-sub-str,occ-clean-implicit,occ-bve,occ-bva,occ-ternary-res,occ-xor,
c o [occ] mem usage for occur      0 MB
c o [occ] Linked in IRRED BIN by default: 1826
c o [occ] Linked in RED   BIN by default: 7
c o [occ] mem usage for occur      0 MB
c o Mem for watch alloc    : 0           MB (3.25      %)
c o Mem for watch array    : 0           MB (0.82      %)
c o Executing OCC strategy token: occ-backw-sub-str
c o [occ-backw-sub-str-long-w-bins] subs: 0 str: 0 tried: 1833 0-depth ass: 0 T: 0.00 T-out: N T-r: 92.38%
c o [occ-backw-sub-long-w-long] rem cl: 81 tried: 1350/1350 (100.0%) T: 0.00 T-out: N T-r: 99.36%
c o [occ-backw-sub-str-long-w-long] sub: 0 str: 0 tried: 4050/1350 (300.0)  T: 0.00 T-out: N T-r: 96.02%
c o Executing OCC strategy token: occ-clean-implicit
c o Executing OCC strategy token: occ-bve
c o Executing OCC strategy token: occ-bva
c o Executing OCC strategy token: occ-ternary-res
c o [occ-ternary-res] Ternary res-tri: 282 res-bin: 0 sub: 0 str: 96 T: 0.00 T-out: N T-r: 96.36%
c o Executing OCC strategy token: occ-xor
c o --> Executing strategy token: card-find
c o --> Executing strategy token: cl-consolidate
c o Not consolidating memory.
c o --> Executing strategy token: scc-vrepl
c o [scc] new: 20 BP 0M T: 0.00
c o [vrep] vars 15 lits 604 rem-bin-cls 136 rem-long-cls 96 BP 0M T: 0.00
c o --> Executing strategy token: renumber
c o --> Executing strategy token: louvain-comms
c o [consolidate] mini T: 0.00
c o global_timeout_multiplier: 0.1000
c o [branch] rebuilding order heap for all branchings. Current branching: vsids
c o [0m[arjun-simp] Removed set       : 3 new size: 18[0m
c o [0m[arjun-simp] CMS::simplify() with no BVE finished. T: 0.1885[0m
c o [0mWARNING: Turning off gates, because the sampling size is small, so we can just do it. Size: 18[0m
c o --> Executing strategy token: must-scc-vrepl
c o [scc] new: 0 BP 0M T: 0.00
c o [vrep] vars 0 lits 0 rem-bin-cls 0 rem-long-cls 0 BP 0M T: 0.00
c o --> Executing strategy token: clean-cls
c o --> Executing strategy token: sub-impl
c o [impl-sub] bin: 0 T: 0.00 T-out: N w-visit: 4452
c o [consolidate] mini T: 0.00
c o global_timeout_multiplier: 0.1000
c o [branch] rebuilding order heap for all branchings. Current branching: vsids
c o --> Executing strategy token: must-scc-vrepl
c o [scc] new: 0 BP 0M T: 0.00
c o [vrep] vars 0 lits 0 rem-bin-cls 0 rem-long-cls 0 BP 0M T: 0.00
c o --> Executing strategy token: clean-cls
c o --> Executing strategy token: sub-impl
c o [impl-sub] bin: 0 T: 0.00 T-out: N w-visit: 4452
c o [consolidate] mini T: 0.00
c o global_timeout_multiplier: 0.1000
c o [branch] rebuilding order heap for all branchings. Current branching: vsids
c o [0m[arjun-simp] Removed eq lits: 9 new size: 9[0m
c o [0m[arjun-simp] Removed set       : 0 new size: 9[0m
c o [0m[arjun-simp] get-empties removed: 0 perc: 0.00 total empties now: 0 T: 0.00[0m
c o [0m[arjun-simp] probing all sampling variables[0m
c o [0m[arjun-simp] Removed set       : 0 new size: 9[0m
c o [0m[arjun-simp] Removed eq lits: 0 new size: 9[0m
c o [0m[arjun-simp] probe removed: 0 perc: 0.00 T: 0.00[0m
c o [0m[arjun-simp] Removed eq lits: 0 new size: 9[0m
c o [0m[arjun-simp] Removed set       : 0 new size: 9[0m
c o [0m[arjun-simp] get-empties removed: 0 perc: 0.00 total empties now: 0 T: 0.00[0m
c o [0m[arjun] simplification finished  removed: 36 perc: 80.00 T: 0.20[0m
c o [0m[arjun] Duplicating CNF...[0m
c o [0m[arjun] Duplicated CNF. T: 0.00[0m
c o [0m[arjun] CMS::simplify() with *only* BVE...[0m
c o Executing OCC strategy token(s): 'occ-bve,
c o [occ] mem usage for occur      0 MB
c o [occ] Linked in IRRED BIN by default: 4028
c o [occ] Linked in RED   BIN by default: 7
c o [occ] mem usage for occur      0 MB
c o Mem for watch alloc    : 0           MB (5.20      %)
c o Mem for watch array    : 0           MB (2.00      %)
c o Executing OCC strategy token: occ-bve
c o [occ-empty-res] Empty resolvent elimed: 225 T: 0.00 T-out: N
c o [occ-bve] turning off picosat-based irreg gate detection, added lits:  7022
c o [occ-bve] iter v-elim 1497
c o cl_inc_rate=0.45, var_dec_rate=2.68 (grow=0)
c o Reduced to 890 vars, 3891 cls (grow=0)
c o [occ-bve] iter v-elim 66
c o cl_inc_rate=0.97, var_dec_rate=1.08 (grow=3)
c o Reduced to 824 vars, 3779 cls (grow=3)
c o [occ-bve] iter v-elim 2
c o cl_inc_rate=1.00, var_dec_rate=1.00 (grow=4)
c o Reduced to 822 vars, 3779 cls (grow=4)
c o [occ-bve] iter v-elim 4
c o cl_inc_rate=0.99, var_dec_rate=1.00 (grow=6)
c o Reduced to 818 vars, 3746 cls (grow=6)
c o [occ-bve] iter v-elim 12
c o cl_inc_rate=1.00, var_dec_rate=1.01 (grow=9)
c o Reduced to 806 vars, 3746 cls (grow=9)
c o [occ-bve] iter v-elim 73
c o cl_inc_rate=1.12, var_dec_rate=1.10 (grow=13)
c o Reduced to 733 vars, 4206 cls (grow=13)
c o x n vars       : 733
c o #try to eliminate:  8527
c o #var-elim        :  1654
c o #T-o: N
c o #T-r: 99.64%
c o #T  : 0.07
c o [occur] 0.00 is overhead
c o [occur] link-in T: 0.00 cleanup T: 0.00
c o [occ-xor-bve] elimed: 0 T: 0.00 T-out: N
c o [consolidate] mini T: 0.00
c o global_timeout_multiplier: 0.1000
c o [branch] rebuilding order heap for all branchings. Current branching: vsids
c o [0m[arjun] CMS::simplify() with *only* BVE finished. T: 0.0707[0m
c o [0m[arjun] Adding fixed clauses time: 0.0002[0m
c o [0m[backward FAST] Start unknown size: 9[0m
c o [0m[31m[arjun] backward round finished. U:  I: 6 T: 0.00[0m
c o [0m[arjun] run_minimize finished T: 0.27[0m
c o WARNING. Not performing puura.  Number of sampling variables: 6 vs 10 and  --puura is: 1 components may be disconnected, which will interfere with proper TD weight calculation
c o Arjun T: 0.27
c o Found 2 disconnected component(s)
c o [par] Using non-parallel counting
c o ind size: 6 nvars: 2225
c o opt ind size: 9 ind size: 6 nvars: 2225
c o Sampling set size: 6
c o Opt sampling set size: 9
c o Bin irred/red            3232          0
c o Long irred cls/tri        354       5960
c o Long red cls/tri            0          0
c o [rst-cube] Num restarts: 0 orig cubes this rst: 1 final cubes this rst: 1 total orig cubes: 1 total final cubes: 1
c o total time so far: 0.29
c o decisions K                    0         -- Kdec/s:     25.96    
c o conflicts                      2            -- confl/s:    322.27   
c o rem lits triedK/rem lits remK  0         0         
c o shrink tried/useful%/lits rem  2         0.0000    0         
c o avg clsz/rem lits avg/finalavg 4.0000    4.0000    4.0000   
c o rdbs/low lbd/rem               0     0      0     
c o looks/look-computes            0/0
c o sat call/sat/unsat/confl/rst  63    63    0     0     0     
c o buddy called /unsat ratio           0     / 0.0000 
c o buddy avg num bin/long cls/vs  0.0000 / 0.0000 / 0.0000
c o buddy max num bin/long cls/vs  0     / 0     / 0    
c o orig cubes/lit-r avg/exten avg 1     / 0.00  / 0.00 
c o cubes orig/symm/final          1     / 0     / 1    
c o cubes resolved/flp-removed     0     / 0    
c o tot restarts                   0    
c o comp sortsK/avg sz             0     / 4.41176471
c o comps recordK/non-reset ratio  0 / 0.94
c o vivif: try/cls/clviv/litsravg  0         0         0         0.00      
c o toplev subs runs/bins/long-cls 0         0         0         0         0         
c o toplevel probes/fail/bprop     0         0         0         
c o Mem used                       0.02 GB
c o cache pollutions call/removed  4/3
c o cache entries K                0
c o MB cache                       4.060
c o cache K (lookup/ stores/ hits/ dels) 0      0      0      0       -- Klookup/s:  22.11    
c o cache miss rate                0.536
c o avg hit/store num vars 100.477 / 303.948
c o 
c o intermediate count: 10
c o Total time [Arjun+GANAK]: 0.29
s SATISFIABLE
c s type pmc
c s log10-estimate 1.00000000e+00
c s exact arb int 10
c s pac guarantees epsilon: 0 delta: 0
