c o Ganak SHA1: 0b4881b40126fb5ae8a1b7c9fdd4878afa25b051
c o Arjun SHA1: 0b4881b40126fb5ae8a1b7c9fdd4878afa25b051
c o SBVA SHA1: 0b4881b40126fb5ae8a1b7c9fdd4878afa25b051
c o CMS SHA1: 0b4881b40126fb5ae8a1b7c9fdd4878afa25b051
c o ApproxMC SHA1: 0b4881b40126fb5ae8a1b7c9fdd4878afa25b051
c o Using ideas by JM Lagniez, and Pierre Marquis
c o     from paper: Improving Model Counting [..] IJCAI 2016
c o Using VMTF, picosat, CaDiCaL, and CadiBack code by Armin Biere
c o CMS is MIT licensed
c o Using code from 'When Boolean Satisfiability Meets Gauss-E. in a Simplex Way'
c o       by C.-S. Han and J.-H. Roland Jiang in CAV 2012. Fixes by M. Soos
c o Using CCAnr from 'CCAnr: A Conf. Checking Based Local Search Solver [...]'
c o       by Shaowei Cai, Chuan Luo, and Kaile Su, SAT 2015
c o Using Oracle code from 'Integrating Tree Decompositions [...]'
c o       by Tuukka Korhonen and Matti Jarvisalo, CP 2021
c o Using Graph library by Tuukka Korhonen and Matti Jarvisalo
c o Using Flowcutter by Ben Strasser
c o Ganak compilation env CMAKE_CXX_COMPILER = /usr/bin/c++ | CMAKE_CXX_FLAGS =  -fno-stack-protector -mpopcnt -msse4.2 -mpclmul -Wduplicated-cond -Wduplicated-branches -Wlogical-op -Wrestrict -Wnull-dereference -Wdouble-promotion -Wshadow -Wformat=2 -Wextra-semi -pedantic | COMPILE_DEFINES =  -DNDEBUG -D_FORTIFY_SOURCE=0 -DUSE_ZLIB | BUILD_SHARED_LIBS = OFF | ZLIB_FOUND = TRUE | ENABLE_ASSERTIONS = OFF | 
c o called with: /workspace/cm-packed-continuation/build/application-ganak/ganak --prob 0 --mode 0 --fast /workspace/cm-packed-evidence/oracle-extension/independent-08-7.cnf
c o CNF projection set size: 45
c o --> Executing strategy token: clean-cls
c o --> Executing strategy token: must-scc-vrepl
c o [scc] new: 496 BP 0M T: 0.00
c o [vrep] vars 427 lits 13187 rem-bin-cls 1847 rem-long-cls 1 BP 0M T: 0.00
c o [consolidate] mini T: 0.00
c o global_timeout_multiplier: 0.1
c o [branch] rebuilding order heap for all branchings. Current branching: vsids
c o [0m[arjun-simp] probing all sampling variables[0m
c o --> Executing strategy token: must-scc-vrepl
c o [scc] new: 33 BP 0M T: 0.00
c o [vrep] vars 33 lits 583 rem-bin-cls 169 rem-long-cls 4 BP 0M T: 0.00
c o [consolidate] mini T: 0.00
c o global_timeout_multiplier: 0.1
c o [branch] rebuilding order heap for all branchings. Current branching: vsids
c o [0m[arjun-simp] Removed set       : 23 new size: 22[0m
c o [0m[arjun-simp] Removed eq lits: 0 new size: 22[0m
c o [0m[arjun-simp] probe removed: 23 perc: 51.11 T: 0.00[0m
c o [0m[arjun-simp] Removed eq lits: 0 new size: 22[0m
c o [0m[arjun-simp] Removed set       : 0 new size: 22[0m
c o [0m[arjun-simp] get-empties removed: 0 perc: 0.00 total empties now: 0 T: 0.00[0m
c o [0m[arjun-simp] CMS::simplify() with no BVE, intree probe...[0m
c o --> Executing strategy token: str-impl
c [impl-str] lit bin: 0 set-var: 0 T: 0.00 T-out: N T-r: 99.60% w-visit: 4452
c o --> Executing strategy token: intree-probe
c o [scc] new: 0 BP 0M T: 0.00
c o [vrep] vars 0 lits 0 rem-bin-cls 0 rem-long-cls 0 BP 0M T: 0.00
c o [intree] Set 0 vars hyper-added: 0 trans-irred: 0 trans-red: 0 T: 0.00 T-out: N T-r: 0.14%
c o Executing OCC strategy token(s): 'occ-ternary-res,occ-backw-sub,
c o [occ] mem usage for occur      0 MB
c o [occ] Linked in IRRED BIN by default: 1362
c o [occ] Linked in RED   BIN by default: 0
c o [occ] mem usage for occur      0 MB
c o Mem for watch alloc    : 0           MB (3.58      %)
c o Mem for watch array    : 0           MB (1.13      %)
c o Executing OCC strategy token: occ-ternary-res
c o [occ-ternary-res] Ternary res-tri: 1009 res-bin: 0 sub: 130 str: 154 T: 0.00 T-out: N T-r: 78.96%
c o Executing OCC strategy token: occ-backw-sub
c o [occ-backw-sub-long-w-long] rem cl: 5 tried: 5207/5207 (100.0%) T: 0.00 T-out: N T-r: 95.35%
c o --> Executing strategy token: distill-litrem
c [distill-litrem] useful: 34/6470/4190 lits-rem: 34 0-depth-assigns: 0 T: 0.01 T-out: Y
c o --> Executing strategy token: must-distill-cls
c o [distill-long-irred] cls tried: 4153/4153 T: 0.01 T-out: N T-r: 69.03%
c o [distill-long-irred] cls tried: 3918/3918 T: 0.01 T-out: N T-r: 63.52%
c o --> Executing strategy token: distill-bins
c o [distill-bin] useful: 64/861/1622 lits-rem: 0 cl-rem: 61 0-depth-assigns: 6 T: 0.00 T-out: Y
c o --> Executing strategy token: oracle-vivif-veryfast
c o --> Executing strategy token: must-renumber
c o [oracle-bin] potential pairs: 4549 T: 0.0
c o --> Executing strategy token: must-scc-vrepl
c o [scc] new: 67 BP 0M T: 0.00
c o [vrep] vars 67 lits 1938 rem-bin-cls 395 rem-long-cls 152 BP 0M T: 0.00
c o [oracle-vivif] lits-rem: 1781 learnt-units: 11 T-out: N T-remain: 15.6% T: 0.28
c o [oracle-bin] bin-added: 518 equiv-added: 24 T-out: N T-remain: 94.53% T: 0.02
c o [oracle-vivif] cache usefulness: 91% total T: 0.31
c o [consolidate] mini T: 0.00
c o global_timeout_multiplier: 0.1000
c o [branch] rebuilding order heap for all branchings. Current branching: vsids
c o --> Executing strategy token: scc-vrepl
c o [scc] new: 0 BP 0M T: 0.00
c o --> Executing strategy token: sub-impl
c o [impl-sub] bin: 535 T: 0.00 T-out: N w-visit: 4452
c o --> Executing strategy token: breakid
c o Executing OCC strategy token(s): 'occ-backw-sub-str,occ-clean-implicit,occ-bve,occ-bva,occ-ternary-res,occ-xor,
c o [occ] mem usage for occur      0 MB
c o [occ] Linked in IRRED BIN by default: 1971
c o [occ] Linked in RED   BIN by default: 4
c o [occ] mem usage for occur      0 MB
c o Mem for watch alloc    : 0           MB (2.87      %)
c o Mem for watch array    : 0           MB (0.77      %)
c o Executing OCC strategy token: occ-backw-sub-str
c o [occ-backw-sub-str-long-w-bins] subs: 0 str: 0 tried: 1975 0-depth ass: 0 T: 0.00 T-out: N T-r: 91.49%
c o [occ-backw-sub-long-w-long] rem cl: 151 tried: 3751/3751 (100.0%) T: 0.00 T-out: N T-r: 97.80%
c o [occ-backw-sub-str-long-w-long] sub: 0 str: 0 tried: 11253/3751 (300.0)  T: 0.00 T-out: N T-r: 87.31%
c o Executing OCC strategy token: occ-clean-implicit
c o Executing OCC strategy token: occ-bve
c o Executing OCC strategy token: occ-bva
c o Executing OCC strategy token: occ-ternary-res
c o [occ-ternary-res] Ternary res-tri: 595 res-bin: 0 sub: 127 str: 72 T: 0.00 T-out: N T-r: 89.36%
c o Executing OCC strategy token: occ-xor
c o --> Executing strategy token: card-find
c o --> Executing strategy token: cl-consolidate
c o Not consolidating memory.
c o --> Executing strategy token: scc-vrepl
c o [scc] new: 15 BP 0M T: 0.00
c o [vrep] vars 15 lits 415 rem-bin-cls 102 rem-long-cls 72 BP 0M T: 0.00
c o --> Executing strategy token: renumber
c o --> Executing strategy token: louvain-comms
c o [consolidate] mini T: 0.00
c o global_timeout_multiplier: 0.1000
c o [branch] rebuilding order heap for all branchings. Current branching: vsids
c o [0m[arjun-simp] Removed set       : 3 new size: 19[0m
c o [0m[arjun-simp] CMS::simplify() with no BVE finished. T: 0.3414[0m
c o [0mWARNING: Turning off gates, because the sampling size is small, so we can just do it. Size: 19[0m
c o --> Executing strategy token: must-scc-vrepl
c o [scc] new: 0 BP 0M T: 0.00
c o [vrep] vars 0 lits 0 rem-bin-cls 0 rem-long-cls 0 BP 0M T: 0.00
c o --> Executing strategy token: clean-cls
c o --> Executing strategy token: sub-impl
c o [impl-sub] bin: 0 T: 0.00 T-out: N w-visit: 4452
c o [consolidate] mini T: 0.00
c o global_timeout_multiplier: 0.1000
c o [branch] rebuilding order heap for all branchings. Current branching: vsids
c o --> Executing strategy token: must-scc-vrepl
c o [scc] new: 0 BP 0M T: 0.00
c o [vrep] vars 0 lits 0 rem-bin-cls 0 rem-long-cls 0 BP 0M T: 0.00
c o --> Executing strategy token: clean-cls
c o --> Executing strategy token: sub-impl
c o [impl-sub] bin: 0 T: 0.00 T-out: N w-visit: 4452
c o [consolidate] mini T: 0.00
c o global_timeout_multiplier: 0.1000
c o [branch] rebuilding order heap for all branchings. Current branching: vsids
c o [0m[arjun-simp] Removed eq lits: 4 new size: 15[0m
c o [0m[arjun-simp] Removed set       : 0 new size: 15[0m
c o [0m[arjun-simp] get-empties removed: 0 perc: 0.00 total empties now: 0 T: 0.00[0m
c o [0m[arjun-simp] probing all sampling variables[0m
c o [0m[arjun-simp] Removed set       : 1 new size: 14[0m
c o [0m[arjun-simp] Removed eq lits: 0 new size: 14[0m
c o [0m[arjun-simp] probe removed: 1 perc: 6.67 T: 0.00[0m
c o [0m[arjun-simp] Removed eq lits: 0 new size: 14[0m
c o [0m[arjun-simp] Removed set       : 0 new size: 14[0m
c o [0m[arjun-simp] get-empties removed: 0 perc: 0.00 total empties now: 0 T: 0.00[0m
c o [0m[arjun] simplification finished  removed: 31 perc: 68.89 T: 0.35[0m
c o [0m[arjun] Duplicating CNF...[0m
c o [0m[arjun] Duplicated CNF. T: 0.00[0m
c o [0m[arjun] CMS::simplify() with *only* BVE...[0m
c o Executing OCC strategy token(s): 'occ-bve,
c o [occ] mem usage for occur      0 MB
c o [occ] Linked in IRRED BIN by default: 4090
c o [occ] Linked in RED   BIN by default: 4
c o [occ] mem usage for occur      0 MB
c o Mem for watch alloc    : 0           MB (4.75      %)
c o Mem for watch array    : 0           MB (1.89      %)
c o Executing OCC strategy token: occ-bve
c o [occ-empty-res] Empty resolvent elimed: 139 T: 0.00 T-out: N
c o [occ-bve] turning off picosat-based irreg gate detection, added lits:  7010
c o [occ-bve] iter v-elim 1627
c o cl_inc_rate=0.59, var_dec_rate=2.31 (grow=0)
c o Reduced to 1241 vars, 6308 cls (grow=0)
c o [occ-bve] iter v-elim 92
c o cl_inc_rate=1.01, var_dec_rate=1.08 (grow=3)
c o Reduced to 1149 vars, 6343 cls (grow=3)
c o [occ-bve] iter v-elim 5
c o cl_inc_rate=1.00, var_dec_rate=1.00 (grow=4)
c o Reduced to 1144 vars, 6361 cls (grow=4)
c o [occ-bve] iter v-elim 6
c o cl_inc_rate=1.00, var_dec_rate=1.01 (grow=6)
c o Reduced to 1138 vars, 6385 cls (grow=6)
c o [occ-bve] iter v-elim 6
c o cl_inc_rate=1.01, var_dec_rate=1.01 (grow=9)
c o Reduced to 1132 vars, 6418 cls (grow=9)
c o [occ-bve] iter v-elim 17
c o cl_inc_rate=1.02, var_dec_rate=1.02 (grow=13)
c o Reduced to 1115 vars, 6568 cls (grow=13)
c o x n vars       : 1115
c o #try to eliminate: 11004
c o #var-elim        :  1753
c o #T-o: N
c o #T-r: 99.51%
c o #T  : 0.10
c o [occur] 0.00 is overhead
c o [occur] link-in T: 0.00 cleanup T: 0.00
c o [occ-xor-bve] elimed: 0 T: 0.00 T-out: N
c o [consolidate] mini T: 0.00
c o global_timeout_multiplier: 0.1000
c o [branch] rebuilding order heap for all branchings. Current branching: vsids
c o [0m[arjun] CMS::simplify() with *only* BVE finished. T: 0.1045[0m
c o [0m[arjun] Adding fixed clauses time: 0.0001[0m
c o [0m[backward FAST] Start unknown size: 14[0m
c o [0m[31m[arjun] backward round finished. U:  I: 11 T: 0.01[0m
c o [0m[arjun] run_minimize finished T: 0.47[0m
c o --> Executing strategy token: must-scc-vrepl
c o [scc] new: 785 BP 0M T: 0.00
c o [vrep] vars 578 lits 19220 rem-bin-cls 3747 rem-long-cls 127 BP 0M T: 0.00
c o --> Executing strategy token: full-probe
c o [full-probe]  bin_only: 0 set: 21 repl: 0 T: 0.00 T-out: N T-r: 95.32%
c o --> Executing strategy token: sub-impl
c o [impl-sub] bin: 17 T: 0.00 T-out: N w-visit: 4452
c o --> Executing strategy token: sub-cls-with-bin
c o [distill] watch-based irred--  cl tried     3824 cl-sh     0 cl-rem  106 lit-rem      0 T: 0.00 T-out: N
c o [distill] watch-based   red--  cl tried        0 cl-sh     0 cl-rem    0 lit-rem      0 T: 0.00 T-out: N
c o --> Executing strategy token: distill-cls-onlyrem
c o [distill-long-irred] cls tried: 3718/3718 T: 0.01 T-out: N T-r: 98.48%
c o Executing OCC strategy token(s): 'occ-backw-sub,occ-resolv-subs,occ-rem-with-orgates,occ-ternary-res,
c o [occ] mem usage for occur      0 MB
c o [occ] Linked in IRRED BIN by default: 1093
c o [occ] Linked in RED   BIN by default: 0
c o Mem for watch alloc    : 0           MB (2.31      %)
c o Mem for watch array    : 0           MB (0.88      %)
c o Executing OCC strategy token: occ-backw-sub
c o [occ-backw-sub-long-w-long] rem cl: 209 tried: 3709/3709 (100.0%) T: 0.00 T-out: N T-r: 96.96%
c o Executing OCC strategy token: occ-resolv-subs
c o [occ-resolv-subs] removed: 4 checked: 53583 T: 0.0
c o Executing OCC strategy token: occ-rem-with-orgates
c o [occ-gates] found:   110 avg-s: 2.0 T: 0.00 T-out: N T-r: 97.06%
c o [occ-gate-based-lit-rem] lit-rem: 80 cl-rem: 0 T: 0.00 T-out: N
c o Executing OCC strategy token: occ-ternary-res
c o [occ-ternary-res] Ternary res-tri: 923 res-bin: 0 sub: 58 str: 170 T: 0.00 T-out: N T-r: 83.21%
c o --> Executing strategy token: must-scc-vrepl
c o [scc] new: 42 BP 0M T: 0.00
c o [vrep] vars 42 lits 924 rem-bin-cls 252 rem-long-cls 168 BP 0M T: 0.00
c o Executing OCC strategy token(s): 'occ-bve,
c o [occ] mem usage for occur      0 MB
c o [occ] Linked in IRRED BIN by default: 1173
c o [occ] Linked in RED   BIN by default: 0
c o Mem for watch alloc    : 0           MB (2.59      %)
c o Mem for watch array    : 0           MB (0.88      %)
c o Executing OCC strategy token: occ-bve
c o [occ-empty-res] Empty resolvent elimed: 13 T: 0.00 T-out: N
c o [occ-bve] turning off picosat-based irreg gate detection, added lits:  7040
c o [occ-bve] iter v-elim 307
c o cl_inc_rate=0.75, var_dec_rate=1.39 (grow=0)
c o Reduced to 780 vars, 3271 cls (grow=0)
c o x n vars       : 780
c o #try to eliminate:  1432
c o #var-elim        :   307
c o #T-o: N
c o #T-r: 99.97%
c o #T  : 0.02
c o [occur] 0.00 is overhead
c o [occur] link-in T: 0.00 cleanup T: 0.00
c o [occ-xor-bve] elimed: 0 T: 0.00 T-out: N
c o --> Executing strategy token: sub-impl
c o [impl-sub] bin: 0 T: 0.00 T-out: N w-visit: 4452
c o --> Executing strategy token: distill-cls-onlyrem
c o [distill-long-irred] cls tried: 2575/2575 T: 0.00 T-out: N T-r: 99.19%
c o --> Executing strategy token: intree-probe
c o [scc] new: 0 BP 0M T: 0.00
c o [vrep] vars 0 lits 0 rem-bin-cls 0 rem-long-cls 0 BP 0M T: 0.00
c o [intree] Set 0 vars hyper-added: 86 trans-irred: 0 trans-red: 0 T: 0.00 T-out: N T-r: -1.77%
c o Executing OCC strategy token(s): 'occ-backw-sub-str,
c o [occ] mem usage for occur      0 MB
c o [occ] Linked in IRRED BIN by default: 696
c o [occ] Linked in RED   BIN by default: 86
c o Mem for watch alloc    : 0           MB (2.43      %)
c o Mem for watch array    : 0           MB (0.88      %)
c o Executing OCC strategy token: occ-backw-sub-str
c o [occ-backw-sub-str-long-w-bins] subs: 0 str: 0 tried: 1715 0-depth ass: 0 T: 0.00 T-out: N T-r: 93.43%
c o [occ-backw-sub-long-w-long] rem cl: 0 tried: 2851/2851 (100.0%) T: 0.00 T-out: N T-r: 97.37%
c o [occ-backw-sub-str-long-w-long] sub: 0 str: 0 tried: 8553/2851 (300.0)  T: 0.00 T-out: N T-r: 84.21%
c o --> Executing strategy token: sub-str-cls-with-bin
c o [distill] watch-based irred--  cl tried     5118 cl-sh     0 cl-rem    0 lit-rem      0 T: 0.00 T-out: N
c o [distill] watch-based   red--  cl tried        0 cl-sh     0 cl-rem    0 lit-rem      0 T: 0.00 T-out: N
c o --> Executing strategy token: clean-cls
c o --> Executing strategy token: distill-cls
c o [distill-long-irred] cls tried: 2559/2559 T: 0.00 T-out: N T-r: 99.18%
c o [distill-long-irred] cls tried: 2558/2558 T: 0.00 T-out: N T-r: 99.00%
c o --> Executing strategy token: distill-bins
c o [distill-bin] useful: 36/696/696 lits-rem: 0 cl-rem: 36 0-depth-assigns: 0 T: 0.00 T-out: N
c o [consolidate] mini T: 0.00
c o global_timeout_multiplier: 0.1100
c o [branch] rebuilding order heap for all branchings. Current branching: vsids
c o --> Executing strategy token: must-scc-vrepl
c o [scc] new: 0 BP 0M T: 0.00
c o [vrep] vars 0 lits 0 rem-bin-cls 0 rem-long-cls 0 BP 0M T: 0.00
c o --> Executing strategy token: full-probe
c o [full-probe]  bin_only: 0 set: 0 repl: 0 T: 0.00 T-out: N T-r: 97.40%
c o --> Executing strategy token: sub-impl
c o [impl-sub] bin: 0 T: 0.00 T-out: N w-visit: 4452
c o --> Executing strategy token: sub-cls-with-bin
c o [distill] watch-based irred--  cl tried     2558 cl-sh     0 cl-rem    0 lit-rem      0 T: 0.00 T-out: N
c o [distill] watch-based   red--  cl tried        0 cl-sh     0 cl-rem    0 lit-rem      0 T: 0.00 T-out: N
c o --> Executing strategy token: distill-cls-onlyrem
c o [distill-long-irred] cls tried: 2558/2558 T: 0.00 T-out: N T-r: 99.21%
c o Executing OCC strategy token(s): 'occ-backw-sub,occ-resolv-subs,occ-rem-with-orgates,occ-ternary-res,
c o [occ] mem usage for occur      0 MB
c o [occ] Linked in IRRED BIN by default: 660
c o [occ] Linked in RED   BIN by default: 86
c o Mem for watch alloc    : 0           MB (2.43      %)
c o Mem for watch array    : 0           MB (0.72      %)
c o Executing OCC strategy token: occ-backw-sub
c o [occ-backw-sub-long-w-long] rem cl: 0 tried: 2850/2850 (100.0%) T: 0.00 T-out: N T-r: 97.39%
c o Executing OCC strategy token: occ-resolv-subs
c o [occ-resolv-subs] removed: 3 checked: 37456 T: 0.0
c o Executing OCC strategy token: occ-rem-with-orgates
c o [occ-gates] found:     7 avg-s: 2.0 T: 0.00 T-out: N T-r: 97.89%
c o [occ-gate-based-lit-rem] lit-rem: 1 cl-rem: 0 T: 0.00 T-out: N
c o Executing OCC strategy token: occ-ternary-res
c o [occ-ternary-res] Ternary res-tri: 280 res-bin: 0 sub: 14 str: 0 T: 0.00 T-out: N T-r: 96.37%
c o --> Executing strategy token: must-scc-vrepl
c o [scc] new: 0 BP 0M T: 0.00
c o [vrep] vars 0 lits 0 rem-bin-cls 0 rem-long-cls 0 BP 0M T: 0.00
c o Executing OCC strategy token(s): 'occ-bve,
c o [occ] mem usage for occur      0 MB
c o [occ] Linked in IRRED BIN by default: 661
c o [occ] Linked in RED   BIN by default: 86
c o Mem for watch alloc    : 0           MB (2.44      %)
c o Mem for watch array    : 0           MB (0.72      %)
c o Executing OCC strategy token: occ-bve
c o [occ-empty-res] Empty resolvent elimed: 0 T: 0.00 T-out: N
c o [occ-bve] turning off picosat-based irreg gate detection, added lits:  7003
c o [occ-bve] iter v-elim 0
c o cl_inc_rate=1.00, var_dec_rate=1.00 (grow=0)
c o Reduced to 780 vars, 3215 cls (grow=0)
c o x n vars       : 780
c o #try to eliminate:   769
c o #var-elim        :     0
c o #T-o: N
c o #T-r: 99.99%
c o #T  : 0.01
c o [occur] 0.00 is overhead
c o [occur] link-in T: 0.00 cleanup T: 0.00
c o [occ-xor-bve] elimed: 0 T: 0.00 T-out: N
c o --> Executing strategy token: sub-impl
c o [impl-sub] bin: 1 T: 0.00 T-out: N w-visit: 4452
c o --> Executing strategy token: distill-cls-onlyrem
c o [distill-long-irred] cls tried: 2554/2554 T: 0.00 T-out: N T-r: 99.13%
c o --> Executing strategy token: intree-probe
c o [scc] new: 0 BP 0M T: 0.00
c o [vrep] vars 0 lits 0 rem-bin-cls 0 rem-long-cls 0 BP 0M T: 0.00
c o [intree] Set 0 vars hyper-added: 33 trans-irred: 0 trans-red: 0 T: 0.00 T-out: N T-r: -3.00%
c o Executing OCC strategy token(s): 'occ-backw-sub-str,
c o [occ] mem usage for occur      0 MB
c o [occ] Linked in IRRED BIN by default: 661
c o [occ] Linked in RED   BIN by default: 118
c o Mem for watch alloc    : 0           MB (2.48      %)
c o Mem for watch array    : 0           MB (0.72      %)
c o Executing OCC strategy token: occ-backw-sub-str
c o [occ-backw-sub-str-long-w-bins] subs: 0 str: 0 tried: 2494 0-depth ass: 0 T: 0.00 T-out: N T-r: 93.47%
c o [occ-backw-sub-long-w-long] rem cl: 0 tried: 3112/3112 (100.0%) T: 0.00 T-out: N T-r: 97.13%
c o [occ-backw-sub-str-long-w-long] sub: 0 str: 0 tried: 9336/3112 (300.0)  T: 0.00 T-out: N T-r: 83.03%
c o --> Executing strategy token: sub-str-cls-with-bin
c o [distill] watch-based irred--  cl tried     5108 cl-sh     0 cl-rem    0 lit-rem      0 T: 0.00 T-out: N
c o [distill] watch-based   red--  cl tried        0 cl-sh     0 cl-rem    0 lit-rem      0 T: 0.00 T-out: N
c o --> Executing strategy token: clean-cls
c o --> Executing strategy token: distill-cls
c o [distill-long-irred] cls tried: 2554/2554 T: 0.00 T-out: N T-r: 99.13%
c o [distill-long-irred] cls tried: 2554/2554 T: 0.00 T-out: N T-r: 98.92%
c o --> Executing strategy token: distill-bins
c o [distill-bin] useful: 2/663/663 lits-rem: 0 cl-rem: 2 0-depth-assigns: 0 T: 0.00 T-out: N
c o [consolidate] mini T: 0.00
c o global_timeout_multiplier: 0.1100
c o [branch] rebuilding order heap for all branchings. Current branching: vsids
c o [backbone-simpl] ccnr sols: 10 drop_cands: 1474 T: 0.05
c o [backbone-simpl] cadiback called with -- lits: 9725 num cls: 3719 num vars: 2226
c o [backbone-simpl] res: 10 num units added: 0 num eq added: 0 num bins: 4 T: 0.06
c o --> Executing strategy token: must-scc-vrepl
c o [scc] new: 0 BP 0M T: 0.00
c o [vrep] vars 0 lits 0 rem-bin-cls 0 rem-long-cls 0 BP 0M T: 0.00
c o --> Executing strategy token: must-renumber
c o [renumber] T: 0.00
c o [consolidate] mini T: 0.00
c o global_timeout_multiplier: 0.1100
c o [branch] rebuilding order heap for all branchings. Current branching: vsids
c o --> Executing strategy token: oracle-vivif-sparsify
c o --> Executing strategy token: must-renumber
c o [renumber] T: 0.00
c o [oracle-bin] potential pairs: 2950 T: 0.0009
c o --> Executing strategy token: must-scc-vrepl
c o [scc] new: 0 BP 0M T: 0.00
c o [vrep] vars 0 lits 0 rem-bin-cls 0 rem-long-cls 0 BP 0M T: 0.00
c o [oracle-vivif] lits-rem: 1015 learnt-units: 0 T-out: N T-remain: 66.0793% T: 0.07
c o [oracle-bin] bin-added: 728 equiv-added: 0 T-out: Y T-remain: 69.32% T: 0.00
c o [oracle-vivif] cache usefulness: 87% total T: 0.07
c o --> Executing strategy token: sub-impl
c o [impl-sub] bin: 1069 T: 0.00 T-out: N w-visit: 1560
c o Executing OCC strategy token(s): 'occ-backw-sub,
c o [occ] mem usage for occur      0 MB
c o [occ] Linked in IRRED BIN by default: 1010
c o [occ] Linked in RED   BIN by default: 133
c o Mem for watch alloc    : 0           MB (1.52      %)
c o Mem for watch array    : 0           MB (0.25      %)
c o Executing OCC strategy token: occ-backw-sub
c o [occ-backw-sub-long-w-long] rem cl: 61 tried: 5053/5053 (100.0%) T: 0.00 T-out: N T-r: 97.25%
c o --> Executing strategy token: must-renumber
c o [renumber] T: 0.00
c o [oracle-sparsify] done with 10 % oracle mems: 1892K ccnr useful: 1.9% T: 0.1
c o [oracle-sparsify] too many mems in oracle, aborting
c o [oracle-sparsify] removed: 244 of which bin: 161 tot considered: 3165 ccnr useful: 6 oracle uknown: 0 cache useful: 0% learnt-units: 0 T: 0.21 buildT: 0.00
c o [consolidate] mini T: 0.00
c o global_timeout_multiplier: 0.1100
c o [branch] rebuilding order heap for all branchings. Current branching: vsids
c o --> Executing strategy token: must-scc-vrepl
c o [scc] new: 0 BP 0M T: 0.00
c o [vrep] vars 0 lits 0 rem-bin-cls 0 rem-long-cls 0 BP 0M T: 0.00
c o --> Executing strategy token: full-probe
c o [full-probe]  bin_only: 0 set: 0 repl: 0 T: 0.00 T-out: N T-r: 89.25%
c o --> Executing strategy token: sub-impl
c o [impl-sub] bin: 0 T: 0.00 T-out: N w-visit: 1560
c o --> Executing strategy token: sub-cls-with-bin
c o [distill] watch-based irred--  cl tried     2072 cl-sh     0 cl-rem    0 lit-rem      0 T: 0.00 T-out: N
c o [distill] watch-based   red--  cl tried        0 cl-sh     0 cl-rem    0 lit-rem      0 T: 0.00 T-out: N
c o --> Executing strategy token: distill-cls-onlyrem
c o [distill-long-irred] cls tried: 2072/2072 T: 0.00 T-out: N T-r: 97.85%
c o Executing OCC strategy token(s): 'occ-backw-sub,occ-resolv-subs,occ-rem-with-orgates,occ-ternary-res,
c o [occ] mem usage for occur      0 MB
c o [occ] Linked in IRRED BIN by default: 849
c o [occ] Linked in RED   BIN by default: 294
c o [occ] mem usage for occur      0 MB
c o Mem for watch alloc    : 0           MB (1.47      %)
c o Mem for watch array    : 0           MB (0.22      %)
c o Executing OCC strategy token: occ-backw-sub
c o [occ-backw-sub-long-w-long] rem cl: 0 tried: 4990/4990 (100.0%) T: 0.00 T-out: N T-r: 97.47%
c o Executing OCC strategy token: occ-resolv-subs
c o [occ-resolv-subs] removed: 23 checked: 24916 T: 0.0
c o Executing OCC strategy token: occ-rem-with-orgates
c o [occ-gates] found:   236 avg-s: 2.0 T: 0.00 T-out: N T-r: 98.11%
c o [occ-gate-based-lit-rem] lit-rem: 20 cl-rem: 0 T: 0.00 T-out: N
c o Executing OCC strategy token: occ-ternary-res
c o [occ-ternary-res] Ternary res-tri: 227 res-bin: 0 sub: 18 str: 8 T: 0.00 T-out: N T-r: 93.87%
c o --> Executing strategy token: must-scc-vrepl
c o [scc] new: 0 BP 0M T: 0.00
c o [vrep] vars 0 lits 0 rem-bin-cls 0 rem-long-cls 0 BP 0M T: 0.00
c o Executing OCC strategy token(s): 'occ-bve,
c o [occ] mem usage for occur      0 MB
c o [occ] Linked in IRRED BIN by default: 846
c o [occ] Linked in RED   BIN by default: 302
c o [occ] mem usage for occur      0 MB
c o Mem for watch alloc    : 0           MB (1.47      %)
c o Mem for watch array    : 0           MB (0.22      %)
c o Executing OCC strategy token: occ-bve
c o [occ-empty-res] Empty resolvent elimed: 138 T: 0.00 T-out: N
c o [occ-bve] turning off picosat-based irreg gate detection, added lits:  7002
c o [occ-bve] iter v-elim 389
c o cl_inc_rate=0.58, var_dec_rate=2.54 (grow=0)
c o Reduced to 253 vars, 1372 cls (grow=0)
c o [occ-bve] iter v-elim 38
c o cl_inc_rate=1.04, var_dec_rate=1.18 (grow=3)
c o Reduced to 215 vars, 1432 cls (grow=3)
c o [occ-bve] iter v-elim 6
c o cl_inc_rate=1.02, var_dec_rate=1.03 (grow=4)
c o Reduced to 209 vars, 1454 cls (grow=4)
c o [occ-bve] iter v-elim 2
c o cl_inc_rate=1.01, var_dec_rate=1.01 (grow=6)
c o Reduced to 207 vars, 1466 cls (grow=6)
c o x n vars       : 207
c o #try to eliminate:  1720
c o #var-elim        :   435
c o #T-o: N
c o #T-r: 99.94%
c o #T  : 0.05
c o [occur] 0.00 is overhead
c o [occur] link-in T: 0.00 cleanup T: 0.00
c o [occ-xor-bve] elimed: 0 T: 0.00 T-out: N
c o --> Executing strategy token: sub-impl
c o [impl-sub] bin: 0 T: 0.00 T-out: N w-visit: 1560
c o --> Executing strategy token: distill-cls-onlyrem
c o [distill-long-irred] cls tried: 1306/1306 T: 0.00 T-out: N T-r: 99.01%
c o --> Executing strategy token: intree-probe
c o [scc] new: 0 BP 0M T: 0.00
c o [vrep] vars 0 lits 0 rem-bin-cls 0 rem-long-cls 0 BP 0M T: 0.00
c o [intree] Set 0 vars hyper-added: 9 trans-irred: 1 trans-red: 2 T: 0.00 T-out: N T-r: -4.77%
c o Executing OCC strategy token(s): 'occ-backw-sub-str,
c o [occ] mem usage for occur      0 MB
c o [occ] Linked in IRRED BIN by default: 159
c o [occ] Linked in RED   BIN by default: 20
c o [occ] mem usage for occur      0 MB
c o Mem for watch alloc    : 0           MB (0.82      %)
c o Mem for watch array    : 0           MB (0.22      %)
c o Executing OCC strategy token: occ-backw-sub-str
c o [occ-backw-sub-str-long-w-bins] subs: 0 str: 0 tried: 11620 0-depth ass: 0 T: 0.00 T-out: N T-r: 99.05%
c o [occ-backw-sub-long-w-long] rem cl: 2 tried: 1413/1413 (100.0%) T: 0.00 T-out: N T-r: 98.57%
c o [occ-backw-sub-str-long-w-long] sub: 0 str: 0 tried: 4239/1413 (300.0)  T: 0.00 T-out: N T-r: 94.33%
c o --> Executing strategy token: sub-str-cls-with-bin
c o [distill] watch-based irred--  cl tried     2468 cl-sh     0 cl-rem    0 lit-rem      0 T: 0.00 T-out: N
c o [distill] watch-based   red--  cl tried        0 cl-sh     0 cl-rem    0 lit-rem      0 T: 0.00 T-out: N
c o --> Executing strategy token: clean-cls
c o --> Executing strategy token: distill-cls
c o [distill-long-irred] cls tried: 1234/1234 T: 0.00 T-out: N T-r: 98.90%
c o [distill-long-irred] cls tried: 1223/1223 T: 0.00 T-out: N T-r: 98.60%
c o --> Executing strategy token: distill-bins
c o [distill-bin] useful: 3/159/159 lits-rem: 0 cl-rem: 3 0-depth-assigns: 0 T: 0.00 T-out: N
c o Executing OCC strategy token(s): 'occ-backw-sub,
c o [occ] mem usage for occur      0 MB
c o [occ] Linked in IRRED BIN by default: 156
c o [occ] Linked in RED   BIN by default: 20
c o [occ] mem usage for occur      0 MB
c o Mem for watch alloc    : 0           MB (0.82      %)
c o Mem for watch array    : 0           MB (0.22      %)
c o Executing OCC strategy token: occ-backw-sub
c o [occ-backw-sub-long-w-long] rem cl: 1 tried: 1400/1400 (100.0%) T: 0.00 T-out: N T-r: 98.61%
c o [consolidate] mini T: 0.00
c o global_timeout_multiplier: 0.1100
c o [branch] rebuilding order heap for all branchings. Current branching: vsids
c o --> Executing strategy token: must-scc-vrepl
c o [scc] new: 1 BP 0M T: 0.00
c o [vrep] vars 1 lits 37 rem-bin-cls 4 rem-long-cls 0 BP 0M T: 0.00
c o --> Executing strategy token: full-probe
c o [full-probe]  bin_only: 0 set: 0 repl: 0 T: 0.00 T-out: N T-r: 98.72%
c o --> Executing strategy token: sub-impl
c o [impl-sub] bin: 2 T: 0.00 T-out: N w-visit: 1560
c o --> Executing strategy token: sub-cls-with-bin
c o [distill] watch-based irred--  cl tried     1222 cl-sh     0 cl-rem    0 lit-rem      0 T: 0.00 T-out: N
c o [distill] watch-based   red--  cl tried        0 cl-sh     0 cl-rem    0 lit-rem      0 T: 0.00 T-out: N
c o --> Executing strategy token: distill-cls-onlyrem
c o [distill-long-irred] cls tried: 1222/1222 T: 0.00 T-out: N T-r: 99.05%
c o Executing OCC strategy token(s): 'occ-backw-sub,occ-resolv-subs,occ-rem-with-orgates,occ-ternary-res,
c o [occ] mem usage for occur      0 MB
c o [occ] Linked in IRRED BIN by default: 154
c o [occ] Linked in RED   BIN by default: 18
c o [occ] mem usage for occur      0 MB
c o Mem for watch alloc    : 0           MB (0.82      %)
c o Mem for watch array    : 0           MB (0.22      %)
c o Executing OCC strategy token: occ-backw-sub
c o [occ-backw-sub-long-w-long] rem cl: 1 tried: 1390/1390 (100.0%) T: 0.00 T-out: N T-r: 98.63%
c o Executing OCC strategy token: occ-resolv-subs
c o [occ-resolv-subs] removed: 6 checked: 21484 T: 0.0
c o Executing OCC strategy token: occ-rem-with-orgates
c o [occ-gates] found:     5 avg-s: 2.0 T: 0.00 T-out: N T-r: 99.02%
c o [occ-gate-based-lit-rem] lit-rem: 0 cl-rem: 0 T: 0.00 T-out: N
c o Executing OCC strategy token: occ-ternary-res
c o [occ-ternary-res] Ternary res-tri: 125 res-bin: 0 sub: 43 str: 2 T: 0.00 T-out: N T-r: 97.01%
c o --> Executing strategy token: must-scc-vrepl
c o [scc] new: 0 BP 0M T: 0.00
c o [vrep] vars 0 lits 0 rem-bin-cls 0 rem-long-cls 0 BP 0M T: 0.00
c o Executing OCC strategy token(s): 'occ-bve,
c o [occ] mem usage for occur      0 MB
c o [occ] Linked in IRRED BIN by default: 154
c o [occ] Linked in RED   BIN by default: 18
c o [occ] mem usage for occur      0 MB
c o Mem for watch alloc    : 0           MB (0.83      %)
c o Mem for watch array    : 0           MB (0.22      %)
c o Executing OCC strategy token: occ-bve
c o [occ-empty-res] Empty resolvent elimed: 0 T: 0.00 T-out: N
c o [occ-bve] iter v-elim 0
c o cl_inc_rate=1.00, var_dec_rate=1.00 (grow=0)
c o Reduced to 206 vars, 1361 cls (grow=0)
c o [occ-bve] iter v-elim 7
c o cl_inc_rate=1.00, var_dec_rate=1.04 (grow=3)
c o Reduced to 199 vars, 1365 cls (grow=3)
c o x n vars       : 199
c o #try to eliminate:   447
c o #var-elim        :     7
c o #T-o: N
c o #T-r: 99.98%
c o #T  : 0.02
c o [occur] 0.00 is overhead
c o [occur] link-in T: 0.00 cleanup T: 0.00
c o [occ-xor-bve] elimed: 0 T: 0.00 T-out: N
c o --> Executing strategy token: sub-impl
c o [impl-sub] bin: 0 T: 0.00 T-out: N w-visit: 1560
c o --> Executing strategy token: distill-cls-onlyrem
c o [distill-long-irred] cls tried: 1218/1218 T: 0.00 T-out: N T-r: 98.87%
c o --> Executing strategy token: intree-probe
c o [scc] new: 0 BP 0M T: 0.00
c o [vrep] vars 0 lits 0 rem-bin-cls 0 rem-long-cls 0 BP 0M T: 0.00
c o [intree] Set 0 vars hyper-added: 0 trans-irred: 0 trans-red: 0 T: 0.00 T-out: N T-r: -3.18%
c o Executing OCC strategy token(s): 'occ-backw-sub-str,
c o [occ] mem usage for occur      0 MB
c o [occ] Linked in IRRED BIN by default: 147
c o [occ] Linked in RED   BIN by default: 13
c o [occ] mem usage for occur      0 MB
c o Mem for watch alloc    : 0           MB (0.78      %)
c o Mem for watch array    : 0           MB (0.22      %)
c o Executing OCC strategy token: occ-backw-sub-str
c o [occ-backw-sub-str-long-w-bins] subs: 0 str: 0 tried: 12012 0-depth ass: 0 T: 0.00 T-out: N T-r: 99.14%
c o [occ-backw-sub-long-w-long] rem cl: 0 tried: 1420/1420 (100.0%) T: 0.00 T-out: N T-r: 98.60%
c o [occ-backw-sub-str-long-w-long] sub: 0 str: 0 tried: 4260/1420 (300.0)  T: 0.00 T-out: N T-r: 94.43%
c o --> Executing strategy token: sub-str-cls-with-bin
c o [distill] watch-based irred--  cl tried     2370 cl-sh     0 cl-rem    0 lit-rem      0 T: 0.00 T-out: N
c o [distill] watch-based   red--  cl tried        0 cl-sh     0 cl-rem    0 lit-rem      0 T: 0.00 T-out: N
c o --> Executing strategy token: clean-cls
c o --> Executing strategy token: distill-cls
c o [distill-long-irred] cls tried: 1185/1185 T: 0.00 T-out: N T-r: 98.91%
c o [distill-long-irred] cls tried: 1179/1179 T: 0.00 T-out: N T-r: 98.64%
c o --> Executing strategy token: distill-bins
c o [distill-bin] useful: 0/148/148 lits-rem: 0 cl-rem: 0 0-depth-assigns: 0 T: 0.00 T-out: N
c o Executing OCC strategy token(s): 'occ-backw-sub,
c o [occ] mem usage for occur      0 MB
c o [occ] Linked in IRRED BIN by default: 148
c o [occ] Linked in RED   BIN by default: 13
c o [occ] mem usage for occur      0 MB
c o Mem for watch alloc    : 0           MB (0.78      %)
c o Mem for watch array    : 0           MB (0.22      %)
c o Executing OCC strategy token: occ-backw-sub
c o [occ-backw-sub-long-w-long] rem cl: 0 tried: 1413/1413 (100.0%) T: 0.00 T-out: N T-r: 98.62%
c o [consolidate] mini T: 0.00
c o global_timeout_multiplier: 0.1100
c o [branch] rebuilding order heap for all branchings. Current branching: vsids
c o --> Executing strategy token: oracle-vivif-fast
c o --> Executing strategy token: must-renumber
c o [renumber] T: 0.00
c o [oracle-bin] potential pairs: 1708 T: 0.0003
c o --> Executing strategy token: must-scc-vrepl
c o [scc] new: 0 BP 0M T: 0.00
c o [vrep] vars 0 lits 0 rem-bin-cls 0 rem-long-cls 0 BP 0M T: 0.00
c o [oracle-vivif] lits-rem: 541 learnt-units: 0 T-out: N T-remain: 80.0331% T: 0.02
c o [oracle-bin] bin-added: 161 equiv-added: 0 T-out: N T-remain: 95.83% T: 0.00
c o [oracle-vivif] cache usefulness: 90% total T: 0.02
c o --> Executing strategy token: oracle-sparsify-fast
c o --> Executing strategy token: sub-impl
c o [impl-sub] bin: 269 T: 0.00 T-out: N w-visit: 398
c o Executing OCC strategy token(s): 'occ-backw-sub,
c o [occ] mem usage for occur      0 MB
c o [occ] Linked in IRRED BIN by default: 159
c o [occ] Linked in RED   BIN by default: 54
c o [occ] mem usage for occur      0 MB
c o Mem for watch alloc    : 0           MB (0.89      %)
c o Mem for watch array    : 0           MB (0.06      %)
c o Executing OCC strategy token: occ-backw-sub
c o [occ-backw-sub-long-w-long] rem cl: 214 tried: 2156/2156 (100.0%) T: 0.00 T-out: N T-r: 98.14%
c o --> Executing strategy token: must-renumber
c o [renumber] T: 0.00
c o [oracle-sparsify] done with 10 % oracle mems:  138K ccnr useful: 14.3% T: 0.0
c o [oracle-sparsify] done with 20 % oracle mems:  278K ccnr useful: 12.6% T: 0.0
c o [oracle-sparsify] done with 30 % oracle mems:  449K ccnr useful: 11.5% T: 0.1
c o [oracle-sparsify] done with 40 % oracle mems:  602K ccnr useful: 8.6% T: 0.1
c o [oracle-sparsify] done with 50 % oracle mems:  778K ccnr useful: 8.3% T: 0.1
c o [oracle-sparsify] done with 60 % oracle mems:  983K ccnr useful: 7.2% T: 0.1
c o [oracle-sparsify] too many mems in oracle, aborting
c o [oracle-sparsify] removed: 239 of which bin: 28 tot considered: 1186 ccnr useful: 51 oracle uknown: 0 cache useful: 0% learnt-units: 0 T: 0.12 buildT: 0.00
c o [consolidate] mini T: 0.00
c o global_timeout_multiplier: 0.1100
c o [branch] rebuilding order heap for all branchings. Current branching: vsids
c o Executing OCC strategy token(s): 'occ-bve,
c o [occ] mem usage for occur      0 MB
c o [occ] Linked in IRRED BIN by default: 131
c o [occ] Linked in RED   BIN by default: 82
c o [occ] mem usage for occur      0 MB
c o Mem for watch alloc    : 0           MB (0.89      %)
c o Mem for watch array    : 0           MB (0.06      %)
c o Executing OCC strategy token: occ-bve
c o [occ-empty-res] Empty resolvent elimed: 0 T: 0.00 T-out: N
c o [occ-bve] iter v-elim 19
c o cl_inc_rate=0.94, var_dec_rate=1.11 (grow=0)
c o Reduced to 180 vars, 889 cls (grow=0)
c o x n vars       : 180
c o #try to eliminate:   247
c o #var-elim        :    19
c o #T-o: N
c o #T-r: 99.99%
c o #T  : 0.01
c o [occur] 0.00 is overhead
c o [occur] link-in T: 0.00 cleanup T: 0.00
c o [occ-xor-bve] elimed: 0 T: 0.00 T-out: N
c o [consolidate] mini T: 0.00
c o global_timeout_multiplier: 0.1100
c o [branch] rebuilding order heap for all branchings. Current branching: vsids
c o --> Executing strategy token: must-scc-vrepl
c o [scc] new: 0 BP 0M T: 0.00
c o [vrep] vars 0 lits 0 rem-bin-cls 0 rem-long-cls 0 BP 0M T: 0.00
c o --> Executing strategy token: must-renumber
c o [renumber] T: 0.00
c o [consolidate] mini T: 0.00
c o global_timeout_multiplier: 0.1100
c o [branch] rebuilding order heap for all branchings. Current branching: vsids
c o [occ] mem usage for occur      0 MB
c o [occ] Linked in IRRED BIN by default: 115
c o [occ] Linked in RED   BIN by default: 69
c o [occ] mem usage for occur      0 MB
c o Mem for watch alloc    : 0           MB (0.82      %)
c o Mem for watch array    : 0           MB (0.06      %)
c o [empty] empty_occ: 0 T: 0.00
c o Executing OCC strategy token(s): 'occ-bve-empty,
c o [occ] mem usage for occur      0 MB
c o [occ] Linked in IRRED BIN by default: 115
c o [occ] Linked in RED   BIN by default: 69
c o [occ] mem usage for occur      0 MB
c o Mem for watch alloc    : 0           MB (0.82      %)
c o Mem for watch array    : 0           MB (0.06      %)
c o Executing OCC strategy token: occ-bve-empty
c o [occ-empty-res] Empty resolvent elimed: 0 T: 0.00 T-out: N
c o --> Executing strategy token: must-renumber
c o [renumber] T: 0.00
c o [consolidate] mini T: 0.00
c o global_timeout_multiplier: 0.1100
c o [branch] rebuilding order heap for all branchings. Current branching: vsids
c o [0m[puura] new_empty_sampl_vars size: 0[0m
c o [get-cnf] Checking for variables mapping to same new var to set AIG definitions...
c o solver orig num vars: 2226 solver simp num vars: 180
c o [0m[31m[puura] Done. final vars: 180 final cls: 889 T: 0.73[0m
c o [0m[31m[autarky] Found autarkies: 0 autarky vars: 0 T-out: N T: 0.01[0m
c o --> Executing strategy token: must-scc-vrepl
c o [scc] new: 0 BP 0M T: 0.00
c o [vrep] vars 0 lits 0 rem-bin-cls 0 rem-long-cls 0 BP 0M T: 0.00
c o --> Executing strategy token: full-probe
c o [full-probe]  bin_only: 0 set: 0 repl: 0 T: 0.00 T-out: N T-r: 98.01%
c o --> Executing strategy token: sub-impl
c o [impl-sub] bin: 0 T: 0.00 T-out: N w-visit: 360
c o --> Executing strategy token: sub-cls-with-bin
c o [distill] watch-based irred--  cl tried      774 cl-sh     0 cl-rem    0 lit-rem      0 T: 0.00 T-out: N
c o [distill] watch-based   red--  cl tried        0 cl-sh     0 cl-rem    0 lit-rem      0 T: 0.00 T-out: N
c o --> Executing strategy token: distill-cls-onlyrem
c o [distill-long-irred] cls tried: 774/774 T: 0.00 T-out: N T-r: 99.11%
c o Executing OCC strategy token(s): 'occ-backw-sub,occ-resolv-subs,occ-rem-with-orgates,occ-ternary-res,
c o [occ] mem usage for occur      0 MB
c o [occ] Linked in IRRED BIN by default: 115
c o [occ] Linked in RED   BIN by default: 69
c o Mem for watch alloc    : 0           MB (0.39      %)
c o Mem for watch array    : 0           MB (0.08      %)
c o Executing OCC strategy token: occ-backw-sub
c o [occ-backw-sub-long-w-long] rem cl: 9 tried: 1685/1685 (100.0%) T: 0.00 T-out: N T-r: 98.79%
c o Executing OCC strategy token: occ-resolv-subs
c o [occ-resolv-subs] removed: 8 checked: 8761 T: 0.0
c o Executing OCC strategy token: occ-rem-with-orgates
c o [occ-gates] found:     5 avg-s: 2.0 T: 0.00 T-out: N T-r: 99.40%
c o [occ-gate-based-lit-rem] lit-rem: 0 cl-rem: 0 T: 0.00 T-out: N
c o Executing OCC strategy token: occ-ternary-res
c o [occ-ternary-res] Ternary res-tri: 174 res-bin: 0 sub: 60 str: 0 T: 0.00 T-out: N T-r: 97.48%
c o --> Executing strategy token: must-scc-vrepl
c o [scc] new: 0 BP 0M T: 0.00
c o [vrep] vars 0 lits 0 rem-bin-cls 0 rem-long-cls 0 BP 0M T: 0.00
c o Executing OCC strategy token(s): 'occ-bve,
c o [occ] mem usage for occur      0 MB
c o [occ] Linked in IRRED BIN by default: 115
c o [occ] Linked in RED   BIN by default: 69
c o Mem for watch alloc    : 0           MB (0.40      %)
c o Mem for watch array    : 0           MB (0.08      %)
c o Executing OCC strategy token: occ-bve
c o [occ-empty-res] Empty resolvent elimed: 0 T: 0.00 T-out: N
c o [occ-bve] iter v-elim 0
c o cl_inc_rate=1.00, var_dec_rate=1.00 (grow=0)
c o Reduced to 180 vars, 874 cls (grow=0)
c o x n vars       : 180
c o #try to eliminate:   169
c o #var-elim        :     0
c o #T-o: N
c o #T-r: 100.00%
c o #T  : 0.00
c o [occur] 0.00 is overhead
c o [occur] link-in T: 0.00 cleanup T: 0.00
c o [occ-xor-bve] elimed: 0 T: 0.00 T-out: N
c o --> Executing strategy token: sub-impl
c o [impl-sub] bin: 0 T: 0.00 T-out: N w-visit: 360
c o --> Executing strategy token: distill-cls-onlyrem
c o [distill-long-irred] cls tried: 759/759 T: 0.00 T-out: N T-r: 98.88%
c o --> Executing strategy token: intree-probe
c o [scc] new: 0 BP 0M T: 0.00
c o [vrep] vars 0 lits 0 rem-bin-cls 0 rem-long-cls 0 BP 0M T: 0.00
c o [intree] Set 0 vars hyper-added: 5 trans-irred: 0 trans-red: 4 T: 0.00 T-out: N T-r: -1.70%
c o Executing OCC strategy token(s): 'occ-backw-sub-str,
c o [occ] mem usage for occur      0 MB
c o [occ] Linked in IRRED BIN by default: 115
c o [occ] Linked in RED   BIN by default: 70
c o Mem for watch alloc    : 0           MB (0.42      %)
c o Mem for watch array    : 0           MB (0.08      %)
c o Executing OCC strategy token: occ-backw-sub-str
c o [occ-backw-sub-str-long-w-bins] subs: 0 str: 0 tried: 185 0-depth ass: 0 T: 0.00 T-out: N T-r: 99.08%
c o [occ-backw-sub-long-w-long] rem cl: 0 tried: 1781/1781 (100.0%) T: 0.00 T-out: N T-r: 98.74%
c o [occ-backw-sub-str-long-w-long] sub: 0 str: 0 tried: 5343/1781 (300.0)  T: 0.00 T-out: N T-r: 94.19%
c o --> Executing strategy token: sub-str-cls-with-bin
c o [distill] watch-based irred--  cl tried     1516 cl-sh     0 cl-rem    0 lit-rem      0 T: 0.00 T-out: N
c o [distill] watch-based   red--  cl tried        0 cl-sh     0 cl-rem    0 lit-rem      0 T: 0.00 T-out: N
c o --> Executing strategy token: clean-cls
c o --> Executing strategy token: distill-cls
c o [distill-long-irred] cls tried: 758/758 T: 0.00 T-out: N T-r: 98.88%
c o [distill-long-irred] cls tried: 758/758 T: 0.00 T-out: N T-r: 98.42%
c o --> Executing strategy token: distill-bins
c o [distill-bin] useful: 1/115/115 lits-rem: 0 cl-rem: 1 0-depth-assigns: 0 T: 0.00 T-out: N
c o [consolidate] mini T: 0.00
c o global_timeout_multiplier: 0.1100
c o [branch] rebuilding order heap for all branchings. Current branching: vsids
c o --> Executing strategy token: oracle-vivif-sparsify
c o --> Executing strategy token: must-renumber
c o [renumber] T: 0.00
c o [oracle-bin] potential pairs: 1425 T: 0.0002
c o --> Executing strategy token: must-scc-vrepl
c o [scc] new: 0 BP 0M T: 0.00
c o [vrep] vars 0 lits 0 rem-bin-cls 0 rem-long-cls 0 BP 0M T: 0.00
c o [oracle-vivif] lits-rem: 1 learnt-units: 0 T-out: N T-remain: 97.4091% T: 0.01
c o [oracle-bin] bin-added: 76 equiv-added: 0 T-out: Y T-remain: 96.84% T: 0.00
c o [oracle-vivif] cache usefulness: 95% total T: 0.01
c o --> Executing strategy token: sub-impl
c o [impl-sub] bin: 103 T: 0.00 T-out: N w-visit: 360
c o Executing OCC strategy token(s): 'occ-backw-sub,
c o [occ] mem usage for occur      0 MB
c o [occ] Linked in IRRED BIN by default: 114
c o [occ] Linked in RED   BIN by default: 75
c o Mem for watch alloc    : 0           MB (0.49      %)
c o Mem for watch array    : 0           MB (0.06      %)
c o Executing OCC strategy token: occ-backw-sub
c o [occ-backw-sub-long-w-long] rem cl: 2 tried: 2204/2204 (100.0%) T: 0.00 T-out: N T-r: 98.48%
c o --> Executing strategy token: must-renumber
c o [renumber] T: 0.00
c o [oracle-sparsify] done with 10 % oracle mems:  119K ccnr useful: 30.7% T: 0.0
c o [oracle-sparsify] done with 20 % oracle mems:  222K ccnr useful: 24.6% T: 0.0
c o [oracle-sparsify] done with 30 % oracle mems:  336K ccnr useful: 18.3% T: 0.0
c o [oracle-sparsify] done with 40 % oracle mems:  451K ccnr useful: 15.2% T: 0.1
c o [oracle-sparsify] done with 50 % oracle mems:  564K ccnr useful: 17.2% T: 0.1
c o [oracle-sparsify] done with 60 % oracle mems:  723K ccnr useful: 14.9% T: 0.1
c o [oracle-sparsify] done with 70 % oracle mems:  897K ccnr useful: 12.8% T: 0.1
c o [oracle-sparsify] done with 80 % oracle mems: 1056K ccnr useful: 11.2% T: 0.1
c o [oracle-sparsify] done with 90 % oracle mems: 1186K ccnr useful: 9.9% T: 0.1
c o [oracle-sparsify] removed: 90 of which bin: 1 tot considered: 871 ccnr useful: 78 oracle uknown: 0 cache useful: 0% learnt-units: 0 T: 0.14 buildT: 0.00
c o [consolidate] mini T: 0.00
c o global_timeout_multiplier: 0.1100
c o [branch] rebuilding order heap for all branchings. Current branching: vsids
c o --> Executing strategy token: must-scc-vrepl
c o [scc] new: 0 BP 0M T: 0.00
c o [vrep] vars 0 lits 0 rem-bin-cls 0 rem-long-cls 0 BP 0M T: 0.00
c o --> Executing strategy token: full-probe
c o [full-probe]  bin_only: 0 set: 0 repl: 0 T: 0.00 T-out: N T-r: 97.48%
c o --> Executing strategy token: sub-impl
c o [impl-sub] bin: 0 T: 0.00 T-out: N w-visit: 360
c o --> Executing strategy token: sub-cls-with-bin
c o [distill] watch-based irred--  cl tried      668 cl-sh     0 cl-rem    0 lit-rem      0 T: 0.00 T-out: N
c o [distill] watch-based   red--  cl tried        0 cl-sh     0 cl-rem    0 lit-rem      0 T: 0.00 T-out: N
c o --> Executing strategy token: distill-cls-onlyrem
c o [distill-long-irred] cls tried: 668/668 T: 0.00 T-out: N T-r: 99.01%
c o Executing OCC strategy token(s): 'occ-backw-sub,occ-resolv-subs,occ-rem-with-orgates,occ-ternary-res,
c o [occ] mem usage for occur      0 MB
c o [occ] Linked in IRRED BIN by default: 113
c o [occ] Linked in RED   BIN by default: 76
c o [occ] mem usage for occur      0 MB
c o Mem for watch alloc    : 0           MB (0.57      %)
c o Mem for watch array    : 0           MB (0.06      %)
c o Executing OCC strategy token: occ-backw-sub
c o [occ-backw-sub-long-w-long] rem cl: 0 tried: 2202/2202 (100.0%) T: 0.00 T-out: N T-r: 98.61%
c o Executing OCC strategy token: occ-resolv-subs
c o [occ-resolv-subs] removed: 0 checked: 7143 T: 0.0
c o Executing OCC strategy token: occ-rem-with-orgates
c o [occ-gates] found:     5 avg-s: 2.0 T: 0.00 T-out: N T-r: 99.46%
c o [occ-gate-based-lit-rem] lit-rem: 0 cl-rem: 0 T: 0.00 T-out: N
c o Executing OCC strategy token: occ-ternary-res
c o [occ-ternary-res] Ternary res-tri: 135 res-bin: 0 sub: 45 str: 0 T: 0.00 T-out: N T-r: 97.94%
c o --> Executing strategy token: must-scc-vrepl
c o [scc] new: 0 BP 0M T: 0.00
c o [vrep] vars 0 lits 0 rem-bin-cls 0 rem-long-cls 0 BP 0M T: 0.00
c o Executing OCC strategy token(s): 'occ-bve,
c o [occ] mem usage for occur      0 MB
c o [occ] Linked in IRRED BIN by default: 113
c o [occ] Linked in RED   BIN by default: 76
c o [occ] mem usage for occur      0 MB
c o Mem for watch alloc    : 0           MB (0.57      %)
c o Mem for watch array    : 0           MB (0.06      %)
c o Executing OCC strategy token: occ-bve
c o [occ-empty-res] Empty resolvent elimed: 7 T: 0.00 T-out: N
c o [occ-bve] iter v-elim 4
c o cl_inc_rate=0.99, var_dec_rate=1.02 (grow=0)
c o Reduced to 169 vars, 733 cls (grow=0)
c o x n vars       : 169
c o #try to eliminate:   178
c o #var-elim        :     4
c o #T-o: N
c o #T-r: 100.00%
c o #T  : 0.01
c o [occur] 0.00 is overhead
c o [occur] link-in T: 0.00 cleanup T: 0.00
c o [occ-xor-bve] elimed: 0 T: 0.00 T-out: N
c o --> Executing strategy token: sub-impl
c o [impl-sub] bin: 0 T: 0.00 T-out: N w-visit: 360
c o --> Executing strategy token: distill-cls-onlyrem
c o [distill-long-irred] cls tried: 621/621 T: 0.00 T-out: N T-r: 98.83%
c o --> Executing strategy token: intree-probe
c o [scc] new: 0 BP 0M T: 0.00
c o [vrep] vars 0 lits 0 rem-bin-cls 0 rem-long-cls 0 BP 0M T: 0.00
c o [intree] Set 0 vars hyper-added: 2 trans-irred: 0 trans-red: 3 T: 0.00 T-out: N T-r: -3.96%
c o Executing OCC strategy token(s): 'occ-backw-sub-str,
c o [occ] mem usage for occur      0 MB
c o [occ] Linked in IRRED BIN by default: 112
c o [occ] Linked in RED   BIN by default: 70
c o [occ] mem usage for occur      0 MB
c o Mem for watch alloc    : 0           MB (0.57      %)
c o Mem for watch array    : 0           MB (0.06      %)
c o Executing OCC strategy token: occ-backw-sub-str
c o [occ-backw-sub-str-long-w-bins] subs: 0 str: 0 tried: 561 0-depth ass: 0 T: 0.00 T-out: N T-r: 99.11%
c o [occ-backw-sub-long-w-long] rem cl: 1 tried: 2120/2120 (100.0%) T: 0.00 T-out: N T-r: 98.67%
c o [occ-backw-sub-str-long-w-long] sub: 0 str: 0 tried: 6360/2120 (300.0)  T: 0.00 T-out: N T-r: 93.40%
c o --> Executing strategy token: sub-str-cls-with-bin
c o [distill] watch-based irred--  cl tried     1240 cl-sh     0 cl-rem    0 lit-rem      0 T: 0.00 T-out: N
c o [distill] watch-based   red--  cl tried        0 cl-sh     0 cl-rem    0 lit-rem      0 T: 0.00 T-out: N
c o --> Executing strategy token: clean-cls
c o --> Executing strategy token: distill-cls
c o [distill-long-irred] cls tried: 620/620 T: 0.00 T-out: N T-r: 98.83%
c o [distill-long-irred] cls tried: 620/620 T: 0.00 T-out: N T-r: 98.31%
c o --> Executing strategy token: distill-bins
c o [distill-bin] useful: 0/112/112 lits-rem: 0 cl-rem: 0 0-depth-assigns: 0 T: 0.00 T-out: N
c o Executing OCC strategy token(s): 'occ-backw-sub,
c o [occ] mem usage for occur      0 MB
c o [occ] Linked in IRRED BIN by default: 112
c o [occ] Linked in RED   BIN by default: 70
c o [occ] mem usage for occur      0 MB
c o Mem for watch alloc    : 0           MB (0.61      %)
c o Mem for watch array    : 0           MB (0.06      %)
c o Executing OCC strategy token: occ-backw-sub
c o [occ-backw-sub-long-w-long] rem cl: 0 tried: 2119/2119 (100.0%) T: 0.00 T-out: N T-r: 98.67%
c o [consolidate] mini T: 0.00
c o global_timeout_multiplier: 0.1100
c o [branch] rebuilding order heap for all branchings. Current branching: vsids
c o --> Executing strategy token: oracle-vivif-fast
c o --> Executing strategy token: must-renumber
c o [renumber] T: 0.00
c o [oracle-bin] potential pairs: 1273 T: 0.0002
c o --> Executing strategy token: must-scc-vrepl
c o [scc] new: 0 BP 0M T: 0.00
c o [vrep] vars 0 lits 0 rem-bin-cls 0 rem-long-cls 0 BP 0M T: 0.00
c o [oracle-vivif] lits-rem: 0 learnt-units: 0 T-out: N T-remain: 94.0689% T: 0.01
c o [oracle-bin] bin-added: 73 equiv-added: 0 T-out: Y T-remain: 96.41% T: 0.00
c o [oracle-vivif] cache usefulness: 95% total T: 0.01
c o --> Executing strategy token: oracle-sparsify-fast
c o --> Executing strategy token: sub-impl
c o [impl-sub] bin: 99 T: 0.00 T-out: N w-visit: 338
c o Executing OCC strategy token(s): 'occ-backw-sub,
c o [occ] mem usage for occur      0 MB
c o [occ] Linked in IRRED BIN by default: 112
c o [occ] Linked in RED   BIN by default: 73
c o [occ] mem usage for occur      0 MB
c o Mem for watch alloc    : 0           MB (0.62      %)
c o Mem for watch array    : 0           MB (0.05      %)
c o Executing OCC strategy token: occ-backw-sub
c o [occ-backw-sub-long-w-long] rem cl: 0 tried: 2483/2483 (100.0%) T: 0.00 T-out: N T-r: 98.45%
c o --> Executing strategy token: must-renumber
c o [renumber] T: 0.00
c o [oracle-sparsify] done with 10 % oracle mems:   66K ccnr useful: 48.6% T: 0.0
c o [oracle-sparsify] done with 20 % oracle mems:  139K ccnr useful: 41.5% T: 0.0
c o [oracle-sparsify] done with 30 % oracle mems:  207K ccnr useful: 39.1% T: 0.0
c o [oracle-sparsify] done with 40 % oracle mems:  303K ccnr useful: 30.0% T: 0.0
c o [oracle-sparsify] done with 50 % oracle mems:  385K ccnr useful: 26.8% T: 0.1
c o [oracle-sparsify] done with 60 % oracle mems:  477K ccnr useful: 22.3% T: 0.1
c o [oracle-sparsify] done with 70 % oracle mems:  597K ccnr useful: 19.7% T: 0.1
c o [oracle-sparsify] done with 80 % oracle mems:  693K ccnr useful: 17.2% T: 0.1
c o [oracle-sparsify] done with 90 % oracle mems:  808K ccnr useful: 15.3% T: 0.1
c o [oracle-sparsify] removed: 3 of which bin: 1 tot considered: 732 ccnr useful: 101 oracle uknown: 0 cache useful: 0% learnt-units: 0 T: 0.11 buildT: 0.00
c o [consolidate] mini T: 0.00
c o global_timeout_multiplier: 0.1100
c o [branch] rebuilding order heap for all branchings. Current branching: vsids
c o Executing OCC strategy token(s): 'occ-bve,
c o [occ] mem usage for occur      0 MB
c o [occ] Linked in IRRED BIN by default: 111
c o [occ] Linked in RED   BIN by default: 74
c o [occ] mem usage for occur      0 MB
c o Mem for watch alloc    : 0           MB (0.63      %)
c o Mem for watch array    : 0           MB (0.05      %)
c o Executing OCC strategy token: occ-bve
c o [occ-empty-res] Empty resolvent elimed: 0 T: 0.00 T-out: N
c o [occ-bve] iter v-elim 0
c o cl_inc_rate=1.00, var_dec_rate=1.00 (grow=0)
c o Reduced to 169 vars, 729 cls (grow=0)
c o x n vars       : 169
c o #try to eliminate:   158
c o #var-elim        :     0
c o #T-o: N
c o #T-r: 100.00%
c o #T  : 0.01
c o [occur] 0.00 is overhead
c o [occur] link-in T: 0.00 cleanup T: 0.00
c o [occ-xor-bve] elimed: 0 T: 0.00 T-out: N
c o [consolidate] mini T: 0.00
c o global_timeout_multiplier: 0.1100
c o [branch] rebuilding order heap for all branchings. Current branching: vsids
c o --> Executing strategy token: must-scc-vrepl
c o [scc] new: 0 BP 0M T: 0.00
c o [vrep] vars 0 lits 0 rem-bin-cls 0 rem-long-cls 0 BP 0M T: 0.00
c o --> Executing strategy token: must-renumber
c o [renumber] T: 0.00
c o [consolidate] mini T: 0.00
c o global_timeout_multiplier: 0.1100
c o [branch] rebuilding order heap for all branchings. Current branching: vsids
c o [occ] mem usage for occur      0 MB
c o [occ] Linked in IRRED BIN by default: 111
c o [occ] Linked in RED   BIN by default: 74
c o [occ] mem usage for occur      0 MB
c o Mem for watch alloc    : 0           MB (0.63      %)
c o Mem for watch array    : 0           MB (0.05      %)
c o [empty] empty_occ: 0 T: 0.00
c o Executing OCC strategy token(s): 'occ-bve-empty,
c o [occ] mem usage for occur      0 MB
c o [occ] Linked in IRRED BIN by default: 111
c o [occ] Linked in RED   BIN by default: 74
c o [occ] mem usage for occur      0 MB
c o Mem for watch alloc    : 0           MB (0.63      %)
c o Mem for watch array    : 0           MB (0.05      %)
c o Executing OCC strategy token: occ-bve-empty
c o [occ-empty-res] Empty resolvent elimed: 0 T: 0.00 T-out: N
c o --> Executing strategy token: must-renumber
c o [renumber] T: 0.00
c o [consolidate] mini T: 0.00
c o global_timeout_multiplier: 0.1100
c o [branch] rebuilding order heap for all branchings. Current branching: vsids
c o [0m[puura] new_empty_sampl_vars size: 0[0m
c o [get-cnf] Checking for variables mapping to same new var to set AIG definitions...
c o solver orig num vars: 180 solver simp num vars: 169
c o [0m[31m[puura] Done. final vars: 169 final cls: 729 T: 0.32[0m
c o [0m[arjun-sbva] entering SBVA with     vars: 169     cls:   729 opt sampl: 14[0m
c o [0m[arjun-sbva] exited SBVA with       vars: 171     cls:   717[0m
c o [0m[arjun-sbva] K steps remaining: 929.51 T-out: No T: 0.00[0m
c o [0m[extend-gates] Gates added to opt indep: 0 T: 0.00[0m
c o [0m[arjun-extend] Start unknown size: 157[0m
c o [0m[arjun-extend] ccnr. got back sols: 0 erased: 0 T: 0.00[0m
c o [0m[arjun-extend] Extend finished  orig size: 14 final size: 28 Undef: 0 T: 0.02 mem: 14 MB[0m
c o Arjun T: 1.55
c o Found 1 disconnected component(s)
c o [par] Using non-parallel counting
c o ind size: 11 nvars: 171
c o opt ind size: 28 ind size: 11 nvars: 171
c o Sampling set size: 11
c o Opt sampling set size: 28
c o Bin irred/red      115        74        
c o Long irred cls/tri 172        430       
c o Long red cls/tri   1252       613       
c o [td] nodes: 28 nvars: 171 edges: 335
c o [td] Primal graph   nodes: 171 edges: 335 density: 0.011 edge/var: 1.959
c o [td] min degree heuristic
c o [td] #bags 4, tw 25, elapsed 0.000 s
c o [td] min shortcut heuristic
c o [td] run with 0.0/0.1/0.2 min balance and node_min_expansion in endless loop with varying seed
c o [td] iter 100 width: 24 stepsK remain: 99 T: 0.073
c o [td] iter 200 width: 24 stepsK remain: 99 T: 0.140
c o [td] iter 300 width: 24 stepsK remain: 99 T: 0.210
c o [td] iter 400 width: 24 stepsK remain: 98 T: 0.282
c o [td] iter 500 width: 24 stepsK remain: 98 T: 0.352
c o [td] iter 600 width: 24 stepsK remain: 98 T: 0.430
c o [td] iter 700 width: 24 stepsK remain: 97 T: 0.499
c o [td] iter 800 width: 24 stepsK remain: 97 T: 0.570
c o [td] centroid bag id: 1 bag size: 17
c o [td] centroid bag id: 1 bag size: 17
c o [td] weight: 7.000 nodes: 28 rt/width(=rt): 1.167 rt*conf.td_exp_mult: 1.283 conf.td_exp_mult: 1.100 conf.td_divider: 1000.000 max ord diff: 2
c o [td] decompose time: 0.644
c o [rst-cube] Num restarts: 0 orig cubes this rst: 1 final cubes this rst: 1 total orig cubes: 1 total final cubes: 1
c o total time so far: 2.200
c o decisions K                    0         -- Kdec/s:     1.14     
c o conflicts                      22           -- confl/s:    33.94    
c o rem lits triedK/rem lits remK  0         0         
c o shrink tried/useful%/lits rem  22        36.3636   18        
c o avg clsz/rem lits avg/finalavg 6.3636    5.5000    5.0455   
c o rdbs/low lbd/rem               0     0      0     
c o looks/look-computes            0/0
c o sat call/sat/unsat/confl/rst  257   257   0     0     0     
c o buddy called /unsat ratio           0     / 0.0000 
c o buddy avg num bin/long cls/vs  0.0000 / 0.0000 / 0.0000
c o buddy max num bin/long cls/vs  0     / 0     / 0    
c o orig cubes/lit-r avg/exten avg 1     / 0.00  / 0.00 
c o cubes orig/symm/final          1     / 0     / 1    
c o cubes resolved/flp-removed     0     / 0    
c o tot restarts                   0    
c o comp sortsK/avg sz             0     / 2.99130435
c o comps recordK/non-reset ratio  0 / 0.99
c o vivif: try/cls/clviv/litsravg  0         0         0         0.00      
c o toplev subs runs/bins/long-cls 0         0         0         0         0         
c o toplevel probes/fail/bprop     0         0         0         
c o Mem used                       0.02 GB
c o cache pollutions call/removed  46/12
c o cache entries K                0
c o MB cache                       4.051
c o cache K (lookup/ stores/ hits/ dels) 0      0      0      0       -- Klookup/s:  0.82     
c o cache miss rate                0.649
c o avg hit/store num vars 8.511 / 37.211
c o 
c o intermediate count: 72
c o Total time [Arjun+GANAK]: 2.20
s SATISFIABLE
c s type pmc
c s log10-estimate 1.85733250e+00
c s exact arb int 72
c s pac guarantees epsilon: 0 delta: 0
