c o Ganak SHA1: 0b4881b40126fb5ae8a1b7c9fdd4878afa25b051
c o Arjun SHA1: 0b4881b40126fb5ae8a1b7c9fdd4878afa25b051
c o SBVA SHA1: 0b4881b40126fb5ae8a1b7c9fdd4878afa25b051
c o CMS SHA1: 0b4881b40126fb5ae8a1b7c9fdd4878afa25b051
c o ApproxMC SHA1: 0b4881b40126fb5ae8a1b7c9fdd4878afa25b051
c o Using ideas by JM Lagniez, and Pierre Marquis
c o     from paper: Improving Model Counting [..] IJCAI 2016
c o Using VMTF, picosat, CaDiCaL, and CadiBack code by Armin Biere
c o CMS is MIT licensed
c o Using code from 'When Boolean Satisfiability Meets Gauss-E. in a Simplex Way'
c o       by C.-S. Han and J.-H. Roland Jiang in CAV 2012. Fixes by M. Soos
c o Using CCAnr from 'CCAnr: A Conf. Checking Based Local Search Solver [...]'
c o       by Shaowei Cai, Chuan Luo, and Kaile Su, SAT 2015
c o Using Oracle code from 'Integrating Tree Decompositions [...]'
c o       by Tuukka Korhonen and Matti Jarvisalo, CP 2021
c o Using Graph library by Tuukka Korhonen and Matti Jarvisalo
c o Using Flowcutter by Ben Strasser
c o Ganak compilation env CMAKE_CXX_COMPILER = /usr/bin/c++ | CMAKE_CXX_FLAGS =  -fno-stack-protector -mpopcnt -msse4.2 -mpclmul -Wduplicated-cond -Wduplicated-branches -Wlogical-op -Wrestrict -Wnull-dereference -Wdouble-promotion -Wshadow -Wformat=2 -Wextra-semi -pedantic | COMPILE_DEFINES =  -DNDEBUG -D_FORTIFY_SOURCE=0 -DUSE_ZLIB | BUILD_SHARED_LIBS = OFF | ZLIB_FOUND = TRUE | ENABLE_ASSERTIONS = OFF | 
c o called with: /workspace/cm-packed-continuation/build/application-ganak/ganak --prob 0 --mode 0 --fast /workspace/cm-packed-evidence/oracle-extension/independent-07-0.cnf
c o CNF projection set size: 28
c o --> Executing strategy token: clean-cls
c o --> Executing strategy token: must-scc-vrepl
c o [scc] new: 152 BP 0M T: 0.00
c o [vrep] vars 146 lits 3138 rem-bin-cls 596 rem-long-cls 4 BP 0M T: 0.00
c o [consolidate] mini T: 0.00
c o global_timeout_multiplier: 0.1
c o [branch] rebuilding order heap for all branchings. Current branching: vsids
c o [0m[arjun-simp] probing all sampling variables[0m
c o --> Executing strategy token: must-scc-vrepl
c o [scc] new: 64 BP 0M T: 0.00
c o [vrep] vars 56 lits 1562 rem-bin-cls 308 rem-long-cls 7 BP 0M T: 0.00
c o [consolidate] mini T: 0.00
c o global_timeout_multiplier: 0.1
c o [branch] rebuilding order heap for all branchings. Current branching: vsids
c o [0m[arjun-simp] Removed set       : 18 new size: 10[0m
c o [0m[arjun-simp] Removed eq lits: 4 new size: 6[0m
c o [0m[arjun-simp] probe removed: 22 perc: 78.57 T: 0.00[0m
c o [0m[arjun-simp] Removed eq lits: 0 new size: 6[0m
c o [0m[arjun-simp] Removed set       : 0 new size: 6[0m
c o [0m[arjun-simp] get-empties removed: 0 perc: 0.00 total empties now: 0 T: 0.00[0m
c o [0m[arjun-simp] CMS::simplify() with no BVE, intree probe...[0m
c o --> Executing strategy token: str-impl
c [impl-str] lit bin: 2 set-var: 2 T: 0.00 T-out: N T-r: 99.74% w-visit: 2932
c o --> Executing strategy token: intree-probe
c o [scc] new: 0 BP 0M T: 0.00
c o [vrep] vars 0 lits 0 rem-bin-cls 0 rem-long-cls 0 BP 0M T: 0.00
c o [intree] Set 3 vars hyper-added: 0 trans-irred: 0 trans-red: 0 T: 0.00 T-out: N T-r: 0.12%
c o Executing OCC strategy token(s): 'occ-ternary-res,occ-backw-sub,
c o [occ] mem usage for occur      0 MB
c o [occ] Linked in IRRED BIN by default: 868
c o [occ] Linked in RED   BIN by default: 0
c o [occ] mem usage for occur      0 MB
c o Mem for watch alloc    : 0           MB (1.82      %)
c o Mem for watch array    : 0           MB (0.84      %)
c o Executing OCC strategy token: occ-ternary-res
c o [occ-ternary-res] Ternary res-tri: 793 res-bin: 0 sub: 5 str: 176 T: 0.00 T-out: N T-r: 88.30%
c o Executing OCC strategy token: occ-backw-sub
c o [occ-backw-sub-long-w-long] rem cl: 0 tried: 3532/3532 (100.0%) T: 0.00 T-out: N T-r: 97.22%
c o --> Executing strategy token: distill-litrem
c [distill-litrem] useful: 98/3018/2739 lits-rem: 98 0-depth-assigns: 0 T: 0.01 T-out: Y
c o --> Executing strategy token: must-distill-cls
c o [distill-long-irred] cls tried: 2641/2641 T: 0.02 T-out: N T-r: 25.93%
c o [distill-long-irred] cls tried: 2130/2182 T: 0.02 T-out: Y T-r: -0.09%
c o --> Executing strategy token: distill-bins
c o [distill-bin] useful: 154/671/1516 lits-rem: 0 cl-rem: 148 0-depth-assigns: 7 T: 0.00 T-out: Y
c o --> Executing strategy token: oracle-vivif-veryfast
c o --> Executing strategy token: must-renumber
c o [oracle-bin] potential pairs: 6106 T: 0.0
c o --> Executing strategy token: must-scc-vrepl
c o [scc] new: 93 BP 0M T: 0.00
c o [vrep] vars 90 lits 2603 rem-bin-cls 574 rem-long-cls 148 BP 0M T: 0.00
c o [oracle-vivif] lits-rem: 490 learnt-units: 14 T-out: N T-remain: 81.5% T: 0.06
c o [oracle-bin] bin-added: 274 equiv-added: 57 T-out: N T-remain: 97.86% T: 0.01
c o [oracle-vivif] cache usefulness: 96% total T: 0.07
c o [consolidate] mini T: 0.00
c o global_timeout_multiplier: 0.1000
c o [branch] rebuilding order heap for all branchings. Current branching: vsids
c o --> Executing strategy token: scc-vrepl
c o [scc] new: 0 BP 0M T: 0.00
c o [vrep] vars 0 lits 0 rem-bin-cls 0 rem-long-cls 0 BP 0M T: 0.00
c o --> Executing strategy token: sub-impl
c o [impl-sub] bin: 226 T: 0.00 T-out: N w-visit: 2932
c o --> Executing strategy token: breakid
c o Executing OCC strategy token(s): 'occ-backw-sub-str,occ-clean-implicit,occ-bve,occ-bva,occ-ternary-res,occ-xor,
c o [occ] mem usage for occur      0 MB
c o [occ] Linked in IRRED BIN by default: 1258
c o [occ] Linked in RED   BIN by default: 0
c o [occ] mem usage for occur      0 MB
c o Mem for watch alloc    : 0           MB (1.66      %)
c o Mem for watch array    : 0           MB (0.60      %)
c o Executing OCC strategy token: occ-backw-sub-str
c o [occ-backw-sub-str-long-w-bins] subs: 0 str: 0 tried: 1258 0-depth ass: 0 T: 0.00 T-out: N T-r: 92.48%
c o [occ-backw-sub-long-w-long] rem cl: 133 tried: 2288/2288 (100.0%) T: 0.00 T-out: N T-r: 98.63%
c o [occ-backw-sub-str-long-w-long] sub: 0 str: 0 tried: 6864/2288 (300.0)  T: 0.00 T-out: N T-r: 91.93%
c o Executing OCC strategy token: occ-clean-implicit
c o Executing OCC strategy token: occ-bve
c o Executing OCC strategy token: occ-bva
c o Executing OCC strategy token: occ-ternary-res
c o [occ-ternary-res] Ternary res-tri: 557 res-bin: 0 sub: 1 str: 106 T: 0.00 T-out: N T-r: 95.98%
c o Executing OCC strategy token: occ-xor
c o --> Executing strategy token: card-find
c o --> Executing strategy token: cl-consolidate
c o Not consolidating memory.
c o --> Executing strategy token: scc-vrepl
c o [scc] new: 15 BP 0M T: 0.00
c o [vrep] vars 15 lits 292 rem-bin-cls 71 rem-long-cls 60 BP 0M T: 0.00
c o --> Executing strategy token: renumber
c o --> Executing strategy token: louvain-comms
c o [consolidate] mini T: 0.00
c o global_timeout_multiplier: 0.1000
c o [branch] rebuilding order heap for all branchings. Current branching: vsids
c o [0m[arjun-simp] Removed set       : 2 new size: 4[0m
c o [0m[arjun-simp] CMS::simplify() with no BVE finished. T: 0.1265[0m
c o [0mWARNING: Turning off gates, because the sampling size is small, so we can just do it. Size: 4[0m
c o --> Executing strategy token: must-scc-vrepl
c o [scc] new: 0 BP 0M T: 0.00
c o [vrep] vars 0 lits 0 rem-bin-cls 0 rem-long-cls 0 BP 0M T: 0.00
c o --> Executing strategy token: clean-cls
c o --> Executing strategy token: sub-impl
c o [impl-sub] bin: 17 T: 0.00 T-out: N w-visit: 2932
c o [consolidate] mini T: 0.00
c o global_timeout_multiplier: 0.1000
c o [branch] rebuilding order heap for all branchings. Current branching: vsids
c o [0m[arjun-simp] Removed eq lits: 0 new size: 4[0m
c o [0m[arjun-simp] Removed set       : 0 new size: 4[0m
c o [0m[arjun-simp] get-empties removed: 0 perc: 0.00 total empties now: 0 T: 0.00[0m
c o [0m[arjun-simp] probing all sampling variables[0m
c o [0m[arjun-simp] Removed set       : 0 new size: 4[0m
c o [0m[arjun-simp] Removed eq lits: 0 new size: 4[0m
c o [0m[arjun-simp] probe removed: 0 perc: 0.00 T: 0.00[0m
c o [0m[arjun-simp] Removed eq lits: 0 new size: 4[0m
c o [0m[arjun-simp] Removed set       : 0 new size: 4[0m
c o [0m[arjun-simp] get-empties removed: 0 perc: 0.00 total empties now: 0 T: 0.00[0m
c o [0m[arjun] simplification finished  removed: 24 perc: 85.71 T: 0.14[0m
c o [0m[arjun] Duplicating CNF...[0m
c o [0m[arjun] Duplicated CNF. T: 0.00[0m
c o [0m[arjun] CMS::simplify() with *only* BVE...[0m
c o Executing OCC strategy token(s): 'occ-bve,
c o [occ] mem usage for occur      0 MB
c o [occ] Linked in IRRED BIN by default: 2487
c o [occ] Linked in RED   BIN by default: 48
c o [occ] mem usage for occur      0 MB
c o Mem for watch alloc    : 0           MB (2.92      %)
c o Mem for watch array    : 0           MB (1.67      %)
c o Executing OCC strategy token: occ-bve
c o [occ-empty-res] Empty resolvent elimed: 24 T: 0.00 T-out: N
c o [occ-bve] turning off picosat-based irreg gate detection, added lits:  7017
c o [occ-bve] iter v-elim 1546
c o cl_inc_rate=0.34, var_dec_rate=4.87 (grow=0)
c o Reduced to 400 vars, 2381 cls (grow=0)
c o [occ-bve] iter v-elim 25
c o cl_inc_rate=1.01, var_dec_rate=1.07 (grow=3)
c o Reduced to 375 vars, 2413 cls (grow=3)
c o [occ-bve] iter v-elim 32
c o cl_inc_rate=1.03, var_dec_rate=1.09 (grow=4)
c o Reduced to 343 vars, 2480 cls (grow=4)
c o [occ-bve] iter v-elim 20
c o cl_inc_rate=1.03, var_dec_rate=1.06 (grow=6)
c o Reduced to 323 vars, 2556 cls (grow=6)
c o [occ-bve] iter v-elim 15
c o cl_inc_rate=1.03, var_dec_rate=1.05 (grow=9)
c o Reduced to 308 vars, 2635 cls (grow=9)
c o [occ-bve] iter v-elim 9
c o cl_inc_rate=1.01, var_dec_rate=1.03 (grow=13)
c o Reduced to 299 vars, 2660 cls (grow=13)
c o [occ-bve] iter v-elim 9
c o cl_inc_rate=1.02, var_dec_rate=1.03 (grow=16)
c o Reduced to 290 vars, 2724 cls (grow=16)
c o x n vars       : 290
c o #try to eliminate:  6379
c o #var-elim        :  1656
c o #T-o: N
c o #T-r: 99.72%
c o #T  : 0.08
c o [occur] 0.00 is overhead
c o [occur] link-in T: 0.00 cleanup T: 0.00
c o [occ-xor-bve] elimed: 0 T: 0.00 T-out: N
c o [consolidate] mini T: 0.00
c o global_timeout_multiplier: 0.1000
c o [branch] rebuilding order heap for all branchings. Current branching: vsids
c o [0m[arjun] CMS::simplify() with *only* BVE finished. T: 0.0845[0m
c o [0m[arjun] Adding fixed clauses time: 0.0002[0m
c o [0m[backward FAST] Start unknown size: 4[0m
c o [0m[31m[arjun] backward round finished. U:  I: 4 T: 0.00[0m
c o [0m[arjun] run_minimize finished T: 0.23[0m
c o WARNING. Not performing puura.  Number of sampling variables: 4 vs 10 and  --puura is: 1 components may be disconnected, which will interfere with proper TD weight calculation
c o Arjun T: 0.23
c o Found 2 disconnected component(s)
c o [par] Using non-parallel counting
c o ind size: 4 nvars: 1465
c o opt ind size: 4 ind size: 4 nvars: 1465
c o Sampling set size: 4
c o Opt sampling set size: 4
c o Bin irred/red            1665          0
c o Long irred cls/tri        299       3499
c o Long red cls/tri            0          0
c o UIP search time        : 0.00        (0.43      % time)
c o restarts               : 7           (4.71      confls per restart)
c o blocked restarts       : 0           (0.00      per normal restart)
c o time                   : 0.00        
c o decisions              : 174         (0.00      % random)
c o propagations           : 8325        (7602K     props/s)
c o decisions/conflicts    : 5.27        
c o conflicts              : 33          
c o conf lits non-minim    : 92          (2.79      lit/confl)
c o conf lits final        : 2.76        
c o red which0             : 15          (45.45     % of confl)
c o props/decision         : 0.00        
c o props/conflict         : 0.00        
c o 0-depth assigns        : 491         (33.52     % vars)
c o 0-depth assigns by CNF : 386         (26.35     % vars)
c o reduceDB time          : 0.00        (0.00      % time)
c o OccSimplifier time     : 0.00        (0.00      % time)
c o [occur] 0.00 is overhead
c o [occur] link-in T: 0.00 cleanup T: 0.00
c o [occ-substr] long subBySub: 0 subByStr: 0 lits-rem-str: 0 T: 0.00
c o SCC time               : 0.00        (0.00      % time)
c o vrep replace time      : 0.00        (0.00      % time)
c o vrep tree roots        : 0           
c o vrep trees' crown      : 0           (0.00      leafs/tree)
c o distill long time      : 0.00        (0.00      % time)
c o distill bin time       : 0.00        (0.00      % time)
c o strength cache-irred time: 0.00        (0.00      % time)
c o strength cache-red time: 0.00        (0.00      % time)
c o avg cls in red 0       : 7.61        
c o avg cls in red 1       : 3.30        
c o avg cls in red 2       : 0.00        
c o Conflicts in UIP       : 33          (129.34    confl/time_this_thread)
c o Max Memory (rss) used  : 18504 kB    
c o Total time (this thread): 0.26        
c o intermediate count: 6
c o Total time [Arjun+GANAK]: 0.24
s SATISFIABLE
c s type pmc
c s log10-estimate 7.78151250e-01
c s exact arb int 6
c s pac guarantees epsilon: 0 delta: 0
