{"case": "free", "context": 0, "solver": "g3", "status": "complete"}
{"case": "free", "context": 0, "solver": "m22", "status": "complete"}
{"case": "free", "context": 1, "solver": "g3", "status": "complete"}
{"case": "free", "context": 1, "solver": "m22", "status": "complete"}
{"case": "free", "context": 2, "solver": "g3", "status": "complete"}
{"case": "free", "context": 2, "solver": "m22", "status": "complete"}
{"case": "hidden-multiple-witnesses", "context": 0, "solver": "g3", "status": "complete"}
{"case": "hidden-multiple-witnesses", "context": 0, "solver": "m22", "status": "complete"}
{"case": "hidden-multiple-witnesses", "context": 1, "solver": "g3", "status": "complete"}
{"case": "hidden-multiple-witnesses", "context": 1, "solver": "m22", "status": "complete"}
{"case": "hidden-multiple-witnesses", "context": 2, "solver": "g3", "status": "complete"}
{"case": "hidden-multiple-witnesses", "context": 2, "solver": "m22", "status": "complete"}
{"case": "empty-projection-sat", "context": 0, "solver": "g3", "status": "complete"}
{"case": "empty-projection-sat", "context": 0, "solver": "m22", "status": "complete"}
{"case": "empty-projection-sat", "context": 1, "solver": "g3", "status": "complete"}
{"case": "empty-projection-sat", "context": 1, "solver": "m22", "status": "complete"}
{"case": "contradiction", "context": 0, "solver": "g3", "status": "complete"}
{"case": "contradiction", "context": 0, "solver": "m22", "status": "complete"}
{"case": "random-0", "context": 0, "solver": "g3", "status": "complete"}
{"case": "random-0", "context": 0, "solver": "m22", "status": "complete"}
{"case": "random-0", "context": 1, "solver": "g3", "status": "complete"}
{"case": "random-0", "context": 1, "solver": "m22", "status": "complete"}
{"case": "random-1", "context": 0, "solver": "g3", "status": "complete"}
{"case": "random-1", "context": 0, "solver": "m22", "status": "complete"}
{"case": "random-1", "context": 1, "solver": "g3", "status": "complete"}
{"case": "random-1", "context": 1, "solver": "m22", "status": "complete"}
{"case": "random-2", "context": 0, "solver": "g3", "status": "complete"}
{"case": "random-2", "context": 0, "solver": "m22", "status": "complete"}
{"case": "random-2", "context": 1, "solver": "g3", "status": "complete"}
{"case": "random-2", "context": 1, "solver": "m22", "status": "complete"}
{"case": "random-3", "context": 0, "solver": "g3", "status": "complete"}
{"case": "random-3", "context": 0, "solver": "m22", "status": "complete"}
{"case": "random-3", "context": 1, "solver": "g3", "status": "complete"}
{"case": "random-3", "context": 1, "solver": "m22", "status": "complete"}
{"case": "random-4", "context": 0, "solver": "g3", "status": "complete"}
{"case": "random-4", "context": 0, "solver": "m22", "status": "complete"}
{"case": "random-4", "context": 1, "solver": "g3", "status": "complete"}
{"case": "random-4", "context": 1, "solver": "m22", "status": "complete"}
{"case": "random-5", "context": 0, "solver": "g3", "status": "complete"}
{"case": "random-5", "context": 0, "solver": "m22", "status": "complete"}
{"case": "random-5", "context": 1, "solver": "g3", "status": "complete"}
{"case": "random-5", "context": 1, "solver": "m22", "status": "complete"}
{"case": "random-6", "context": 0, "solver": "g3", "status": "complete"}
{"case": "random-6", "context": 0, "solver": "m22", "status": "complete"}
{"case": "random-6", "context": 1, "solver": "g3", "status": "complete"}
{"case": "random-6", "context": 1, "solver": "m22", "status": "complete"}
{"case": "random-7", "context": 0, "solver": "g3", "status": "complete"}
{"case": "random-7", "context": 0, "solver": "m22", "status": "complete"}
{"case": "random-7", "context": 1, "solver": "g3", "status": "complete"}
{"case": "random-7", "context": 1, "solver": "m22", "status": "complete"}
{"case": "random-8", "context": 0, "solver": "g3", "status": "complete"}
{"case": "random-8", "context": 0, "solver": "m22", "status": "complete"}
{"case": "random-8", "context": 1, "solver": "g3", "status": "complete"}
{"case": "random-8", "context": 1, "solver": "m22", "status": "complete"}
{"case": "random-9", "context": 0, "solver": "g3", "status": "complete"}
{"case": "random-9", "context": 0, "solver": "m22", "status": "complete"}
{"case": "random-9", "context": 1, "solver": "g3", "status": "complete"}
{"case": "random-9", "context": 1, "solver": "m22", "status": "complete"}
{"case": "random-10", "context": 0, "solver": "g3", "status": "complete"}
{"case": "random-10", "context": 0, "solver": "m22", "status": "complete"}
{"case": "random-10", "context": 1, "solver": "g3", "status": "complete"}
{"case": "random-10", "context": 1, "solver": "m22", "status": "complete"}
{"case": "random-11", "context": 0, "solver": "g3", "status": "complete"}
{"case": "random-11", "context": 0, "solver": "m22", "status": "complete"}
{"case": "random-11", "context": 1, "solver": "g3", "status": "complete"}
{"case": "random-11", "context": 1, "solver": "m22", "status": "complete"}
{"case": "independent-07", "context": 0, "solver": "g3", "status": "complete"}
{"case": "independent-07", "context": 0, "solver": "m22", "status": "complete"}
{"case": "independent-07", "context": 1, "solver": "g3", "status": "complete"}
{"case": "independent-07", "context": 1, "solver": "m22", "status": "complete"}
{"case": "independent-07", "context": 2, "solver": "g3", "status": "complete"}
{"case": "independent-07", "context": 2, "solver": "m22", "status": "complete"}
{"case": "independent-07", "context": 3, "solver": "g3", "status": "complete"}
{"case": "independent-07", "context": 3, "solver": "m22", "status": "complete"}
{"case": "independent-07", "context": 4, "solver": "g3", "status": "complete"}
{"case": "independent-07", "context": 4, "solver": "m22", "status": "complete"}
{"case": "independent-07", "context": 5, "solver": "g3", "status": "complete"}
{"case": "independent-07", "context": 5, "solver": "m22", "status": "complete"}
{"case": "independent-07", "context": 6, "solver": "g3", "status": "complete"}
{"case": "independent-07", "context": 6, "solver": "m22", "status": "complete"}
{"case": "independent-07", "context": 7, "solver": "g3", "status": "complete"}
{"case": "independent-07", "context": 7, "solver": "m22", "status": "complete"}
{"case": "independent-08", "context": 0, "solver": "g3", "status": "complete"}
{"case": "independent-08", "context": 0, "solver": "m22", "status": "complete"}
{"case": "independent-08", "context": 1, "solver": "g3", "status": "complete"}
{"case": "independent-08", "context": 1, "solver": "m22", "status": "complete"}
{"case": "independent-08", "context": 2, "solver": "g3", "status": "complete"}
{"case": "independent-08", "context": 2, "solver": "m22", "status": "complete"}
{"case": "independent-08", "context": 3, "solver": "g3", "status": "complete"}
{"case": "independent-08", "context": 3, "solver": "m22", "status": "complete"}
{"case": "independent-08", "context": 4, "solver": "g3", "status": "complete"}
{"case": "independent-08", "context": 4, "solver": "m22", "status": "complete"}
{"case": "independent-08", "context": 5, "solver": "g3", "status": "complete"}
{"case": "independent-08", "context": 5, "solver": "m22", "status": "complete"}
{"case": "independent-08", "context": 6, "solver": "g3", "status": "complete"}
{"case": "independent-08", "context": 6, "solver": "m22", "status": "complete"}
{"case": "independent-08", "context": 7, "solver": "g3", "status": "complete"}
{"case": "independent-08", "context": 7, "solver": "m22", "status": "complete"}
{"case": "independent-09", "context": 0, "solver": "g3", "status": "complete"}
{"case": "independent-09", "context": 0, "solver": "m22", "status": "complete"}
{"case": "independent-09", "context": 1, "solver": "g3", "status": "complete"}
{"case": "independent-09", "context": 1, "solver": "m22", "status": "complete"}
{"case": "independent-09", "context": 2, "solver": "g3", "status": "complete"}
{"case": "independent-09", "context": 2, "solver": "m22", "status": "complete"}
{"case": "independent-09", "context": 3, "solver": "g3", "status": "complete"}
{"case": "independent-09", "context": 3, "solver": "m22", "status": "complete"}
{"case": "independent-09", "context": 4, "solver": "g3", "status": "complete"}
{"case": "independent-09", "context": 4, "solver": "m22", "status": "complete"}
{"case": "independent-09", "context": 5, "solver": "g3", "status": "complete"}
{"case": "independent-09", "context": 5, "solver": "m22", "status": "complete"}
{"case": "independent-09", "context": 6, "solver": "g3", "status": "complete"}
{"case": "independent-09", "context": 6, "solver": "m22", "status": "complete"}
{"case": "independent-09", "context": 7, "solver": "g3", "status": "complete"}
{"case": "independent-09", "context": 7, "solver": "m22", "status": "complete"}
