Processing ./downloads/numpy-2.3.2-cp313-cp313-manylinux_2_27_x86_64.manylinux_2_28_x86_64.whl
Processing ./downloads/dd-0.6.0-cp313-cp313-manylinux_2_17_x86_64.manylinux2014_x86_64.whl
Processing ./downloads/pytest-8.4.2-py3-none-any.whl
Processing ./downloads/pytest_subtests-0.14.2-py3-none-any.whl
Processing ./downloads/astutils-0.0.6.tar.gz
  Preparing metadata (pyproject.toml): started
  Preparing metadata (pyproject.toml): finished with status 'done'
Processing ./downloads/ply-3.10.tar.gz
  Preparing metadata (pyproject.toml): started
  Preparing metadata (pyproject.toml): finished with status 'done'
Processing ./downloads/networkx-3.6.1-py3-none-any.whl
Processing ./downloads/pluggy-1.6.0-py3-none-any.whl
Processing ./downloads/iniconfig-2.1.0-py3-none-any.whl
Processing ./downloads/pygments-2.19.2-py3-none-any.whl
Processing ./downloads/requests-2.32.5-py3-none-any.whl
Processing ./downloads/urllib3-2.5.0-py3-none-any.whl
Processing ./downloads/certifi-2025.8.3-py3-none-any.whl
Processing ./downloads/charset_normalizer-3.4.3-py3-none-any.whl
Processing ./downloads/idna-3.10-py3-none-any.whl
Processing ./downloads/attrs-25.3.0-py3-none-any.whl
Processing ./downloads/python_flint-0.9.0-cp313-cp313-manylinux2014_x86_64.manylinux_2_17_x86_64.whl
Processing ./downloads/sympy-1.14.0-py3-none-any.whl
Processing ./downloads/mpmath-1.3.0-py3-none-any.whl
Processing ./downloads/pandas-2.3.2-cp313-cp313-manylinux_2_17_x86_64.manylinux2014_x86_64.whl
Processing ./downloads/python_dateutil-2.9.0.post0-py2.py3-none-any.whl
Processing ./downloads/pytz-2025.2-py2.py3-none-any.whl
Processing ./downloads/tzdata-2025.2-py2.py3-none-any.whl
Processing ./downloads/six-1.17.0-py2.py3-none-any.whl
Processing ./downloads/pyeda-0.29.0.tar.gz
  Preparing metadata (pyproject.toml): started
  Preparing metadata (pyproject.toml): finished with status 'done'
Processing ./downloads/python_sat-1.8.dev24-cp313-cp313-manylinux_2_24_x86_64.manylinux_2_28_x86_64.whl
Processing ./downloads/filelock-3.19.1-py3-none-any.whl
Processing ./downloads/typing_extensions-4.15.0-py3-none-any.whl
Processing ./downloads/jinja2-3.1.6-py3-none-any.whl
Processing ./downloads/fsspec-2025.9.0-py3-none-any.whl
Processing ./downloads/MarkupSafe-3.0.2-cp313-cp313-manylinux_2_17_x86_64.manylinux2014_x86_64.whl
Processing ./downloads/torch-2.8.0+cpu-cp313-cp313-manylinux_2_28_x86_64.whl
Building wheels for collected packages: astutils, ply, pyeda
  Building wheel for astutils (pyproject.toml): started
  Building wheel for astutils (pyproject.toml): finished with status 'done'
  Created wheel for astutils: filename=astutils-0.0.6-py3-none-any.whl size=6619 sha256=ada414d8ff0a65cf5f0985a4d6bd96fbc80e3e8c58de62727e032ccaf1943084
  Stored in directory: /root/.cache/pip/wheels/f0/f2/24/cabb54227170a68af32793e48ad768f23721de9744e7ce3941
  Building wheel for ply (pyproject.toml): started
  Building wheel for ply (pyproject.toml): finished with status 'done'
  Created wheel for ply: filename=ply-3.10-py2.py3-none-any.whl size=48469 sha256=7865246910e2dcc59259ed9674bf1f2f64028b61585d1c6d71d7760b82284564
  Stored in directory: /root/.cache/pip/wheels/6e/bc/ca/dbda1729c7da0a2d17560b8e2ab2594225714d83fac4af9f84
  Building wheel for pyeda (pyproject.toml): started
  Building wheel for pyeda (pyproject.toml): finished with status 'done'
  Created wheel for pyeda: filename=pyeda-0.29.0-cp313-cp313-linux_x86_64.whl size=668659 sha256=83205177766ff90ce8f514c081f0d39b8affaa3df784bba19f4a5795a89091c0
  Stored in directory: /root/.cache/pip/wheels/a2/51/68/14d6a44fb9e38f0a4a216e29c2b332b7ef85c33f0b3142c73d
Successfully built astutils ply pyeda
Installing collected packages: pytz, python-sat, pyeda, ply, mpmath, urllib3, tzdata, typing-extensions, torch, sympy, six, requests, python-flint, python-dateutil, pytest-subtests, pytest, pygments, pluggy, pandas, numpy, networkx, markupsafe, jinja2, iniconfig, idna, fsspec, filelock, dd, charset-normalizer, certifi, attrs, astutils

Successfully installed astutils-0.0.6 attrs-25.3.0 certifi-2025.8.3 charset-normalizer-3.4.3 dd-0.6.0 filelock-3.19.1 fsspec-2025.9.0 idna-3.10 iniconfig-2.1.0 jinja2-3.1.6 markupsafe-3.0.2 mpmath-1.3.0 networkx-3.6.1 numpy-2.3.2 pandas-2.3.2 pluggy-1.6.0 ply-3.10 pyeda-0.29.0 pygments-2.19.2 pytest-8.4.2 pytest-subtests-0.14.2 python-dateutil-2.9.0.post0 python-flint-0.9.0 python-sat-1.8.dev24 pytz-2025.2 requests-2.32.5 six-1.17.0 sympy-1.14.0 torch-2.8.0+cpu typing-extensions-4.15.0 tzdata-2025.2 urllib3-2.5.0
WARNING: Running pip as the 'root' user can result in broken permissions and conflicting behaviour with the system package manager, possibly rendering your system unusable. It is recommended to use a virtual environment instead: https://pip.pypa.io/warnings/venv. Use the --root-user-action option if you know what you are doing and want to suppress this warning.
