c [D4] Competition version
c [INITIAL INPUT] [4m[32mStatistics about the input formula[0m
c [INITIAL INPUT] Number of variables: 367
c [INITIAL INPUT] Number of clauses: 631
c [INITIAL INPUT] Number of unit clauses: 5
c [INITIAL INPUT] Number of binary clauses: 416
c [INITIAL INPUT] Number of ternary clauses: 7
c [INITIAL INPUT] Number of clauses larger than 3: 203
c [INITIAL INPUT] Number of literals: 2134
c
c [D4] Run the projected model counter
c [PREPROC MANAGER] Option PreprocManager: preproc(basic) input type(dimacs cnf)
c [MAIN PREPROCESSED INPUT] [4m[32mStatistics about the preprocessed formula[0m
c [PREPROCESSED INPUT] Number of variables: 367
c [PREPROCESSED INPUT] Number of clauses: 631
c [PREPROCESSED INPUT] Number of unit clauses: 5
c [PREPROCESSED INPUT] Number of binary clauses: 416
c [PREPROCESSED INPUT] Number of ternary clauses: 7
c [PREPROCESSED INPUT] Number of clauses larger than 3: 203
c [PREPROCESSED INPUT] Number of literals: 2134
c
c
c [PROJECTED VARIABLES] list: 1 2 3 4 5 6 7 8 9 10 11 12 13 14 15 16 17 18 19 20 21 22 23 24 25 26 27 28 29 30 31 32 33 34 35 36 37 38 39 40 41 42 43 44 45 46 47 48 49 50 51 52 53 54 55 56 57 58 59 60 61 62 63 64 65 66 67 68 69 70 71 72 73 74 75 76 77 78 79 80 81 82 83 84 85 86 87 88 89 90 91 92 93 94 95 96 97 98 99 100 101 102 103 104 105 106 107 108 109 110 111 112 113 114 115 116 117 118 119 120 121 122 123 124 125 126 127 128 129 130 131 132 133 134 135 136 137 138 139 140 141 142 143 144 145 146 147 148 149 150 151 152 153 154 155 156 157 158 159 160 161 162 163 164 165 166 167 168 169 170 171 172 173 174 175 176 177 178 179 180 181 182 183 184 185 186 187 188 189 190 191 192 193 194 195 196 197 198 199 200 201 202 203 204 205 206 207 208 209 210 211 212 213 214 215 216 217 218 219 220 221 222 223 224 225 226 227 228 229 230 231 232 233 234 235 236 237 238 239 240 241 242 243 244 245 246 247 248 249 250 251 252 253 254 255 256 257 258 259 260 261 262 263 264 265 266 267 268 269 270 271 272 273 274 275 276 277 278 279 280 281 282 283 284 285 286 287 288 289 290 291 292 293 294 295 296 297 298 299 300 301 302 303 304 305 306 307 308 309 310 311 312 313 314 315 316 317 318 319 320 321 322 323 324 325 326 327 328 329 330 331 332 333 334 335 336 337 338 339 340 341 342 343 344 345 346 347 348 349 350 351 352 353 354 355 356 357 358 359 360 361 362 363 364 365 366 367 
c
c [DPLL STYLE METHOD] Option DPLL-style Method: exploit-model(1) 
c [WRAPPER SOLVER] Option Solver: solver name(glucose cnf)
c [GLUCOSE SOLVER] Init phase
c [SPEC MANAGER] Option Formula Manager: update mode(dynamicBlockedSimp)
c [SPEC MANAGER] DYN with blocked clause elimination
c [SPEC MANAGER] Number of clauses removed at the beginning: 0
c [MODE] Projected we can only use the classical heuristic
c [BRANCHING HEURISTIC] Option Branching Heuristic: scoring method(vsads) phase heuristic(polarity) reverse phase (0) freq-decay (2048) branching heuristic (classic)
c [CACHE CLEANING MANAGER]  Option CacheCleaningManager: cleaning strategy(none) 
c [BUCKET MANAGER]  Option BucketManager: storage(not-touched)  representation(clause)  size_first_page(4294967296) size_additional_page(536870912)
c [CACHE LIST CONSTRUCTOR]
c [OPERATION MANAGER] Operator option: operator type(counting)
c
c [DPLL STYLE METHOD] Exploitation models: 1
c Warm start process (11): 19/29
c --------------------------------------------------------------------------------------------------------
c |        time|     #posHit|     #negHit|      memory|      #split|     mem(MB)|  #dec. Node|     #models|
c --------------------------------------------------------------------------------------------------------
c |        0.17|        6861|        8209|      947029|        6526|     4128.12|        8209|           0|
time: 0.0678974/0  number: 16384/0
c |        0.35|       21051|       16392|     1932144|       20763|     4128.76|       16392|           0|
time: 0.135704/0  number: 32768/0
c |        0.54|       44190|       24584|     3035850|       43927|     4129.41|       24584|           0|
time: 0.206421/0  number: 49152/0
c |        0.75|       70835|       32775|     4272120|       70525|     4130.05|       32775|           0|
time: 0.280596/0  number: 65536/0
c |        0.97|       91706|       40969|     5681481|       90837|     4130.69|       40969|           0|
time: 0.3604/0  number: 81920/0
c |        1.20|      110131|       49164|     7161743|      108705|     4131.33|       49164|           0|
time: 0.442969/0  number: 98304/0
c |        1.38|      121944|       57351|     8242907|      120254|     4131.85|       57351|           0|
time: 0.513781/0  number: 114688/0
c |        1.55|      140468|       65542|     9129587|      138311|     4132.49|       65542|           0|
time: 0.578142/0  number: 131072/0
c |        1.76|      158594|       73733|    10346174|      156456|     4133.14|       73733|           0|
time: 0.653202/0  number: 147456/0
c |        1.96|      180238|       81927|    11477309|      178317|     4133.78|       81927|           0|
time: 0.724728/0  number: 163840/0
c |        2.19|      209179|       90121|    12923072|      207441|     4134.42|       90121|           0|
time: 0.805369/0  number: 180224/0
c |        2.43|      242103|       98309|    14415142|      240323|     4135.06|       98309|           0|
time: 0.886584/0  number: 196608/0
c |        2.65|      269484|      106502|    15618267|      267398|     4135.71|      106502|           0|
time: 0.961257/0  number: 212992/0
c |        2.85|      297738|      114696|    16775763|      295373|     4136.35|      114696|           0|
time: 1.03313/0  number: 229376/0
c |        2.99|      315763|      122885|    17403815|      313022|     4136.86|      122885|           0|
time: 1.08831/8.10623e-06  number: 245759/1
c |        3.14|      333984|      131078|    18070922|      330448|     4137.51|      131078|           0|
time: 1.14458/8.10623e-06  number: 262143/1
c |        3.29|      346495|      139269|    18801071|      343262|     4138.15|      139269|           0|
time: 1.20424/8.10623e-06  number: 278527/1
c |        3.46|      360738|      147481|    19731884|      357563|     4138.80|      147481|           0|
time: 1.2703/8.10623e-06  number: 294911/1
c |        3.64|      378481|      155652|    20671409|      375406|     4139.44|      155652|           0|
time: 1.33595/8.10623e-06  number: 311295/1
c |        3.86|      413317|      163847|    21976782|      410781|     4140.08|      163847|           0|
time: 1.41007/8.10623e-06  number: 327679/1
c |        4.07|      447998|      172036|    23229036|      446189|     4140.73|      172036|           0|
time: 1.48281/8.10623e-06  number: 344063/1
c |        4.31|      471884|      180233|    24627904|      469852|     4141.37|      180233|           0|
time: 1.56306/8.10623e-06  number: 360447/1
c |        4.58|      495424|      188422|    26423364|      492533|     4142.01|      188422|           0|
time: 1.65307/8.10623e-06  number: 376831/1
c |        4.87|      518198|      196615|    28467155|      514711|     4142.66|      196615|           0|
time: 1.74886/8.10623e-06  number: 393215/1
c |        5.19|      539763|      204807|    30691869|      535729|     4143.30|      204807|           0|
time: 1.84933/8.10623e-06  number: 409599/1
c |        5.48|      564941|      213003|    32679106|      561560|     4143.94|      213003|           0|
time: 1.94049/8.10623e-06  number: 425983/1
c |        5.74|      590709|      221189|    34389232|      587665|     4144.58|      221189|           0|
time: 2.02493/8.10623e-06  number: 442367/1
c |        6.00|      619486|      229383|    36110059|      616113|     4145.35|      229383|           0|
time: 2.108/8.10623e-06  number: 458751/1
c |        6.29|      650378|      237576|    38123434|      646934|     4145.99|      237576|           0|
time: 2.19802/8.10623e-06  number: 475135/1
c |        6.56|      687388|      245765|    40015861|      684242|     4146.63|      245765|           0|
time: 2.28385/8.10623e-06  number: 491519/1
c |        6.84|      717538|      253965|    41927694|      716184|     4147.28|      253965|           0|
time: 2.36864/8.10623e-06  number: 507903/1
c |        7.03|      747114|      262153|    43036386|      746132|     4147.92|      262153|           0|
time: 2.43368/8.10623e-06  number: 524287/1
c |        7.26|      770054|      270342|    44456985|      769231|     4148.57|      270342|           0|
time: 2.50637/8.10623e-06  number: 540671/1
c |        7.44|      792731|      278538|    45496008|      792106|     4149.21|      278538|           0|
time: 2.571/8.10623e-06  number: 557055/1
c |        7.64|      817810|      286729|    46678284|      818057|     4149.72|      286729|           0|
time: 2.6383/8.10623e-06  number: 573439/1
c |        7.86|      848938|      294923|    47986722|      850652|     4150.36|      294923|           0|
time: 2.70766/8.10623e-06  number: 589823/1
c |        8.06|      874853|      303115|    49142881|      876110|     4151.01|      303115|           0|
time: 2.77394/8.10623e-06  number: 606207/1
c |        8.23|      896605|      311302|    50018472|      897026|     4151.65|      311302|           0|
time: 2.83581/8.10623e-06  number: 622591/1
c |        8.44|      920229|      319495|    51230530|      920194|     4152.30|      319495|           0|
time: 2.90417/8.10623e-06  number: 638975/1
c |        8.69|      952179|      327686|    52873599|      952700|     4152.94|      327686|           0|
time: 2.98559/8.10623e-06  number: 655359/1
c |        8.94|      988299|      335881|    54391943|      988875|     4153.59|      335881|           0|
time: 3.06709/8.10623e-06  number: 671743/1
c |        9.17|     1016640|      344070|    55812427|     1016939|     4154.23|      344070|           0|
time: 3.14775/8.10623e-06  number: 688127/1
c |        9.43|     1056765|      352266|    57383229|     1056896|     4154.88|      352266|           0|
time: 3.23162/8.10623e-06  number: 704511/1
c |        9.73|     1091713|      360458|    59406057|     1091501|     4155.52|      360458|           0|
time: 3.32585/8.10623e-06  number: 720895/1
c |        9.99|     1123077|      368647|    61140191|     1123307|     4156.16|      368647|           0|
time: 3.40932/8.10623e-06  number: 737279/1
c |       10.28|     1156736|      376841|    63127518|     1157141|     4156.80|      376841|           0|
time: 3.49928/8.10623e-06  number: 753663/1
c |       10.57|     1187391|      385032|    65064772|     1187554|     4157.45|      385032|           0|
time: 3.5888/8.10623e-06  number: 770047/1
c |       10.81|     1215281|      393222|    66604253|     1215771|     4158.09|      393222|           0|
time: 3.66842/8.10623e-06  number: 786431/1
c |       11.10|     1246339|      401415|    68505265|     1245689|     4158.73|      401415|           0|
time: 3.75843/8.10623e-06  number: 802815/1
c |       11.38|     1277263|      409608|    70377729|     1275778|     4159.38|      409608|           0|
time: 3.84704/8.10623e-06  number: 819199/1
c |       11.66|     1304197|      417798|    72293304|     1300734|     4160.02|      417798|           0|
time: 3.93806/8.10623e-06  number: 835583/1
c |       11.95|     1334416|      425993|    74265968|     1329807|     4160.67|      425993|           0|
time: 4.03323/8.10623e-06  number: 851967/1
c |       12.26|     1365724|      434184|    76339562|     1358980|     4161.31|      434184|           0|
time: 4.13026/8.10623e-06  number: 868351/1
c |       12.54|     1391915|      442376|    78253079|     1384636|     4161.96|      442376|           0|
time: 4.2204/8.10623e-06  number: 884735/1
c |       12.79|     1418007|      450567|    79830489|     1410608|     4162.60|      450567|           0|
time: 4.30212/2.43187e-05  number: 901117/3
c |       12.97|     1438807|      458759|    80820398|     1430470|     4163.25|      458759|           0|
time: 4.36606/2.43187e-05  number: 917501/3
c |       13.16|     1458610|      466950|    81901476|     1449396|     4163.89|      466950|           0|
time: 4.43268/3.57628e-05  number: 933884/4
c --------------------------------------------------------------------------------------------------------
c
c [1m[31mStatistics [0m
c [33mCompilation Information[0m
c Number of recursive call: 946419
c Number of split formula: 1463726
c Number of decision: 473209
c Number of models used: 0
c
c [1m[34mCache Information[0m
c Number of positive hit: 1473953
c Number of negative hit: 473209
c
c Final time: 13.31
c
time: 4.48346/3.57628e-05  number: 946415/4
s SATISFIABLE
c s type mc
c s log10-estimate 96.372694343292372307838652224204243178073910609293
c s exact arb int 2358817511711309534715417635228559504330072235667618870071860135451148736163694922723771851735040
c [COUNTER] Elapsed time: 13.343002564000000731425643607508391141891479492188 seconds
