c [D4] Competition version
c [INITIAL INPUT] [4m[32mStatistics about the input formula[0m
c [INITIAL INPUT] Number of variables: 4
c [INITIAL INPUT] Number of clauses: 8
c [INITIAL INPUT] Number of unit clauses: 2
c [INITIAL INPUT] Number of binary clauses: 5
c [INITIAL INPUT] Number of ternary clauses: 1
c [INITIAL INPUT] Number of clauses larger than 3: 0
c [INITIAL INPUT] Number of literals: 15
c
c [D4] Run the projected model counter
c [PREPROC MANAGER] Option PreprocManager: preproc(basic) input type(dimacs cnf)
c [MAIN PREPROCESSED INPUT] [4m[32mStatistics about the preprocessed formula[0m
c [PREPROCESSED INPUT] Number of variables: 4
c [PREPROCESSED INPUT] Number of clauses: 8
c [PREPROCESSED INPUT] Number of unit clauses: 2
c [PREPROCESSED INPUT] Number of binary clauses: 5
c [PREPROCESSED INPUT] Number of ternary clauses: 1
c [PREPROCESSED INPUT] Number of clauses larger than 3: 0
c [PREPROCESSED INPUT] Number of literals: 15
c
c
c [PROJECTED VARIABLES] list: 1 3 4 
c
c [DPLL STYLE METHOD] Option DPLL-style Method: exploit-model(1) 
c [WRAPPER SOLVER] Option Solver: solver name(glucose cnf)
c [GLUCOSE SOLVER] Init phase
c [SPEC MANAGER] Option Formula Manager: update mode(dynamicBlockedSimp)
c [SPEC MANAGER] DYN with blocked clause elimination
c [SPEC MANAGER] Number of clauses removed at the beginning: 1
c [MODE] Projected we can only use the classical heuristic
c [BRANCHING HEURISTIC] Option Branching Heuristic: scoring method(vsads) phase heuristic(polarity) reverse phase (0) freq-decay (2048) branching heuristic (classic)
c [CACHE CLEANING MANAGER]  Option CacheCleaningManager: cleaning strategy(none) 
c [BUCKET MANAGER]  Option BucketManager: storage(not-touched)  representation(clause)  size_first_page(4294967296) size_additional_page(536870912)
c [CACHE LIST CONSTRUCTOR]
c [OPERATION MANAGER] Operator option: operator type(counting)
c
c [DPLL STYLE METHOD] Exploitation models: 1
c Warm start process (11): 3/29
c --------------------------------------------------------------------------------------------------------
c |        time|     #posHit|     #negHit|      memory|      #split|     mem(MB)|  #dec. Node|     #models|
c --------------------------------------------------------------------------------------------------------
c --------------------------------------------------------------------------------------------------------
c
c [1m[31mStatistics [0m
c [33mCompilation Information[0m
c Number of recursive call: 1
c Number of split formula: 0
c Number of decision: 0
c Number of models used: 0
c
c [1m[34mCache Information[0m
c Number of positive hit: 0
c Number of negative hit: 0
c
c Final time: 0.00011
c
time: 4e-06/0  number: 1/0
s SATISFIABLE
c s type mc
c s log10-estimate 0
c s exact arb int 1
c [COUNTER] Elapsed time: 0.017207924999999998916244692281907191500067710876465 seconds
