c [D4] Competition version
c [INITIAL INPUT] [4m[32mStatistics about the input formula[0m
c [INITIAL INPUT] Number of variables: 6
c [INITIAL INPUT] Number of clauses: 10
c [INITIAL INPUT] Number of unit clauses: 5
c [INITIAL INPUT] Number of binary clauses: 0
c [INITIAL INPUT] Number of ternary clauses: 0
c [INITIAL INPUT] Number of clauses larger than 3: 5
c [INITIAL INPUT] Number of literals: 25
c
c [D4] Run the projected model counter
c [PREPROC MANAGER] Option PreprocManager: preproc(basic) input type(dimacs cnf)
c [MAIN PREPROCESSED INPUT] [4m[32mStatistics about the preprocessed formula[0m
c [PREPROCESSED INPUT] Number of variables: 6
c [PREPROCESSED INPUT] Number of clauses: 10
c [PREPROCESSED INPUT] Number of unit clauses: 5
c [PREPROCESSED INPUT] Number of binary clauses: 0
c [PREPROCESSED INPUT] Number of ternary clauses: 0
c [PREPROCESSED INPUT] Number of clauses larger than 3: 5
c [PREPROCESSED INPUT] Number of literals: 25
c
c
c [PROJECTED VARIABLES] list: 1 3 5 6 
c
c [DPLL STYLE METHOD] Option DPLL-style Method: exploit-model(1) 
c [WRAPPER SOLVER] Option Solver: solver name(glucose cnf)
c [GLUCOSE SOLVER] Init phase
c [SPEC MANAGER] Option Formula Manager: update mode(dynamicBlockedSimp)
c [SPEC MANAGER] DYN with blocked clause elimination
c [SPEC MANAGER] Number of clauses removed at the beginning: 3
c [MODE] Projected we can only use the classical heuristic
c [BRANCHING HEURISTIC] Option Branching Heuristic: scoring method(vsads) phase heuristic(polarity) reverse phase (0) freq-decay (2048) branching heuristic (classic)
c [CACHE CLEANING MANAGER]  Option CacheCleaningManager: cleaning strategy(none) 
c [BUCKET MANAGER]  Option BucketManager: storage(not-touched)  representation(clause)  size_first_page(4294967296) size_additional_page(536870912)
c [CACHE LIST CONSTRUCTOR]
c [OPERATION MANAGER] Operator option: operator type(counting)
c
c [DPLL STYLE METHOD] Exploitation models: 1
c Warm start process (11): 7/29
c --------------------------------------------------------------------------------------------------------
c |        time|     #posHit|     #negHit|      memory|      #split|     mem(MB)|  #dec. Node|     #models|
c --------------------------------------------------------------------------------------------------------
c --------------------------------------------------------------------------------------------------------
c
c [1m[31mStatistics [0m
c [33mCompilation Information[0m
c Number of recursive call: 3
c Number of split formula: 0
c Number of decision: 1
c Number of models used: 0
c
c [1m[34mCache Information[0m
c Number of positive hit: 0
c Number of negative hit: 1
c
c Final time: 0.000141
c
time: 1e-05/0  number: 3/0
s SATISFIABLE
c s type mc
c s log10-estimate 0.4771212547196624372950279032551153092001288641907
c s exact arb int 3
c [COUNTER] Elapsed time: 0.016723261999999999155575025611142336856573820114136 seconds
