c [D4] Competition version
c [INITIAL INPUT] [4m[32mStatistics about the input formula[0m
c [INITIAL INPUT] Number of variables: 129
c [INITIAL INPUT] Number of clauses: 1
c [INITIAL INPUT] Number of unit clauses: 1
c [INITIAL INPUT] Number of binary clauses: 0
c [INITIAL INPUT] Number of ternary clauses: 0
c [INITIAL INPUT] Number of clauses larger than 3: 0
c [INITIAL INPUT] Number of literals: 1
c
c [D4] Run the projected model counter
c [PREPROC MANAGER] Option PreprocManager: preproc(basic) input type(dimacs cnf)
c [MAIN PREPROCESSED INPUT] [4m[32mStatistics about the preprocessed formula[0m
c [PREPROCESSED INPUT] Number of variables: 129
c [PREPROCESSED INPUT] Number of clauses: 1
c [PREPROCESSED INPUT] Number of unit clauses: 1
c [PREPROCESSED INPUT] Number of binary clauses: 0
c [PREPROCESSED INPUT] Number of ternary clauses: 0
c [PREPROCESSED INPUT] Number of clauses larger than 3: 0
c [PREPROCESSED INPUT] Number of literals: 1
c
c
c [PROJECTED VARIABLES] list: 1 2 3 4 5 6 7 8 9 10 11 12 13 14 15 16 17 18 19 20 21 22 23 24 25 26 27 28 29 30 31 32 33 34 35 36 37 38 39 40 41 42 43 44 45 46 47 48 49 50 51 52 53 54 55 56 57 58 59 60 61 62 63 64 65 66 67 68 69 70 71 72 73 74 75 76 77 78 79 80 81 82 83 84 85 86 87 88 89 90 91 92 93 94 95 96 97 98 99 100 101 102 103 104 105 106 107 108 109 110 111 112 113 114 115 116 117 118 119 120 121 122 123 124 125 126 127 128 129 
c
c [DPLL STYLE METHOD] Option DPLL-style Method: exploit-model(1) 
c [WRAPPER SOLVER] Option Solver: solver name(glucose cnf)
c [GLUCOSE SOLVER] Init phase
c [SPEC MANAGER] Option Formula Manager: update mode(dynamicBlockedSimp)
c [SPEC MANAGER] DYN with blocked clause elimination
c [SPEC MANAGER] Number of clauses removed at the beginning: 0
c [MODE] Projected we can only use the classical heuristic
c [BRANCHING HEURISTIC] Option Branching Heuristic: scoring method(vsads) phase heuristic(polarity) reverse phase (0) freq-decay (2048) branching heuristic (classic)
c [CACHE CLEANING MANAGER]  Option CacheCleaningManager: cleaning strategy(none) 
c [BUCKET MANAGER]  Option BucketManager: storage(not-touched)  representation(clause)  size_first_page(4294967296) size_additional_page(536870912)
c [CACHE LIST CONSTRUCTOR]
c [OPERATION MANAGER] Operator option: operator type(counting)
c
c [DPLL STYLE METHOD] Exploitation models: 1
c Warm start process (11): 27/29
c --------------------------------------------------------------------------------------------------------
c |        time|     #posHit|     #negHit|      memory|      #split|     mem(MB)|  #dec. Node|     #models|
c --------------------------------------------------------------------------------------------------------
c --------------------------------------------------------------------------------------------------------
c
c [1m[31mStatistics [0m
c [33mCompilation Information[0m
c Number of recursive call: 1
c Number of split formula: 0
c Number of decision: 0
c Number of models used: 0
c
c [1m[34mCache Information[0m
c Number of positive hit: 0
c Number of negative hit: 0
c
c Final time: 0.000277
c
time: 8.99998e-06/0  number: 1/0
s SATISFIABLE
c s type mc
c s log10-estimate 38.53183944498959298735857852473510742632830482715
c s exact arb int 340282366920938463463374607431768211456
c [COUNTER] Elapsed time: 0.016833254999999998358095609773954492993652820587158 seconds
