c [D4] Competition version
c [INITIAL INPUT] [4m[32mStatistics about the input formula[0m
c [INITIAL INPUT] Number of variables: 432
c [INITIAL INPUT] Number of clauses: 1377
c [INITIAL INPUT] Number of unit clauses: 11
c [INITIAL INPUT] Number of binary clauses: 127
c [INITIAL INPUT] Number of ternary clauses: 861
c [INITIAL INPUT] Number of clauses larger than 3: 378
c [INITIAL INPUT] Number of literals: 4447
c
c [D4] Run the projected model counter
c [PREPROC MANAGER] Option PreprocManager: preproc(basic) input type(dimacs cnf)
c [MAIN PREPROCESSED INPUT] [4m[32mStatistics about the preprocessed formula[0m
c [PREPROCESSED INPUT] Number of variables: 432
c [PREPROCESSED INPUT] Number of clauses: 1377
c [PREPROCESSED INPUT] Number of unit clauses: 11
c [PREPROCESSED INPUT] Number of binary clauses: 127
c [PREPROCESSED INPUT] Number of ternary clauses: 861
c [PREPROCESSED INPUT] Number of clauses larger than 3: 378
c [PREPROCESSED INPUT] Number of literals: 4447
c
c
c [PROJECTED VARIABLES] list: 5 6 7 8 9 10 11 12 13 14 15 16 17 18 19 20 124 125 126 127 128 129 130 131 132 133 134 135 136 137 138 139 227 228 229 230 231 232 233 234 235 236 237 238 239 240 241 242 330 331 332 333 334 335 336 337 338 339 340 341 342 343 344 345 432 
c
c [DPLL STYLE METHOD] Option DPLL-style Method: exploit-model(1) 
c [WRAPPER SOLVER] Option Solver: solver name(glucose cnf)
c [GLUCOSE SOLVER] Init phase
c [SPEC MANAGER] Option Formula Manager: update mode(dynamicBlockedSimp)
c [SPEC MANAGER] DYN with blocked clause elimination
c [SPEC MANAGER] Number of clauses removed at the beginning: 185
c [MODE] Projected we can only use the classical heuristic
c [BRANCHING HEURISTIC] Option Branching Heuristic: scoring method(vsads) phase heuristic(polarity) reverse phase (0) freq-decay (2048) branching heuristic (classic)
c [CACHE CLEANING MANAGER]  Option CacheCleaningManager: cleaning strategy(none) 
c [BUCKET MANAGER]  Option BucketManager: storage(not-touched)  representation(clause)  size_first_page(4294967296) size_additional_page(536870912)
c [CACHE LIST CONSTRUCTOR]
c [OPERATION MANAGER] Operator option: operator type(counting)
c
c [DPLL STYLE METHOD] Exploitation models: 1
c Warm start process (11): 27/29
c --------------------------------------------------------------------------------------------------------
c |        time|     #posHit|     #negHit|      memory|      #split|     mem(MB)|  #dec. Node|     #models|
c --------------------------------------------------------------------------------------------------------
c |        0.37|        6471|        8640|     3163725|         438|     4128.80|        8204|           0|
time: 0.101292/4.80006e-05  number: 16379/5
c |        0.75|       13114|       17301|     6472075|         909|     4129.57|       16393|           0|
time: 0.204371/4.80006e-05  number: 32763/5
c |        1.12|       19739|       25961|     9760035|        1377|     4130.22|       24587|           0|
time: 0.305246/4.80006e-05  number: 49147/5
c |        1.50|       26169|       34615|    13132676|        1842|     4130.86|       32774|           0|
time: 0.41023/0.000490148  number: 65485/51
c |        1.91|       32329|       43338|    16618317|        2373|     4131.50|       40965|           0|
time: 0.520064/0.000667293  number: 81852/68
c |        2.30|       38302|       52035|    19971204|        2880|     4132.27|       49156|           0|
time: 0.627246/0.00068732  number: 98234/70
c |        2.68|       44400|       60689|    23220573|        3342|     4132.92|       57350|           0|
time: 0.732151/0.000716407  number: 114615/73
c |        3.08|       50979|       69369|    26719287|        3831|     4133.56|       65541|           0|
time: 0.842004/0.000797469  number: 130991/81
c |        3.49|       57574|       78063|    30290932|        4332|     4134.21|       73733|           0|
time: 0.951995/0.000884254  number: 147367/89
c |        3.90|       64246|       86769|    33898325|        4845|     4134.98|       81927|           0|
time: 1.06286/0.000905473  number: 163749/91
c |        4.31|       70940|       95487|    37510041|        5367|     4135.62|       90122|           0|
time: 1.17424/0.000905473  number: 180133/91
c |        4.73|       77676|      104195|    41108596|        5889|     4136.27|       98309|           0|
time: 1.28559/0.000905473  number: 196517/91
c |        5.14|       84409|      112900|    44705409|        6399|     4136.91|      106504|           0|
time: 1.39639/0.000905473  number: 212901/91
c |        5.56|       91154|      121608|    48339986|        6915|     4137.55|      114696|           0|
time: 1.50806/0.000905473  number: 229285/91
c |        5.97|       97881|      130324|    51977159|        7434|     4138.33|      122891|           0|
time: 1.61913/0.000905473  number: 245669/91
c |        6.38|      104588|      139025|    55596940|        7947|     4138.97|      131078|           0|
time: 1.72966/0.000905473  number: 262053/91
c |        6.79|      111321|      147735|    59224937|        8463|     4139.62|      139273|           0|
time: 1.84171/0.000905473  number: 278437/91
c |        7.21|      118039|      156442|    62859668|        8982|     4140.38|      147462|           0|
time: 1.95367/0.000905473  number: 294821/91
c |        7.61|      124742|      165133|    66441403|        9480|     4141.03|      155654|           0|
time: 2.06391/0.000905473  number: 311205/91
c |        8.02|      131417|      173839|    70073384|        9996|     4141.67|      163846|           0|
time: 2.17437/0.000905473  number: 327589/91
c |        8.43|      138077|      182542|    73681925|       10503|     4142.31|      172040|           0|
time: 2.28487/0.000905473  number: 343973/91
c |        8.83|      144715|      191208|    77229898|       10980|     4143.09|      180230|           0|
time: 2.39399/0.000905473  number: 360357/91
c |        9.23|      151465|      199888|    80885736|       11466|     4143.72|      188425|           0|
time: 2.50293/0.000905473  number: 376741/91
c |        9.63|      158194|      208579|    84525037|       11961|     4144.36|      196619|           0|
time: 2.61163/0.000905473  number: 393125/91
c |       10.03|      164982|      217253|    88080925|       12447|     4145.00|      204807|           0|
time: 2.71974/0.000905473  number: 409509/91
c |       10.43|      171838|      225919|    91612039|       12921|     4145.65|      213000|           0|
time: 2.82695/0.000905473  number: 425893/91
c |       10.83|      178676|      234592|    95169893|       13401|     4146.43|      221192|           0|
time: 2.9344/0.000905473  number: 442277/91
c |       11.23|      185493|      243268|    98734957|       13887|     4147.06|      229383|           0|
time: 3.0417/0.000905473  number: 458661/91
c |       11.63|      192267|      251962|   102272403|       14388|     4147.70|      237575|           0|
time: 3.14857/0.000905473  number: 475045/91
c |       12.03|      199051|      260655|   105839388|       14889|     4148.34|      245767|           0|
time: 3.25619/0.000905473  number: 491429/91
c |       12.44|      205829|      269345|   109421544|       15390|     4148.99|      253958|           0|
time: 3.36393/0.000905473  number: 507813/91
c |       12.84|      212745|      277991|   112940569|       15840|     4149.76|      262152|           0|
time: 3.47187/0.000905473  number: 524197/91
c |       13.23|      219630|      286647|   116501552|       16305|     4150.41|      270344|           0|
time: 3.57884/0.000905473  number: 540581/91
c |       13.63|      226489|      295309|   120085751|       16779|     4151.18|      278533|           0|
time: 3.6858/0.000905473  number: 556965/91
c |       14.03|      233336|      303978|   123680717|       17256|     4151.82|      286725|           0|
time: 3.79458/0.000905473  number: 573349/91
c |       14.43|      240172|      312649|   127282750|       17733|     4152.46|      294918|           0|
time: 3.90399/0.000905473  number: 589733/91
c |       14.84|      247030|      321314|   130868873|       18207|     4153.24|      303109|           0|
time: 4.01372/0.000905473  number: 606117/91
c |       15.23|      253873|      329986|   134484575|       18684|     4153.88|      311304|           0|
time: 4.12408/0.000905473  number: 622501/91
c |       15.63|      260698|      338660|   138140968|       19170|     4154.53|      319492|           0|
time: 4.23073/0.000905473  number: 638885/91
c |       16.03|      267514|      347338|   141795527|       19656|     4155.17|      327684|           0|
time: 4.34063/0.000905473  number: 655269/91
c |       16.45|      274342|      356017|   145452509|       20139|     4155.95|      335879|           0|
time: 4.45208/0.000905473  number: 671653/91
c |       16.85|      281158|      364696|   149108082|       20628|     4156.59|      344071|           0|
time: 4.56104/0.000905473  number: 688037/91
c |       17.23|      287975|      373371|   152764700|       21114|     4157.23|      352259|           0|
time: 4.66366/0.000905473  number: 704421/91
c |       17.62|      294793|      382052|   156425828|       21600|     4157.88|      360454|           0|
time: 4.76872/0.000905473  number: 720805/91
c |       18.01|      301615|      390731|   160088451|       22086|     4158.52|      368646|           0|
time: 4.87451/0.000905473  number: 737189/91
c |       18.40|      308435|      399409|   163746056|       22572|     4159.30|      376838|           0|
time: 4.9811/0.000905473  number: 753573/91
c |       18.81|      315240|      408090|   167408741|       23061|     4159.94|      385032|           0|
time: 5.09205/0.000905473  number: 769957/91
c |       19.22|      322067|      416766|   171067425|       23547|     4160.59|      393221|           0|
time: 5.20189/0.000905473  number: 786341/91
c |       19.62|      328879|      425449|   174728363|       24033|     4161.23|      401417|           0|
time: 5.31046/0.000905473  number: 802725/91
c |       20.04|      335705|      434123|   178387054|       24519|     4162.00|      409605|           0|
time: 5.42204/0.000905473  number: 819109/91
c |       20.43|      342642|      442760|   181910341|       24963|     4162.65|      417799|           0|
time: 5.53042/0.000905473  number: 835493/91
c |       20.82|      349595|      451391|   185407791|       25401|     4163.29|      425993|           0|
time: 5.63807/0.000905473  number: 851877/91
c |       21.21|      356546|      460017|   188897521|       25836|     4163.94|      434183|           0|
time: 5.74565/0.000905473  number: 868261/91
c |       21.60|      363479|      468656|   192427735|       26283|     4164.71|      442376|           0|
time: 5.85362/0.000905473  number: 884645/91
c |       22.00|      370366|      477305|   196000454|       26742|     4165.36|      450566|           0|
time: 5.96167/0.000905473  number: 901029/91
c |       22.40|      377262|      485956|   199574177|       27201|     4166.00|      458757|           0|
time: 6.06999/0.000905473  number: 917413/91
c |       22.80|      384148|      494611|   203154187|       27660|     4166.64|      466953|           0|
time: 6.17882/0.000905473  number: 933797/91
c |       23.20|      391000|      503273|   206770325|       28134|     4167.42|      475142|           0|
time: 6.28754/0.000905473  number: 950181/91
c |       23.60|      397856|      511936|   210382172|       28605|     4168.06|      483332|           0|
time: 6.39546/0.000905473  number: 966565/91
c |       24.00|      404698|      520607|   214001490|       29079|     4168.71|      491530|           0|
time: 6.5032/0.000905473  number: 982949/91
c |       24.36|      411572|      529265|   217615160|       29550|     4169.48|      499716|           0|
time: 6.6003/0.000905473  number: 999333/91
c |       24.71|      418411|      537930|   221231574|       30024|     4170.12|      507909|           0|
time: 6.6972/0.000905473  number: 1015717/91
c |       25.11|      425260|      546600|   224851843|       30495|     4170.77|      516106|           0|
time: 6.80518/0.000905473  number: 1032101/91
c --------------------------------------------------------------------------------------------------------
c |        time|     #posHit|     #negHit|      memory|      #split|     mem(MB)|  #dec. Node|     #models|
c --------------------------------------------------------------------------------------------------------
c |       25.51|      432099|      555269|   228493328|       30975|     4171.41|      524295|           0|
time: 6.91355/0.000905473  number: 1048485/91
c |       25.92|      438916|      563945|   232148844|       31464|     4172.19|      532484|           0|
time: 7.0223/0.000905473  number: 1064869/91
c |       26.32|      445717|      572628|   235811567|       31950|     4172.83|      540680|           0|
time: 7.12963/0.000905473  number: 1081253/91
c |       26.73|      452537|      581304|   239468680|       32436|     4173.48|      548870|           0|
time: 7.23935/0.000905473  number: 1097637/91
c |       27.09|      459342|      589981|   243125653|       32922|     4174.50|      557060|           0|
time: 7.33717/0.000905473  number: 1114021/91
c |       27.45|      466156|      598661|   246783005|       33408|     4175.14|      565253|           0|
time: 7.43564/0.000905473  number: 1130405/91
c |       27.85|      472973|      607342|   250449699|       33897|     4175.79|      573448|           0|
time: 7.54217/0.000905473  number: 1146789/91
c |       28.25|      479783|      616018|   254107983|       34383|     4176.56|      581637|           0|
time: 7.65081/0.000905473  number: 1163173/91
c |       28.64|      486599|      624700|   257766882|       34869|     4177.21|      589833|           0|
time: 7.75685/0.000905473  number: 1179557/91
c |       29.03|      493406|      633377|   261428526|       35355|     4177.85|      598023|           0|
time: 7.86178/0.000905473  number: 1195941/91
c |       29.43|      500218|      642054|   265084961|       35841|     4178.63|      606213|           0|
time: 7.97039/0.000905473  number: 1212325/91
c |       29.83|      507028|      650736|   268747325|       36330|     4179.27|      614408|           0|
time: 8.07929/0.000905473  number: 1228709/91
c |       30.23|      513853|      659409|   272403435|       36816|     4179.92|      622595|           0|
time: 8.1875/0.000905473  number: 1245093/91
c |       30.64|      520618|      668105|   276072198|       37317|     4180.69|      630791|           0|
time: 8.29602/0.000905473  number: 1261477/91
c |       31.04|      527394|      676798|   279732067|       37818|     4181.34|      638982|           0|
time: 8.40353/0.000905473  number: 1277861/91
c |       31.44|      534167|      685490|   283393779|       38319|     4181.98|      647173|           0|
time: 8.51218/0.000905473  number: 1294245/91
c |       31.84|      540924|      694184|   287053598|       38820|     4182.75|      655365|           0|
time: 8.62008/0.000905473  number: 1310629/91
c |       32.24|      547709|      702878|   290714326|       39321|     4183.40|      663558|           0|
time: 8.72864/0.000905473  number: 1327013/91
c |       32.65|      554480|      711571|   294374938|       39825|     4184.04|      671749|           0|
time: 8.84299/0.000905473  number: 1343397/91
c |       33.05|      561247|      720270|   298041274|       40326|     4184.82|      679947|           0|
time: 8.95152/0.000905473  number: 1359781/91
c |       33.46|      568022|      728958|   301697538|       40827|     4185.46|      688133|           0|
time: 9.06023/0.000905473  number: 1376165/91
c |       33.86|      574781|      737653|   305353128|       41328|     4186.11|      696326|           0|
time: 9.16896/0.000905473  number: 1392549/91
c |       34.26|      581564|      746345|   309014012|       41829|     4186.88|      704517|           0|
time: 9.27709/0.000905473  number: 1408933/91
c |       34.67|      588322|      755039|   312674265|       42330|     4187.52|      712709|           0|
time: 9.3848/0.000905473  number: 1425317/91
c |       35.07|      595094|      763734|   316337377|       42834|     4188.30|      720903|           0|
time: 9.49304/0.000905473  number: 1441701/91
c |       35.47|      601871|      772427|   319945300|       43335|     4188.94|      729094|           0|
time: 9.60043/0.000905473  number: 1458085/91
c |       35.87|      608642|      781121|   323520753|       43836|     4189.72|      737287|           0|
time: 9.7074/0.000905473  number: 1474469/91
c |       36.27|      615412|      789812|   327093681|       44337|     4190.36|      745476|           0|
time: 9.81451/0.000905473  number: 1490853/91
c |       36.67|      622189|      798508|   330616710|       44838|     4191.01|      753671|           0|
time: 9.92213/0.000905473  number: 1507237/91
c |       37.06|      628940|      807200|   334051381|       45342|     4191.78|      761861|           0|
time: 10.0283/0.000905473  number: 1523621/91
c |       37.46|      635708|      815898|   337559417|       45843|     4192.43|      770057|           0|
time: 10.1363/0.000905473  number: 1540005/91
c |       37.86|      642490|      824587|   341123120|       46344|     4193.20|      778245|           0|
time: 10.2505/0.000905473  number: 1556389/91
c |       38.27|      649257|      833280|   344741750|       46845|     4193.84|      786436|           0|
time: 10.3581/0.000905473  number: 1572773/91
c |       38.67|      656019|      841975|   348364113|       47346|     4194.62|      794630|           0|
time: 10.4664/0.000905473  number: 1589157/91
c |       39.05|      662796|      850668|   351986392|       47847|     4195.26|      802821|           0|
time: 10.569/0.000905473  number: 1605541/91
c |       39.46|      669566|      859366|   355607753|       48351|     4196.04|      811018|           0|
time: 10.6773/0.000905473  number: 1621925/91
c |       39.86|      676334|      868054|   359224715|       48852|     4196.68|      819204|           0|
time: 10.7857/0.000905473  number: 1638309/91
c |       40.26|      683239|      876703|   362634453|       49305|     4197.45|      827400|           0|
time: 10.892/0.000905473  number: 1654693/91
c |       40.65|      690331|      885316|   365890829|       49728|     4198.10|      835588|           0|
time: 10.9998/0.000905473  number: 1671077/91
c |       41.05|      697366|      893957|   369227283|       50175|     4198.74|      843783|           0|
time: 11.1097/0.000905473  number: 1687461/91
c |       41.45|      704382|      902602|   372588345|       50631|     4199.52|      851973|           0|
time: 11.2191/0.000905473  number: 1703845/91
c |       41.84|      711315|      911245|   375922639|       51078|     4200.16|      860170|           0|
time: 11.3273/0.000905473  number: 1720229/91
c |       42.24|      718274|      919889|   379284590|       51534|     4200.93|      868358|           0|
time: 11.4365/0.000905473  number: 1736613/91
c |       42.64|      725201|      928543|   382662115|       51993|     4201.58|      876552|           0|
time: 11.5465/0.000905473  number: 1752997/91
c |       43.05|      731093|      937214|   386070728|       52470|     4202.35|      884745|           0|
time: 11.6587/0.00102373  number: 1769368/104
c |       43.46|      737399|      945895|   389541772|       52962|     4203.00|      892934|           0|
time: 11.7715/0.00102373  number: 1785752/104
c |       43.88|      743793|      954576|   393010960|       53451|     4203.77|      901125|           0|
time: 11.8835/0.00102373  number: 1802136/104
c |       44.29|      750244|      963262|   396477447|       53943|     4204.41|      909320|           0|
time: 11.9959/0.00102373  number: 1818520/104
c |       44.70|      756920|      971939|   399936792|       54432|     4205.19|      917509|           0|
time: 12.1082/0.00102373  number: 1834904/104
c |       45.13|      763703|      980626|   403444314|       54927|     4205.96|      925702|           0|
time: 12.2216/0.00102373  number: 1851288/104
c |       45.54|      770907|      989294|   406974816|       55401|     4206.61|      933896|           0|
time: 12.335/0.00102373  number: 1867672/104
c |       45.96|      777994|      997971|   410469824|       55884|     4207.38|      942089|           0|
time: 12.4481/0.00102373  number: 1884056/104
c |       46.37|      785238|     1006641|   413891031|       56364|     4208.02|      950278|           0|
time: 12.5606/0.00102373  number: 1900440/104
c |       46.78|      792387|     1015321|   417332672|       56847|     4208.80|      958476|           0|
time: 12.6728/0.00102373  number: 1916824/104
c |       47.20|      799502|     1023992|   420869093|       57333|     4209.44|      966661|           0|
time: 12.7859/0.00102373  number: 1933208/104
c |       47.61|      806748|     1032673|   424414227|       57819|     4210.21|      974855|           0|
time: 12.899/0.00102373  number: 1949592/104
c |       48.03|      813923|     1041345|   427942161|       58302|     4210.99|      983044|           0|
time: 13.012/0.00102373  number: 1965976/104
c |       48.44|      821326|     1049999|   431397975|       58758|     4211.63|      991241|           0|
time: 13.1239/0.00102373  number: 1982360/104
c |       48.84|      828914|     1058644|   434846137|       59214|     4212.41|      999431|           0|
time: 13.2358/0.00102373  number: 1998744/104
c |       49.25|      836494|     1067294|   438306175|       59676|     4213.05|     1007621|           0|
time: 13.3486/0.00102373  number: 2015128/104
c |       49.65|      844074|     1075945|   441736001|       60135|     4213.82|     1015813|           0|
time: 13.4608/0.00102373  number: 2031512/104
c |       50.04|      851652|     1084598|   445076235|       60594|     4214.60|     1024007|           0|
time: 13.5709/0.00102373  number: 2047896/104
c |       50.44|      859233|     1093248|   448487061|       61053|     4215.24|     1032197|           0|
time: 13.6814/0.00102373  number: 2064280/104
c |       50.84|      866808|     1101903|   451945843|       61515|     4216.02|     1040390|           0|
time: 13.7934/0.00102373  number: 2080664/104
c --------------------------------------------------------------------------------------------------------
c |        time|     #posHit|     #negHit|      memory|      #split|     mem(MB)|  #dec. Node|     #models|
c --------------------------------------------------------------------------------------------------------
c |       51.26|      874360|     1110575|   455536637|       61992|     4216.66|     1048585|           0|
time: 13.9087/0.00102373  number: 2097048/104
c |       51.67|      881920|     1119241|   459128717|       62469|     4217.43|     1056774|           0|
time: 14.0207/0.00102373  number: 2113432/104
c |       52.07|      889475|     1127910|   462719573|       62946|     4218.21|     1064965|           0|
time: 14.1325/0.00102373  number: 2129816/104
c |       52.49|      897031|     1136580|   466314493|       63423|     4218.85|     1073158|           0|
time: 14.2453/0.00102373  number: 2146200/104
c |       52.90|      904582|     1145254|   469906493|       63900|     4219.62|     1081355|           0|
time: 14.3586/0.00102373  number: 2162584/104
c |       53.32|      912138|     1153922|   473497816|       64377|     4220.40|     1089545|           0|
time: 14.4718/0.00102373  number: 2178968/104
c |       53.74|      919693|     1162592|   477097915|       64857|     4221.04|     1097737|           0|
time: 14.5847/0.00102373  number: 2195352/104
c |       54.15|      927248|     1171261|   480698595|       65337|     4221.82|     1105926|           0|
time: 14.6987/0.00102373  number: 2211736/104
c |       54.56|      934797|     1179936|   484298544|       65817|     4223.09|     1114122|           0|
time: 14.8083/0.00102373  number: 2228120/104
c |       54.96|      942354|     1188603|   487899097|       66297|     4223.73|     1122309|           0|
time: 14.9191/0.00102373  number: 2244504/104
c |       55.37|      949908|     1197274|   491497468|       66774|     4224.51|     1130501|           0|
time: 15.0318/0.00102373  number: 2260888/104
c |       55.77|      957464|     1205943|   495093223|       67251|     4225.28|     1138693|           0|
time: 15.1404/0.00102373  number: 2277272/104
c |       56.17|      964774|     1214603|   498585663|       67719|     4225.93|     1146885|           0|
time: 15.2501/0.00102373  number: 2293656/104
c |       56.58|      971759|     1223269|   501994318|       68193|     4226.70|     1155078|           0|
time: 15.3631/0.00102373  number: 2310040/104
c |       56.97|      978816|     1231946|   505484695|       68679|     4227.47|     1163269|           0|
time: 15.4727/0.00102373  number: 2326424/104
c |       57.36|      985869|     1240625|   508978584|       69165|     4228.12|     1171461|           0|
time: 15.579/0.00102373  number: 2342808/104
c |       57.75|      992929|     1249304|   512471726|       69651|     4228.89|     1179654|           0|
time: 15.6857/0.00102373  number: 2359192/104
c |       58.13|      999990|     1257984|   515962680|       70140|     4229.66|     1187847|           0|
time: 15.791/0.00102373  number: 2375576/104
c |       58.53|     1007045|     1266659|   519453296|       70626|     4230.31|     1196035|           0|
time: 15.9003/0.00102373  number: 2391960/104
c |       58.93|     1014115|     1275335|   522936042|       71109|     4231.08|     1204229|           0|
time: 16.0125/0.00102373  number: 2408344/104
c |       59.34|     1021185|     1284008|   526412221|       71589|     4231.86|     1212420|           0|
time: 16.1243/0.00102373  number: 2424728/104
c |       59.76|     1028256|     1292681|   529887615|       72072|     4232.63|     1220611|           0|
time: 16.2461/0.00102373  number: 2441112/104
c |       60.16|     1035319|     1301355|   533366107|       72552|     4233.27|     1228803|           0|
time: 16.3575/0.00102373  number: 2457496/104
c |       60.58|     1042388|     1310032|   536849902|       73035|     4234.05|     1236998|           0|
time: 16.4712/0.00102373  number: 2473880/104
c |       60.99|     1049562|     1318704|   540355279|       73518|     4234.82|     1245187|           0|
time: 16.5853/0.00102373  number: 2490264/104
c |       61.41|     1057101|     1327386|   544008808|       74007|     4235.46|     1253381|           0|
time: 16.6986/0.00102373  number: 2506648/104
c |       61.83|     1064633|     1336074|   547690515|       74499|     4236.24|     1261578|           0|
time: 16.8127/0.00102373  number: 2523032/104
c |       62.25|     1072174|     1344753|   551362443|       74991|     4237.01|     1269765|           0|
time: 16.9245/0.00102373  number: 2539416/104
c |       62.66|     1079708|     1353440|   555038270|       75480|     4237.79|     1277960|           0|
time: 17.0358/0.00102373  number: 2555800/104
c |       63.08|     1087246|     1362122|   558711237|       75972|     4238.43|     1286151|           0|
time: 17.1485/0.00102373  number: 2572184/104
c |       63.50|     1094782|     1370805|   562386819|       76464|     4239.20|     1294342|           0|
time: 17.2627/0.00102373  number: 2588568/104
c |       63.92|     1102318|     1379490|   566066306|       76956|     4239.98|     1302536|           0|
time: 17.377/0.00102373  number: 2604952/104
c |       64.35|     1109858|     1388170|   569740504|       77448|     4240.75|     1310725|           0|
time: 17.4911/0.00102373  number: 2621336/104
c |       64.78|     1117395|     1396853|   573415908|       77940|     4241.39|     1318916|           0|
time: 17.6056/0.00102373  number: 2637720/104
c |       65.20|     1124931|     1405537|   577094161|       78429|     4242.17|     1327108|           0|
time: 17.7202/0.00102373  number: 2654104/104
c |       65.62|     1132462|     1414227|   580775266|       78921|     4242.94|     1335307|           0|
time: 17.8332/0.00102373  number: 2670488/104
c |       66.05|     1140005|     1422904|   584448429|       79413|     4243.71|     1343492|           0|
time: 17.9484/0.00102373  number: 2686872/104
c |       66.47|     1147539|     1431590|   588132468|       79905|     4244.36|     1351686|           0|
time: 18.065/0.00102373  number: 2703256/104
c |       66.90|     1155060|     1440285|   591835939|       80406|     4245.13|     1359879|           0|
time: 18.1795/0.00102373  number: 2719640/104
c |       67.33|     1162585|     1448977|   595538917|       80910|     4245.91|     1368070|           0|
time: 18.2953/0.00102373  number: 2736024/104
c |       67.75|     1170104|     1457674|   599246526|       81411|     4246.68|     1376265|           0|
time: 18.4097/0.00102373  number: 2752408/104
c |       68.18|     1177629|     1466367|   602944180|       81912|     4247.45|     1384457|           0|
time: 18.5238/0.00102373  number: 2768792/104
c |       68.60|     1185157|     1475056|   606644543|       82413|     4248.10|     1392644|           0|
time: 18.6383/0.00102373  number: 2785176/104
c |       69.03|     1192680|     1483750|   610346785|       82914|     4248.87|     1400837|           0|
time: 18.7523/0.00102373  number: 2801560/104
c |       69.45|     1200203|     1492443|   614051307|       83418|     4249.64|     1409028|           0|
time: 18.867/0.00102373  number: 2817944/104
c |       69.87|     1207723|     1501140|   617755782|       83919|     4250.42|     1417224|           0|
time: 18.977/0.00102373  number: 2834328/104
c |       70.28|     1215248|     1509832|   621452298|       84420|     4251.06|     1425414|           0|
time: 19.0914/0.00102373  number: 2850712/104
c |       70.71|     1222771|     1518526|   625157544|       84921|     4251.84|     1433607|           0|
time: 19.2068/0.00102373  number: 2867096/104
c |       71.14|     1230296|     1527218|   628857479|       85422|     4252.61|     1441797|           0|
time: 19.3213/0.00102373  number: 2883480/104
c |       71.56|     1237819|     1535911|   632561440|       85923|     4253.38|     1449988|           0|
time: 19.4363/0.00102373  number: 2899864/104
c |       71.99|     1245347|     1544602|   636254432|       86421|     4254.16|     1458182|           0|
time: 19.5509/0.00102373  number: 2916248/104
c |       72.42|     1252873|     1553293|   639942761|       86919|     4254.80|     1466376|           0|
time: 19.6647/0.00102373  number: 2932632/104
c |       72.85|     1260408|     1561978|   643626805|       87414|     4255.57|     1474565|           0|
time: 19.7792/0.00102373  number: 2949016/104
c |       73.27|     1267938|     1570666|   647311994|       87912|     4256.35|     1482757|           0|
time: 19.8923/0.00102373  number: 2965400/104
c |       73.69|     1275469|     1579354|   650999471|       88407|     4257.12|     1490948|           0|
time: 20.006/0.00102373  number: 2981784/104
c |       74.12|     1282992|     1588048|   654688392|       88905|     4257.89|     1499145|           0|
time: 20.1197/0.00102373  number: 2998168/104
c |       74.55|     1290528|     1596732|   658373150|       89400|     4258.67|     1507333|           0|
time: 20.2342/0.00102373  number: 3014552/104
c |       74.97|     1298058|     1605420|   662062439|       89898|     4259.31|     1515525|           0|
time: 20.3484/0.00102373  number: 3030936/104
c |       75.39|     1305587|     1614110|   665748086|       90393|     4260.09|     1523718|           0|
time: 20.4593/0.00102373  number: 3047320/104
c |       75.81|     1313113|     1622801|   669439072|       90891|     4260.86|     1531913|           0|
time: 20.5731/0.00102373  number: 3063704/104
c |       76.24|     1320649|     1631485|   673121038|       91386|     4261.63|     1540100|           0|
time: 20.6887/0.00102373  number: 3080088/104
c |       76.67|     1328175|     1640177|   676811538|       91881|     4262.41|     1548296|           0|
time: 20.8053/0.00102373  number: 3096472/104
c |       77.10|     1335713|     1648859|   680491207|       92376|     4263.05|     1556486|           0|
time: 20.9216/0.00102373  number: 3112856/104
c |       77.52|     1343250|     1657542|   684166300|       92868|     4263.82|     1564677|           0|
time: 21.0351/0.00102373  number: 3129240/104
c --------------------------------------------------------------------------------------------------------
c |        time|     #posHit|     #negHit|      memory|      #split|     mem(MB)|  #dec. Node|     #models|
c --------------------------------------------------------------------------------------------------------
c |       77.95|     1350783|     1666229|   687843864|       93357|     4264.60|     1572872|           0|
time: 21.1498/0.00102373  number: 3145624/104
c |       78.37|     1358322|     1674911|   691520622|       93849|     4265.37|     1581063|           0|
time: 21.2644/0.00102373  number: 3162008/104
c |       78.80|     1365858|     1683594|   695193759|       94341|     4266.14|     1589254|           0|
time: 21.3801/0.00102373  number: 3178392/104
c |       79.23|     1373396|     1692277|   698868625|       94833|     4266.92|     1597446|           0|
time: 21.4956/0.00102373  number: 3194776/104
c |       79.66|     1380936|     1700957|   702542316|       95322|     4267.56|     1605635|           0|
time: 21.6107/0.00102373  number: 3211160/104
c |       80.08|     1388473|     1709642|   706208060|       95811|     4268.34|     1613834|           0|
time: 21.7243/0.00102373  number: 3227544/104
c |       80.50|     1396019|     1718318|   709864128|       96297|     4269.11|     1622023|           0|
time: 21.8385/0.00102373  number: 3243928/104
c |       80.94|     1403563|     1726995|   713524855|       96783|     4269.88|     1630213|           0|
time: 21.9536/0.00102373  number: 3260312/104
c |       81.36|     1411104|     1735677|   717183881|       97269|     4270.66|     1638409|           0|
time: 22.0675/0.00102373  number: 3276696/104
c |       81.79|     1418651|     1744351|   720845461|       97758|     4271.43|     1646595|           0|
time: 22.1824/0.00102373  number: 3293080/104
c |       82.22|     1426191|     1753032|   724511756|       98247|     4272.08|     1654787|           0|
time: 22.2978/0.00102373  number: 3309464/104
c |       82.57|     1431616|     1761641|   727397099|       98660|     4272.85|     1662986|           0|
time: 22.4004/0.00399156  number: 3325546/406
c |       82.93|     1437408|     1770257|   730323183|       99083|     4273.62|     1671177|           0|
time: 22.5047/0.0052733  number: 3341814/522
c |       83.30|     1443055|     1778885|   733306848|       99524|     4274.40|     1679365|           0|
time: 22.611/0.00613542  number: 3358122/598
c |       83.64|     1448750|     1787467|   736039383|       99911|     4275.17|     1687559|           0|
time: 22.7134/0.00613542  number: 3374506/598
c |       83.99|     1454230|     1796040|   738712500|      100295|     4275.82|     1695749|           0|
time: 22.8154/0.0063643  number: 3390869/619
c |       84.33|     1459768|     1804617|   741406976|      100679|     4276.59|     1703941|           0|
time: 22.9171/0.0063643  number: 3407253/619
c |       84.68|     1465466|     1813227|   744247236|      101093|     4277.36|     1712139|           0|
time: 23.0196/0.00652452  number: 3423622/634
c |       85.03|     1471424|     1821807|   746995838|      101486|     4278.14|     1720326|           0|
time: 23.122/0.00652452  number: 3440006/634
c |       85.39|     1477225|     1830428|   749946193|      101912|     4278.78|     1728520|           0|
time: 23.2273/0.00652452  number: 3456390/634
c |       85.73|     1482928|     1838983|   752554762|      102275|     4279.55|     1736710|           0|
time: 23.3285/0.00652452  number: 3472774/634
c |       86.08|     1488692|     1847569|   755312847|      102671|     4280.33|     1744902|           0|
time: 23.4318/0.00658556  number: 3489154/638
c |       86.42|     1494662|     1856166|   758130615|      103073|     4281.10|     1753096|           0|
time: 23.5351/0.00671526  number: 3505526/650
c |       86.77|     1500429|     1864742|   760845114|      103457|     4281.88|     1761288|           0|
time: 23.636/0.00676866  number: 3521905/655
c |       87.10|     1506252|     1873300|   763483272|      103826|     4282.65|     1769476|           0|
time: 23.7373/0.00693651  number: 3538271/673
c |       87.43|     1511732|     1881849|   766035228|      104186|     4283.29|     1777668|           0|
time: 23.8369/0.00716539  number: 3554631/697
c |       87.78|    