c [D4] Competition version
c [INITIAL INPUT] [4m[32mStatistics about the input formula[0m
c [INITIAL INPUT] Number of variables: 432
c [INITIAL INPUT] Number of clauses: 1377
c [INITIAL INPUT] Number of unit clauses: 11
c [INITIAL INPUT] Number of binary clauses: 127
c [INITIAL INPUT] Number of ternary clauses: 861
c [INITIAL INPUT] Number of clauses larger than 3: 378
c [INITIAL INPUT] Number of literals: 4447
c
c [D4] Run the projected model counter
c [PREPROC MANAGER] Option PreprocManager: preproc(basic) input type(dimacs cnf)
c [MAIN PREPROCESSED INPUT] [4m[32mStatistics about the preprocessed formula[0m
c [PREPROCESSED INPUT] Number of variables: 432
c [PREPROCESSED INPUT] Number of clauses: 1377
c [PREPROCESSED INPUT] Number of unit clauses: 11
c [PREPROCESSED INPUT] Number of binary clauses: 127
c [PREPROCESSED INPUT] Number of ternary clauses: 861
c [PREPROCESSED INPUT] Number of clauses larger than 3: 378
c [PREPROCESSED INPUT] Number of literals: 4447
c
c
c [PROJECTED VARIABLES] list: 5 6 7 8 9 10 11 12 13 14 15 16 17 18 19 20 124 125 126 127 128 129 130 131 132 133 134 135 136 137 138 139 227 228 229 230 231 232 233 234 235 236 237 238 239 240 241 242 330 331 332 333 334 335 336 337 338 339 340 341 342 343 344 345 432 
c
c [DPLL STYLE METHOD] Option DPLL-style Method: exploit-model(1) 
c [WRAPPER SOLVER] Option Solver: solver name(glucose cnf)
c [GLUCOSE SOLVER] Init phase
c [SPEC MANAGER] Option Formula Manager: update mode(dynamicBlockedSimp)
c [SPEC MANAGER] DYN with blocked clause elimination
c [SPEC MANAGER] Number of clauses removed at the beginning: 181
c [MODE] Projected we can only use the classical heuristic
c [BRANCHING HEURISTIC] Option Branching Heuristic: scoring method(vsads) phase heuristic(polarity) reverse phase (0) freq-decay (2048) branching heuristic (classic)
c [CACHE CLEANING MANAGER]  Option CacheCleaningManager: cleaning strategy(none) 
c [BUCKET MANAGER]  Option BucketManager: storage(not-touched)  representation(clause)  size_first_page(4294967296) size_additional_page(536870912)
c [CACHE LIST CONSTRUCTOR]
c [OPERATION MANAGER] Operator option: operator type(counting)
c
c [DPLL STYLE METHOD] Exploitation models: 1
c Warm start process (11): 25/29
c --------------------------------------------------------------------------------------------------------
c |        time|     #posHit|     #negHit|      memory|      #split|     mem(MB)|  #dec. Node|     #models|
c --------------------------------------------------------------------------------------------------------
c |        0.35|        5413|        8506|     2760977|         617|     4128.80|        8205|           0|
time: 0.101051/0.000941009  number: 16272/112
c |        0.71|       10715|       17036|     5702351|        1302|     4129.58|       16389|           0|
time: 0.205254/0.001091  number: 32643/125
c |        1.07|       16187|       25587|     8673590|        1898|     4130.21|       24583|           0|
time: 0.309655/0.001091  number: 49027/125
c |        1.43|       21359|       34151|    11673645|        2512|     4130.85|       32775|           0|
time: 0.414056/0.00118303  number: 65403/133
c |        1.81|       25671|       42725|    14704613|        3148|     4131.48|       40969|           0|
time: 0.520575/0.00160992  number: 81738/182
c |        2.17|       31176|       51258|    17522132|        3781|     4132.12|       49162|           0|
time: 0.626582/0.00174093  number: 98109/195
c |        2.55|       36628|       59813|    20527648|        4508|     4132.88|       57351|           0|
time: 0.735757/0.00201249  number: 114461/227
c |        2.95|       42777|       68392|    23748657|        5799|     4133.52|       65540|           0|
time: 0.850012/0.00236416  number: 130801/271
c |        3.32|       48053|       76942|    26669201|        6402|     4134.16|       73734|           0|
time: 0.957687/0.00255585  number: 147156/300
c |        3.69|       53451|       85490|    29630845|        6995|     4134.80|       81930|           0|
time: 1.06584/0.00271511  number: 163520/320
c |        4.07|       58588|       94033|    32604591|        7604|     4135.44|       90119|           0|
time: 1.17453/0.00288105  number: 179890/334
c |        4.43|       63091|      102567|    35463009|        8286|     4136.22|       98311|           0|
time: 1.28086/0.00303841  number: 196258/350
c |        4.80|       67637|      111113|    38410541|        8901|     4136.86|      106502|           0|
time: 1.38847/0.00319338  number: 212629/363
c |        5.18|       72337|      119659|    41349855|        9551|     4137.50|      114694|           0|
time: 1.49715/0.00335312  number: 228994/382
c |        5.55|       76320|      128216|    44332041|       10175|     4138.14|      122887|           0|
time: 1.60493/0.00354242  number: 245357/403
c |        5.92|       81234|      136750|    47193047|       10819|     4138.78|      131082|           0|
time: 1.71145/0.00380182  number: 261710/434
c |        6.28|       86678|      145299|    50153023|       11414|     4139.42|      139270|           0|
time: 1.81758/0.00402546  number: 278063/465
c |        6.66|       92618|      153842|    53125366|       12020|     4140.19|      147461|           0|
time: 1.92541/0.00421  number: 294428/484
c |        7.01|       98002|      162382|    56019938|       12652|     4140.84|      155654|           0|
time: 2.03003/0.00436068  number: 310797/499
c |        7.39|      103932|      170941|    59056189|       13269|     4141.46|      163846|           0|
time: 2.13888/0.0045557  number: 327164/516
c |        7.76|      110087|      179479|    61972763|       13895|     4142.10|      172039|           0|
time: 2.24631/0.00470924  number: 343534/530
c |        8.14|      115529|      188050|    65067268|       14467|     4142.74|      180228|           0|
time: 2.35513/0.0049119  number: 359896/552
c |        8.51|      121403|      196593|    67987277|       15089|     4143.51|      188424|           0|
time: 2.46216/0.00509119  number: 376262/570
c |        8.89|      127417|      205153|    71040194|       15685|     4144.15|      196615|           0|
time: 2.57074/0.00523234  number: 392627/589
c |        9.26|      133810|      213707|    74051353|       16313|     4144.79|      204805|           0|
time: 2.67947/0.0054431  number: 408983/617
c |        9.63|      139621|      222254|    76995990|       16941|     4145.55|      212998|           0|
time: 2.78651/0.00570345  number: 425334/650
c |       10.00|      145543|      230798|    79952023|       17557|     4146.20|      221191|           0|
time: 2.89455/0.00587893  number: 441696/672
c |       10.38|      151846|      239356|    82996530|       18184|     4146.83|      229385|           0|
time: 3.0062/0.00607729  number: 458058/694
c |       10.75|      158115|      247908|    86019726|       18817|     4147.48|      237572|           0|
time: 3.11507/0.00625467  number: 474422/714
c |       11.12|      164223|      256466|    89030464|       19437|     4148.11|      245767|           0|
time: 3.2227/0.0065093  number: 490776/744
c |       11.50|      170417|      265015|    92023597|       20069|     4148.89|      253958|           0|
time: 3.33095/0.00669432  number: 507138/766
c |       11.88|      176660|      273579|    95102893|       20685|     4149.52|      262151|           0|
time: 3.44055/0.00683832  number: 523506/782
c |       12.25|      182690|      282132|    98118176|       21295|     4150.16|      270342|           0|
time: 3.54934/0.00696325  number: 539878/794
c |       12.62|      188510|      290685|   101096948|       21915|     4150.80|      278539|           0|
time: 3.65767/0.00705958  number: 556252/804
c |       13.00|      194639|      299235|   104120962|       22557|     4151.44|      286726|           0|
time: 3.76634/0.00718355  number: 572624/816
c |       13.38|      201359|      307801|   107229478|       23181|     4152.20|      294918|           0|
time: 3.87673/0.00730944  number: 588995/829
c |       13.76|      207843|      316358|   110301929|       23828|     4152.84|      303110|           0|
time: 3.98628/0.00744963  number: 605366/842
c |       14.14|      214647|      324908|   113348824|       24433|     4153.48|      311301|           0|
time: 4.09571/0.007545  number: 621740/852
c |       14.51|      220756|      333454|   116348059|       25053|     4154.12|      319493|           0|
time: 4.20471/0.00776911  number: 638095/881
c |       14.89|      227247|      342010|   119400076|       25655|     4154.76|      327686|           0|
time: 4.31418/0.0079484  number: 654461/899
c |       15.26|      232887|      350553|   122380018|       26278|     4155.53|      335877|           0|
time: 4.4226/0.00810671  number: 670829/915
c |       15.63|      238514|      359095|   125337900|       26884|     4156.17|      344069|           0|
time: 4.53069/0.00820971  number: 687202/926
c |       15.99|      244012|      367640|   128300361|       27497|     4156.81|      352260|           0|
time: 4.63744/0.00833273  number: 703573/939
c |       16.37|      250198|      376204|   131377871|       28084|     4157.45|      360455|           0|
time: 4.74683/0.00847483  number: 719942/954
c |       16.73|      256261|      384736|   134289019|       28713|     4158.10|      368644|           0|
time: 4.85457/0.00859118  number: 736314/966
c |       17.10|      262089|      393272|   137181632|       29321|     4158.99|      376840|           0|
time: 4.96192/0.00872469  number: 752685/979
c |       17.47|      268139|      401820|   140182236|       29921|     4159.63|      385028|           0|
time: 5.07119/0.00885439  number: 769057/991
c |       17.83|      273724|      410360|   143113804|       30511|     4160.28|      393220|           0|
time: 5.17953/0.00904894  number: 785424/1008
c |       18.20|      278919|      418903|   146041492|       31126|     4160.92|      401414|           0|
time: 5.28703/0.00917482  number: 801795/1021
c |       18.56|      284485|      427443|   148973725|       31729|     4161.57|      409605|           0|
time: 5.39518/0.00931978  number: 818165/1035
c |       18.94|      290680|      435993|   151960814|       32338|     4162.34|      417800|           0|
time: 5.50516/0.00946665  number: 834534/1050
c |       19.32|      296842|      444542|   154971507|       32947|     4162.99|      425991|           0|
time: 5.61502/0.00957728  number: 850906/1062
c |       19.69|      303268|      453086|   157943590|       33556|     4163.63|      434182|           0|
time: 5.72472/0.00968218  number: 867280/1072
c |       20.06|      309635|      461637|   160965812|       34182|     4164.28|      442375|           0|
time: 5.83404/0.00978708  number: 883652/1084
c |       20.44|      316220|      470194|   164040100|       34789|     4164.92|      450564|           0|
time: 5.9446/0.00993204  number: 900021/1099
c |       20.81|      322227|      478737|   166980745|       35421|     4165.70|      458759|           0|
time: 6.05367/0.0100274  number: 916395/1109
c |       21.19|      328449|      487283|   169978600|       36007|     4166.34|      466949|           0|
time: 6.16311/0.010159  number: 932766/1122
c |       21.55|      334034|      495822|   172911427|       36630|     4166.99|      475139|           0|
time: 6.27206/0.0102563  number: 949139/1133
c |       21.93|      340569|      504374|   175922704|       37240|     4167.63|      483334|           0|
time: 6.38258/0.0103707  number: 965512/1144
c |       22.30|      346598|      512917|   178894317|       37852|     4168.28|      491523|           0|
time: 6.49199/0.010489  number: 981884/1156
c |       22.67|      352913|      521466|   181891276|       38464|     4169.05|      499717|           0|
time: 6.60147/0.0105824  number: 998258/1166
c |       23.05|      359167|      530017|   184910035|       39090|     4169.70|      507908|           0|
time: 6.71087/0.010695  number: 1014630/1178
c |       23.43|      365373|      538576|   187954874|       39696|     4170.34|      516104|           0|
time: 6.82491/0.0108247  number: 1031001/1191
c --------------------------------------------------------------------------------------------------------
c |        time|     #posHit|     #negHit|      memory|      #split|     mem(MB)|  #dec. Node|     #models|
c --------------------------------------------------------------------------------------------------------
c |       23.79|      371144|      547121|   190925066|       40315|     4170.99|      524294|           0|
time: 6.93302/0.01092  number: 1047375/1201
c |       24.17|      377261|      555668|   193915423|       40946|     4171.63|      532487|           0|
time: 7.04196/0.0110192  number: 1063750/1210
c |       24.54|      383702|      564225|   196965908|       41568|     4172.41|      540680|           0|
time: 7.15219/0.0111852  number: 1080118/1226
c |       24.92|      390153|      572788|   200067732|       42189|     4173.05|      548870|           0|
time: 7.2622/0.0113893  number: 1096478/1250
c |       25.30|      396670|      581338|   203071568|       42836|     4173.70|      557064|           0|
time: 7.37101/0.0115361  number: 1112847/1265
c |       25.67|      402652|      589892|   206111920|       43444|     4174.34|      565252|           0|
time: 7.48002/0.0116754  number: 1129216/1280
c |       26.05|      409049|      598454|   209178647|       44059|     4175.11|      573446|           0|
time: 7.59087/0.0117955  number: 1145587/1293
c |       26.42|      414774|      607001|   212125961|       44697|     4175.76|      581642|           0|
time: 7.69965/0.0119348  number: 1161957/1307
c |       26.79|      420631|      615543|   215094910|       45286|     4176.40|      589829|           0|
time: 7.8084/0.0120511  number: 1178330/1318
c |       27.16|      425989|      624093|   218056933|       45910|     4177.05|      598023|           0|
time: 7.91751/0.0122094  number: 1194698/1334
c |       27.53|      432117|      632648|   221079277|       46512|     4177.82|      606215|           0|
time: 8.02773/0.0123677  number: 1211065/1351
c |       27.90|      437975|      641185|   224014436|       47138|     4178.46|      614402|           0|
time: 8.13687/0.0125108  number: 1227435/1365
c |       28.27|      444372|      649743|   227046662|       47748|     4179.11|      622599|           0|
time: 8.24673/0.0127034  number: 1243801/1383
c |       28.65|      451134|      658303|   230128364|       48375|     4179.75|      630791|           0|
time: 8.35682/0.0128369  number: 1260171/1397
c |       29.03|      457331|      666859|   233183946|       49040|     4180.53|      638981|           0|
time: 8.46628/0.0129914  number: 1276539/1413
c |       29.40|      463157|      675411|   236181983|       49693|     4181.17|      647176|           0|
time: 8.57579/0.0131059  number: 1292911/1425
c |       29.78|      469602|      683979|   239309762|       50315|     4181.82|      655368|           0|
time: 8.68719/0.0132279  number: 1309283/1437
c |       30.17|      476143|      692542|   242415506|       50940|     4182.59|      663558|           0|
time: 8.79845/0.0133348  number: 1325656/1448
c |       30.55|      483252|      701107|   245524755|       51578|     4183.24|      671751|           0|
time: 8.9102/0.0134606  number: 1342025/1463
c |       30.93|      489701|      709665|   248594861|       52182|     4183.88|      679943|           0|
time: 9.02041/0.0136533  number: 1358388/1484
c |       31.31|      496287|      718222|   251660602|       52800|     4184.53|      688133|           0|
time: 9.13191/0.0137563  number: 1374761/1495
c |       31.69|      502670|      726777|   254693659|       53448|     4185.30|      696328|           0|
time: 9.24284/0.0139031  number: 1391128/1512
c |       32.07|      508703|      735338|   257764011|       54066|     4185.95|      704522|           0|
time: 9.35336/0.0140519  number: 1407496/1528
c |       32.44|      514241|      743896|   260819454|       54678|     4186.59|      712710|           0|
time: 9.46404/0.0142159  number: 1423863/1545
c |       32.82|      520355|      752446|   263838513|       55276|     4187.36|      720901|           0|
time: 9.57494/0.0143647  number: 1440232/1560
c |       33.20|      526447|      760996|   266836544|       55944|     4188.01|      729095|           0|
time: 9.68564/0.0145173  number: 1456599/1577
c |       33.57|      532569|      769552|   269887704|       56582|     4188.65|      737286|           0|
time: 9.79704/0.0146775  number: 1472966/1594
c |       33.94|      538319|      778088|   272789800|       57224|     4189.43|      745478|           0|
time: 9.90457/0.0149102  number: 1489321/1623
c |       34.32|      544466|      786638|   275795278|       57831|     4190.32|      753669|           0|
time: 10.0151/0.015059  number: 1505688/1640
c |       34.69|      550396|      795191|   278801488|       58430|     4191.09|      761860|           0|
time: 10.1245/0.0151963  number: 1522057/1655
c |       35.07|      556062|      803756|   281876507|       59014|     4191.74|      770054|           0|
time: 10.2355/0.0153565  number: 1538424/1672
c |       35.44|      562212|      812308|   284878800|       59640|     4192.38|      778246|           0|
time: 10.3465/0.0154939  number: 1554795/1685
c |       35.83|      568693|      820869|   287961564|       60244|     4193.16|      786436|           0|
time: 10.4585/0.0156274  number: 1571163/1701
c |       36.20|      574973|      829413|   290927814|       60862|     4193.80|      794629|           0|
time: 10.569/0.0157495  number: 1587535/1713
c |       36.57|      580790|      837950|   293843192|       61552|     4194.57|      802821|           0|
time: 10.6775/0.0158715  number: 1603905/1727
c |       36.95|      587445|      846509|   296923651|       62162|     4195.22|      811013|           0|
time: 10.7888/0.0160165  number: 1620273/1743
c |       37.33|      594160|      855071|   300015366|       62776|     4195.86|      819205|           0|
time: 10.9004/0.0161386  number: 1636644/1756
c |       37.72|      600498|      863629|   303083252|       63404|     4196.64|      827395|           0|
time: 11.0175/0.0162644  number: 1653016/1768
c |       38.10|      606377|      872196|   306168699|       64002|     4197.28|      835588|           0|
time: 11.1283/0.0164208  number: 1669383/1785
c |       38.48|      612778|      880752|   309208564|       64607|     4198.05|      843780|           0|
time: 11.2388/0.0165505  number: 1685754/1798
c |       38.86|      619220|      889296|   312181983|       65245|     4198.70|      851974|           0|
time: 11.3505/0.0166879  number: 1702122/1814
c |       39.23|      625042|      897846|   315164235|       65898|     4199.47|      860166|           0|
time: 11.4601/0.0168176  number: 1718492/1828
c |       39.61|      630775|      906382|   318062925|       66524|     4200.12|      868356|           0|
time: 11.5687/0.0169511  number: 1734863/1841
c |       39.99|      636992|      914938|   321093447|       67123|     4200.76|      876551|           0|
time: 11.6804/0.0170922  number: 1751232/1856
c |       40.36|      642886|      923491|   324096626|       67720|     4197.41|      884741|           0|
time: 11.7892/0.0177178  number: 1767605/1867
c |       40.74|      648743|      932049|   327136644|       68324|     4198.18|      892934|           0|
time: 11.8985/0.0178781  number: 1783972/1884
c |       41.12|      654864|      940609|   330174987|       68930|     4198.83|      901128|           0|
time: 12.0072/0.018023  number: 1800342/1898
c |       41.50|      661467|      949157|   333200315|       69560|     4199.60|      909317|           0|
time: 12.1168/0.0181718  number: 1816711/1913
c |       41.87|      667659|      957704|   336173207|       70172|     4200.25|      917510|           0|
time: 12.2247/0.0183511  number: 1833073/1935
c |       42.23|      673115|      966231|   339015769|       70830|     4200.89|      925702|           0|
time: 12.3312/0.0185304  number: 1849440/1952
c |       42.61|      679348|      974776|   341988849|       71428|     4201.66|      933893|           0|
time: 12.4402/0.0186563  number: 1865808/1968
c |       43.00|      685543|      983334|   345038561|       72031|     4202.44|      942085|           0|
time: 12.5498/0.0188508  number: 1882171/1989
c |       43.37|      691305|      991886|   348040197|       72628|     4203.08|      950275|           0|
time: 12.6584/0.0189729  number: 1898543/2001
c |       43.75|      696631|     1000445|   351041785|       73221|     4203.73|      958473|           0|
time: 12.767/0.0190949  number: 1914915/2013
c |       44.11|      702547|     1008977|   353943977|       73834|     4204.50|      966660|           0|
time: 12.8749/0.0192132  number: 1931287/2025
c |       44.49|      708283|     1017517|   356879252|       74429|     4205.27|      974851|           0|
time: 12.9831/0.0193467  number: 1947657/2039
c |       44.85|      713303|     1026073|   359820063|       75069|     4206.23|      983046|           0|
time: 13.0893/0.0203767  number: 1963950/2130
c |       45.27|      716585|     1035091|   363494704|       76149|     4206.74|      991236|           0|
time: 13.2071/0.0229707  number: 1980049/2415
c |       45.67|      720694|     1043880|   366895064|       77303|     4207.39|      999432|           0|
time: 13.3243/0.02455  number: 1996272/2576
c |       46.06|      724900|     1052555|   370178258|       78574|     4208.16|     1007621|           0|
time: 13.4401/0.0253625  number: 2012570/2662
c |       46.47|      730092|     1061235|   373661453|       79852|     4208.93|     1015812|           0|
time: 13.5606/0.0273156  number: 2028750/2866
c |       46.87|      734882|     1069934|   377127221|       81323|     4209.79|     1024005|           0|
time: 13.6803/0.0294709  number: 2044923/3077
c |       47.28|      739229|     1078658|   380573652|       82678|     4210.43|     1032197|           0|
time: 13.8054/0.0313058  number: 2061113/3271
c |       47.69|      744485|     1087334|   383972269|       84015|     4211.21|     1040389|           0|
time: 13.9268/0.0328889  number: 2077346/3422
c --------------------------------------------------------------------------------------------------------
c |        time|     #posHit|     #negHit|      memory|      #split|     mem(MB)|  #dec. Node|     #models|
c --------------------------------------------------------------------------------------------------------
c |       48.10|      749648|     1095973|   387316791|       85201|     4211.98|     1048582|           0|
time: 14.0484/0.0343347  number: 2093584/3568
c |       48.52|      754318|     1104665|   390756305|       86284|     4212.62|     1056773|           0|
time: 14.1714/0.0363832  number: 2109773/3763
c |       48.93|      760023|     1113364|   394294172|       87812|     4213.40|     1064966|           0|
time: 14.2935/0.0381494  number: 2125980/3940
c |       49.36|      765354|     1122082|   398022935|       89331|     4214.04|     1073155|           0|
time: 14.4208/0.0400796  number: 2142174/4130
c |       49.78|      770401|     1130843|   401598398|       90813|     4214.82|     1081349|           0|
time: 14.5418/0.0419946  number: 2158359/4329
c |       50.20|      776302|     1139508|   405160118|       92782|     4215.95|     1089540|           0|
time: 14.6671/0.0443597  number: 2174532/4540
c |       50.60|      782017|     1148182|   408545855|       94347|     4216.60|     1097735|           0|
time: 14.7883/0.0459237  number: 2190758/4698
c |       51.01|      787262|     1156950|   411998604|       95617|     4217.24|     1105924|           0|
time: 14.9063/0.048449  number: 2206899/4941
c |       51.42|      792724|     1165703|   415549832|       96915|     4218.02|     1114121|           0|
time: 15.0282/0.0504441  number: 2223085/5139
c |       51.84|      797903|     1174439|   419095165|       98243|     4218.79|     1122310|           0|
time: 15.1512/0.0512872  number: 2239383/5225
c |       52.28|      804372|     1183130|   422856520|      100409|     4219.43|     1130503|           0|
time: 15.2929/0.052073  number: 2255692/5300
c |       52.72|      811093|     1191818|   426580011|      102259|     4220.21|     1138696|           0|
time: 15.4264/0.0530877  number: 2271968/5408
c |       53.17|      817393|     1200523|   430470159|      104361|     4220.85|     1146887|           0|
time: 15.5632/0.054419  number: 2288236/5524
c |       53.63|      823844|     1209222|   434506377|      106440|     4221.62|     1155078|           0|
time: 15.7026/0.0555367  number: 2304521/5623
c |       54.06|      829659|     1217893|   438134580|      107892|     4222.40|     1163270|           0|
time: 15.8348/0.0561547  number: 2320846/5682
c |       54.49|      835383|     1226608|   441862792|      109584|     4223.04|     1171462|           0|
time: 15.9644/0.0573182  number: 2337122/5790
c |       54.88|      840768|     1235330|   445284878|      111054|     4223.82|     1179653|           0|
time: 16.0762/0.0589662  number: 2353328/5968
c |       55.28|      846372|     1244044|   448811697|      112460|     4224.59|     1187846|           0|
time: 16.1835/0.0613694  number: 2369451/6229
c |       55.68|      850620|     1252731|   452288156|      113938|     4225.09|     1196038|           0|
time: 16.2986/0.0654435  number: 2385565/6499
c |       56.10|      854185|     1261492|   455769360|      115058|     4225.87|     1204228|           0|
time: 16.4194/0.0683122  number: 2401644/6804
c |       56.51|      857997|     1270337|   459285250|      116375|     4226.51|     1212419|           0|
time: 16.5443/0.0710473  number: 2417754/7078
c |       56.94|      861576|     1279211|   462963820|      117617|     4227.68|     1220611|           0|
time: 16.6682/0.0750527  number: 2433783/7433
c |       57.36|      865814|     1288108|   466578692|      118714|     4228.20|     1228808|           0|
time: 16.7926/0.0772843  number: 2449933/7667
c |       57.78|      871442|     1296763|   469884745|      119915|     4228.97|     1236997|           0|
time: 16.9202/0.0784059  number: 2466211/7773
c |       58.22|      877442|     1305463|   473480957|      121755|     4229.75|     1245191|           0|
time: 17.0493/0.08042  number: 2482391/7977
c |       58.63|      881698|     1314080|   476714952|      122960|     4230.52|     1253383|           0|
time: 17.1749/0.0814309  number: 2498670/8082
c |       59.08|      886073|     1322900|   480737275|      124250|     4231.17|     1261576|           0|
time: 17.3028/0.084681  number: 2514745/8391
c |       59.50|      891804|     1331527|   484235570|      126027|     4231.94|     1269764|           0|
time: 17.433/0.0855966  number: 2531039/8481
c |       59.95|      896482|     1340257|   488196534|      127588|     4232.71|     1277959|           0|
time: 17.5656/0.0883889  number: 2547150/8754
c |       60.35|      901655|     1348927|   491451062|      128758|     4233.36|     1286151|           0|
time: 17.689/0.0895104  number: 2563427/8861
c |       60.78|      906250|     1357758|   495107167|      129857|     4234.13|     1294343|           0|
time: 17.8201/0.0912805  number: 2579639/9033
c |       61.21|      911815|     1366475|   498691774|      131654|     4234.91|     1302532|           0|
time: 17.9508/0.0930429  number: 2595833/9223
c |       61.62|      917919|     1375128|   501865153|      132428|     4235.68|     1310725|           0|
time: 18.0727/0.0936761  number: 2612143/9297
c |       62.05|      924059|     1383814|   505553293|      134252|     4236.32|     1318919|           0|
time: 18.2023/0.0952744  number: 2628355/9469
c |       62.48|      928510|     1392466|   508977463|      135210|     4237.76|     1327110|           0|
time: 18.3293/0.0969491  number: 2644621/9587
c |       62.90|      933358|     1401115|   512573841|      136896|     4238.73|     1335301|           0|
time: 18.4583/0.0984483  number: 2660859/9733
c |       63.32|      936599|     1409797|   516129903|      137875|     4239.50|     1343492|           0|
time: 18.5843/0.100089  number: 2677074/9902
c |       63.73|      941195|     1418479|   519643323|      138879|     4240.14|     1351684|           0|
time: 18.7106/0.101542  number: 2693314/10046
c |       64.17|      946957|     1427115|   523259258|      140610|     4240.92|     1359878|           0|
time: 18.8423/0.103285  number: 2709523/10221
c |       64.60|      953075|     1435806|   526956301|      142548|     4241.69|     1368070|           0|
time: 18.9713/0.10546  number: 2725692/10436
c |       65.02|      959075|     1444524|   530449536|      143966|     4242.46|     1376264|           0|
time: 19.0978/0.106612  number: 2741972/10540
c |       65.42|      964469|     1453153|   533612251|      144921|     4243.24|     1384453|           0|
time: 19.2222/0.108214  number: 2758207/10689
c |       65.86|      970541|     1461829|   537300852|      146895|     4243.88|     1392648|           0|
time: 19.3547/0.110709  number: 2774361/10919
c |       66.29|      975967|     1470510|   540679608|      148465|     4244.66|     1400839|           0|
time: 19.4844/0.112425  number: 2790588/11076
c |       66.72|      982191|     1479162|   544270363|      150368|     4245.43|     1409029|           0|
time: 19.6174/0.113966  number: 2806822/11226
c |       67.14|      987422|     1487935|   547949938|      152045|     4246.20|     1417223|           0|
time: 19.7329/0.116484  number: 2822961/11471
c |       67.54|      992713|     1496649|   551258688|      152925|     4246.85|     1425415|           0|
time: 19.8487/0.117148  number: 2839273/11543
c |       67.96|      997688|     1505404|   554681562|      153923|     4247.62|     1433605|           0|
time: 19.971/0.118979  number: 2855474/11726
c |       68.36|     1003201|     1514066|   557937956|      154905|     4248.39|     1441799|           0|
time: 20.0877/0.120558  number: 2871709/11875
c |       68.78|     1008784|     1522779|   561496243|      156381|     4249.17|     1449989|           0|
time: 20.2051/0.122794  number: 2887887/12081
c |       69.20|     1014817|     1531459|   565090880|      158182|     4249.94|     1458182|           0|
time: 20.3247/0.124175  number: 2904130/12222
c |       69.62|     1020684|     1540208|   568721143|      159935|     4250.71|     1466371|           0|
time: 20.4427/0.126006  number: 2920350/12386
c |       70.03|     1026387|     1548893|   572166766|      161267|     4251.36|     1474563|           0|
time: 20.5611/0.127287  number: 2936625/12495
c |       70.46|     1031789|     1557735|   575997428|      163017|     4252.13|     1482755|           0|
time: 20.675/0.130621  number: 2952693/12811
c |       70.86|     1037127|     1566409|   579403086|      164663|     4252.91|     1490952|           0|
time: 20.7924/0.131346  number: 2969010/12878
c |       71.28|     1042590|     1575128|   583016709|      165947|     4253.68|     1499143|           0|
time: 20.913/0.132773  number: 2985253/13019
c |       71.71|     1047633|     1583967|   586770173|      167508|     4256.05|     1507335|           0|
time: 21.0284/0.136099  number: 3001405/13251
c |       72.10|     1052381|     1592808|   590383272|      168613|     4256.05|     1515526|           0|
time: 21.132/0.139098  number: 3017643/13397
c |       72.49|     1058089|     1601496|   593753150|      169967|     4256.05|     1523718|           0|
time: 21.2404/0.14057  number: 3033878/13546
c |       72.89|     1063758|     1610184|   597222695|      171367|     4256.31|     1531911|           0|
time: 21.3482/0.142867  number: 3050028/13780
c |       73.29|     1069214|     1618882|   600684119|      172583|     4257.08|     1540101|           0|
time: 21.458/0.144034  number: 3066290/13902
c |       73.70|     1074834|     1627595|   604282611|      174057|     4257.86|     1548294|           0|
time: 21.5684/0.145712  number: 3082492/14084
c |       74.10|     1080450|     1636277|   607653629|      175398|     4258.50|     1556487|           0|
time: 21.6782/0.147139  number: 3098735/14225
c |       74.51|     1085672|     1644943|   611150742|      176761|     4259.28|     1564681|           0|
time: 21.7894/0.149443  number: 3114877/14467
c --------------------------------------------------------------------------------------------------------
c |        time|     #posHit|     #negHit|      memory|      #split|     mem(MB)|  #dec. Node|     #models|
c --------------------------------------------------------------------------------------------------------
c |       74.93|     1091899|     1653651|   614942889|      178755|     4260.05|     1572869|           0|
time: 21.9014/0.152068  number: 3131004/14724
c |       75.34|     1097540|     1662448|   618631350|      180118|     4261.43|     1581063|           0|
time: 22.0084/0.154891  number: 3147148/14964
c |       75.74|     1103457|     1671107|   621899180|      181488|     4261.95|     1589256|           0|
time: 22.1217/0.155821  number: 3163450/15046
c |       76.15|     1109264|     1679794|   625423733|      182910|     4262.72|     1597445|           0|
time: 22.2373/0.156844  number: 3179737/15143
c |       76.56|     1115022|     1688494|   628950425|      184499|     4263.37|     1605635|           0|
time: 22.3517/0.158743  number: 3195951/15313
c |       76.97|     1120721|     1697270|   632672399|      186186|     4264.14|     1613833|           0|
time: 22.4624/0.161284  number: 3212106/15542
c |       77.38|     1124917|     1706021|   636209007|      187148|     4264.91|     1622023|           0|
time: 22.5752/0.16284  number: 3228342/15690
c |       77.83|     1131091|     1714743|   640011653|      188628|     4265.69|     1630215|           0|
time: 22.6945/0.164618  number: 3244581/15835
c |       78.24|     1136838|     1723417|   643460993|      190083|     4266.46|     1638405|           0|
time: 22.8091/0.16532  number: 3260888/15912
c |       78.66|     1143255|     1732091|   647187808|      192167|     4267.11|     1646597|           0|
time: 22.9273/0.166335  number: 3277178/16006
c |       79.08|     1147493|     1740784|   650943148|      193305|     4267.88|     1654792|           0|
time: 23.0459/0.168646  number: 3293343/16225
c |       79.50|     1153054|     1749456|   654638668|      195044|     4268.65|     1662983|           0|
time: 23.1598/0.170699  number: 3309542/16410
c |       79.90|     1157858|     1758138|   658216118|      196315|     4269.43|     1671173|           0|
time: 23.273/0.172057  number: 3325795/16541
c |       80.30|     1162644|     1766881|   661862655|      197914|     4270.20|     1679366|           0|
time: 23.3861/0.175116  number: 3341856/16864
c |       80.71|     1168308|     1775560|   665310168|      199436|     4270.97|     1687556|           0|
time: 23.501/0.176604  number: 3358085/17019
c |       81.13|     1174020|     1784228|   668883284|      201135|     4271.62|     1695749|           0|
time: 23.619/0.178565  number: 3374289/17199
c |       81.55|     1179858|     1792995|   672656748|      202787|     4272.39|     1703941|           0|
time: 23.7352/0.180571  number: 3390470/17402
c |       81.98|     1185631|     1801839|   676532252|      204316|     4273.16|     1712135|           0|
time: 23.8519/0.183074  number: 3406613/17643
c |       82.43|     1191685|     1810571|   680348787|      206168|     4273.94|     1720326|           0|
time: 23.9766/0.185225  number: 3422789/17851
c |       82.84|     1197550|     1819221|   683809775|      207927|     4274.71|     1728515|           0|
time: 24.0914/0.186827  number: 3439028/17996
c |       83.27|     1203323|     1827969|   687632703|      209814|     4275.48|     1736708|           0|
time: 24.2088/0.189139  number: 3455200/18208
c |       83.70|     1208938|     1836754|   691450061|      211505|     4276.26|     1744906|           0|
time: 24.3266/0.191962  number: 3471319/18473
c |       84.12|     1214433|     1845508|   694997819|      212893|     4278.66|     1753098|           0|
time: 24.4455/0.194373  number: 3487539/18637
c |       84.57|     1220348|     1854180|   698878100|      214763|     4278.66|     1761286|           0|
time: 24.5736/0.196036  number: 3503751/18809
c |       84.98|     1225624|     1862899|   702304283|      216021|     4279.17|     1769480|           0|
time: 24.6895/0.197981  number: 3519962/18982
c |       85.40|     1230746|     1871686|   705885003|      217245|     4279.99|     1777674|           0|
time: 24.8079/0.199568  number: 3536203/19125
c |       85.81|     1235882| 