c [D4] Competition version
c [INITIAL INPUT] [4m[32mStatistics about the input formula[0m
c [INITIAL INPUT] Number of variables: 432
c [INITIAL INPUT] Number of clauses: 1377
c [INITIAL INPUT] Number of unit clauses: 11
c [INITIAL INPUT] Number of binary clauses: 127
c [INITIAL INPUT] Number of ternary clauses: 861
c [INITIAL INPUT] Number of clauses larger than 3: 378
c [INITIAL INPUT] Number of literals: 4447
c
c [D4] Run the projected model counter
c [PREPROC MANAGER] Option PreprocManager: preproc(basic) input type(dimacs cnf)
c [MAIN PREPROCESSED INPUT] [4m[32mStatistics about the preprocessed formula[0m
c [PREPROCESSED INPUT] Number of variables: 432
c [PREPROCESSED INPUT] Number of clauses: 1377
c [PREPROCESSED INPUT] Number of unit clauses: 11
c [PREPROCESSED INPUT] Number of binary clauses: 127
c [PREPROCESSED INPUT] Number of ternary clauses: 861
c [PREPROCESSED INPUT] Number of clauses larger than 3: 378
c [PREPROCESSED INPUT] Number of literals: 4447
c
c
c [PROJECTED VARIABLES] list: 5 6 7 8 9 10 11 12 13 14 15 16 17 18 19 20 124 125 126 127 128 129 130 131 132 133 134 135 136 137 138 139 227 228 229 230 231 232 233 234 235 236 237 238 239 240 241 242 330 331 332 333 334 335 336 337 338 339 340 341 342 343 344 345 432 
c
c [DPLL STYLE METHOD] Option DPLL-style Method: exploit-model(1) 
c [WRAPPER SOLVER] Option Solver: solver name(glucose cnf)
c [GLUCOSE SOLVER] Init phase
c [SPEC MANAGER] Option Formula Manager: update mode(dynamicBlockedSimp)
c [SPEC MANAGER] DYN with blocked clause elimination
c [SPEC MANAGER] Number of clauses removed at the beginning: 183
c [MODE] Projected we can only use the classical heuristic
c [BRANCHING HEURISTIC] Option Branching Heuristic: scoring method(vsads) phase heuristic(polarity) reverse phase (0) freq-decay (2048) branching heuristic (classic)
c [CACHE CLEANING MANAGER]  Option CacheCleaningManager: cleaning strategy(none) 
c [BUCKET MANAGER]  Option BucketManager: storage(not-touched)  representation(clause)  size_first_page(4294967296) size_additional_page(536870912)
c [CACHE LIST CONSTRUCTOR]
c [OPERATION MANAGER] Operator option: operator type(counting)
c
c [DPLL STYLE METHOD] Exploitation models: 1
c Warm start process (11): 25/29
c --------------------------------------------------------------------------------------------------------
c |        time|     #posHit|     #negHit|      memory|      #split|     mem(MB)|  #dec. Node|     #models|
c --------------------------------------------------------------------------------------------------------
c |        0.33|        6086|        8613|     2820736|         411|     4128.80|        8203|           0|
time: 0.0934746/6.80005e-05  number: 16378/6
c |        0.69|       12193|       17274|     5943393|         885|     4129.57|       16391|           0|
time: 0.190221/6.80005e-05  number: 32762/6
c |        1.07|       18123|       26003|     9346161|        1422|     4130.22|       24583|           0|
time: 0.289803/6.80005e-05  number: 49146/6
c |        1.40|       23373|       34621|    12141503|        1842|     4130.86|       32780|           0|
time: 0.381934/6.80005e-05  number: 65530/6
c |        1.74|       28626|       43237|    14982636|        2268|     4131.53|       40970|           0|
time: 0.475238/6.80005e-05  number: 81914/6
c |        2.12|       34073|       51962|    18430583|        2805|     4132.17|       49159|           0|
time: 0.574846/6.80005e-05  number: 98298/6
c |        2.47|       38799|       60625|    21512294|        3274|     4132.81|       57353|           0|
time: 0.669797/6.80005e-05  number: 114682/6
c |        2.81|       43033|       69287|    24548050|        3746|     4133.45|       65543|           0|
time: 0.763643/6.80005e-05  number: 131066/6
c |        3.15|       47996|       77952|    27610649|        4220|     4134.23|       73738|           0|
time: 0.85793/6.80005e-05  number: 147450/6
c |        3.50|       54107|       86613|    30666169|        4692|     4134.88|       81925|           0|
time: 0.952269/6.80005e-05  number: 163834/6
c |        3.85|       59827|       95289|    33770397|        5179|     4135.52|       90121|           0|
time: 1.04752/0.000279716  number: 180194/30
c |        4.23|       64673|      103988|    37025908|        5876|     4136.29|       98311|           0|
time: 1.1547/0.00105291  number: 196499/109
c |        4.63|       69163|      112724|    40389274|        6515|     4136.93|      106505|           0|
time: 1.26355/0.00172954  number: 212814/178
c |        5.02|       74543|      121459|    43802998|        7098|     4137.57|      114696|           0|
time: 1.37305/0.00200801  number: 229168/208
c |        5.42|       79655|      130197|    47255094|        7755|     4138.34|      122884|           0|
time: 1.48313/0.00200801  number: 245552/208
c |        5.83|       84817|      138965|    50768253|        8460|     4138.98|      131081|           0|
time: 1.59387/0.00243955  number: 261892/252
c |        6.23|       90332|      147740|    54274338|        9116|     4139.75|      139273|           0|
time: 1.70453/0.00287252  number: 278232/296
c |        6.62|       95623|      156469|    57691863|        9734|     4140.39|      147461|           0|
time: 1.81427/0.00287252  number: 294616/296
c |        7.02|      101094|      165205|    61133905|       10382|     4141.03|      155655|           0|
time: 1.92423/0.00287252  number: 311000/296
c |        7.42|      106252|      173978|    64619885|       11082|     4141.80|      163848|           0|
time: 2.03582/0.00287252  number: 327384/296
c |        7.83|      112322|      182732|    68078979|       11772|     4142.44|      172039|           0|
time: 2.14714/0.00350051  number: 343703/361
c |        8.23|      118791|      191496|    71541935|       12446|     4143.08|      180233|           0|
time: 2.25892/0.00360637  number: 360077/371
c |        8.62|      124909|      200219|    74888089|       12990|     4143.72|      188421|           0|
time: 2.36789/0.00385146  number: 376435/397
c |        9.02|      131356|      208928|    78272020|       13593|     4144.50|      196613|           0|
time: 2.47724/0.00385146  number: 392819/397
c |        9.41|      137629|      217650|    81666917|       14222|     4145.14|      204810|           0|
time: 2.58698/0.00402694  number: 409182/418
c |        9.81|      143257|      226371|    85008552|       14767|     4145.78|      212997|           0|
time: 2.69763/0.0044065  number: 425528/456
c |       10.21|      149182|      235089|    88377709|       15358|     4146.43|      221190|           0|
time: 2.80898/0.0044065  number: 441912/456
c |       10.60|      155081|      243811|    91769024|       15991|     4147.20|      229385|           0|
time: 2.92092/0.0044065  number: 458296/456
c |       11.00|      160964|      252532|    95161595|       16628|     4147.83|      237575|           0|
time: 3.03336/0.0044065  number: 474680/456
c |       11.40|      166837|      261251|    98562998|       17244|     4148.47|      245767|           0|
time: 3.14512/0.0045753  number: 491049/471
c |       11.80|      172746|      269998|   101968170|       17815|     4149.11|      253961|           0|
time: 3.25696/0.00498062  number: 507393/511
c |       12.20|      178615|      278740|   105358414|       18388|     4150.00|      262151|           0|
time: 3.36864/0.00507884  number: 523768/520
c |       12.60|      184121|      287574|   108894221|       19224|     4150.65|      270340|           0|
time: 3.48285/0.00643306  number: 540010/662
c |       13.00|      189925|      296333|   112297106|       19790|     4151.29|      278534|           0|
time: 3.59412/0.00643306  number: 556394/662
c |       13.40|      195942|      305088|   115757870|       20441|     4152.07|      286727|           0|
time: 3.70695/0.00643306  number: 572778/662
c |       13.80|      201871|      313820|   119163210|       21089|     4152.71|      294919|           0|
time: 3.81842/0.00643306  number: 589162/662
c |       14.20|      207881|      322543|   122564855|       21728|     4153.36|      303111|           0|
time: 3.9301/0.00643306  number: 605546/662
c |       14.60|      213305|      331314|   126001576|       22402|     4154.00|      311301|           0|
time: 4.0421/0.007196  number: 621851/741
c |       15.00|      218885|      340140|   129464636|       23046|     4154.77|      319495|           0|
time: 4.15584/0.00739055  number: 638217/759
c |       15.39|      224807|      348873|   132807475|       23698|     4155.42|      327686|           0|
time: 4.2675/0.00762039  number: 654578/782
c |       15.78|      230705|      357579|   136156597|       24314|     4156.06|      335878|           0|
time: 4.37852/0.00762039  number: 670962/782
c |       16.18|      236751|      366291|   139470404|       24914|     4156.84|      344070|           0|
time: 4.49028/0.00854164  number: 687254/874
c |       16.57|      242481|      375011|   142843808|       25465|     4157.48|      352261|           0|
time: 4.60374/0.00854164  number: 703638/874
c |       16.98|      248025|      383764|   146252602|       26062|     4158.12|      360456|           0|
time: 4.71741/0.00912719  number: 719961/935
c |       17.38|      253790|      392483|   149598755|       26612|     4158.77|      368645|           0|
time: 4.83064/0.00950485  number: 736305/975
c |       17.78|      259393|      401235|   152976461|       27198|     4159.55|      376839|           0|
time: 4.94467/0.0102296  number: 752613/1051
c |       18.20|      264738|      410009|   156558949|       28276|     4160.19|      385030|           0|
time: 5.06074/0.0115877  number: 768848/1200
c |       18.60|      270478|      418744|   159930844|       28928|     4160.84|      393222|           0|
time: 5.17493/0.0115877  number: 785232/1200
c |       18.99|      275824|      427464|   163244498|       29584|     4157.50|      401415|           0|
time: 5.28703/0.0142007  number: 801374/1442
c |       19.40|      281204|      436206|   166650687|       30222|     4158.14|      409607|           0|
time: 5.39997/0.0144983  number: 817722/1478
c |       19.80|      286916|      444946|   170076894|       30851|     4158.79|      417799|           0|
time: 5.51279/0.0148626  number: 834062/1522
c |       20.21|      292509|      453684|   173498304|       31484|     4159.56|      425992|           0|
time: 5.62643/0.0148817  number: 850445/1523
c |       20.61|      297816|      462442|   176899971|       32116|     4160.30|      434183|           0|
time: 5.7396/0.0162893  number: 866681/1671
c |       21.02|      303483|      471224|   180343697|       32726|     4160.94|      442375|           0|
time: 5.85494/0.0172658  number: 882956/1780
c |       21.43|      309798|      479968|   183755026|       33335|     4161.71|      450568|           0|
time: 5.9728/0.0172658  number: 899340/1780
c |       21.85|      315660|      488752|   187320440|       34313|     4162.36|      458757|           0|
time: 6.08984/0.0185991  number: 915569/1935
c |       22.26|      321503|      497542|   190770235|       34927|     4163.00|      466950|           0|
time: 6.20585/0.0188261  number: 931927/1961
c |       22.66|      327452|      506309|   194204826|       35566|     4163.78|      475145|           0|
time: 6.32127/0.0188261  number: 948311/1961
c |       23.06|      332955|      515032|   197597062|       36205|     4164.42|      483336|           0|
time: 6.43456/0.0188261  number: 964695/1961
c |       23.46|      338946|      523771|   201010372|       36862|     4165.07|      491528|           0|
time: 6.54896/0.0188261  number: 981079/1961
c |       23.86|      344805|      532500|   204414023|       37507|     4166.10|      499718|           0|
time: 6.66243/0.0188261  number: 997463/1961
c |       24.27|      350895|      541261|   207849021|       38192|     4166.74|      507911|           0|
time: 6.77736/0.0188261  number: 1013847/1961
c |       24.67|      356942|      550011|   211276898|       38864|     4167.39|      516101|           0|
time: 6.89166/0.0188261  number: 1030231/1961
c --------------------------------------------------------------------------------------------------------
c |        time|     #posHit|     #negHit|      memory|      #split|     mem(MB)|  #dec. Node|     #models|
c --------------------------------------------------------------------------------------------------------
c |       25.07|      362973|      558746|   214687513|       39512|     4168.16|      524295|           0|
time: 7.00489/0.0188261  number: 1046615/1961
c |       25.48|      368821|      567491|   218124607|       40174|     4168.80|      532487|           0|
time: 7.11941/0.0188261  number: 1062999/1961
c |       25.88|      374604|      576224|   221553517|       40826|     4169.45|      540677|           0|
time: 7.23352/0.0188261  number: 1079383/1961
c |       26.29|      380724|      585004|   225008425|       41528|     4170.22|      548869|           0|
time: 7.3497/0.0189233  number: 1095758/1970
c |       26.69|      386669|      593753|   228404613|       42141|     4170.87|      557062|           0|
time: 7.46458/0.0189882  number: 1112137/1975
c |       27.09|      392690|      602478|   231779398|       42758|     4171.64|      565254|           0|
time: 7.57747/0.0189882  number: 1128521/1975
c |       27.47|      399204|      611163|   235020859|       43352|     4172.29|      573443|           0|
time: 7.68898/0.0189882  number: 1144905/1975
c |       27.85|      405775|      619839|   238186319|       43931|     4172.93|      581639|           0|
time: 7.80023/0.0189882  number: 1161289/1975
c |       28.24|      412506|      628512|   241389826|       44507|     4173.58|      589830|           0|
time: 7.91147/0.0189882  number: 1177673/1975
c |       28.61|      419151|      637186|   244557813|       45086|     4174.35|      598023|           0|
time: 8.02024/0.0189882  number: 1194057/1975
c |       28.98|      425806|      645862|   247755605|       45666|     4175.00|      606215|           0|
time: 8.12843/0.0189882  number: 1210441/1975
c |       29.36|      432367|      654538|   250936577|       46248|     4175.64|      614408|           0|
time: 8.23897/0.0189882  number: 1226825/1975
c |       29.73|      438968|      663201|   254072800|       46814|     4176.41|      622596|           0|
time: 8.34564/0.0190874  number: 1243199/1985
c |       30.10|      445005|      671915|   257307189|       47354|     4177.06|      630791|           0|
time: 8.45454/0.0193639  number: 1259554/2014
c |       30.50|      450200|      680669|   260790275|       47971|     4177.83|      638983|           0|
time: 8.56919/0.0197664  number: 1275893/2059
c |       30.90|      455605|      689426|   264226688|       48628|     4178.48|      647177|           0|
time: 8.68237/0.0197664  number: 1292277/2059
c |       31.30|      460466|      698171|   267649281|       49280|     4179.12|      655365|           0|
time: 8.79577/0.0201383  number: 1308619/2101
c |       31.70|      465672|      706934|   271108074|       49924|     4179.89|      663558|           0|
time: 8.90966/0.0206018  number: 1324951/2153
c |       32.10|      471225|      715682|   274552593|       50590|     4180.54|      671749|           0|
time: 9.02295/0.0206018  number: 1341335/2153
c |       32.50|      476545|      724447|   277998649|       51226|     4181.31|      679943|           0|
time: 9.13565/0.0208917  number: 1357688/2184
c |       32.91|      481900|      733202|   281441610|       51818|     4181.96|      688134|           0|
time: 9.249/0.0208917  number: 1374072/2184
c |       33.31|      487248|      741958|   284882957|       52470|     4182.73|      696325|           0|
time: 9.36212/0.0212923  number: 1390416/2224
c |       33.71|      492723|      750745|   288353415|       53118|     4183.52|      704517|           0|
time: 9.47611/0.0217691  number: 1406753/2271
c |       34.11|      498822|      759493|   291781479|       53721|     4184.30|      712711|           0|
time: 9.58927/0.0219789  number: 1423116/2292
c |       34.52|      504963|      768249|   295295622|       54493|     4184.94|      720901|           0|
time: 9.70438/0.022719  number: 1439421/2371
c |       34.92|      511179|      776989|   298718588|       55054|     4185.59|      729092|           0|
time: 9.8181/0.022719  number: 1455805/2371
c |       35.32|      517964|      785717|   302151079|       55695|     4186.36|      737285|           0|
time: 9.93264/0.022719  number: 1472189/2371
c |       35.73|      524362|      794444|   305582545|       56337|     4187.00|      745480|           0|
time: 10.0474/0.022719  number: 1488573/2371
c |       36.13|      531164|      803166|   309009385|       56974|     4187.78|      753670|           0|
time: 10.1621/0.022719  number: 1504957/2371
c |       36.54|      537577|      811893|   312446287|       57618|     4188.42|      761860|           0|
time: 10.2776/0.022719  number: 1521341/2371
c |       36.95|      544036|      820651|   315906948|       58274|     4189.20|      770055|           0|
time: 10.3926/0.022719  number: 1537725/2371
c |       37.35|      550459|      829397|   319359034|       58940|     4189.84|      778247|           0|
time: 10.5076/0.022719  number: 1554109/2371
c |       37.77|      557042|      838188|   322976176|       59971|     4190.61|      786443|           0|
time: 10.6242/0.023562  number: 1570411/2453
c |       38.19|      563659|      846982|   326644600|       60998|     4191.39|      794628|           0|
time: 10.7426/0.0240999  number: 1586740/2508
c |       38.59|      569949|      855764|   330095316|       61605|     4192.03|      802823|           0|
time: 10.8572/0.024447  number: 1603089/2543
c |       39.00|      576473|      864550|   333627159|       62366|     4192.80|      811013|           0|
time: 10.9715/0.0252023  number: 1619398/2618
c |       39.41|      582865|      873311|   337071587|       62974|     4193.45|      819206|           0|
time: 11.0865/0.0255342  number: 1635751/2649
c |       39.82|      589214|      882040|   340471041|       63601|     4194.22|      827398|           0|
time: 11.2013/0.0255342  number: 1652135/2649
c |       40.22|      595820|      890760|   343829576|       64238|     4194.87|      835590|           0|
time: 11.3171/0.0255342  number: 1668519/2649
c |       40.63|      602565|      899490|   347237672|       64882|     4195.64|      843782|           0|
time: 11.4325/0.0255342  number: 1684903/2649
c |       41.04|      609370|      908223|   350675197|       65534|     4196.41|      851972|           0|
time: 11.5495/0.0255342  number: 1701287/2649
c |       41.45|      615180|      917017|   354265366|       66392|     4197.06|      860165|           0|
time: 11.6627/0.027247  number: 1717481/2839
c |       41.86|      620757|      925817|   357802787|       67104|     4197.83|      868360|           0|
time: 11.778/0.0284753  number: 1733739/2965
c |       42.26|      626424|      934575|   361285679|       67759|     4198.48|      876549|           0|
time: 11.8931/0.0284753  number: 1750123/2965
c |       42.66|      631886|      943331|   364728431|       68320|     4199.25|      884742|           0|
time: 12.0072/0.0284753  number: 1766507/2965
c |       43.06|      637500|      952078|   368176171|       68877|     4199.89|      892932|           0|
time: 12.1224/0.0284753  number: 1782891/2965
c |       43.47|      642788|      960827|   371627939|       69434|     4200.67|      901124|           0|
time: 12.2391/0.0284753  number: 1799275/2965
c |       43.87|      648343|      969581|   375078526|       69994|     4201.44|      909319|           0|
time: 12.3548/0.0284753  number: 1815659/2965
c |       44.28|      654042|      978342|   378528347|       70566|     4202.09|      917509|           0|
time: 12.4706/0.0286317  number: 1832027/2981
c |       44.67|      659729|      987112|   381993952|       71156|     4202.86|      925701|           0|
time: 12.5796/0.0290285  number: 1848369/3023
c |       45.07|      665268|      995878|   385425096|       71732|     4203.63|      933893|           0|
time: 12.6883/0.0292573  number: 1864731/3045
c |       45.47|      671533|     1004603|   388825188|       72348|     4204.28|      942086|           0|
time: 12.7986/0.0292573  number: 1881115/3045
c |       45.86|      678208|     1013305|   392193882|       72962|     4205.05|      950277|           0|
time: 12.9087/0.0292573  number: 1897499/3045
c |       46.27|      685085|     1022000|   395545499|       73562|     4205.70|      958471|           0|
time: 13.0202/0.0292573  number: 1913883/3045
c |       46.67|      691854|     1030699|   398912449|       74172|     4206.47|      966662|           0|
time: 13.1314/0.0292573  number: 1930267/3045
c |       47.08|      698586|     1039400|   402299575|       74786|     4207.24|      974853|           0|
time: 13.2432/0.0292573  number: 1946651/3045
c |       47.48|      704564|     1048152|   405748454|       75361|     4207.89|      983046|           0|
time: 13.3524/0.0292573  number: 1963035/3045
c |       47.87|      710727|     1056854|   408998618|       75934|     4209.60|      991243|           0|
time: 13.4619/0.0293336  number: 1979411/3053
c |       48.25|      717319|     1065530|   412190558|       76515|     4209.86|      999433|           0|
time: 13.5708/0.0293336  number: 1995795/3053
c |       48.65|      723823|     1074226|   415510210|       77124|     4210.63|     1007623|           0|
time: 13.6821/0.0293336  number: 2012179/3053
c |       49.03|      730084|     1082887|   418657025|       77664|     4211.27|     1015815|           0|
time: 13.7891/0.0293336  number: 2028563/3053
c |       49.42|      736496|     1091569|   421840486|       78224|     4212.05|     1024007|           0|
time: 13.8978/0.0293336  number: 2044947/3053
c |       49.81|      742892|     1100254|   425111809|       78794|     4212.82|     1032196|           0|
time: 14.0066/0.0293336  number: 2061331/3053
c |       50.20|      749276|     1108959|   428348825|       79382|     4213.46|     1040392|           0|
time: 14.1156/0.0293336  number: 2077715/3053
c --------------------------------------------------------------------------------------------------------
c |        time|     #posHit|     #negHit|      memory|      #split|     mem(MB)|  #dec. Node|     #models|
c --------------------------------------------------------------------------------------------------------
c |       50.60|      755693|     1117662|   431687294|       79970|     4214.24|     1048581|           0|
time: 14.2262/0.0293336  number: 2094099/3053
c |       50.98|      761927|     1126325|   434851064|       80513|     4215.01|     1056774|           0|
time: 14.3348/0.0293336  number: 2110483/3053
c |       51.37|      768223|     1135013|   438045991|       81082|     4215.66|     1064963|           0|
time: 14.4428/0.0293336  number: 2126867/3053
c |       51.76|      774552|     1143718|   441398416|       81674|     4216.43|     1073157|           0|
time: 14.5535/0.0293336  number: 2143251/3053
c |       52.16|      780891|     1152419|   444695255|       82261|     4217.20|     1081348|           0|
time: 14.6626/0.0293336  number: 2159635/3053
c |       52.55|      787186|     1161125|   448023916|       82848|     4217.85|     1089542|           0|
time: 14.7726/0.0293336  number: 2176019/3053
c |       52.95|      793707|     1169812|   451373072|       83483|     4218.62|     1097733|           0|
time: 14.8837/0.0300203  number: 2192336/3120
c |       53.34|      800040|     1178506|   454706360|       84214|     4219.39|     1105925|           0|
time: 14.9936/0.0306459  number: 2208663/3177
c |       53.72|      806458|     1187199|   458019891|       84785|     4220.04|     1114119|           0|
time: 15.1007/0.0309206  number: 2225022/3202
c |       54.10|      812863|     1195894|   461354934|       85367|     4220.81|     1122308|           0|
time: 15.2057/0.0310579  number: 2241392/3216
c |       54.49|      818935|     1204593|   464684568|       85962|     4221.59|     1130500|           0|
time: 15.3143/0.0315805  number: 2257723/3269
c |       54.89|      825099|     1213311|   468091323|       86592|     4222.36|     1138692|           0|
time: 15.4246/0.0317941  number: 2274085/3291
c |       55.29|      831317|     1222008|   471387350|       87174|     4223.01|     1146886|           0|
time: 15.5342/0.0320459  number: 2290445/3315
c |       55.69|      837346|     1230715|   474757464|       87874|     4223.78|     1155078|           0|
time: 15.644/0.033156  number: 2306714/3430
c |       56.09|      843470|     1239421|   478163100|       88722|     4224.79|     1163267|           0|
time: 15.7549/0.0339342  number: 2323025/3503
c |       56.49|      849221|     1248142|   481536949|       89414|     4225.57|     1171459|           0|
time: 15.8646/0.0348917  number: 2339312/3600
c |       56.88|      854962|     1256898|   484937251|       90128|     4226.21|     1179653|           0|
time: 15.9733/0.0358415  number: 2355596/3700
c |       57.28|      860975|     1265638|   488322784|       90690|     4226.98|     1187849|           0|
time: 16.0829/0.0362688  number: 2371936/3744
c |       57.68|      867154|     1274364|   491670608|       91281|     4227.76|     1196038|           0|
time: 16.1931/0.0364442  number: 2388301/3763
c |       58.08|      873312|     1283101|   495040614|       91873|     4228.40|     1204229|           0|
time: 16.3043/0.0364442  number: 2404685/3763
c |       58.49|      879851|     1291825|   498428184|       92508|     4229.18|     1212423|           0|
time: 16.4157/0.0364442  number: 2421069/3763
c |       58.89|      886257|     1300551|   501821187|       93132|     4229.95|     1220613|           0|
time: 16.5266/0.0364442  number: 2437453/3763
c |       59.28|      892199|     1309277|   505099113|       93728|     4230.72|     1228806|           0|
time: 16.6355/0.0364786  number: 2453834/3766
c |       59.67|      898352|     1317972|   508316566|       94330|     4231.37|     1236999|           0|
time: 16.7454/0.0364786  number: 2470218/3766
c |       60.06|      904103|     1326723|   511710513|       94989|     4232.14|     1245187|           0|
time: 16.85/0.0374742  number: 2486501/3867
c |       60.46|      909609|     1335511|   515191427|       95749|     4232.91|     1253383|           0|
time: 16.9583/0.0383974  number: 2502794/3958
c |       60.90|      914457|     1344313|   519161489|       97310|     4233.69|     1261578|           0|
time: 17.0804/0.0393396  number: 2519076/4060
c |       61.33|      918526|     1353116|   522952038|       98322|     4234.33|     1269764|           0|
time: 17.2001/0.04069  number: 2535317/4203
c |       61.75|      922831|     1361901|   526816986|       99647|     4235.11|     1277961|           0|
time: 17.3213/0.0416475  number: 2551606/4298
c |       62.19|      927110|     1370791|   530683903|      100703|     4235.88|     1286148|           0|
time: 17.4444/0.0434976  number: 2567806/4482
c |       62.62|      933027|     1379547|   534446874|      101576|     4236.65|     1294347|           0|
time: 17.5668/0.0436922  number: 2584170/4502
c |       63.05|      939127|     1388210|   538092888|      102555|     4237.43|     1302533|           0|
time: 17.6872/0.0443788  number: 2600487/4569
c |       63.48|      945212|     1396933|   541859464|      103592|     4238.07|     1310724|           0|
time: 17.8077/0.0443788  number: 2616871/4569
c |       63.92|      950475|     1405709|   545637524|      104634|     4238.85|     1318918|           0|
time: 17.9288/0.045775  number: 2633116/4708
c |       64.36|      955436|     1414531|   549554460|      105948|     4239.62|     1327110|           0|
time: 18.0531/0.0469347  number: 2649386/4822
c |       64.80|      960549|     1423363|   553413904|      106996|     4240.40|     1335304|           0|
time: 18.178/0.0470186  number: 2665763/4829
c |       65.23|      966251|     1432107|   557158993|      107931|     4241.17|     1343495|           0|
time: 18.299/0.0471712  number: 2682131/4845
c |       65.67|      971914|     1440819|   560875242|      108896|     4241.82|     1351685|           0|
time: 18.4221/0.0477815  number: 2698453/4907
c |       66.10|      976004|     1449618|   564673035|      109896|     4242.43|     1359877|           0|
time: 18.5433/0.0490404  number: 2714713/5031
c |       66.52|      980577|     1458361|   568385817|      110950|     4243.08|     1368072|           0|
time: 18.6639/0.0504518  number: 2730956/5172
c |       66.95|      985505|     1467113|   572162196|      111998|     4243.85|     1376262|           0|
time: 18.7823/0.0505586  number: 2747331/5181
c |       67.39|      990001|     1475875|   576020829|      113421|     4244.62|     1384454|           0|
time: 18.9051/0.0531755  number: 2763440/5456
c |       67.81|      993724|     1484682|   579696320|      114414|     4245.40|     1392645|           0|
time: 19.0285/0.0557771  number: 2779580/5700
c |       68.23|      998454|     1493378|   583297017|      115351|     4246.18|     1400839|           0|
time: 19.1494/0.0560747  number: 2795930/5734
c |       68.70|     1003370|     1502270|   587367648|      117040|     4247.33|     1409029|           0|
time: 19.2856/0.0576768  number: 2812168/5880
c |       69.13|     1008046|     1511013|   590999029|      117967|     4247.84|     1417225|           0|
time: 19.4089/0.0584016  number: 2828476/5956
c |       69.56|     1013237|     1519826|   594773767|      118974|     4248.62|     1425415|           0|
time: 19.5321/0.0584016  number: 2844860/5956
c |       70.00|     1018619|     1528607|   598564856|      119988|     4249.39|     1433609|           0|
time: 19.6539/0.0585695  number: 2861226/5974
c |       70.44|     1023544|     1537353|   602313927|      121007|     4250.16|     1441798|           0|
time: 19.7789/0.0585695  number: 2877610/5974
c |       70.89|     1028251|     1546086|   606084256|      122088|     4250.81|     1449990|           0|
time: 19.9047/0.0585695  number: 2893994/5974
c |       71.34|     1033919|     1554805|   609811533|      123146|     4251.58|     1458180|           0|
time: 20.0287/0.0585695  number: 2910378/5974
c |       71.78|     1039512|     1563502|   613482424|      124148|     4252.36|     1466373|           0|
time: 20.1528/0.0585695  number: 2926762/5974
c |       72.21|     1045102|     1572187|   617142453|      125129|     4253.13|     1474567|           0|
time: 20.2763/0.0585695  number: 2943146/5974
c |       72.65|     1050689|     1580873|   620823498|      126116|     4253.77|     1482758|           0|
time: 20.3997/0.0585695  number: 2959530/5974
c |       73.09|     1055476|     1589586|   624564850|      127163|     4254.55|     1490949|           0|
time: 20.5242/0.0585695  number: 2975914/5974
c |       73.52|     1060478|     1598291|   628190354|      128184|     4255.32|     1499142|           0|
time: 20.6461/0.0585695  number: 2992298/5974
c |       73.93|     1066334|     1606963|   631611251|      129150|     4256.09|     1507333|           0|
time: 20.7659/0.0585695  number: 3008682/5974
c |       74.35|     1072303|     1615656|   635110870|      130088|     4256.74|     1515525|           0|
time: 20.8889/0.0585695  number: 3025066/5974
c |       74.77|     1078633|     1624349|   638559428|      130950|     4257.51|     1523719|           0|
time: 21.0083/0.0585695  number: 3041450/5974
c |       75.17|     1085109|     1633003|   641813143|      131754|     4258.29|     1531908|           0|
time: 21.1252/0.0585695  number: 3057834/5974
c |       75.57|     1091485|     1641676|   645216047|      132580|     4259.06|     1540101|           0|
time: 21.2451/0.0585695  number: 3074218/5974
c |       75.99|     1097702|     1650356|   648653999|      133429|     4259.83|     1548292|           0|
time: 21.365/0.0585695  number: 3090602/5974
c |       76.39|     1104120|     1659041|   652043694|      134277|     4260.48|     1556485|           0|
time: 21.4838/0.0585695  number: 3106986/5974
c |       76.80|     1110694|     1667699|   655317312|      135078|     4261.25|     1564677|           0|
time: 21.601/0.0585695  number: 3123370/5974
c --------------------------------------------------------------------------------------------------------
c |        time|     #posHit|     #negHit|      memory|      #split|     mem(MB)|  #dec. Node|     #models|
c --------------------------------------------------------------------------------------------------------
c |       77.20|     1117227|     1676358|   658625814|      135886|     4262.02|     1572870|           0|
time: 21.7185/0.0585695  number: 3139754/5974
c |       77.60|     1123867|     1685026|   661975067|      136707|     4262.80|     1581063|           0|
time: 21.8384/0.0585695  number: 3156138/5974
c |       77.99|     1130362|     1693660|   665148998|      137473|     4263.57|     1589254|           0|
time: 21.953/0.0585695  number: 3172522/5974
c |       78.36|     1136916|     1702229|   668031097|      138126|     4264.21|     1597443|           0|
time: 22.0654/0.0585695  number: 3188906/5974
c |       78.80|     1143728|     1710948|   671662859|      139032|     4264.99|     1605638|           0|
time: 22.1868/0.0585695  number: 3205290/5974
c |       79.18|     1149924|     1719568|   674788983|      139782|     4265.76|     1613830|           0|
time: 22.3005/0.0589128  number: 3221637/6011
c |       79.55|     1155654|     1728174|   677784846|      140646|     4266.54|     1622021|           0|
time: 22.4133/0.05963  number: 3237948/6084
c |       79.91|     1161592|     1736759|   680610256|      141304|     4267.31|     1630213|           0|
time: 22.5221/0.0601335  number: 3254279/6137
c |       80.28|     1167928|     1745336|   683497721|      142039|     4267.95|     1638406|           0|
time: 22.6316/0.0601335  number: 3270663/6137
c |       80.63|     1174133|     1753905|   686318102|      142735|     4268.73|     1646596|           0|
time: 22.741/0.0604692  number: 3287006/6178
c |       80.99|     1180165|     1762457|   689073280|      143394|     4269.50|     1654789|           0|
time: 22.8489/0.0612932  number: 3303297/6271
c |       81.33|     1186286|     1770996|   691737518|      144009|     4270.27|     1662981|           0|
time: 22.9559/0.0618578  number: 3319619/6333
c |       81.70|     1192558|     1779591|   694679780|      144740|     4270.92|     1671171|           0|
time: 23.0672/0.0619646  number: 3335994/6342
c |       82.06|     1198891|     1788164|   697497293|      145434|     4271.69|     1679365|           0|
time: 23.1766/0.0622469  number: 3352351/6369
c |       82.41|     1205241|     1796696|   700233146|      146064|     4272.46|     1687559|           0|
time: 23.285/0.0625825  number: 3368696/6408
c |       82.76|     1211577|     1805222|   702895930|      146660|     4273.24|     1695749|           0|
time: 23.3931/0.0628572  number: 3385048/6440
c |       83.13|     1217825|     1813824|   705882485|      147413|     4273.88|     1703943|           0|
time: 23.5056/0.0631319  number: 3401402/6470
c |       83.50|     1224221|     1822404|   708798023|      148130|     4274.66|     1712132|           0|
time: 23.618/0.0633379  number: 3417767/6489
c |       83.86|     1230662|     1830952|   711542856|      148775|     4275.43|     1720323|           0|
time: 23.7256/0.0635286  number: 3434136/6504
c |       84.20|     1237113|     1839478|   714202788|      149375|     4276.20|     1728518|           0|
time: 23.8321/0.063643  number: 3450510/6514
c |       84.54|     1243565|     1848001|   716842825|      149973|     4276.98|     1736707|           0|
time: 23.9389/0.0637575  number: 3466884/6524
c |       84.93|     1249960|     1856608|   719883916|      150728|     4277.62|     1744901|           0|
time: 24.0558/0.0638414  number: 3483259/6533
c |       85.32|     1256388|     1865255|   723094685|      151561|     4278.39|     1753094|           0|
time: 24.1723/0.0638414  number: 3499643/6533
c |       85.74|     1262897|     1873934|   726503125|      152451|     4279.17|     1761284|           0|
time: 24.2917/0.0638414  number: 3516027/6533
c |       86.15|     1269318|     1882573|   729747920|      153257|     4279.94|     1769477|           0|
time: 24.4086/0.0638643  number: 3532408/6536
c |       86.54|     1275840|     1891220|   732928778|      154089|     4280.71|     1777670|           0|
time: 24.5249/0.0638719  number: 3548790/6538
c |       86.93|     1282321|     1899861|