c [D4] Competition version
c [INITIAL INPUT] [4m[32mStatistics about the input formula[0m
c [INITIAL INPUT] Number of variables: 432
c [INITIAL INPUT] Number of clauses: 1377
c [INITIAL INPUT] Number of unit clauses: 11
c [INITIAL INPUT] Number of binary clauses: 127
c [INITIAL INPUT] Number of ternary clauses: 861
c [INITIAL INPUT] Number of clauses larger than 3: 378
c [INITIAL INPUT] Number of literals: 4447
c
c [D4] Run the projected model counter
c [PREPROC MANAGER] Option PreprocManager: preproc(basic) input type(dimacs cnf)
c [MAIN PREPROCESSED INPUT] [4m[32mStatistics about the preprocessed formula[0m
c [PREPROCESSED INPUT] Number of variables: 432
c [PREPROCESSED INPUT] Number of clauses: 1377
c [PREPROCESSED INPUT] Number of unit clauses: 11
c [PREPROCESSED INPUT] Number of binary clauses: 127
c [PREPROCESSED INPUT] Number of ternary clauses: 861
c [PREPROCESSED INPUT] Number of clauses larger than 3: 378
c [PREPROCESSED INPUT] Number of literals: 4447
c
c
c [PROJECTED VARIABLES] list: 5 6 7 8 9 10 11 12 13 14 15 16 17 18 19 20 124 125 126 127 128 129 130 131 132 133 134 135 136 137 138 139 227 228 229 230 231 232 233 234 235 236 237 238 239 240 241 242 330 331 332 333 334 335 336 337 338 339 340 341 342 343 344 345 432 
c
c [DPLL STYLE METHOD] Option DPLL-style Method: exploit-model(1) 
c [WRAPPER SOLVER] Option Solver: solver name(glucose cnf)
c [GLUCOSE SOLVER] Init phase
c [SPEC MANAGER] Option Formula Manager: update mode(dynamicBlockedSimp)
c [SPEC MANAGER] DYN with blocked clause elimination
c [SPEC MANAGER] Number of clauses removed at the beginning: 183
c [MODE] Projected we can only use the classical heuristic
c [BRANCHING HEURISTIC] Option Branching Heuristic: scoring method(vsads) phase heuristic(polarity) reverse phase (0) freq-decay (2048) branching heuristic (classic)
c [CACHE CLEANING MANAGER]  Option CacheCleaningManager: cleaning strategy(none) 
c [BUCKET MANAGER]  Option BucketManager: storage(not-touched)  representation(clause)  size_first_page(4294967296) size_additional_page(536870912)
c [CACHE LIST CONSTRUCTOR]
c [OPERATION MANAGER] Operator option: operator type(counting)
c
c [DPLL STYLE METHOD] Exploitation models: 1
c Warm start process (11): 22/29
c --------------------------------------------------------------------------------------------------------
c |        time|     #posHit|     #negHit|      memory|      #split|     mem(MB)|  #dec. Node|     #models|
c --------------------------------------------------------------------------------------------------------
c |        0.45|        7182|        8774|     4246582|        3992|     4128.93|        8199|           0|
time: 0.118741/0.00191297  number: 16203/181
c |        0.93|       14632|       17548|     8821771|        7828|     4129.57|       16390|           0|
time: 0.246262/0.00331025  number: 32433/335
c |        1.39|       21693|       26308|    13168408|       10850|     4130.35|       24582|           0|
time: 0.370778/0.00461297  number: 48687/465
c |        1.82|       27678|       35005|    17038545|       12336|     4130.99|       32774|           0|
time: 0.487804/0.00518803  number: 65011/525
c |        2.27|       34197|       43763|    21182104|       14400|     4131.63|       40967|           0|
time: 0.611682/0.005971  number: 81316/604
c |        2.74|       41064|       52538|    25574200|       17224|     4132.41|       49161|           0|
time: 0.738018/0.00734191  number: 97565/739
c |        3.20|       47763|       61410|    29934688|       20010|     4133.05|       57354|           0|
time: 0.864267/0.0102315  number: 113673/1015
c |        3.64|       54074|       70114|    33787160|       21366|     4133.71|       65540|           0|
time: 0.986479/0.0102315  number: 130057/1015
c |        4.05|       59847|       78815|    37381804|       22144|     4134.48|       73734|           0|
time: 1.10382/0.0107918  number: 146389/1067
c |        4.48|       65850|       87526|    41033453|       22888|     4135.11|       81925|           0|
time: 1.22251/0.0109063  number: 162763/1077
c |        4.90|       71943|       96232|    44665960|       23574|     4135.75|       90116|           0|
time: 1.34103/0.0110932  number: 179131/1093
c |        5.32|       77853|      104926|    48300833|       24456|     4136.39|       98312|           0|
time: 1.45954/0.0115724  number: 195468/1140
c |        5.74|       83446|      113638|    51935799|       25148|     4137.16|      106504|           0|
time: 1.57727/0.0118633  number: 211827/1165
c |        6.15|       89177|      122304|    55360014|       25784|     4137.79|      114694|           0|
time: 1.69254/0.0118633  number: 228211/1165
c |        6.54|       94989|      130958|    58739470|       26400|     4138.44|      122886|           0|
time: 1.80658/0.0118633  number: 244595/1165
c |        6.95|      100766|      139612|    62171952|       27016|     4139.21|      131078|           0|
time: 1.92097/0.0118633  number: 260979/1165
c |        7.34|      106512|      148282|    65612629|       27654|     4139.85|      139270|           0|
time: 2.0348/0.0121379  number: 277338/1190
c |        7.75|      112417|      156973|    69191720|       28316|     4140.49|      147464|           0|
time: 2.15024/0.0123053  number: 293707/1205
c |        8.19|      118520|      165700|    72960552|       29544|     4141.13|      155656|           0|
time: 2.27096/0.0128661  number: 310029/1267
c |        8.62|      124879|      174412|    76846201|       31198|     4141.90|      163848|           0|
time: 2.39503/0.0129185  number: 326408/1272
c |        9.05|      130722|      183142|    80721871|       32620|     4138.43|      172038|           0|
time: 2.51575/0.0138484  number: 342699/1365
c |        9.48|      136484|      191867|    84484774|       33772|     4139.08|      180231|           0|
time: 2.63333/0.0141573  number: 359054/1394
c |        9.90|      141812|      200621|    88266481|       34702|     4139.81|      188426|           0|
time: 2.74991/0.0147858  number: 375380/1452
c |       10.35|      147959|      209454|    92408251|       36660|     4140.59|      196614|           0|
time: 2.87327/0.0165644  number: 391589/1627
c |       10.79|      153895|      218377|    96609906|       38116|     4141.23|      204807|           0|
time: 2.99453/0.0192185  number: 407723/1877
c |       11.21|      159933|      227091|   100319047|       39102|     4141.88|      212999|           0|
time: 3.11297/0.0192185  number: 424107/1877
c |       11.63|      166152|      235772|   103918445|       39760|     4142.65|      221187|           0|
time: 3.2289/0.0192185  number: 440491/1877
c |       12.05|      172393|      244456|   107521990|       40412|     4143.29|      229381|           0|
time: 3.3477/0.0192185  number: 456875/1877
c |       12.47|      178490|      253166|   111155977|       41468|     4143.94|      237576|           0|
time: 3.46762/0.0201006  number: 473167/1969
c |       12.93|      185571|      261954|   115202302|       44122|     4144.86|      245767|           0|
time: 3.5965/0.0221358  number: 489336/2184
c |       13.37|      191725|      270735|   118942748|       45332|     4145.60|      253958|           0|
time: 3.71978/0.0234595  number: 505578/2326
c |       13.79|      197583|      279495|   122604018|       46340|     4146.24|      262148|           0|
time: 3.84066/0.0234595  number: 521962/2326
c |       14.22|      204047|      288209|   126177001|       47030|     4147.02|      270343|           0|
time: 3.96189/0.0234595  number: 538346/2326
c |       14.65|      209812|      296973|   129809451|       47790|     4147.66|      278536|           0|
time: 4.08277/0.0234595  number: 554730/2326
c |       15.07|      215532|      305756|   133531238|       48838|     4148.30|      286729|           0|
time: 4.2027/0.0256319  number: 570903/2537
c |       15.50|      222129|      314474|   137220624|       49782|     4149.08|      294916|           0|
time: 4.32495/0.0256319  number: 587287/2537
c |       15.93|      228062|      323174|   140804563|       50456|     4149.72|      303111|           0|
time: 4.44611/0.0256319  number: 603671/2537
c |       16.35|      234297|      331867|   144397133|       51122|     4150.37|      311305|           0|
time: 4.56782/0.0256319  number: 620055/2537
c |       16.78|      240496|      340556|   147981895|       51788|     4151.01|      319494|           0|
time: 4.69123/0.0256319  number: 636439/2537
c |       17.20|      246361|      349247|   151580536|       52452|     4151.79|      327687|           0|
time: 4.8138/0.0256319  number: 652823/2537
c |       17.63|      252122|      357953|   155184872|       53138|     4152.43|      335879|           0|
time: 4.93817/0.0256319  number: 669207/2537
c |       18.06|      258103|      366660|   158794579|       53822|     4153.07|      344071|           0|
time: 5.06316/0.0256319  number: 685591/2537
c |       18.49|      264328|      375357|   162406850|       54500|     4153.72|      352260|           0|
time: 5.18819/0.0256319  number: 701975/2537
c |       18.92|      270283|      384078|   166022634|       55204|     4154.49|      360455|           0|
time: 5.31104/0.0256319  number: 718359/2537
c |       19.35|      276500|      392783|   169632478|       55890|     4155.14|      368645|           0|
time: 5.43783/0.0256319  number: 734743/2537
c |       19.78|      282733|      401489|   173254434|       56572|     4155.78|      376838|           0|
time: 5.5608/0.0257025  number: 751120/2544
c |       20.23|      288784|      410320|   177170140|       58224|     4156.55|      385032|           0|
time: 5.68801/0.0278578  number: 767301/2747
c |       20.67|      294582|      419113|   180934055|       59240|     4157.20|      393223|           0|
time: 5.81505/0.0282946  number: 783645/2787
c |       21.12|      300266|      427888|   184758889|       60580|     4157.97|      401413|           0|
time: 5.94125/0.0302611  number: 799832/2984
c |       21.56|      306076|      436632|   188536843|       61662|     4158.62|      409605|           0|
time: 6.06258/0.0305205  number: 816192/3008
c |       21.97|      311638|      445356|   192135445|       62370|     4159.26|      417798|           0|
time: 6.17537/0.0306883  number: 832559/3025
c |       22.38|      317333|      454151|   195790757|       63192|     4159.91|      425992|           0|
time: 6.28867/0.0310088  number: 848910/3058
c |       22.79|      323455|      462870|   199399821|       63898|     4160.68|      434181|           0|
time: 6.40203/0.0310088  number: 865294/3058
c |       23.20|      329081|      471560|   203026964|       64558|     4161.32|      442375|           0|
time: 6.51407/0.0310088  number: 881678/3058
c |       23.61|      335131|      480271|   206610872|       65250|     4161.97|      450567|           0|
time: 6.62713/0.0310088  number: 898062/3058
c |       24.03|      341095|      488985|   210234296|       65952|     4162.74|      458756|           0|
time: 6.74107/0.0310088  number: 914446/3058
c |       24.44|      347073|      497705|   213877122|       66650|     4163.39|      466951|           0|
time: 6.85498/0.0310088  number: 930830/3058
c |       24.84|      352687|      506408|   217360559|       67420|     4164.03|      475143|           0|
time: 6.96508/0.0314436  number: 947174/3098
c |       25.26|      357863|      515168|   221108692|       68318|     4164.80|      483334|           0|
time: 7.07716/0.0324336  number: 963460/3196
c |       25.68|      363436|      523912|   224800772|       69050|     4165.45|      491528|           0|
time: 7.1891/0.0324336  number: 979844/3196
c |       26.09|      368936|      532651|   228484961|       69780|     4166.48|      499720|           0|
time: 7.3014/0.0324336  number: 996228/3196
c |       26.50|      373921|      541431|   232192648|       70596|     4167.12|      507909|           0|
time: 7.41093/0.0333033  number: 1012524/3284
c |       26.92|      379522|      550209|   236054431|       71618|     4168.00|      516104|           0|
time: 7.52414/0.0341025  number: 1028820/3372
c --------------------------------------------------------------------------------------------------------
c |        time|     #posHit|     #negHit|      memory|      #split|     mem(MB)|  #dec. Node|     #models|
c --------------------------------------------------------------------------------------------------------
c |       27.35|      384652|      559013|   239936182|       72882|     4168.64|      524297|           0|
time: 7.63739/0.0349112  number: 1045119/3457
c |       27.77|      390817|      567709|   243619245|       73570|     4169.42|      532485|           0|
time: 7.75295/0.0349112  number: 1061503/3457
c |       28.19|      396304|      576465|   247357649|       74408|     4170.06|      540681|           0|
time: 7.86795/0.0352526  number: 1077853/3491
c |       28.60|      401966|      585166|   251034199|       75094|     4170.71|      548868|           0|
time: 7.98165/0.0352526  number: 1094237/3491
c |       29.02|      407239|      593919|   254726586|       75842|     4171.48|      557059|           0|
time: 8.09769/0.0355444  number: 1110592/3520
c |       29.44|      413529|      602617|   258355335|       76514|     4172.12|      565253|           0|
time: 8.21151/0.0355444  number: 1126976/3520
c |       29.85|      419756|      611327|   262015269|       77206|     4172.90|      573445|           0|
time: 8.32513/0.0355444  number: 1143360/3520
c |       30.27|      426050|      620029|   265682690|       77886|     4173.54|      581636|           0|
time: 8.4397/0.0355444  number: 1159744/3520
c |       30.68|      431987|      628751|   269316739|       78588|     4174.19|      589832|           0|
time: 8.55345/0.0355444  number: 1176128/3520
c |       31.10|      437687|      637486|   272984142|       79318|     4174.96|      598020|           0|
time: 8.66663/0.0355444  number: 1192512/3520
c |       31.51|      443514|      646207|   276646094|       80016|     4175.61|      606217|           0|
time: 8.77967/0.0355444  number: 1208896/3520
c |       31.92|      449446|      654924|   280286290|       80720|     4176.25|      614406|           0|
time: 8.8936/0.0355444  number: 1225280/3520
c |       32.34|      455347|      663647|   283950091|       81426|     4177.02|      622599|           0|
time: 9.00784/0.0355444  number: 1241664/3520
c |       32.75|      461440|      672347|   287611351|       82106|     4177.67|      630789|           0|
time: 9.12267/0.0355444  number: 1258048/3520
c |       33.17|      467803|      681041|   291250346|       82772|     4178.31|      638983|           0|
time: 9.23727/0.0355444  number: 1274432/3520
c |       33.58|      474180|      689729|   294895355|       83438|     4179.09|      647172|           0|
time: 9.35134/0.0355444  number: 1290816/3520
c |       33.99|      480586|      698416|   298494464|       84094|     4179.73|      655367|           0|
time: 9.46436/0.0355444  number: 1307200/3520
c |       34.38|      487209|      707064|   301875067|       84700|     4180.38|      663560|           0|
time: 9.57667/0.0355444  number: 1323584/3520
c |       34.79|      494291|      715731|   305549449|       85336|     4181.15|      671751|           0|
time: 9.69387/0.0355444  number: 1339968/3520
c |       35.20|      501342|      724411|   309193328|       85990|     4181.79|      679940|           0|
time: 9.8098/0.0355444  number: 1356352/3520
c |       35.60|      508497|      733053|   312640466|       86590|     4182.57|      688132|           0|
time: 9.92417/0.0355444  number: 1372736/3520
c |       36.01|      515553|      741731|   316311413|       87238|     4183.21|      696324|           0|
time: 10.042/0.0355444  number: 1389120/3520
c |       36.43|      522569|      750423|   320072943|       87906|     4183.86|      704515|           0|
time: 10.1592/0.0355444  number: 1405504/3520
c |       36.83|      529657|      759087|   323740042|       88534|     4184.63|      712709|           0|
time: 10.2745/0.0355444  number: 1421888/3520
c |       37.24|      536757|      767751|   327408027|       89160|     4185.27|      720903|           0|
time: 10.3905/0.0355444  number: 1438272/3520
c |       37.65|      543798|      776432|   331139924|       89814|     4186.05|      729092|           0|
time: 10.5066/0.0355444  number: 1454656/3520
c |       38.06|      550847|      785117|   334850962|       90470|     4186.69|      737286|           0|
time: 10.6227/0.0355444  number: 1471040/3520
c |       38.47|      557897|      793797|   338527977|       91126|     4187.46|      745475|           0|
time: 10.7379/0.0355444  number: 1487424/3520
c |       38.87|      564946|      802481|   342120305|       91782|     4188.11|      753667|           0|
time: 10.8529/0.0355444  number: 1503808/3520
c |       39.28|      571161|      811173|   345682487|       92922|     4188.88|      761865|           0|
time: 10.9658/0.0405264  number: 1519697/4015
c |       39.67|      576500|      819874|   349163074|       95480|     4189.53|      770056|           0|
time: 11.0808/0.0509596  number: 1535098/4998
c |       40.08|      581374|      828621|   352801771|       97702|     4190.01|      778248|           0|
time: 11.2041/0.0565596  number: 1551055/5425
c |       40.48|      586349|      837338|   356174425|       99108|     4190.78|      786439|           0|
time: 11.3232/0.0579596  number: 1567307/5557
c |       40.88|      591786|      846028|   359577621|      100460|     4191.43|      794628|           0|
time: 11.4449/0.0585051  number: 1583644/5604
c |       41.27|      596729|      854738|   362927638|      101432|     4192.20|      802822|           0|
time: 11.5633/0.0596152  number: 1599926/5706
c |       41.70|      602414|      863533|   366678643|      103434|     4192.85|      811015|           0|
time: 11.6896/0.0611334  number: 1616174/5842
c |       42.07|      607726|      872171|   369606446|      104080|     4193.49|      819203|           0|
time: 11.8028/0.0612936  number: 1632543/5857
c |       42.43|      612944|      880807|   372451222|      104670|     4194.27|      827400|           0|
time: 11.9145/0.0615683  number: 1648901/5883
c |       42.78|      618431|      889422|   375241973|      105260|     4194.91|      835589|           0|
time: 12.0239/0.0618773  number: 1665252/5916
c |       43.14|      623763|      898068|   378173811|      105866|     4195.68|      843780|           0|
time: 12.1358/0.0624114  number: 1681585/5967
c |       43.50|      629305|      906724|   381114081|      106482|     4196.33|      851975|           0|
time: 12.2479/0.0624114  number: 1697969/5967
c |       43.84|      634597|      915288|   383615860|      106980|     4197.10|      860165|           0|
time: 12.3535/0.0624114  number: 1714353/5967
c |       44.20|      640522|      923937|   386533812|      107590|     4197.75|      868357|           0|
time: 12.4643/0.0624114  number: 1730737/5967
c |       44.59|      645385|      932651|   389748226|      108524|     4198.52|      876550|           0|
time: 12.5814/0.0631934  number: 1747047/6041
c |       44.98|      650228|      941338|   392879803|      109220|     4199.16|      884741|           0|
time: 12.6977/0.063777  number: 1763366/6106
c |       45.37|      654898|      950155|   396419128|      110346|     4200.27|      892934|           0|
time: 12.8108/0.0718489  number: 1778917/6939
c |       45.78|      660016|      958867|   399813955|      111388|     4200.79|      901125|           0|
time: 12.9327/0.0719138  number: 1795295/6945
c |       46.17|      664612|      967569|   403067377|      112068|     4201.56|      909317|           0|
time: 13.0493/0.072135  number: 1811657/6967
c |       46.58|      669780|      976335|   406651682|      113328|     4202.20|      917510|           0|
time: 13.1702/0.0733023  number: 1827927/7081
c |       46.97|      675520|      985027|   409890978|      114212|     4202.98|      925699|           0|
time: 13.2875/0.0733023  number: 1844311/7081
c |       47.37|      680605|      993752|   413114034|      115154|     4203.75|      933893|           0|
time: 13.4036/0.0740386  number: 1860626/7150
c |       47.76|      686181|     1002484|   416427194|      115882|     4204.40|      942087|           0|
time: 13.5207/0.0742407  number: 1876987/7173
c |       48.16|      691775|     1011182|   419693853|      116562|     4205.17|      950276|           0|
time: 13.6404/0.0742407  number: 1893371/7173
c |       48.54|      697051|     1019886|   422831883|      117244|     4205.82|      958467|           0|
time: 13.7564/0.0742407  number: 1909755/7173
c |       48.94|      702529|     1028565|   426047597|      117890|     4206.59|      966662|           0|
time: 13.875/0.0742407  number: 1926139/7173
c |       49.32|      707272|     1037257|   429188937|      118556|     4207.23|      974854|           0|
time: 13.9893/0.0742407  number: 1942523/7173
c |       49.72|      712198|     1045946|   432477052|      119222|     4208.01|      983045|           0|
time: 14.108/0.0742407  number: 1958907/7173
c |       50.11|      717552|     1054618|   435615684|      119864|     4208.65|      991236|           0|
time: 14.2266/0.0742407  number: 1975291/7173
c |       50.50|      722850|     1063303|   438816769|      120514|     4209.43|      999433|           0|
time: 14.3427/0.0742407  number: 1991675/7173
c |       50.89|      728274|     1071971|   441959462|      121154|     4210.20|     1007620|           0|
time: 14.4585/0.0742407  number: 2008059/7173
c |       51.28|      733641|     1080627|   445021499|      121772|     4210.84|     1015814|           0|
time: 14.5763/0.0744353  number: 2024425/7191
c |       51.68|      738862|     1089322|   448307288|      123336|     4211.62|     1024007|           0|
time: 14.6947/0.0769606  number: 2040569/7431
c |       52.10|      744371|     1098064|   451850325|      125504|     4212.93|     1032199|           0|
time: 14.8169/0.0804167  number: 2056639/7745
c |       52.52|      749937|     1106780|   455325988|      127038|     4213.57|     1040391|           0|
time: 14.9415/0.0810805  number: 2072956/7812
c --------------------------------------------------------------------------------------------------------
c |        time|     #posHit|     #negHit|      memory|      #split|     mem(MB)|  #dec. Node|     #models|
c --------------------------------------------------------------------------------------------------------
c |       52.93|      755172|     1115495|   458755675|      127990|     4214.22|     1048582|           0|
time: 15.0633/0.0828009  number: 2089164/7988
c |       53.37|      761345|     1124298|   462598966|      130668|     4214.99|     1056773|           0|
time: 15.1926/0.0856162  number: 2105287/8249
c |       53.79|      766822|     1133107|   466219685|      132540|     4216.06|     1064964|           0|
time: 15.3167/0.0899916  number: 2121306/8614
c |       54.19|      772528|     1141809|   469533258|      133442|     4216.83|     1073158|           0|
time: 15.4402/0.0899916  number: 2137690/8614
c |       54.58|      777722|     1150477|   472651355|      134076|     4217.61|     1081350|           0|
time: 15.5597/0.0899916  number: 2154074/8614
c |       54.97|      783293|     1159170|   475856238|      134744|     4218.25|     1089542|           0|
time: 15.6813/0.0899916  number: 2170458/8614
c |       55.38|      788746|     1167912|   479253170|      135906|     4219.02|     1097732|           0|
time: 15.8049/0.0915366  number: 2186718/8738
c |       55.80|      794755|     1176638|   482742302|      137766|     4219.67|     1105928|           0|
time: 15.9276/0.0939742  number: 2202849/8991
c |       56.21|      801030|     1185344|   486132231|      138834|     4220.44|     1114115|           0|
time: 16.053/0.0939742  number: 2219233/8991
c |       56.61|      806616|     1194037|   489357435|      139500|     4221.21|     1122310|           0|
time: 16.1763/0.0939742  number: 2235617/8991
c |       57.03|      811957|     1202720|   492707733|      140158|     4221.86|     1130500|           0|
time: 16.3039/0.0939742  number: 2252001/8991
c |       57.44|      817845|     1211395|   496010395|      140800|     4222.63|     1138692|           0|
time: 16.4304/0.0939742  number: 2268385/8991
c |       57.84|      823221|     1220091|   499205727|      141472|     4223.41|     1146884|           0|
time: 16.5542/0.0939742  number: 2284769/8991
c |       58.25|      829453|     1228776|   502451249|      142130|     4224.18|     1155075|           0|
time: 16.6872/0.0939742  number: 2301153/8991
c |       58.68|      835669|     1237504|   505964297|      142838|     4224.82|     1163274|           0|
time: 16.8146/0.0939742  number: 2317537/8991
c |       59.11|      841786|     1246203|   509426662|      143518|     4225.60|     1171462|           0|
time: 16.9408/0.0939742  number: 2333921/8991
c |       59.53|      847259|     1255005|   512965118|      144332|     4226.37|     1179653|           0|
time: 17.0638/0.0939742  number: 2350305/8991
c |       59.95|      853541|     1263769|   516526207|      145096|     4227.14|     1187844|           0|
time: 17.1886/0.0939742  number: 2366689/8991
c |       60.39|      859402|     1272483|   520083266|      145790|     4227.79|     1196037|           0|
time: 17.316/0.0939742  number: 2383073/8991
c |       60.81|      865051|     1281215|   523556221|      146512|     4228.56|     1204228|           0|
time: 17.4427/0.0939742  number: 2399457/8991
c |       61.24|      870092|     1289967|   527062954|      147254|     4229.21|     1212423|           0|
time: 17.5698/0.094039  number: 2415835/8997
c |       61.65|      875359|     1298686|   530512287|      147956|     4229.98|     1220612|           0|
time: 17.6965/0.094039  number: 2432219/8997
c |       62.06|      880712|     1307401|   533945154|      148642|     4230.75|     1228808|           0|
time: 17.8235/0.0941039  number: 2448596/9004
c |       62.48|      886014|     1316122|   537444527|      149352|     4231.53|     1236997|           0|
time: 17.9521/0.0944014  number: 2464949/9035
c |       62.90|      891354|     1324848|   540957365|      150062|     4232.17|     1245186|           0|
time: 18.0802/0.0944701  number: 2481327/9041
c |       63.31|      897239|     1333547|   544358097|      150732|     4232.95|     1253383|           0|
time: 18.2035/0.0944701  number: 2497711/9041
c |       63.72|      903415|     1342235|   547779015|      151398|     4233.72|     1261572|           0|
time: 18.3267/0.0944701  number: 2514095/9041
c |       64.12|      909644|     1350896|   551022410|      152020|     4234.49|     1269767|           0|
time: 18.4489/0.0944701  number: 2530479/9041
c |       64.56|      915893|     1359624|   554664460|      152736|     4235.14|     1277957|           0|
time: 18.5812/0.0944701  number: 2546863/9041
c |       64.99|      922104|     1368340|   558210303|      153428|     4235.91|     1286154|           0|
time: 18.7082/0.0944701  number: 2563247/9041
c |       65.40|      928347|     1377020|   561598259|      154086|     4236.68|     1294341|           0|
time: 18.8324/0.0944701  number: 2579631/9041
c |       65.81|      934483|     1385678|   564835187|      154706|     4237.33|     1302533|           0|
time: 18.9666/0.0944701  number: 2596015/9041
c |       66.21|      940676|     1394331|   568049079|      155322|     4238.10|     1310725|           0|
time: 19.0892/0.0944701  number: 2612399/9041
c |       66.61|      946847|     1402990|   571290906|      155942|     4238.88|     1318918|           0|
time: 19.2124/0.0944701  number: 2628783/9041
c |       67.02|      953097|     1411651|   574571841|      156572|     4239.65|     1327108|           0|
time: 19.3356/0.0944701  number: 2645167/9041
c |       67.47|      959510|     1420412|   578399930|      157330|     4240.29|     1335300|           0|
time: 19.4672/0.0944701  number: 2661551/9041
c |       67.90|      965886|     1429133|   582011781|      158036|     4241.07|     1343492|           0|
time: 19.5969/0.0944701  number: 2677935/9041
c |       68.31|      971970|     1437828|   585466941|      158702|     4241.84|     1351686|           0|
time: 19.7223/0.0944701  number: 2694319/9041
c |       68.72|      977656|     1446513|   588879740|      159348|     4242.61|     1359877|           0|
time: 19.8455/0.0944701  number: 2710703/9041
c |       69.11|      983476|     1455173|   592146929|      159976|     4243.39|     1368068|           0|
time: 19.9676/0.0944701  number: 2727087/9041
c |       69.51|      989426|     1463853|   595502406|      160618|     4244.03|     1376265|           0|
time: 20.092/0.0944701  number: 2743471/9041
c |       69.93|      995534|     1472535|   598917813|      161276|     4244.80|     1384454|           0|
time: 20.2194/0.0944701  number: 2759855/9041
c |       70.33|     1001550|     1481201|   602239462|      161914|     4245.58|     1392643|           0|
time: 20.3441/0.0944701  number: 2776239/9041
c |       70.74|     1007489|     1489878|   605602947|      162560|     4246.35|     1400835|           0|
time: 20.4689/0.0944701  number: 2792623/9041
c |       71.14|     1013576|     1498541|   608872821|      163180|     4247.00|     1409031|           0|
time: 20.5929/0.0944701  number: 2809007/9041
c |       71.53|     1019722|     1507176|   612023372|      163776|     4247.77|     1417221|           0|
time: 20.7164/0.0944701  number: 2825391/9041
c |       71.92|     1025925|     1515814|   615150331|      164364|     4248.54|     1425418|           0|
time: 20.8403/0.0944701  number: 2841775/9041
c |       72.32|     1032186|     1524475|   618441095|      164990|     4249.19|     1433608|           0|
time: 20.9684/0.0944701  number: 2858159/9041
c |       72.71|     1038213|     1533102|   621529132|      165572|     4249.96|     1441800|           0|
time: 21.0895/0.0944701  number: 2874543/9041
c |       73.11|     1044084|     1541735|   624648145|      166160|     4250.73|     1449991|           0|
time: 21.2098/0.0944701  number: 2890927/9041
c |       73.51|     1050143|     1550399|   627935710|      166786|     4251.38|     1458186|           0|
time: 21.3337/0.0944701  number: 2907311/9041
c |       73.89|     1056252|     1559010|   630948888|      167348|     4252.15|     1466376|           0|
time: 21.454/0.0944701  number: 2923695/9041
c |       74.26|     1062439|     1567621|   633959040|      167908|     4252.93|     1474566|           0|
time: 21.5742/0.0944701  number: 2940079/9041
c |       74.64|     1068653|     1576229|   636939804|      168460|     4253.57|     1482760|           0|
time: 21.6938/0.0944701  number: 2956463/9041
c |       75.01|     1075077|     1584809|   639785889|      168980|     4254.34|     1490950|           0|
time: 21.8144/0.0944701  number: 2972847/9041
c |       75.39|     1081390|     1593394|   642664018|      169510|     4255.12|     1499139|           0|
time: 21.9364/0.0944701  number: 2989231/9041
c |       75.77|     1087731|     1601983|   645538989|      170036|     4255.76|     1507332|           0|
time: 22.0595/0.0944701  number: 3005615/9041
c |       76.14|     1093927|     1610588|   648496083|      170584|     4256.54|     1515527|           0|
time: 22.1788/0.0944701  number: 3021999/9041
c |       76.52|     1100225|     1619176|   651373672|      171112|     4257.31|     1523719|           0|
time: 22.3017/0.0944701  number: 3038383/9041
c |       76.90|     1106283|     1627798|   654445742|      171686|     4258.08|     1531909|           0|
time: 22.423/0.0944701  number: 3054767/9041
c |       77.28|     1112536|     1636401|   657409080|      172234|     4258.73|     1540101|           0|
time: 22.5466/0.0944701  number: 3071151/9041
c |       77.65|     1118769|     1644997|   660338459|      172776|     4259.50|     1548291|           0|
time: 22.6679/0.0944701  number: 3087535/9041
c |       78.03|     1125034|     1653603|   663317492|      173328|     4260.27|     1556484|           0|
time: 22.7901/0.0944701  number: 3103919/9041
c |       78.42|     1131146|     1662230|   666416380|      173910|     4261.05|     1564675|           0|
time: 22.9105/0.0944701  number: 3120303/9041
c --------------------------------------------------------------------------------------------------------
c |        time|     #posHit|     #negHit|      memory|      #split|     mem(MB)|  #dec. Node|     #models|
c --------------------------------------------------------------------------------------------------------
c |       78.81|     1137044|     1670881|   669638952|      174520|     4261.69|     1572867|           0|
time: 23.0316/0.0944701  number: 3136687/9041
c --------------------------------------------------------------------------------------------------------
c
c [1m[31mStatistics [0m
c [33mCompilation Information[0m
c Number of recursive call: 3156863
c Number of split formula: 174906
c Number of decision: 1578431
c Number of models used: 0
c
c [1m[34mCache Information[0m
c Number of positive hit: 1141244
c Number of negative hit: 1676735
c
c Final time: 79.07
c
time: 23.115/0.0944701  number: 3147822/9041
s SATISFIABLE
c s type mc
c s log10-estimate 18.128761203026535634398002510066469387557273022548
c s exact arb int 1345120535680737280
c [COUNTER] Elapsed time: 79.1103893500000054928023018874228000640869140625 seconds
