c [D4] Competition version
c [INITIAL INPUT] [4m[32mStatistics about the input formula[0m
c [INITIAL INPUT] Number of variables: 432
c [INITIAL INPUT] Number of clauses: 1377
c [INITIAL INPUT] Number of unit clauses: 11
c [INITIAL INPUT] Number of binary clauses: 127
c [INITIAL INPUT] Number of ternary clauses: 861
c [INITIAL INPUT] Number of clauses larger than 3: 378
c [INITIAL INPUT] Number of literals: 4447
c
c [D4] Run the projected model counter
c [PREPROC MANAGER] Option PreprocManager: preproc(basic) input type(dimacs cnf)
c [MAIN PREPROCESSED INPUT] [4m[32mStatistics about the preprocessed formula[0m
c [PREPROCESSED INPUT] Number of variables: 432
c [PREPROCESSED INPUT] Number of clauses: 1377
c [PREPROCESSED INPUT] Number of unit clauses: 11
c [PREPROCESSED INPUT] Number of binary clauses: 127
c [PREPROCESSED INPUT] Number of ternary clauses: 861
c [PREPROCESSED INPUT] Number of clauses larger than 3: 378
c [PREPROCESSED INPUT] Number of literals: 4447
c
c
c [PROJECTED VARIABLES] list: 5 6 7 8 9 10 11 12 13 14 15 16 17 18 19 20 124 125 126 127 128 129 130 131 132 133 134 135 136 137 138 139 227 228 229 230 231 232 233 234 235 236 237 238 239 240 241 242 330 331 332 333 334 335 336 337 338 339 340 341 342 343 344 345 432 
c
c [DPLL STYLE METHOD] Option DPLL-style Method: exploit-model(1) 
c [WRAPPER SOLVER] Option Solver: solver name(glucose cnf)
c [GLUCOSE SOLVER] Init phase
c [SPEC MANAGER] Option Formula Manager: update mode(dynamicBlockedSimp)
c [SPEC MANAGER] DYN with blocked clause elimination
c [SPEC MANAGER] Number of clauses removed at the beginning: 181
c [MODE] Projected we can only use the classical heuristic
c [BRANCHING HEURISTIC] Option Branching Heuristic: scoring method(vsads) phase heuristic(polarity) reverse phase (0) freq-decay (2048) branching heuristic (classic)
c [CACHE CLEANING MANAGER]  Option CacheCleaningManager: cleaning strategy(none) 
c [BUCKET MANAGER]  Option BucketManager: storage(not-touched)  representation(clause)  size_first_page(4294967296) size_additional_page(536870912)
c [CACHE LIST CONSTRUCTOR]
c [OPERATION MANAGER] Operator option: operator type(counting)
c
c [DPLL STYLE METHOD] Exploitation models: 1
c Warm start process (11): 22/29
c --------------------------------------------------------------------------------------------------------
c |        time|     #posHit|     #negHit|      memory|      #split|     mem(MB)|  #dec. Node|     #models|
c --------------------------------------------------------------------------------------------------------
c |        0.38|        6092|        8639|     3401459|        1893|     4128.93|        8201|           0|
time: 0.106565/0.00608997  number: 15796/588
c |        0.78|       12217|       17352|     7062841|        3901|     4129.58|       16396|           0|
time: 0.221056/0.00978862  number: 31828/940
c |        1.16|       17361|       25996|    10332308|        4950|     4130.23|       24582|           0|
time: 0.331891/0.00978862  number: 48212/940
c |        1.55|       22586|       34658|    13586575|        6193|     4131.00|       32773|           0|
time: 0.443751/0.0107211  number: 64503/1033
c |        1.92|       27985|       43299|    16684975|        6880|     4131.64|       40970|           0|
time: 0.551243/0.0108069  number: 80879/1041
c |        2.30|       33656|       51926|    19838905|        7540|     4132.29|       49157|           0|
time: 0.661704/0.0108069  number: 97263/1041
c |        2.68|       39121|       60568|    23027225|        8209|     4132.93|       57353|           0|
time: 0.769887/0.0108069  number: 113647/1041
c |        3.05|       44280|       69227|    26143302|        8908|     4133.57|       65547|           0|
time: 0.875738/0.01083  number: 130029/1043
c |        3.42|       49296|       77896|    29329574|        9625|     4134.35|       73737|           0|
time: 0.982011/0.01083  number: 146413/1043
c |        3.80|       54557|       86553|    32552865|       10324|     4134.99|       81927|           0|
time: 1.08945/0.0109714  number: 162781/1059
c |        4.17|       60407|       95179|    35732702|       10972|     4135.64|       90123|           0|
time: 1.19822/0.0109714  number: 179165/1059
c |        4.54|       66039|      103808|    38841809|       11634|     4136.28|       98308|           0|
time: 1.30487/0.0110677  number: 195540/1068
c |        4.91|       71854|      112437|    41943602|       12291|     4136.91|      106501|           0|
time: 1.41132/0.0112022  number: 211912/1080
c |        5.29|       77799|      121098|    45171943|       12987|     4137.68|      114696|           0|
time: 1.51943/0.0112656  number: 228290/1086
c |        5.66|       83669|      129743|    48299293|       13664|     4138.33|      122890|           0|
time: 1.62611/0.0113081  number: 244670/1090
c |        6.04|       89486|      138403|    51543214|       14375|     4138.97|      131077|           0|
time: 1.7346/0.0113081  number: 261054/1090
c |        6.41|       95307|      147057|    54688557|       15057|     4139.61|      139274|           0|
time: 1.84166/0.0113543  number: 277434/1094
c |        6.77|      101028|      155689|    57785921|       15716|     4140.38|      147462|           0|
time: 1.9474/0.011391  number: 293815/1097
c |        7.14|      106659|      164333|    60987539|       16394|     4141.02|      155653|           0|
time: 2.05413/0.011391  number: 310199/1097
c |        7.51|      112399|      172966|    64097571|       17054|     4141.66|      163846|           0|
time: 2.1606/0.011391  number: 326583/1097
c |        7.87|      118137|      181584|    67179175|       17693|     4142.30|      172039|           0|
time: 2.26654/0.011391  number: 342967/1097
c |        8.24|      123662|      190228|    70335109|       18367|     4143.06|      180232|           0|
time: 2.37276/0.0115622  number: 359335/1113
c |        8.61|      129864|      198870|    73574539|       19045|     4143.70|      188423|           0|
time: 2.48104/0.0115622  number: 375719/1113
c |        8.99|      135834|      207510|    76786007|       19720|     4144.34|      196612|           0|
time: 2.5892/0.0115622  number: 392103/1113
c |        9.36|      141632|      216161|    80032092|       20404|     4144.98|      204807|           0|
time: 2.69799/0.0115622  number: 408487/1113
c |        9.74|      147664|      224818|    83351635|       21106|     4145.74|      212996|           0|
time: 2.80771/0.0115622  number: 424871/1113
c |       10.12|      153725|      233478|    86641925|       21805|     4146.39|      221191|           0|
time: 2.91739/0.0115622  number: 441255/1113
c |       10.49|      159662|      242110|    89838870|       22462|     4147.02|      229386|           0|
time: 3.02525/0.0115622  number: 457639/1113
c |       10.86|      165732|      250766|    93135983|       23164|     4147.67|      237573|           0|
time: 3.13454/0.0115622  number: 474023/1113
c |       11.24|      171838|      259416|    96397174|       23845|     4148.31|      245769|           0|
time: 3.2441/0.0115622  number: 490407/1113
c |       11.62|      177914|      268076|    99659926|       24547|     4149.09|      253962|           0|
time: 3.35414/0.0115622  number: 506791/1113
c |       11.99|      183826|      276714|   102914061|       25222|     4149.73|      262148|           0|
time: 3.46363/0.0115622  number: 523175/1113
c |       12.38|      189892|      285388|   106266728|       25945|     4150.37|      270341|           0|
time: 3.57412/0.0115622  number: 539559/1113
c |       12.75|      195873|      294040|   109565676|       26635|     4151.02|      278533|           0|
time: 3.6842/0.0115622  number: 555943/1113
c |       13.14|      201843|      302677|   112946878|       27304|     4151.66|      286725|           0|
time: 3.79503/0.0115622  number: 572327/1113
c |       13.51|      208027|      311307|   116329962|       27958|     4152.55|      294919|           0|
time: 3.90482/0.0115718  number: 588710/1114
c |       13.87|      214567|      319866|   119330707|       28507|     4153.20|      303111|           0|
time: 4.0113/0.0116175  number: 605089/1119
c |       14.24|      221819|      328440|   122411592|       29083|     4153.84|      311302|           0|
time: 4.11905/0.0116175  number: 621473/1119
c |       14.60|      228407|      337010|   125447459|       29647|     4154.49|      319495|           0|
time: 4.22751/0.0116175  number: 637857/1119
c |       14.97|      234741|      345574|   128454143|       30208|     4155.13|      327684|           0|
time: 4.33528/0.0116175  number: 654241/1119
c |       15.33|      242034|      354155|   131523729|       30784|     4155.78|      335881|           0|
time: 4.44249/0.0116175  number: 670625/1119
c |       15.71|      249461|      362761|   134721081|       31408|     4156.55|      344071|           0|
time: 4.55155/0.0116175  number: 687009/1119
c |       16.09|      256929|      371367|   137916424|       32032|     4157.20|      352263|           0|
time: 4.66117/0.0116175  number: 703393/1119
c |       16.47|      264165|      379979|   141099811|       32664|     4157.84|      360453|           0|
time: 4.77067/0.0116175  number: 719777/1119
c |       16.84|      270249|      388581|   144252473|       33279|     4158.48|      368644|           0|
time: 4.88083/0.0116175  number: 736161/1119
c |       17.22|      277246|      397184|   147426568|       33897|     4159.13|      376834|           0|
time: 4.99106/0.0116175  number: 752545/1119
c |       17.60|      284279|      405786|   150580889|       34509|     4159.90|      385030|           0|
time: 5.10196/0.0116175  number: 768929/1119
c |       17.98|      291228|      414392|   153822309|       35130|     4160.55|      393221|           0|
time: 5.21325/0.0116175  number: 785313/1119
c |       18.36|      298046|      422991|   157016777|       35739|     4161.19|      401415|           0|
time: 5.32402/0.0116175  number: 801697/1119
c |       18.73|      304994|      431573|   160170072|       36324|     4161.84|      409605|           0|
time: 5.43436/0.0116175  number: 818081/1119
c |       19.10|      312024|      440152|   163283426|       36906|     4162.48|      417796|           0|
time: 5.54388/0.0116175  number: 834465/1119
c |       19.47|      319393|      448718|   166345026|       37467|     4163.25|      425988|           0|
time: 5.65183/0.0116175  number: 850849/1119
c |       19.84|      326998|      457302|   169499634|       38052|     4163.90|      434183|           0|
time: 5.76079/0.0116175  number: 867233/1119
c |       20.22|      334588|      465894|   172709657|       38655|     4164.54|      442373|           0|
time: 5.87149/0.0116175  number: 883617/1119
c |       20.59|      342160|      474499|   175971824|       39273|     4165.19|      450567|           0|
time: 5.98115/0.0116175  number: 900001/1119
c |       20.97|      349740|      483100|   179225797|       39888|     4165.96|      458757|           0|
time: 6.09185/0.0116175  number: 916385/1119
c |       21.34|      357244|      491692|   182410738|       40485|     4166.61|      466950|           0|
time: 6.20186/0.0116175  number: 932769/1119
c |       21.72|      364617|      500295|   185666615|       41100|     4167.25|      475144|           0|
time: 6.31376/0.0116175  number: 949153/1119
c |       22.10|      371969|      508906|   188977634|       41733|     4167.90|      483333|           0|
time: 6.4263/0.0116175  number: 965537/1119
c |       22.49|      379306|      517529|   192353261|       42381|     4168.54|      491524|           0|
time: 6.53928/0.0116175  number: 981921/1119
c |       22.87|      386644|      526148|   195692773|       43020|     4169.32|      499717|           0|
time: 6.65121/0.0116175  number: 998305/1119
c |       23.25|      394008|      534750|   198932872|       43635|     4169.96|      507908|           0|
time: 6.76263/0.0116175  number: 1014689/1119
c |       23.63|      401366|      543360|   202218086|       44265|     4170.61|      516100|           0|
time: 6.87456/0.0116175  number: 1031073/1119
c --------------------------------------------------------------------------------------------------------
c |        time|     #posHit|     #negHit|      memory|      #split|     mem(MB)|  #dec. Node|     #models|
c --------------------------------------------------------------------------------------------------------
c |       24.01|      408722|      551975|   205524718|       44895|     4171.25|      524294|           0|
time: 6.98668/0.0116175  number: 1047457/1119
c |       24.40|      416085|      560583|   208784087|       45516|     4172.02|      532488|           0|
time: 7.09783/0.0116175  number: 1063841/1119
c |       24.77|      423472|      569177|   211986354|       46125|     4172.67|      540677|           0|
time: 7.20786/0.0116175  number: 1080225/1119
c |       25.14|      430861|      577760|   215101631|       46710|     4173.31|      548870|           0|
time: 7.31523/0.0116175  number: 1096609/1119
c |       25.51|      438269|      586345|   218250255|       47301|     4173.96|      557060|           0|
time: 7.42366/0.0116175  number: 1112993/1119
c |       25.88|      445665|      594936|   221435091|       47901|     4174.73|      565250|           0|
time: 7.53222/0.0116175  number: 1129377/1119
c |       26.25|      453039|      603542|   224681635|       48516|     4175.38|      573447|           0|
time: 7.64325/0.0116175  number: 1145761/1119
c |       26.63|      460425|      612137|   227889902|       49122|     4176.02|      581637|           0|
time: 7.75365/0.0116175  number: 1162145/1119
c |       27.00|      467811|      620729|   231065998|       49722|     4176.79|      589830|           0|
time: 7.86275/0.0116175  number: 1178529/1119
c |       27.38|      475181|      629333|   234331662|       50343|     4177.44|      598021|           0|
time: 7.97275/0.0116175  number: 1194913/1119
c |       27.76|      482531|      637947|   237643945|       50973|     4178.08|      606214|           0|
time: 8.08292/0.0116175  number: 1211297/1119
c |       28.13|      489908|      646549|   240892171|       51588|     4178.86|      614406|           0|
time: 8.19365/0.0116175  number: 1227681/1119
c |       28.51|      497292|      655143|   244100011|       52194|     4179.50|      622595|           0|
time: 8.30413/0.0116175  number: 1244065/1119
c |       28.86|      502578|      663786|   247210288|       52857|     4176.30|      630792|           0|
time: 8.40538/0.0194987  number: 1259519/2049
c |       29.25|      506344|      672471|   250615346|       54259|     4177.21|      638982|           0|
time: 8.51701/0.0290049  number: 1274770/3182
c |       29.62|      510448|      681210|   253742997|       55029|     4178.06|      647175|           0|
time: 8.62351/0.0375212  number: 1290124/4212
c |       30.06|      515918|      689944|   257687499|       56981|     4178.70|      655367|           0|
time: 8.75639/0.0402602  number: 1306156/4564
c |       30.52|      521900|      698700|   262004154|       59192|     4179.48|      663556|           0|
time: 8.89507/0.0447367  number: 1322042/5062
c |       30.98|      527927|      707511|   266340886|       61446|     4180.12|      671750|           0|
time: 9.03315/0.0493277  number: 1337864/5624
c |       31.45|      533827|      716308|   270534714|       63764|     4181.11|      679943|           0|
time: 9.1769/0.0532073  number: 1353919/5953
c |       31.94|      540171|      725113|   275138817|       66181|     4181.75|      688136|           0|
time: 9.32528/0.056507  number: 1370003/6253
c |       32.38|      546396|      733872|   279185989|       68311|     4182.53|      696326|           0|
time: 9.4523/0.0602931  number: 1386034/6606
c |       32.81|      552269|      742643|   283302077|       70359|     4183.30|      704517|           0|
time: 9.57803/0.0649737  number: 1401857/7167
c |       33.26|      558642|      751430|   287493764|       72564|     4183.95|      712713|           0|
time: 9.70709/0.068796  number: 1417810/7598
c |       33.72|      564694|      760259|   291916589|       74666|     4184.72|      720904|           0|
time: 9.83824/0.0737589  number: 1433680/8112
c |       34.13|      569864|      769031|   295378284|       75695|     4185.36|      729095|           0|
time: 9.95719/0.0740946  number: 1450025/8151
c |       34.56|      575066|      777862|   299292170|       77029|     4186.14|      737287|           0|
time: 10.0776/0.0782679  number: 1465962/8598
c |       35.02|      580931|      786712|   303734145|       79270|     4186.77|      745479|           0|
time: 10.2043/0.0843218  number: 1481781/9163
c |       35.44|      585563|      795594|   307506902|       81006|     4187.29|      753669|           0|
time: 10.3211/0.0906542  number: 1497445/9883
c |       35.83|      590642|      804392|   310729828|       81699|     4188.06|      761861|           0|
time: 10.441/0.0913333  number: 1513753/9959
c |       36.22|      595871|      813197|   313860700|       82314|     4188.71|      770052|           0|
time: 10.5522/0.0914019  number: 1530130/9966
c |       36.60|      601358|      821945|   317043685|       82869|     4189.48|      778246|           0|
time: 10.6632/0.0920008  number: 1546451/10029
c |       36.99|      607292|      830695|   320293656|       83427|     4190.12|      786438|           0|
time: 10.775/0.0920008  number: 1562835/10029
c |       37.39|      612568|      839467|   323603387|       84057|     4190.90|      794633|           0|
time: 10.8879/0.0925158  number: 1579164/10084
c |       37.81|      618417|      848305|   327412133|       85623|     4191.54|      802820|           0|
time: 11.0084/0.0938357  number: 1595411/10221
c |       38.20|      624146|      857090|   330636587|       86214|     4192.32|      811014|           0|
time: 11.1204/0.0938777  number: 1611793/10223
c |       38.59|      629494|      865860|   333843516|       86790|     4192.96|      819207|           0|
time: 11.2307/0.0938777  number: 1628177/10223
c |       38.98|      634945|      874621|   337046587|       87360|     4193.73|      827399|           0|
time: 11.3409/0.0938777  number: 1644561/10223
c |       39.36|      640493|      883364|   340195731|       87912|     4194.38|      835590|           0|
time: 11.4504/0.0938777  number: 1660945/10223
c |       39.75|      646225|      892138|   343461061|       88494|     4195.15|      843782|           0|
time: 11.5624/0.0938777  number: 1677329/10223
c |       40.14|      651448|      900909|   346717573|       89073|     4195.80|      851975|           0|
time: 11.6737/0.0939425  number: 1693705/10231
c |       40.53|      656773|      909660|   349922922|       89634|     4196.57|      860166|           0|
time: 11.7839/0.094015  number: 1710082/10238
c |       40.92|      662540|      918445|   353247105|       90228|     4197.21|      868356|           0|
time: 11.8956/0.0941599  number: 1726454/10250
c |       41.31|      668449|      927204|   356500786|       90795|     4197.99|      876548|           0|
time: 12.0069/0.0942858  number: 1742828/10260
c |       41.70|      674294|      935950|   359703181|       91344|     4198.63|      884744|           0|
time: 12.1171/0.0944041  number: 1759200/10272
c |       42.08|      680153|      944678|   362850868|       91884|     4199.41|      892933|           0|
time: 12.2262/0.0944918  number: 1775577/10279
c |       42.46|      686199|      953395|   365979039|       92409|     4200.05|      901123|           0|
time: 12.3339/0.0944918  number: 1791961/10279
c |       42.82|      691832|      962101|   369021049|       92922|     4200.83|      909319|           0|
time: 12.4401/0.0945071  number: 1808344/10280
c |       43.18|      697614|      970762|   371883716|       93390|     4201.47|      917509|           0|
time: 12.5448/0.0945185  number: 1824727/10281
c |       43.55|      703247|      979444|   374819767|       93882|     4202.25|      925701|           0|
time: 12.6511/0.0947322  number: 1841092/10300
c |       43.91|      708784|      988145|   377825844|       94392|     4202.89|      933892|           0|
time: 12.7586/0.0949381  number: 1857455/10321
c |       44.26|      714227|      996815|   380661465|       94866|     4204.03|      942088|           0|
time: 12.8624/0.0954989  number: 1873808/10352
c |       44.63|      719681|     1005501|   383626708|       95364|     4204.55|      950275|           0|
time: 12.9691/0.0955218  number: 1890190/10354
c |       44.99|      725199|     1014180|   386544940|       95850|     4205.32|      958468|           0|
time: 13.0755/0.0955218  number: 1906574/10354
c |       45.34|      730900|     1022840|   389420271|       96321|     4205.96|      966658|           0|
time: 13.1802/0.0956248  number: 1922950/10362
c |       45.69|      736209|     1031510|   392296531|       96798|     4206.74|      974851|           0|
time: 13.2844/0.0957965  number: 1939321/10375
c |       46.05|      740819|     1040248|   395273438|       97341|     4207.38|      983045|           0|
time: 13.3898/0.0958232  number: 1955703/10377
c |       46.42|      746236|     1049007|   398360817|       97911|     4208.16|      991237|           0|
time: 13.496/0.0958232  number: 1972087/10377
c |       46.80|      751684|     1057776|   401514632|       98487|     4208.93|      999428|           0|
time: 13.6032/0.0958232  number: 1988471/10377
c |       47.15|      756524|     1066573|   404629607|       99174|     4209.57|     1007621|           0|
time: 13.705/0.0969447  number: 2004736/10496
c |       47.58|      760914|     1075562|   408509865|      100714|     4210.35|     1015813|           0|
time: 13.8237/0.100363  number: 2020752/10864
c |       47.98|      766067|     1084447|   411986479|      101544|     4211.12|     1024004|           0|
time: 13.9379/0.100363  number: 2037136/10864
c |       48.38|      770464|     1093325|   415406328|      102231|     4211.77|     1032197|           0|
time: 14.0497/0.100363  number: 2053520/10864
c |       48.78|      775054|     1102270|   418898528|      102981|     4212.54|     1040392|           0|
time: 14.1631/0.100363  number: 2069904/10864
c --------------------------------------------------------------------------------------------------------
c |        time|     #posHit|     #negHit|      memory|      #split|     mem(MB)|  #dec. Node|     #models|
c --------------------------------------------------------------------------------------------------------
c |       49.19|      780328|     1111148|   422319100|      103671|     4213.31|     1048580|           0|
time: 14.276/0.100363  number: 2086288/10864
c |       49.59|      785613|     1119992|   425720261|      104325|     4213.96|     1056772|           0|
time: 14.3887/0.100363  number: 2102672/10864
c |       49.98|      791430|     1128763|   429055697|      104904|     4214.73|     1064964|           0|
time: 14.5019/0.100363  number: 2119056/10864
c |       50.39|      798128|     1137537|   432413249|      105489|     4215.50|     1073157|           0|
time: 14.6144/0.100363  number: 2135440/10864
c |       50.79|      804194|     1146304|   435751902|      106062|     4216.15|     1081350|           0|
time: 14.7265/0.100363  number: 2151824/10864
c |       51.20|      810331|     1155064|   439093364|      106635|     4216.92|     1089540|           0|
time: 14.8385/0.100363  number: 2168208/10864
c |       51.60|      815048|     1163822|   442420305|      107202|     4218.15|     1097731|           0|
time: 14.952/0.100363  number: 2184592/10864
c |       52.00|      820769|     1172571|   445691371|      107760|     4218.92|     1105924|           0|
time: 15.064/0.100363  number: 2200976/10864
c |       52.38|      826871|     1181302|   448863440|      108294|     4219.57|     1114121|           0|
time: 15.1735/0.100363  number: 2217360/10864
c |       52.76|      833038|     1190015|   451972224|      108816|     4220.34|     1122312|           0|
time: 15.2821/0.100363  number: 2233744/10864
c |       53.13|      839398|     1198699|   455020938|      109311|     4221.11|     1130500|           0|
time: 15.3906/0.100363  number: 2250128/10864
c |       53.50|      845766|     1207386|   458049494|      109806|     4221.76|     1138693|           0|
time: 15.498/0.100363  number: 2266512/10864
c |       53.87|      852182|     1216070|   461027144|      110301|     4222.53|     1146882|           0|
time: 15.6053/0.100363  number: 2282896/10864
c |       54.24|      858363|     1224780|   464073220|      110814|     4223.30|     1155077|           0|
time: 15.7126/0.100363  number: 2299280/10864
c |       54.61|      864657|     1233470|   467036404|      111312|     4223.95|     1163269|           0|
time: 15.8189/0.100363  number: 2315664/10864
c |       54.98|      870871|     1242165|   470030530|      111816|     4224.72|     1171459|           0|
time: 15.9266/0.100363  number: 2332048/10864
c |       55.35|      877227|     1250857|   472965760|      112320|     4225.37|     1179654|           0|
time: 16.034/0.100363  number: 2348432/10864
c |       55.71|      883501|     1259516|   475803370|      112809|     4226.14|     1187844|           0|
time: 16.1408/0.100363  number: 2364816/10864
c |       56.08|      889740|     1268215|   478768524|      113313|     4226.91|     1196040|           0|
time: 16.2484/0.100363  number: 2381200/10864
c |       56.45|      895983|     1276919|   481825198|      113826|     4227.56|     1204229|           0|
time: 16.3572/0.100363  number: 2397584/10864
c |       56.82|      902277|     1285611|   484836812|      114327|     4228.33|     1212420|           0|
time: 16.4653/0.100363  number: 2413968/10864
c |       57.20|      908513|     1294307|   487850820|      114831|     4229.11|     1220614|           0|
time: 16.5738/0.100363  number: 2430352/10864
c |       57.58|      914750|     1303015|   490924015|      115344|     4229.75|     1228806|           0|
time: 16.6838/0.100363  number: 2446736/10864
c |       57.95|      921008|     1311714|   493965210|      115854|     4230.52|     1236997|           0|
time: 16.7917/0.100363  number: 2463120/10864
c |       58.33|      927141|     1320424|   497058402|      116376|     4231.30|     1245185|           0|
time: 16.8999/0.100363  number: 2479504/10864
c |       58.71|      933195|     1329143|   500189793|      116901|     4231.94|     1253380|           0|
time: 17.0168/0.100363  number: 2495888/10864
c |       59.09|      939433|     1337862|   503317118|      117423|     4232.71|     1261576|           0|
time: 17.1254/0.100363  number: 2512272/10864
c |       59.45|      945525|     1346533|   506272961|      117906|     4233.49|     1269762|           0|
time: 17.232/0.100363  number: 2528656/10864
c |       59.82|      951666|     1355217|   509242189|      118395|     4234.13|     1277959|           0|
time: 17.3384/0.100363  number: 2545040/10864
c |       60.20|      957948|     1363923|   512348553|      118911|     4234.91|     1286148|           0|
time: 17.4469/0.100363  number: 2561424/10864
c |       60.56|      964040|     1372602|   515315755|      119400|     4235.68|     1294339|           0|
time: 17.5536/0.100363  number: 2577808/10864
c |       60.95|      970321|     1381331|   518500378|      119931|     4236.45|     1302536|           0|
time: 17.6636/0.100363  number: 2594192/10864
c |       61.33|      976671|     1390056|   521700101|      120468|     4237.10|     1310725|           0|
time: 17.7726/0.100363  number: 2610576/10864
c |       61.70|      982912|     1398747|   524723837|      120966|     4237.87|     1318919|           0|
time: 17.8802/0.100363  number: 2626960/10864
c |       62.08|      989132|     1407436|   527744752|      121461|     4238.64|     1327110|           0|
time: 17.9874/0.100363  number: 2643344/10864
c |       62.46|      995461|     1416158|   530919877|      121992|     4239.29|     1335302|           0|
time: 18.0956/0.100363  number: 2659728/10864
c |       62.83|     1001584|     1424856|   533981844|      122502|     4240.06|     1343491|           0|
time: 18.2013/0.100363  number: 2676112/10864
c --------------------------------------------------------------------------------------------------------
c
c [1m[31mStatistics [0m
c [33mCompilation Information[0m
c Number of recursive call: 2690455
c Number of split formula: 122616
c Number of decision: 1345227
c Number of models used: 0
c
c [1m[34mCache Information[0m
c Number of positive hit: 1002930
c Number of negative hit: 1426708
c
c Final time: 62.91
c
time: 18.2244/0.100363  number: 2679591/10864
s SATISFIABLE
c s type mc
c s log10-estimate 17.586364422782036500520183567424434526827090565649
c s exact arb int 385801953879957504
c [COUNTER] Elapsed time: 62.9936582389999983888628776185214519500732421875 seconds
