c [D4] Competition version
c [INITIAL INPUT] [4m[32mStatistics about the input formula[0m
c [INITIAL INPUT] Number of variables: 432
c [INITIAL INPUT] Number of clauses: 1377
c [INITIAL INPUT] Number of unit clauses: 11
c [INITIAL INPUT] Number of binary clauses: 127
c [INITIAL INPUT] Number of ternary clauses: 861
c [INITIAL INPUT] Number of clauses larger than 3: 378
c [INITIAL INPUT] Number of literals: 4447
c
c [D4] Run the projected model counter
c [PREPROC MANAGER] Option PreprocManager: preproc(basic) input type(dimacs cnf)
c [MAIN PREPROCESSED INPUT] [4m[32mStatistics about the preprocessed formula[0m
c [PREPROCESSED INPUT] Number of variables: 432
c [PREPROCESSED INPUT] Number of clauses: 1377
c [PREPROCESSED INPUT] Number of unit clauses: 11
c [PREPROCESSED INPUT] Number of binary clauses: 127
c [PREPROCESSED INPUT] Number of ternary clauses: 861
c [PREPROCESSED INPUT] Number of clauses larger than 3: 378
c [PREPROCESSED INPUT] Number of literals: 4447
c
c
c [PROJECTED VARIABLES] list: 5 6 7 8 9 10 11 12 13 14 15 16 17 18 19 20 124 125 126 127 128 129 130 131 132 133 134 135 136 137 138 139 227 228 229 230 231 232 233 234 235 236 237 238 239 240 241 242 330 331 332 333 334 335 336 337 338 339 340 341 342 343 344 345 432 
c
c [DPLL STYLE METHOD] Option DPLL-style Method: exploit-model(1) 
c [WRAPPER SOLVER] Option Solver: solver name(glucose cnf)
c [GLUCOSE SOLVER] Init phase
c [SPEC MANAGER] Option Formula Manager: update mode(dynamicBlockedSimp)
c [SPEC MANAGER] DYN with blocked clause elimination
c [SPEC MANAGER] Number of clauses removed at the beginning: 184
c [MODE] Projected we can only use the classical heuristic
c [BRANCHING HEURISTIC] Option Branching Heuristic: scoring method(vsads) phase heuristic(polarity) reverse phase (0) freq-decay (2048) branching heuristic (classic)
c [CACHE CLEANING MANAGER]  Option CacheCleaningManager: cleaning strategy(none) 
c [BUCKET MANAGER]  Option BucketManager: storage(not-touched)  representation(clause)  size_first_page(4294967296) size_additional_page(536870912)
c [CACHE LIST CONSTRUCTOR]
c [OPERATION MANAGER] Operator option: operator type(counting)
c
c [DPLL STYLE METHOD] Exploitation models: 1
c Warm start process (11): 24/29
c --------------------------------------------------------------------------------------------------------
c |        time|     #posHit|     #negHit|      memory|      #split|     mem(MB)|  #dec. Node|     #models|
c --------------------------------------------------------------------------------------------------------
c |        0.40|        6558|        8658|     3491676|         508|     4128.93|        8200|           0|
time: 0.103985/0.000137  number: 16370/14
c |        0.81|       13306|       17339|     7117879|        1090|     4129.57|       16395|           0|
time: 0.209486/0.000137  number: 32754/14
c |        1.19|       19834|       25970|    10442049|        1615|     4130.21|       24589|           0|
time: 0.312082/0.000137  number: 49138/14
c |        1.59|       26164|       34633|    13799400|        2182|     4130.84|       32780|           0|
time: 0.419047/0.000137  number: 65522/14
c |        1.99|       32418|       43318|    17233596|        2780|     4131.61|       40967|           0|
time: 0.527109/0.000137  number: 81906/14
c |        2.38|       38721|       51971|    20494527|        3312|     4132.25|       49160|           0|
time: 0.632133/0.000137  number: 98290/14
c |        2.78|       45151|       60643|    23874840|        3888|     4132.89|       57353|           0|
time: 0.739685/0.000137  number: 114674/14
c |        3.19|       51599|       69338|    27315113|        4493|     4133.53|       65543|           0|
time: 0.846922/0.000137  number: 131058/14
c |        3.60|       58375|       78034|    30802273|        5099|     4134.20|       73734|           0|
time: 0.955829/0.000137  number: 147442/14
c |        4.01|       65156|       86731|    34293551|        5702|     4134.96|       81925|           0|
time: 1.065/0.000137  number: 163826/14
c |        4.42|       71619|       95424|    37740888|        6299|     4135.60|       90122|           0|
time: 1.17351/0.000137  number: 180210/14
c |        4.83|       78090|      104113|    41238000|        6899|     4136.24|       98312|           0|
time: 1.28272/0.000137  number: 196594/14
c |        5.24|       84784|      112800|    44723750|        7496|     4136.88|      106502|           0|
time: 1.39158/0.000137  number: 212978/14
c |        5.65|       91493|      121476|    48181793|        8075|     4137.53|      114695|           0|
time: 1.5002/0.000137  number: 229362/14
c |        6.06|       98148|      130162|    51680151|        8666|     4138.30|      122889|           0|
time: 1.6096/0.000137  number: 245746/14
c |        6.46|      105328|      138835|    55243044|        9245|     4138.94|      131080|           0|
time: 1.71661/0.000137  number: 262130/14
c |        6.86|      112549|      147489|    58738592|        9800|     4139.71|      139269|           0|
time: 1.82325/0.000137  number: 278514/14
c |        7.26|      119769|      156155|    62280685|       10370|     4140.35|      147462|           0|
time: 1.92997/0.000137  number: 294898/14
c |        7.67|      127317|      164842|    65902940|       10964|     4140.99|      155654|           0|
time: 2.03771/0.000137  number: 311282/14
c |        8.09|      134854|      173538|    69600277|       11570|     4141.64|      163845|           0|
time: 2.14573/0.000137  number: 327666/14
c |        8.50|      142395|      182231|    73289525|       12173|     4142.28|      172036|           0|
time: 2.25561/0.000137  number: 344050/14
c |        8.90|      149986|      190886|    76841257|       12725|     4142.93|      180231|           0|
time: 2.36234/0.000137  number: 360434/14
c |        9.32|      157565|      199549|    80428874|       13286|     4143.70|      188424|           0|
time: 2.47139/0.000137  number: 376818/14
c |        9.72|      165146|      208211|    84013087|       13856|     4144.34|      196613|           0|
time: 2.57963/0.000137  number: 393202/14
c |       10.13|      172699|      216894|    87584221|       14442|     4144.99|      204807|           0|
time: 2.68802/0.000137  number: 409586/14
c |       10.54|      180261|      225571|    91146990|       15029|     4145.63|      212997|           0|
time: 2.7959/0.000137  number: 425970/14
c |       10.95|      187812|      234256|    94759444|       15618|     4146.28|      221190|           0|
time: 2.9043/0.000137  number: 442354/14
c |       11.36|      195359|      242944|    98410816|       16211|     4147.05|      229383|           0|
time: 3.01333/0.000137  number: 458738/14
c |       11.77|      202911|      251628|   102054566|       16805|     4147.69|      237572|           0|
time: 3.12203/0.000137  number: 475122/14
c |       12.19|      210457|      260317|   105706530|       17400|     4148.34|      245766|           0|
time: 3.23164/0.000137  number: 491506/14
c |       12.60|      218003|      269006|   109368587|       17996|     4148.98|      253957|           0|
time: 3.34041/0.000137  number: 507890/14
c |       13.01|      225548|      277696|   113016743|       18593|     4149.62|      262150|           0|
time: 3.45052/0.000137  number: 524274/14
c |       13.43|      233092|      286387|   116658898|       19193|     4150.39|      270343|           0|
time: 3.55948/0.000137  number: 540658/14
c |       13.84|      240647|      295069|   120273371|       19778|     4151.16|      278534|           0|
time: 3.66921/0.000137  number: 557042/14
c |       14.25|      248205|      303748|   123884020|       20366|     4151.81|      286726|           0|
time: 3.77761/0.000137  number: 573426/14
c |       14.66|      255770|      312423|   127460230|       20945|     4152.45|      294917|           0|
time: 3.88654/0.000137  number: 589810/14
c |       15.06|      263314|      321113|   131113534|       21540|     4153.10|      303111|           0|
time: 3.99492/0.000137  number: 606194/14
c |       15.48|      270897|      329773|   134704570|       22106|     4153.87|      311300|           0|
time: 4.1049/0.000137  number: 622578/14
c |       15.89|      278467|      338444|   138318917|       22680|     4154.52|      319494|           0|
time: 4.21482/0.000137  number: 638962/14
c |       16.30|      286026|      347123|   141906101|       23264|     4155.16|      327684|           0|
time: 4.32373/0.000137  number: 655346/14
c |       16.71|      293568|      355815|   145484151|       23864|     4155.80|      335877|           0|
time: 4.43213/0.000137  number: 671730/14
c |       17.13|      301111|      364506|   149123549|       24464|     4156.58|      344068|           0|
time: 4.54153/0.000137  number: 688114/14
c |       17.51|      308091|      373118|   152484907|       24886|     4157.22|      352265|           0|
time: 4.64693/0.000137  number: 704498/14
c |       17.91|      315012|      381741|   155910154|       25318|     4157.87|      360457|           0|
time: 4.75421/0.000137  number: 720882/14
c |       18.30|      321885|      390373|   159359564|       25755|     4158.51|      368651|           0|
time: 4.86071/0.000137  number: 737266/14
c |       18.70|      328748|      399010|   162843986|       26204|     4159.16|      376839|           0|
time: 4.96985/0.000137  number: 753650/14
c |       19.10|      335570|      407653|   166332878|       26655|     4159.93|      385032|           0|
time: 5.0765/0.000137  number: 770034/14
c |       19.50|      342418|      416296|   169826246|       27106|     4160.57|      393223|           0|
time: 5.18443/0.000137  number: 786418/14
c |       19.90|      349200|      424958|   173382576|       27578|     4161.22|      401414|           0|
time: 5.29212/0.000137  number: 802802/14
c |       20.31|      355981|      433622|   176939142|       28049|     4161.86|      409607|           0|
time: 5.40095/0.000137  number: 819186/14
c |       20.71|      362772|      442283|   180498882|       28518|     4162.64|      417797|           0|
time: 5.50812/0.000137  number: 835570/14
c |       21.11|      369564|      450939|   184037289|       28984|     4163.28|      425988|           0|
time: 5.6155/0.000137  number: 851954/14
c |       21.51|      376359|      459599|   187577774|       29449|     4163.93|      434183|           0|
time: 5.72402/0.000137  number: 868338/14
c |       21.91|      383115|      468272|   191143415|       29932|     4164.57|      442375|           0|
time: 5.83116/0.000137  number: 884722/14
c |       22.31|      389851|      476951|   194714529|       30418|     4165.34|      450566|           0|
time: 5.93877/0.000137  number: 901106/14
c |       22.71|      396604|      485624|   198255416|       30898|     4165.99|      458760|           0|
time: 6.04572/0.000137  number: 917490/14
c |       23.11|      403380|      494287|   201778658|       31372|     4166.63|      466950|           0|
time: 6.15239/0.000137  number: 933874/14
c |       23.50|      410154|      502955|   205304944|       31844|     4167.41|      475145|           0|
time: 6.25893/0.000137  number: 950258/14
c |       23.90|      416926|      511622|   208828955|       32320|     4168.05|      483335|           0|
time: 6.36541/0.000137  number: 966642/14
c |       24.30|      423662|      520296|   212345532|       32804|     4168.70|      491524|           0|
time: 6.47327/0.000137  number: 983026/14
c |       24.70|      430398|      528974|   215863653|       33289|     4169.34|      499717|           0|
time: 6.58054/0.000137  number: 999410/14
c |       25.10|      437143|      537654|   219387805|       33775|     4170.12|      507913|           0|
time: 6.68746/0.000137  number: 1015794/14
c |       25.50|      443889|      546327|   222904878|       34260|     4170.76|      516101|           0|
time: 6.79424/0.000137  number: 1032178/14
c --------------------------------------------------------------------------------------------------------
c |        time|     #posHit|     #negHit|      memory|      #split|     mem(MB)|  #dec. Node|     #models|
c --------------------------------------------------------------------------------------------------------
c |       25.89|      450627|      555002|   226422709|       34744|     4171.41|      524291|           0|
time: 6.90095/0.000137  number: 1048562/14
c |       26.30|      457313|      563701|   230122938|       35249|     4172.18|      532485|           0|
time: 7.0088/0.000137  number: 1064946/14
c |       26.71|      463989|      572402|   233825455|       35755|     4172.82|      540680|           0|
time: 7.1157/0.000137  number: 1081330/14
c |       27.12|      470659|      581101|   237523193|       36260|     4173.47|      548874|           0|
time: 7.2232/0.000137  number: 1097714/14
c |       27.53|      477349|      589795|   241220236|       36766|     4174.24|      557062|           0|
time: 7.33028/0.000137  number: 1114098/14
c |       27.94|      484022|      598490|   244914981|       37272|     4175.14|      565251|           0|
time: 7.4377/0.000137  number: 1130482/14
c |       28.35|      490701|      607189|   248618801|       37778|     4175.78|      573445|           0|
time: 7.5448/0.000137  number: 1146866/14
c |       28.75|      497381|      615889|   252320681|       38284|     4176.55|      581639|           0|
time: 7.65157/0.000137  number: 1163250/14
c |       29.16|      504062|      624585|   256017566|       38789|     4177.20|      589829|           0|
time: 7.75846/0.000137  number: 1179634/14
c |       29.57|      510731|      633288|   259721619|       39295|     4177.84|      598026|           0|
time: 7.86514/0.000137  number: 1196018/14
c |       29.98|      517413|      641985|   263420313|       39800|     4178.62|      606218|           0|
time: 7.97219/0.000137  number: 1212402/14
c |       30.38|      524089|      650677|   267118382|       40306|     4179.26|      614405|           0|
time: 8.07858/0.000137  number: 1228786/14
c |       30.79|      530772|      659374|   270816968|       40812|     4179.91|      622596|           0|
time: 8.18543/0.000137  number: 1245170/14
c |       31.19|      537459|      668078|   274520525|       41315|     4180.68|      630797|           0|
time: 8.29208/0.000137  number: 1261554/14
c |       31.60|      544160|      676763|   278198489|       41815|     4181.33|      638982|           0|
time: 8.39916/0.000137  number: 1277938/14
c |       32.00|      550850|      685459|   281881330|       42315|     4181.97|      647178|           0|
time: 8.50595/0.000137  number: 1294322/14
c |       32.41|      557553|      694145|   285562100|       42815|     4182.75|      655365|           0|
time: 8.61291/0.000137  number: 1310706/14
c |       32.82|      564244|      702836|   289238354|       43312|     4183.39|      663557|           0|
time: 8.72435/0.000137  number: 1327090/14
c |       33.23|      570954|      711527|   292921012|       43812|     4184.04|      671748|           0|
time: 8.83106/0.000137  number: 1343474/14
c |       33.64|      577640|      720217|   296599762|       44312|     4184.81|      679939|           0|
time: 8.93934/0.000137  number: 1359858/14
c |       34.05|      584337|      728908|   300281865|       44812|     4185.45|      688130|           0|
time: 9.04664/0.000137  number: 1376242/14
c |       34.45|      591357|      737575|   303882839|       45310|     4186.10|      696326|           0|
time: 9.15361/0.000137  number: 1392626/14
c |       34.85|      598464|      746228|   307435070|       45816|     4186.87|      704521|           0|
time: 9.2608/0.000137  number: 1409010/14
c |       35.25|      605459|      754873|   310974658|       46316|     4187.52|      712710|           0|
time: 9.36859/0.000137  number: 1425394/14
c |       35.66|      612521|      763537|   314567946|       46836|     4188.16|      720903|           0|
time: 9.47691/0.000137  number: 1441778/14
c |       36.07|      619416|      772200|   318165185|       47358|     4188.93|      729092|           0|
time: 9.58548/0.000137  number: 1458162/14
c |       36.47|      626455|      780869|   321770611|       47878|     4189.58|      737288|           0|
time: 9.69149/0.000137  number: 1474546/14
c |       36.88|      633429|      789533|   325367898|       48396|     4190.35|      745478|           0|
time: 9.80146/0.000137  number: 1490930/14
c |       37.29|      640356|      798201|   328966757|       48918|     4191.00|      753673|           0|
time: 9.90931/0.000137  number: 1507314/14
c |       37.71|      647430|      806864|   332566980|       49438|     4191.77|      761862|           0|
time: 10.024/0.000137  number: 1523698/14
c |       38.12|      654401|      815528|   336166082|       49960|     4192.41|      770052|           0|
time: 10.1329/0.000137  number: 1540082/14
c |       38.53|      661372|      824194|   339765708|       50482|     4193.06|      778245|           0|
time: 10.2414/0.000137  number: 1556466/14
c |       38.94|      668428|      832859|   343350351|       50996|     4193.83|      786442|           0|
time: 10.3497/0.000137  number: 1572850/14
c |       39.35|      675372|      841523|   346950435|       51517|     4194.48|      794632|           0|
time: 10.4578/0.000137  number: 1589234/14
c |       39.77|      682388|      850201|   350594425|       52054|     4195.25|      802823|           0|
time: 10.5674/0.000137  number: 1605618/14
c |       40.18|      689472|      858867|   354201183|       52573|     4195.89|      811014|           0|
time: 10.676/0.000137  number: 1622002/14
c |       40.59|      696536|      867528|   357795207|       53092|     4196.67|      819205|           0|
time: 10.7847/0.000137  number: 1638386/14
c |       40.99|      703634|      876191|   361390629|       53612|     4197.31|      827397|           0|
time: 10.8928/0.000137  number: 1654770/14
c |       41.40|      710716|      884859|   364989283|       54131|     4198.09|      835595|           0|
time: 11.0008/0.000137  number: 1671154/14
c |       41.81|      717794|      893518|   368584801|       54644|     4198.73|      843783|           0|
time: 11.1084/0.000137  number: 1687538/14
c |       42.21|      724884|      902178|   372180850|       55163|     4199.50|      851972|           0|
time: 11.2161/0.000137  number: 1703922/14
c |       42.62|      731977|      910843|   375782121|       55684|     4200.15|      860165|           0|
time: 11.3237/0.000137  number: 1720306/14
c |       43.03|      739065|      919512|   379394926|       56208|     4200.92|      868359|           0|
time: 11.4338/0.000137  number: 1736690/14
c |       43.44|      746101|      928193|   383051320|       56744|     4201.57|      876551|           0|
time: 11.5423/0.000137  number: 1753074/14
c |       43.85|      753129|      936873|   386706516|       57281|     4202.34|      884740|           0|
time: 11.6504/0.000137  number: 1769458/14
c |       44.27|      760184|      945557|   390363329|       57824|     4203.12|      892934|           0|
time: 11.7589/0.000137  number: 1785842/14
c |       44.68|      767231|      954237|   394017091|       58364|     4203.76|      901123|           0|
time: 11.8675/0.000137  number: 1802226/14
c |       45.10|      774265|      962922|   397677588|       58903|     4204.54|      909318|           0|
time: 11.9762/0.000137  number: 1818610/14
c |       45.52|      781315|      971605|   401334855|       59440|     4205.18|      917510|           0|
time: 12.0848/0.000137  number: 1834994/14
c |       45.93|      788342|      980289|   404989756|       59983|     4205.95|      925704|           0|
time: 12.1933/0.000137  number: 1851378/14
c |       46.34|      795408|      988967|   408635044|       60517|     4206.60|      933895|           0|
time: 12.3022/0.000137  number: 1867762/14
c |       46.76|      802488|      997636|   412253359|       61045|     4207.37|      942085|           0|
time: 12.4105/0.000137  number: 1884146/14
c |       47.17|      809545|     1006306|   415875209|       61573|     4208.15|      950276|           0|
time: 12.5196/0.000137  number: 1900530/14
c |       47.57|      816610|     1014982|   419506042|       62101|     4208.79|      958471|           0|
time: 12.6253/0.000137  number: 1916914/14
c |       47.98|      823667|     1023658|   423144068|       62634|     4209.57|      966662|           0|
time: 12.7323/0.000137  number: 1933298/14
c |       48.39|      830707|     1032335|   426782454|       63166|     4210.21|      974854|           0|
time: 12.8402/0.000137  number: 1949682/14
c |       48.80|      837758|     1041014|   430421105|       63699|     4210.98|      983049|           0|
time: 12.9488/0.000137  number: 1966066/14
c |       49.22|      844768|     1049690|   434058553|       64233|     4211.63|      991240|           0|
time: 13.0576/0.000137  number: 1982450/14
c |       49.63|      851846|     1058365|   437696474|       64764|     4212.40|      999430|           0|
time: 13.166/0.000137  number: 1998834/14
c |       50.05|      858898|     1067040|   441332196|       65298|     4213.18|     1007620|           0|
time: 13.2766/0.000137  number: 2015218/14
c |       50.47|      865961|     1075717|   444972215|       65835|     4213.82|     1015813|           0|
time: 13.3847/0.000137  number: 2031602/14
c |       50.88|      873019|     1084394|   448609660|       66366|     4214.59|     1024005|           0|
time: 13.4939/0.000137  number: 2047986/14
c |       51.30|      880079|     1093071|   452251838|       66900|     4215.24|     1032196|           0|
time: 13.6049/0.000137  number: 2064370/14
c |       51.71|      887107|     1101751|   455904865|       67436|     4216.01|     1040387|           0|
time: 13.7139/0.000137  number: 2080754/14
c --------------------------------------------------------------------------------------------------------
c |        time|     #posHit|     #negHit|      memory|      #split|     mem(MB)|  #dec. Node|     #models|
c --------------------------------------------------------------------------------------------------------
c |       52.12|      894150|     1110449|   459467264|       67994|     4216.79|     1048582|           0|
time: 13.8213/0.000137  number: 2097138/14
c |       52.54|      901118|     1119145|   463011054|       68548|     4217.43|     1056772|           0|
time: 13.9296/0.000137  number: 2113522/14
c |       52.94|      908143|     1127843|   466550705|       69104|     4218.20|     1064965|           0|
time: 14.0367/0.000137  number: 2129906/14
c |       53.36|      915150|     1136544|   470097093|       69663|     4218.98|     1073160|           0|
time: 14.145/0.000137  number: 2146290/14
c |       53.77|      922130|     1145238|   473637653|       70217|     4219.75|     1081348|           0|
time: 14.2522/0.000137  number: 2162674/14
c |       54.18|      929170|     1153938|   477128726|       70772|     4220.39|     1089542|           0|
time: 14.3594/0.000137  number: 2179058/14
c |       54.58|      936136|     1162635|   480551651|       71330|     4221.17|     1097734|           0|
time: 14.4653/0.000137  number: 2195442/14
c |       54.98|      943129|     1171332|   484005675|       71886|     4221.81|     1105925|           0|
time: 14.5724/0.000137  number: 2211826/14
c |       55.39|      950155|     1180029|   487515312|       72441|     4223.09|     1114116|           0|
time: 14.6797/0.000137  number: 2228210/14
c |       55.80|      957164|     1188727|   491023618|       72998|     4223.86|     1122309|           0|
time: 14.7876/0.000137  number: 2244594/14
c |       56.21|      964163|     1197425|   494616751|       73552|     4224.63|     1130501|           0|
time: 14.8964/0.000137  number: 2260978/14
c |       56.62|      971167|     1206123|   498232630|       74110|     4225.28|     1138693|           0|
time: 15.0038/0.000137  number: 2277362/14
c |       57.04|      978185|     1214822|   501854586|       74664|     4226.05|     1146887|           0|
time: 15.1121/0.000137  number: 2293746/14
c |       57.45|      985166|     1223517|   505471168|       75222|     4226.82|     1155076|           0|
time: 15.2208/0.000137  number: 2310130/14
c |       57.87|      992184|     1232215|   509087593|       75779|     4227.47|     1163268|           0|
time: 15.3287/0.000137  number: 2326514/14
c |       58.28|      999186|     1240918|   512714545|       76333|     4228.24|     1171466|           0|
time: 15.4378/0.000137  number: 2342898/14
c |       58.70|     1006193|     1249610|   516327270|       76892|     4229.02|     1179652|           0|
time: 15.5459/0.000137  number: 2359282/14
c |       59.11|     1013202|     1258308|   519948238|       77448|     4229.66|     1187845|           0|
time: 15.6537/0.000137  number: 2375666/14
c |       59.54|     1020194|     1267006|   523566943|       78002|     4230.43|     1196037|           0|
time: 15.7613/0.000137  number: 2392050/14
c |       59.95|     1027228|     1275703|   527186928|       78560|     4231.21|     1204228|           0|
time: 15.8694/0.000137  number: 2408434/14
c |       60.37|     1034218|     1284401|   530834447|       79118|     4231.98|     1212421|           0|
time: 15.9777/0.000137  number: 2424818/14
c |       60.79|     1041210|     1293102|   534496110|       79671|     4232.62|     1220616|           0|
time: 16.0861/0.000137  number: 2441202/14
c |       61.21|     1048247|     1301799|   538157284|       80229|     4233.40|     1228807|           0|
time: 16.195/0.000137  number: 2457586/14
c |       61.63|     1055219|     1310494|   541812318|       80786|     4234.17|     1236996|           0|
time: 16.3032/0.000137  number: 2473970/14
c |       62.05|     1062241|     1319192|   545473689|       81340|     4234.95|     1245189|           0|
time: 16.4115/0.000137  number: 2490354/14
c |       62.47|     1069263|     1327890|   549132460|       81898|     4235.59|     1253381|           0|
time: 16.5215/0.000137  number: 2506738/14
c |       62.89|     1076223|     1336588|   552792080|       82452|     4236.36|     1261573|           0|
time: 16.6307/0.000137  number: 2523122/14
c |       63.31|     1083255|     1345284|   556443542|       83008|     4237.14|     1269765|           0|
time: 16.7393/0.000137  number: 2539506/14
c |       63.73|     1090286|     1353976|   560089033|       83558|     4237.91|     1277957|           0|
time: 16.8494/0.000137  number: 2555890/14
c |       64.15|     1097299|     1362670|   563732475|       84108|     4238.55|     1286152|           0|
time: 16.9581/0.000137  number: 2572274/14
c |       64.57|     1104305|     1371360|   567376408|       84656|     4239.33|     1294342|           0|
time: 17.0669/0.000137  number: 2588658/14
c |       65.00|     1111350|     1380050|   571017827|       85206|     4240.10|     1302533|           0|
time: 17.1763/0.000137  number: 2605042/14
c |       65.42|     1118356|     1388741|   574659184|       85756|     4240.88|     1310724|           0|
time: 17.2841/0.000137  number: 2621426/14
c |       65.84|     1125402|     1397432|   578300834|       86306|     4241.65|     1318916|           0|
time: 17.3928/0.000137  number: 2637810/14
c |       66.25|     1132374|     1406122|   581940335|       86852|     4242.29|     1327106|           0|
time: 17.5023/0.000137  number: 2654194/14
c |       66.67|     1139412|     1414816|   585584369|       87404|     4243.07|     1335301|           0|
time: 17.6116/0.000137  number: 2670578/14
c |       67.09|     1146429|     1423509|   589229457|       87952|     4243.84|     1343494|           0|
time: 17.7203/0.000137  number: 2686962/14
c |       67.50|     1153463|     1432199|   592868852|       88504|     4244.61|     1351685|           0|
time: 17.8271/0.000137  number: 2703346/14
c |       67.92|     1160464|     1440890|   596512341|       89052|     4245.26|     1359876|           0|
time: 17.9366/0.000137  number: 2719730/14
c |       68.34|     1167480|     1449582|   600158989|       89604|     4246.03|     1368066|           0|
time: 18.0464/0.000137  number: 2736114/14
c |       68.75|     1173840|     1458273|   603698402|       90156|     4246.80|     1376262|           0|
time: 18.1524/0.00262418  number: 2752257/255
c |       69.16|     1177443|     1467041|   607368129|       91185|     4247.58|     1384459|           0|
time: 18.2656/0.00848356  number: 2768103/793
c |       69.58|     1181760|     1475760|   610844259|       91852|     4248.35|     1392646|           0|
time: 18.3821/0.00971189  number: 2784369/911
c |       69.97|     1185892|     1484464|   614113793|       92372|     4249.12|     1400838|           0|
time: 18.493/0.0116498  number: 2800564/1100
c |       70.38|     1189559|     1493251|   617666126|       93053|     4249.90|     1409031|           0|
time: 18.6079/0.0143658  number: 2816695/1353
c |       70.78|     1194710|     1501947|   621013053|       93555|     4250.54|     1417226|           0|
time: 18.7225/0.0143658  number: 2833079/1353
c |       71.17|     1199755|     1510637|   624180628|       94055|     4251.32|     1425415|           0|
time: 18.8347/0.0150754  number: 2849401/1415
c |       71.56|     1204987|     1519319|   627403826|       94547|     4252.09|     1433604|           0|
time: 18.9493/0.0153042  number: 2865765/1435
c |       71.95|     1210213|     1528002|   630564664|       95045|     4252.86|     1441799|           0|
time: 19.0612/0.015762  number: 2882111/1473
c |       72.33|     1215507|     1536622|   633496629|       95473|     4253.64|     1449989|           0|
time: 19.1687/0.0158154  number: 2898491/1477
c |       72.71|     1220964|     1545288|   636606215|       95944|     4254.28|     1458185|           0|
time: 19.2789/0.0159909  number: 2914860/1492
c |       73.09|     1226303|     1553922|   639581871|       96392|     4255.05|     1466371|           0|
time: 19.3881/0.0160443  number: 2931238/1498
c |       73.50|     1231638|     1562625|   642930278|       96901|     4255.83|     1474564|           0|
time: 19.5031/0.0160443  number: 2947622/1498
c |       73.88|     1237096|     1571281|   645981029|       97361|     4256.60|     1482762|           0|
time: 19.6133/0.0162655  number: 2963991/1513
c |       74.24|     1242521|     1579874|   648734697|       97762|     4257.25|     1490953|           0|
time: 19.7184/0.0163876  number: 2980366/1522
c |       74.64|     1247805|     1588550|   651954277|       98251|     4258.02|     1499142|           0|
time: 19.8311/0.0165783  number: 2996731/1541
c |       75.05|     1253430|     1597258|   655345752|       98766|     4258.79|     1507333|           0|
time: 19.9474/0.016708  number: 3013101/1555
c |       75.45|     1259114|     1605945|   658618317|       99260|     4259.57|     1515526|           0|
time: 20.0623/0.016708  number: 3029485/1555
c |       75.83|     1264450|     1614581|   661622814|       99706|     4260.34|     1523717|           0|
time: 20.1722/0.016708  number: 3045869/1555
c |       76.20|     1270048|     1623209|   664579627|      100142|     4260.98|     1531909|           0|
time: 20.2812/0.016708  number: 3062253/1555
c |       76.58|     1275686|     1631834|   667548124|      100572|     4261.76|     1540103|           0|
time: 20.39/0.016708  number: 3078637/1555
c |       76.97|     1281228|     1640501|   670736492|      101047|     4262.53|     1548295|           0|
time: 20.5019/0.0167767  number: 3095015/1561
c |       77.37|     1286830|     1649183|   674103695|      101540|     4263.30|     1556485|           0|
time: 20.6164/0.0167767  number: 3111399/1561
c |       77.79|     1292396|     1657888|   677588167|      102053|     4263.95|     1564678|           0|
time: 20.7324/0.0167767  number: 3127783/1561
c --------------------------------------------------------------------------------------------------------
c |        time|     #posHit|     #negHit|      memory|      #split|     mem(MB)|  #dec. Node|     #models|
c --------------------------------------------------------------------------------------------------------
c |       78.19|     1297857|     1666608|   681003499|      102580|     4264.72|     1572868|           0|
time: 20.8468/0.0167767  number: 3144167/1561
c |       78.59|     1303286|     1675336|   684293932|      103111|     4265.50|     1581067|           0|
time: 20.96/0.0168988  number: 3160537/1575
c |       79.01|     1308451|     1684102|   687852637|      103698|     4266.27|     1589253|           0|
time: 21.077/0.0174786  number: 3176871/1625
c |       79.43|     1313759|     1692880|   691372454|      104283|     4267.04|     1597447|           0|
time: 21.1937/0.0177075  number: 3193235/1645
c |       79.84|     1319228|     1701599|   694820944|      104809|     4267.82|     1605638|           0|
time: 21.3093/0.0177075  number: 3209619/1645
c |       80.23|     1325066|     1710216|   697902268|      105235|     4268.46|     1613831|           0|
time: 21.4229/0.0177075  number: 3226003/1645
c |       80.61|     1331152|     1718793|   700767376|      105622|     4269.23|     1622020|           0|
time: 21.5313/0.0177075  number: 3242387/1645
c |       80.99|     1336913|     1727402|   703800163|      106038|     4270.01|     1630215|           0|
time: 21.6427/0.0177075  number: 3258771/1645
c |       81.36|     1342801|     1735995|   706748278|      106438|     4270.65|     1638406|           0|
time: 21.7527/0.0177075  number: 3275155/1645
c |       81.72|     1348656|     1744573|   709629480|      106829|     4271.43|     1646594|           0|
time: 21.8614/0.0177075  number: 3291539/1645
c |       82.10|     1354628|     1753186|   712648155|      107242|     4272.20|     1654794|           0|
time: 21.9728/0.0177075  number: 3307923/1645
c |       82.50|     1360840|     1761858|   715888720|      107724|     4272.97|     1662982|           0|
time: 22.0854/0.0177075  number: 3324307/1645
c |       82.89|     1366655|     1770530|   719097476|      108206|     4273.75|     1671174|           0|
time: 22.1986/0.0177075  number: 3340691/1645
c |       83.27|     1372665|     1779169|   722135852|      108655|     4274.52|     1679364|           0|
time: 22.3101/0.0177075  number: 3357075/1645
c |       83.66|     1378770|     1787841|   725385755|      109136|     4275.17|     1687555|           0|
time: 22.4235/0.0177075  number: 3373459/1645
c |       84.04|     1384624|     1796463|   728355133|      109565|     4275.94|     1695749|           0|
time: 22.5332/0.0177075  number: 3389843/1645
c |       84.41|     1390803|     1805079|   731306610|      109987|     4276.71|     1703943|           0|
time: 22.6423/0.0177075  number: 3406227/1645
c |       84.78|     1397164|     1813698|   734280698|      110414|     4277.49|     1712134|           0|
time: 22.751/0.0177075  number: 3422611/1645
c |       85.16|     1403620|     1822364|   737420499|      110886|     4278.13|     1720328|           0|
time: 22.8621/0.0177075  number: 3438995/1645
c |       85.56|     1409965|     1831035|   740680765|      111369|     4278.91|     1728517|           0|
time: 22.976/0.0177075  number: 3455379/1645
c |       85.94|     1416012|     1839688|   743832565|      111828|     4279.68|     1736710|           0|
time: 23.0869/0.0177075  number: 3471763/1645
c |       86.32|     1422128|     1848327|   746908246|      112274|     4280.45|     1744902|           0|
time: 23.1963/0.0177075  number: 3488147/1645
c |       86.70|     1428299|     1856980|   750025054|      112733|     4281.23|     1753095|           0|
time: 23.3085/0.0177075  number: 3504531/1645
c |       87.08|     1434581|     1865635|   753130604|      113200|     4282.00|     1761284|           0|
time: 23.4193/0.0177075  number: 3520915/1645
c |       87.46|     1440796|     1874266|   756160144|      113638|     4282.64|     1769477|           0|
time: 23.528/0.0177075  number: 3537299/1645
c |       87.84|     1446940|     1882899|   759245819|      114080|     4283.42|     1777668|           0|
time: 23.6377/0.0177075  number: 3553683/1645
c |       88.22|     1452993|     1891529|   762302921|      114519|     4284.19|     1785861|           0|
time: 23.7489/0.0177075  number: 3570067/1645
c |       88.60|     1458904|     1900175|   765436554|      114970|     4284.96|     1794056|           0|
time: 23.8605/0.0177075  number: 3586451/1645
c |       88.97|     1464946|     1908789|   768418391|      115392|     4285.61|     1802246|           0|
time: 23.9704/0.0177075  number: 3602835/1645
c |       89.34|     1470970|     1917386|   771288909|     