c [D4] Competition version
c [INITIAL INPUT] [4m[32mStatistics about the input formula[0m
c [INITIAL INPUT] Number of variables: 432
c [INITIAL INPUT] Number of clauses: 1377
c [INITIAL INPUT] Number of unit clauses: 11
c [INITIAL INPUT] Number of binary clauses: 127
c [INITIAL INPUT] Number of ternary clauses: 861
c [INITIAL INPUT] Number of clauses larger than 3: 378
c [INITIAL INPUT] Number of literals: 4447
c
c [D4] Run the projected model counter
c [PREPROC MANAGER] Option PreprocManager: preproc(basic) input type(dimacs cnf)
c [MAIN PREPROCESSED INPUT] [4m[32mStatistics about the preprocessed formula[0m
c [PREPROCESSED INPUT] Number of variables: 432
c [PREPROCESSED INPUT] Number of clauses: 1377
c [PREPROCESSED INPUT] Number of unit clauses: 11
c [PREPROCESSED INPUT] Number of binary clauses: 127
c [PREPROCESSED INPUT] Number of ternary clauses: 861
c [PREPROCESSED INPUT] Number of clauses larger than 3: 378
c [PREPROCESSED INPUT] Number of literals: 4447
c
c
c [PROJECTED VARIABLES] list: 5 6 7 8 9 10 11 12 13 14 15 16 17 18 19 20 124 125 126 127 128 129 130 131 132 133 134 135 136 137 138 139 227 228 229 230 231 232 233 234 235 236 237 238 239 240 241 242 330 331 332 333 334 335 336 337 338 339 340 341 342 343 344 345 432 
c
c [DPLL STYLE METHOD] Option DPLL-style Method: exploit-model(1) 
c [WRAPPER SOLVER] Option Solver: solver name(glucose cnf)
c [GLUCOSE SOLVER] Init phase
c [SPEC MANAGER] Option Formula Manager: update mode(dynamicBlockedSimp)
c [SPEC MANAGER] DYN with blocked clause elimination
c [SPEC MANAGER] Number of clauses removed at the beginning: 182
c [MODE] Projected we can only use the classical heuristic
c [BRANCHING HEURISTIC] Option Branching Heuristic: scoring method(vsads) phase heuristic(polarity) reverse phase (0) freq-decay (2048) branching heuristic (classic)
c [CACHE CLEANING MANAGER]  Option CacheCleaningManager: cleaning strategy(none) 
c [BUCKET MANAGER]  Option BucketManager: storage(not-touched)  representation(clause)  size_first_page(4294967296) size_additional_page(536870912)
c [CACHE LIST CONSTRUCTOR]
c [OPERATION MANAGER] Operator option: operator type(counting)
c
c [DPLL STYLE METHOD] Exploitation models: 1
c Warm start process (11): 25/29
c --------------------------------------------------------------------------------------------------------
c |        time|     #posHit|     #negHit|      memory|      #split|     mem(MB)|  #dec. Node|     #models|
c --------------------------------------------------------------------------------------------------------
c |        0.37|        6988|        8660|     3037152|        2988|     4128.92|        8203|           0|
time: 0.112335/0.00401198  number: 15977/407
c |        0.74|       14009|       17318|     6002365|        5475|     4129.57|       16390|           0|
time: 0.225579/0.00458493  number: 32304/464
c |        1.10|       20372|       25977|     8887758|        6390|     4130.34|       24583|           0|
time: 0.333183/0.00468185  number: 48677/475
c |        1.45|       26266|       34637|    11693966|        7892|     4130.97|       32776|           0|
time: 0.440457/0.00592806  number: 64928/608
c |        1.82|       32281|       43305|    14562158|        9352|     4131.61|       40968|           0|
time: 0.550922/0.00609996  number: 81294/626
c |        2.18|       38506|       51931|    17376412|       10193|     4132.25|       49159|           0|
time: 0.659361/0.00609996  number: 97678/626
c |        2.53|       44842|       60546|    20146154|       11036|     4133.02|       57351|           0|
time: 0.765486/0.0061579  number: 114056/632
c |        2.86|       50839|       69146|    22642584|       11841|     4133.65|       65543|           0|
time: 0.867409/0.0063019  number: 130426/646
c |        3.21|       56746|       77767|    25278403|       12690|     4134.29|       73735|           0|
time: 0.972775/0.00644948  number: 146794/662
c |        3.55|       62774|       86374|    27885429|       13520|     4134.93|       81924|           0|
time: 1.07764/0.00644948  number: 163178/662
c |        3.91|       68912|       94998|    30638941|       14384|     4135.70|       90118|           0|
time: 1.18518/0.00644948  number: 179562/662
c |        4.26|       75155|      103605|    33364768|       15218|     4136.34|       98309|           0|
time: 1.29164/0.00644948  number: 195946/662
c |        4.62|       81242|      112237|    36212525|       16094|     4136.98|      106501|           0|
time: 1.40116/0.00644948  number: 212330/662
c |        4.98|       87517|      120862|    39006030|       16968|     4137.62|      114696|           0|
time: 1.50924/0.00668361  number: 228689/687
c |        5.32|       94039|      129449|    41641758|       19192|     4138.26|      122891|           0|
time: 1.62041/0.00936248  number: 244818/942
c |        5.67|      100543|      138012|    44216541|       20289|     4139.03|      131078|           0|
time: 1.72926/0.00940492  number: 261198/946
c |        6.03|      106610|      146629|    46922825|       21142|     4139.68|      139270|           0|
time: 1.83759/0.0097058  number: 277552/976
c |        6.39|      112942|      155248|    49705374|       22008|     4140.32|      147462|           0|
time: 1.94785/0.00986268  number: 293920/992
c |        6.76|      119367|      163870|    52532756|       22868|     4141.09|      155654|           0|
time: 2.05961/0.00986268  number: 310304/992
c |        7.12|      125852|      172490|    55343478|       23726|     4141.72|      163846|           0|
time: 2.17172/0.00986268  number: 326688/992
c |        7.49|      132371|      181108|    58154484|       24578|     4142.36|      172037|           0|
time: 2.28356/0.00986268  number: 343072/992
c |        7.83|      138447|      189700|    60762470|       25366|     4143.01|      180229|           0|
time: 2.38992/0.0100577  number: 359436/1012
c |        8.18|      145074|      198294|    63389223|       26160|     4143.65|      188421|           0|
time: 2.49737/0.0100577  number: 375820/1012
c |        8.53|      151550|      206893|    66033359|       26973|     4144.42|      196615|           0|
time: 2.60603/0.0100577  number: 392204/1012
c |        8.88|      158126|      215490|    68668288|       27783|     4145.05|      204807|           0|
time: 2.71464/0.0100577  number: 408588/1012
c |        9.23|      164566|      224090|    71321543|       28594|     4145.69|      213001|           0|
time: 2.82336/0.0100577  number: 424972/1012
c |        9.59|      171101|      232697|    74042453|       29436|     4146.34|      221187|           0|
time: 2.9336/0.0100577  number: 441356/1012
c |        9.94|      177791|      241301|    76711992|       30255|     4146.98|      229382|           0|
time: 3.04213/0.0100577  number: 457740/1012
c |       10.28|      184340|      249886|    79310256|       31054|     4147.62|      237575|           0|
time: 3.14859/0.010258  number: 474102/1034
c |       10.61|      190205|      258541|    81885537|       32510|     4148.39|      245768|           0|
time: 3.25136/0.0129321  number: 490181/1339
c |       10.95|      196050|      267205|    84509247|       34060|     4145.02|      253957|           0|
time: 3.35478/0.015961  number: 506278/1626
c |       11.30|      202301|      275845|    87254574|       35750|     4145.66|      262151|           0|
time: 3.46349/0.0168641  number: 522564/1724
c |       11.64|      207954|      284464|    89897594|       36626|     4146.31|      270341|           0|
time: 3.57038/0.0171235  number: 538920/1752
c |       12.00|      213724|      293104|    92649667|       37484|     4147.08|      278533|           0|
time: 3.68011/0.017381  number: 555274/1782
c |       12.35|      219453|      301737|    95300072|       38324|     4147.73|      286727|           0|
time: 3.78696/0.0175479  number: 571641/1799
c |       12.69|      224950|      310347|    97860972|       39144|     4148.37|      294919|           0|
time: 3.89252/0.0177357  number: 588007/1817
c |       13.01|      230726|      318924|   100301062|       39932|     4149.02|      303111|           0|
time: 3.996/0.0179103  number: 604373/1835
c |       13.36|      236459|      327529|   102906228|       40760|     4149.66|      311304|           0|
time: 4.10253/0.0181315  number: 620734/1858
c |       13.71|      242502|      336142|   105550162|       41608|     4150.52|      319494|           0|
time: 4.21161/0.0181315  number: 637118/1858
c |       14.05|      248045|      344743|   108116724|       42393|     4151.17|      327686|           0|
time: 4.31702/0.0182345  number: 653493/1867
c |       14.38|      254016|      353331|   110600974|       43183|     4151.81|      335877|           0|
time: 4.42081/0.0182345  number: 669877/1867
c |       14.72|      259999|      361934|   113160990|       43987|     4152.46|      344073|           0|
time: 4.52635/0.0182345  number: 686261/1867
c |       15.06|      265989|      370533|   115775749|       44806|     4153.23|      352260|           0|
time: 4.63316/0.0183146  number: 702638/1874
c |       15.39|      271796|      379109|   118235513|       45571|     4153.88|      360455|           0|
time: 4.73638/0.0183146  number: 719022/1874
c |       15.72|      277549|      387682|   120697942|       46331|     4154.52|      368646|           0|
time: 4.83982/0.0183146  number: 735406/1874
c |       16.06|      283526|      396269|   123388707|       47125|     4155.16|      376836|           0|
time: 4.94729/0.0183146  number: 751790/1874
c |       16.42|      289373|      404869|   126186323|       47939|     4155.81|      385030|           0|
time: 5.05613/0.0183146  number: 768174/1874
c |       16.77|      295239|      413456|   128946921|       48724|     4156.45|      393224|           0|
time: 5.16498/0.0183146  number: 784558/1874
c |       17.14|      301212|      422079|   131876119|       49595|     4157.23|      401412|           0|
time: 5.27618/0.0183146  number: 800942/1874
c |       17.49|      307209|      430686|   134716102|       50425|     4157.87|      409604|           0|
time: 5.38588/0.0183146  number: 817326/1874
c |       17.85|      313342|      439297|   137563581|       51265|     4158.52|      417794|           0|
time: 5.49564/0.0183146  number: 833710/1874
c |       18.19|      319565|      447832|   140174906|       51943|     4159.16|      425990|           0|
time: 5.6015/0.0183146  number: 850094/1874
c |       18.55|      325772|      456428|   142951156|       52751|     4159.80|      434183|           0|
time: 5.70927/0.0183146  number: 866478/1874
c |       18.89|      331981|      464998|   145687149|       53511|     4160.58|      442373|           0|
time: 5.81672/0.0183146  number: 882862/1874
c |       19.25|      338021|      473590|   148492024|       54308|     4161.22|      450566|           0|
time: 5.92605/0.0183146  number: 899246/1874
c |       19.60|      344121|      482159|   151299793|       55058|     4161.87|      458758|           0|
time: 6.03522/0.0183146  number: 915630/1874
c |       19.96|      350631|      490710|   154172921|       55781|     4162.51|      466948|           0|
time: 6.14375/0.0183146  number: 932014/1874
c |       20.32|      357383|      499313|   157222591|       56594|     4163.29|      475145|           0|
time: 6.25369/0.0183146  number: 948398/1874
c |       20.70|      364050|      507922|   160347929|       57431|     4163.93|      483336|           0|
time: 6.36493/0.0183146  number: 964782/1874
c |       21.06|      370462|      516543|   163283699|       59371|     4164.57|      491527|           0|
time: 6.47733/0.0201705  number: 980946/2094
c |       21.44|      376946|      525193|   166312030|       61879|     4165.22|      499722|           0|
time: 6.59694/0.0207751  number: 997268/2156
c |       21.79|      382880|      533773|   168945348|       62840|     4165.99|      507910|           0|
time: 6.70522/0.0210097  number: 1013629/2179
c |       22.15|      388922|      542376|   171711525|       63685|     4166.64|      516102|           0|
time: 6.81512/0.0211566  number: 1029999/2193
c --------------------------------------------------------------------------------------------------------
c |        time|     #posHit|     #negHit|      memory|      #split|     mem(MB)|  #dec. Node|     #models|
c --------------------------------------------------------------------------------------------------------
c |       22.51|      394968|      550967|   174406086|       64597|     4167.28|      524292|           0|
time: 6.92397/0.0214217  number: 1046351/2225
c |       22.87|      401126|      559568|   177160938|       65413|     4167.93|      532485|           0|
time: 7.03387/0.0214217  number: 1062735/2225
c |       23.23|      407011|      568155|   179825453|       66313|     4168.70|      540676|           0|
time: 7.14262/0.0218394  number: 1079077/2267
c |       23.56|      412665|      576739|   182420259|       67601|     4169.49|      548870|           0|
time: 7.24859/0.0234225  number: 1095274/2454
c |       23.92|      418878|      585344|   185119481|       69435|     4170.13|      557064|           0|
time: 7.35818/0.0251429  number: 1111467/2645
c |       24.27|      424868|      593943|   187780292|       70687|     4170.91|      565253|           0|
time: 7.46836/0.0251601  number: 1127849/2647
c |       24.62|      430917|      602519|   190374489|       71457|     4171.55|      573444|           0|
time: 7.57782/0.0251601  number: 1144233/2647
c |       24.98|      436558|      611170|   193112253|       72655|     4172.20|      581637|           0|
time: 7.68693/0.0255072  number: 1160582/2682
c |       25.34|      442164|      619734|   195724623|       73402|     4172.84|      589829|           0|
time: 7.79788/0.0255072  number: 1176966/2682
c |       25.69|      448163|      628321|   198424605|       74191|     4173.62|      598021|           0|
time: 7.90979/0.0255072  number: 1193350/2682
c |       26.05|      454347|      636894|   201040722|       74947|     4174.26|      606214|           0|
time: 8.02014/0.0255072  number: 1209734/2682
c |       26.42|      460617|      645543|   203915487|       76605|     4174.91|      614410|           0|
time: 8.13455/0.0269263  number: 1225953/2847
c |       26.79|      466685|      654210|   206822146|       78576|     4175.68|      622602|           0|
time: 8.2507/0.0283225  number: 1242184/3000
c |       27.15|      472637|      662871|   209657747|       80455|     4176.56|      630789|           0|
time: 8.35627/0.0331996  number: 1257986/3582
c |       27.51|      478839|      671541|   212548615|       82411|     4177.20|      638983|           0|
time: 8.46707/0.0339129  number: 1274290/3662
c |       27.88|      484737|      680165|   215312536|       83293|     4178.15|      647172|           0|
time: 8.5784/0.0339129  number: 1290674/3662
c |       28.24|      490464|      688778|   218136917|       84129|     4178.92|      655366|           0|
time: 8.69145/0.0339129  number: 1307058/3662
c |       28.61|      496308|      697388|   220909272|       84967|     4179.57|      663557|           0|
time: 8.80349/0.0339129  number: 1323442/3662
c |       28.97|      502395|      706060|   223775838|       86777|     4180.34|      671750|           0|
time: 8.91172/0.0370715  number: 1339458/4030
c |       29.33|      508877|      714671|   226476949|       88165|     4180.98|      679943|           0|
time: 9.02764/0.037081  number: 1355841/4031
c |       29.68|      515044|      723262|   229103454|       88968|     4181.63|      688133|           0|
time: 9.13788/0.037081  number: 1372225/4031
c |       30.05|      521276|      731875|   231823362|       89808|     4182.40|      696325|           0|
time: 9.25024/0.037081  number: 1388609/4031
c |       30.40|      527455|      740487|   234516151|       91110|     4183.05|      704516|           0|
time: 9.35988/0.0376036  number: 1404937/4087
c |       30.74|      533277|      749122|   237184582|       92209|     4183.69|      712712|           0|
time: 9.45991/0.0416358  number: 1420833/4575
c |       31.07|      539432|      757815|   240054459|       94231|     4184.46|      720902|           0|
time: 9.55303/0.0489447  number: 1436380/5412
c |       31.44|      545806|      766502|   243021365|       96003|     4185.24|      729094|           0|
time: 9.6623/0.0493281  number: 1452725/5451
c |       31.79|      551713|      775136|   245715201|       97007|     4185.89|      737288|           0|
time: 9.76865/0.0496276  number: 1469080/5480
c |       32.15|      557355|      783759|   248528503|       97873|     4186.53|      745479|           0|
time: 9.88061/0.0496276  number: 1485464/5480
c |       32.51|      563047|      792358|   251271465|       98689|     4187.30|      753669|           0|
time: 9.99219/0.0496276  number: 1501848/5480
c |       32.88|      568667|      800987|   254145740|       99593|     4187.95|      761861|           0|
time: 10.1055/0.0499633  number: 1518199/5513
c |       33.23|      574454|      809601|   256848821|      100437|     4188.48|      770052|           0|
time: 10.2105/0.0512831  number: 1534568/5528
c |       33.58|      580381|      818191|   259567496|      101229|     4189.12|      778246|           0|
time: 10.3142/0.0512831  number: 1550952/5528
c |       33.92|      586117|      826784|   262179632|      102100|     4189.77|      786436|           0|
time: 10.4158/0.0516265  number: 1567302/5562
c |       34.27|      592058|      835392|   264927647|      102919|     4190.54|      794631|           0|
time: 10.5202/0.0518248  number: 1583667/5581
c |       34.63|      598304|      844012|   267697674|      103777|     4191.19|      802822|           0|
time: 10.6251/0.0518248  number: 1600051/5581
c |       34.98|      604517|      852617|   270393572|      104605|     4191.96|      811013|           0|
time: 10.7285/0.0518248  number: 1616435/5581
c |       35.34|      610347|      861246|   273206942|      105472|     4192.61|      819208|           0|
time: 10.8334/0.0518248  number: 1632819/5581
c |       35.70|      616297|      869854|   276002534|      106369|     4193.38|      827396|           0|
time: 10.9379/0.0521529  number: 1649170/5614
c |       36.07|      622547|      878467|   278873012|      107218|     4194.02|      835589|           0|
time: 11.0456/0.0522292  number: 1665547/5621
c |       36.42|      628608|      887054|   281551707|      108012|     4194.67|      843784|           0|
time: 11.1481/0.0524466  number: 1681911/5641
c |       36.77|      634603|      895643|   284278662|      108873|     4195.44|      851975|           0|
time: 11.2526/0.0527785  number: 1698263/5673
c |       37.11|      640701|      904256|   286943985|      109883|     4196.09|      860167|           0|
time: 11.3529/0.0529235  number: 1714633/5687
c |       37.45|      646729|      912858|   289561877|      110703|     4196.86|      868360|           0|
time: 11.4523/0.052954  number: 1731014/5690
c |       37.79|      652751|      921441|   292085412|      111491|     4197.50|      876548|           0|
time: 11.5525/0.052954  number: 1747398/5690
c |       38.14|      658929|      930044|   294835811|      112311|     4198.28|      884740|           0|
time: 11.6571/0.052954  number: 1763782/5690
c |       38.51|      665113|      938678|   297789653|      113198|     4198.92|      892933|           0|
time: 11.7637/0.052954  number: 1780166/5690
c |       38.88|      671388|      947301|   300696539|      114057|     4199.70|      901126|           0|
time: 11.8687/0.052954  number: 1796550/5690
c |       39.26|      677616|      955935|   303673637|      114941|     4200.34|      909318|           0|
time: 11.9775/0.052954  number: 1812934/5690
c |       39.63|      683834|      964565|   306603441|      115817|     4201.11|      917510|           0|
time: 12.085/0.052954  number: 1829318/5690
c |       40.01|      689981|      973216|   309668765|      116741|     4201.89|      925698|           0|
time: 12.1935/0.052954  number: 1845702/5690
c |       40.38|      696216|      981852|   312647326|      117623|     4202.54|      933892|           0|
time: 12.3018/0.052954  number: 1862086/5690
c |       40.76|      702430|      990482|   315564788|      118502|     4203.31|      942086|           0|
time: 12.41/0.052954  number: 1878470/5690
c |       41.12|      708708|      999094|   318406682|      119339|     4203.95|      950278|           0|
time: 12.5151/0.052954  number: 1894854/5690
c |       41.49|      714154|     1007741|   321363363|      120155|     4204.73|      958471|           0|
time: 12.6201/0.0560134  number: 1910880/6048
c |       41.87|      716973|     1016528|   324525128|      120921|     4205.63|      966667|           0|
time: 12.7212/0.0733397  number: 1925344/7968
c |       42.26|      719813|     1025391|   327960597|      122377|     4206.27|      974853|           0|
time: 12.8342/0.0873358  number: 1940096/9600
c |       42.69|      724363|     1034257|   331496644|      123887|     4207.05|      983048|           0|
time: 12.9659/0.0915091  number: 1955919/10161
c |       43.13|      729151|     1043088|   335119426|      125615|     4208.43|      991240|           0|
time: 13.0993/0.0957968  number: 1971735/10729
c |       43.58|      734611|     1051906|   338793308|      127305|     4208.94|      999431|           0|
time: 13.2368/0.0976622  number: 1987894/10954
c |       44.06|      740418|     1060818|   342892524|      129533|     4209.71|     1007625|           0|
time: 13.3826/0.100054  number: 2004005/11227
c |       44.51|      745706|     1069678|   346636080|      131459|     4210.36|     1015814|           0|
time: 13.5206/0.102305  number: 2020122/11494
c |       44.94|      750743|     1078585|   350226141|      133183|     4211.13|     1024007|           0|
time: 13.6524/0.104258  number: 2036278/11722
c |       45.38|      756248|     1087435|   353762493|      134691|     4211.91|     1032203|           0|
time: 13.7825/0.105852  number: 2052482/11902
c |       45.81|      761658|     1096202|   357304941|      136221|     4212.68|     1040391|           0|
time: 13.9134/0.107794  number: 2068617/12151
c --------------------------------------------------------------------------------------------------------
c |        time|     #posHit|     #negHit|      memory|      #split|     mem(MB)|  #dec. Node|     #models|
c --------------------------------------------------------------------------------------------------------
c |       46.26|      767089|     1105025|   361019573|      138148|     4213.46|     1048583|           0|
time: 14.0477/0.109484  number: 2084802/12350
c |       46.70|      772048|     1113798|   364711744|      139752|     4214.10|     1056775|           0|
time: 14.1812/0.111845  number: 2100920/12616
c |       47.13|      777465|     1122615|   368375975|      141380|     4214.88|     1064966|           0|
time: 14.3109/0.114859  number: 2116984/12936
c |       47.57|      782657|     1131448|   372118352|      143073|     4215.65|     1073159|           0|
time: 14.4391/0.118025  number: 2133018/13286
c |       48.01|      787872|     1140301|   375802248|      144825|     4216.29|     1081352|           0|
time: 14.5676/0.121325  number: 2149034/13654
c |       48.42|      793577|     1149063|   379107945|      145871|     4217.07|     1089544|           0|
time: 14.6941/0.121325  number: 2165418/13654
c |       48.83|      798372|     1157884|   382394185|      146715|     4217.84|     1097733|           0|
time: 14.8179/0.122233  number: 2181695/13761
c |       49.26|      804443|     1166686|   385932960|      148171|     4218.48|     1105924|           0|
time: 14.9442/0.123633  number: 2197937/13903
c |       49.69|      810278|     1175512|   389636844|      149809|     4219.26|     1114117|           0|
time: 15.0697/0.125433  number: 2214137/14087
c |       50.12|      815876|     1184309|   393116399|      151120|     4220.03|     1122311|           0|
time: 15.2016/0.126246  number: 2230437/14171
c |       50.55|      821692|     1193118|   396780392|      152763|     4220.81|     1130503|           0|
time: 15.326/0.128435  number: 2246588/14404
c |       50.97|      827312|     1201898|   400124354|      153787|     4221.45|     1138695|           0|
time: 15.4523/0.128622  number: 2262950/14426
c |       51.37|      831182|     1210654|   403321440|      154466|     4222.23|     1146884|           0|
time: 15.5773/0.128622  number: 2279334/14426
c |       51.79|      836954|     1219438|   406645021|      155353|     4224.11|     1155078|           0|
time: 15.7022/0.13043  number: 2295609/14535
c |       52.20|      842692|     1228190|   409870684|      156113|     4224.37|     1163268|           0|
time: 15.8265/0.131052  number: 2311927/14601
c |       52.62|      848357|     1237022|   413492132|      157734|     4226.09|     1171462|           0|
time: 15.9521/0.132899  number: 2328105/14807
c |       53.03|      854176|     1245829|   416959769|      159069|     4226.70|     1179657|           0|
time: 16.0678/0.136107  number: 2344331/14965
c |       53.45|      860127|     1254648|   420513066|      160555|     4226.70|     1187847|           0|
time: 16.1835/0.137724  number: 2360530/15150
c |       53.86|      865684|     1263468|   424022886|      161896|     4226.83|     1196038|           0|
time: 16.295/0.139525  number: 2376715/15349
c |       54.26|      871029|     1272300|   427525768|      163306|     4227.48|     1204227|           0|
time: 16.4059/0.140993  number: 2392939/15509
c |       54.67|      876774|     1281078|   430883890|      164338|     4228.25|     1212419|           0|
time: 16.5184/0.141627  number: 2409261/15571
c |       55.07|      883131|     1289850|   434113576|      165128|     4229.02|     1220613|           0|
time: 16.6288/0.142008  number: 2425603/15613
c |       55.47|      889297|     1298620|   437469725|      166210|     4229.80|     1228807|           0|
time: 16.741/0.143103  number: 2441876/15724
c |       55.88|      895556|     1307391|   440975404|      167748|     4230.44|     1236998|           0|
time: 16.8546/0.144469  number: 2458118/15866
c |       56.28|      901340|     1316199|   444424372|      169175|     4231.21|     1245190|           0|
time: 16.9652/0.146384  number: 2474287/16081
c |       56.69|      907289|     1325002|   447933555|      170690|     4231.99|     1253382|           0|
time: 17.0786/0.148321  number: 2490459/16293
c |       57.10|      912649|     1333786|   451524504|      171941|     4233.31|     1261574|           0|
time: 17.195/0.150835  number: 2506620/16516
c |       57.51|      918811|     1342588|   455223317|      173418|     4233.83|     1269767|           0|
time: 17.3142/0.15283  number: 2522807/16713
c |       57.93|      924742|     1351371|   458978821|      174975|     4234.60|     1277957|           0|
time: 17.4277/0.154257  number: 2539053/16851
c |       58.35|      930452|     1360172|   462799632|      176451|     4235.25|     1286154|           0|
time: 17.5414/0.155939  number: 2555275/17013
c |       58.77|      937101|     1368948|   466529149|      178333|     4236.02|     1294344|           0|
time: 17.6539/0.157698  number: 2571491/17181
c |       59.17|      943069|     1377761|   470159996|      179881|     4236.79|     1302536|           0|
time: 17.7624/0.160197  number: 2587628/17428
c |       59.58|      949486|     1386572|   473822170|      181607|     4237.57|     1310725|           0|
time: 17.8733/0.16178  number: 2603871/17569
c |       59.99|      956028|     1395344|   477367393|      183261|     4238.34|     1318919|           0|
time: 17.9836/0.163801  number: 2620063/17761
c |       60.40|      962543|     1404138|   480962628|      184849|     4238.98|     1327111|           0|
time: 18.0943/0.165694  number: 2636287/17921
c |       60.81|      968930|     1412951|   484586174|      186343|     4239.76|     1335306|           0|
time: 18.2057/0.167567  number: 2652509/18083
c |       61.22|      975297|     1421716|   488079170|      187873|     4240.53|     1343492|           0|
time: 18.3162/0.169512  number: 2668707/18269
c |       61.62|      981322|     1430479|   491516334|      189397|     4241.30|     1351684|           0|
time: 18.4263/0.172003  number: 2684810/18550
c |       62.00|      987008|     1439257|   494907586|      190756|     4242.08|     1359879|           0|
time: 18.5309/0.175856  number: 2700725/19019
c |       62.39|      993106|     1447993|   498234838|      192156|     4242.86|     1368071|           0|
time: 18.638/0.17887  number: 2716731/19397
c |       62.79|      998900|     1456700|   501647244|      193501|     4243.50|     1376262|           0|
time: 18.7458/0.182261  number: 2732694/19818
c |       63.17|     1004331|     1465450|   504902874|      194795|     4244.27|     1384457|           0|
time: 18.8505/0.185385  number: 2748704/20192
c |       63.56|     1010446|     1474176|   508011506|      195725|     4245.05|     1392647|           0|
time: 18.9648/0.185854  number: 2765038/20242
c |       63.95|     1016280|     1482901|   511059698|      196365|     4245.82|     1400836|           0|
time: 19.0774/0.185854  number: 2781422/20242
c |       64.34|     1022085|     1491655|   514099077|      197034|     4246.46|     1409031|           0|
time: 19.1867/0.185854  number: 2797806/20242
c |       64.73|     1027519|     1500427|   517159576|      197733|     4247.24|     1417221|           0|
time: 19.2979/0.185854  number: 2814190/20242
c |       65.12|     1033477|     1509141|   520174060|      198357|     4248.01|     1425413|           0|
time: 19.4083/0.185854  number: 2830574/20242
c |       65.50|     1039082|     1517846|   523134184|      198983|     4248.79|     1433606|           0|
time: 19.518/0.186159  number: 2846928/20272
c |       65.88|     1044583|     1526585|   526172137|      199682|     4249.56|     1441797|           0|
time: 19.6271/0.186846  number: 2863240/20344
c |       66.27|     1050282|     1535344|   529348049|      200618|     4250.20|     1449993|           0|
time: 19.7337/0.188097  number: 2879508/20460
c |       66.68|     1054918|     1544279|   532796584|      201955|     4252.29|     1458182|           0|
time: 19.8511/0.190806  number: 2895703/20649
c |       67.10|     1060699|     1553089|   536255560|      203165|     4252.41|     1466373|           0|
time: 19.9763/0.191569  number: 2912013/20723
c |       67.54|     1066459|     1561887|   539900197|      204685|     4253.19|     1474567|           0|
time: 20.0996/0.193484  number: 2928208/20912
c |       67.97|     1071469|     1570736|   543655082|      206134|     4253.96|     1482755|           0|
time: 20.2252/0.195414  number: 2944409/21095
c |       68.39|     1076994|     1579531|   547036541|      207067|     4254.61|     1490953|           0|
time: 20.3491/0.19639  number: 2960693/21195
c |       68.83|     1083406|     1588363|   550728633|      208485|     4255.43|     1499142|           0|
time: 20.4752/0.197443  number: 2976988/21284
c |       69.24|     1089112|     1597133|   553917772|      209162|     4256.20|     1507334|           0|
time: 20.5986/0.197443  number: 2993372/21284
c |       69.66|     1094724|     1605895|   557108567|      209849|     4256.97|     1515527|           0|
time: 20.7235/0.197443  number: 3009756/21284
c |       70.06|     1099408|     1614651|   560286657|      210527|     4257.75|     1523718|           0|
time: 20.847/0.197443  number: 3026140/21284
c |       70.47|     1104516|     1623395|   563443020|      211193|     4258.52|     1531912|           0|
time: 20.9718/0.197443  number: 3042524/21284
c |       70.89|     1110243|     1632146|   566623369|      211868|     4259.29|     1540100|           0|
time: 21.099/0.197443  number: 3058908/21284
c |       71.30|     1115862|     1640897|   569805496|      212540|     4259.94|     1548292|           0|
time: 21.2209/0.197443  number: 3075292/21284
c |       71.71|     1121522|     1649674|   573009347|      213242|     4260.71|     1556485|           0|
time: 21.3427/0.197443  number: 3091676/21284
c |       72.13|     1127353|     1658428|   576101049|      213918|     4261.48|     1564676|           0|
time: 21.4625/0.19752  number: 3108053/21291
c --------------------------------------------------------------------------------------------------------
c |        time|     #posHit|     #negHit|      memory|      #split|     mem(MB)|  #dec. Node|     #models|
c --------------------------------------------------------------------------------------------------------
c |       72.53|     1133044|     1667227|   579486744|      215254|     4262.26|     1572871|           0|
time: 21.5799/0.19919  number: 3124293/21435
c |       72.93|     1138782|     1675998|   582748000|      216232|     4263.03|     1581061|           0|
time: 21.6989/0.199877  number: 3140628/21484
c |       73.32|     1144402|     1684758|   585830928|      216994|     4263.80|     1589255|           0|
time: 21.8164/0.200403  number: 3156971/21525
c |       73.72|     1150455|     1693520|   588909864|      217674|     4264.58|     1597448|           0|
time: 21.9348/0.200403  number: 3173355/21525
c |       74.11|     1156498|     1702262|   591964124|      218343|     4265.25|     1605638|           0|
time: 22.053/0.200403  number: 3189739/21525
c |       74.51|     1162414|     1710998|   595017337|      218991|     4266.02|     1613831|           0|
time: 22.1729/0.200403  number: 3206123/21525
c |       74.90|     1168309|     1719717|   598017994|      219630|     4266.79|     1622023|           0|
time: 22.2911/0.200403  number: 3222507/21525
c |       75.29|     1173979|     1728438|   601014540|      220272|     4267.57|     1630211|           0|
time: 22.4101/0.200403  number: 3238891/21525
c |       75.69|     1179695|     1737175|   604057830|      220924|     4268.34|     1638404|           0|
time: 22.5285/0.200403  number: 3255275/21525
c |       76.09|     1185718|     1745880|   607074715|      221544|     4269.12|     1646596|           0|
time: 22.6502/0.200403  number: 3271659/21525
c |       76.49|     1191797|     1754572|   610070112|      222144|     4269.76|     1654789|           0|
time: 22.7721/0.200403  number: 3288043/21525
c |       76.88|     1197811|     1763248|   613010200|      222729|     4270.54|     1662982|           0|
time: 22.8956/0.200403  number: 3304427/21525
c |       77.28|     1203860|     1771979|   616169205|      223560|     4271.31|     1671172|           0|
time: 23.0152/0.201479  number: 3320714/21622
c |       77.68|     1210050|     1780748|   619488699|      224481|     4272.08|     1679366|           0|
time: 23.1352/0.20257  number: 3336998/21722
c |       78.08|     1216301|     1789475|   622579087|      225183|     4272.86|     1687558|           0|
time: 23.2569/0.20257  number: 3353382/21722
c |       78.48|     1222242|     1798184|   625597487|      225803|     4273.63|     1695748|           0|
time: 23.3798/0.20257  number: 3369766/21722
c |       78.88|     1228031|     1806895|   628636865|      226427|     4274.27|     1703940|           0|
time: 23.4985/0.20257  number: 3386150/21722
c |       79.28|     1234107|     1815595|   631623897|      227039|     4275.05|     1712132|           0|
time: 23.6206/0.20257  number: 3402534/21722
c |       79.69|     1239509|     1824282|   634578895|      227637|     4275.82|     1720324|           0|
time: 23.7444/0.20257  number: 3418918/21722
c |       80.09|     1244706|     1833032|   637818022|      228409|     4276.59|     1728520|           0|
time: 23.8656/0.203776  number: 3435198/21826
c |       80.52|     1250827|     1841810|   641418196|      229639|     4277.37|     1736708|           0|
time: 23.9906/0.205942  number: 3451414/21994
c |       80.95|     1256647|     1850592|   645057405|      230893|     4278.14|     1744905|           0|
time: 24.1189/0.207598  number: 3467666/22126
c |       81.39|     1262864|     1859392|   648825766|      232339|     4278.79|     1753093|           0|
time: 24.2483/0.209666  number: 3483890/22286
c |       81.83|     1267696|     1868181|   652739743|      233621|     4279.56|     1761287|           0|
time: 24.3826/0.211443  number: 3500121/22439
c |       82.27|     1273889|     1876971|   656534200|      235038|     4280.33|     1769476|           0|
time: 24.513/0.213274  number: 3516354/22590
c |       82.71|     1279829|     1885759|   660352341|      236435|     4281.11|     1777668|           0|
time: 24.6427/0.215342  number: 3532575/22753
c |       83.15|     1285877|     18