c [D4] Competition version
c [INITIAL INPUT] [4m[32mStatistics about the input formula[0m
c [INITIAL INPUT] Number of variables: 432
c [INITIAL INPUT] Number of clauses: 1374
c [INITIAL INPUT] Number of unit clauses: 8
c [INITIAL INPUT] Number of binary clauses: 127
c [INITIAL INPUT] Number of ternary clauses: 861
c [INITIAL INPUT] Number of clauses larger than 3: 378
c [INITIAL INPUT] Number of literals: 4444
c
c [D4] Run the projected model counter
c [PREPROC MANAGER] Option PreprocManager: preproc(basic) input type(dimacs cnf)
c [MAIN PREPROCESSED INPUT] [4m[32mStatistics about the preprocessed formula[0m
c [PREPROCESSED INPUT] Number of variables: 432
c [PREPROCESSED INPUT] Number of clauses: 1374
c [PREPROCESSED INPUT] Number of unit clauses: 8
c [PREPROCESSED INPUT] Number of binary clauses: 127
c [PREPROCESSED INPUT] Number of ternary clauses: 861
c [PREPROCESSED INPUT] Number of clauses larger than 3: 378
c [PREPROCESSED INPUT] Number of literals: 4444
c
c
c [PROJECTED VARIABLES] list: 5 6 7 8 9 10 11 12 13 14 15 16 17 18 19 20 124 125 126 127 128 129 130 131 132 133 134 135 136 137 138 139 227 228 229 230 231 232 233 234 235 236 237 238 239 240 241 242 330 331 332 333 334 335 336 337 338 339 340 341 342 343 344 345 432 
c
c [DPLL STYLE METHOD] Option DPLL-style Method: exploit-model(1) 
c [WRAPPER SOLVER] Option Solver: solver name(glucose cnf)
c [GLUCOSE SOLVER] Init phase
c [SPEC MANAGER] Option Formula Manager: update mode(dynamicBlockedSimp)
c [SPEC MANAGER] DYN with blocked clause elimination
c [SPEC MANAGER] Number of clauses removed at the beginning: 182
c [MODE] Projected we can only use the classical heuristic
c [BRANCHING HEURISTIC] Option Branching Heuristic: scoring method(vsads) phase heuristic(polarity) reverse phase (0) freq-decay (2048) branching heuristic (classic)
c [CACHE CLEANING MANAGER]  Option CacheCleaningManager: cleaning strategy(none) 
c [BUCKET MANAGER]  Option BucketManager: storage(not-touched)  representation(clause)  size_first_page(4294967296) size_additional_page(536870912)
c [CACHE LIST CONSTRUCTOR]
c [OPERATION MANAGER] Operator option: operator type(counting)
c
c [DPLL STYLE METHOD] Exploitation models: 1
c Warm start process (11): 27/29
c --------------------------------------------------------------------------------------------------------
c |        time|     #posHit|     #negHit|      memory|      #split|     mem(MB)|  #dec. Node|     #models|
c --------------------------------------------------------------------------------------------------------
c |        0.38|        5920|        8644|     3228894|         444|     4128.80|        8201|           0|
time: 0.103333/5.9e-05  number: 16378/6
c |        0.77|       11986|       17318|     6660635|         927|     4129.57|       16393|           0|
time: 0.208275/5.9e-05  number: 32762/6
c |        1.16|       17963|       26015|    10190028|        1431|     4130.21|       24585|           0|
time: 0.313525/5.9e-05  number: 49146/6
c |        1.56|       23913|       34721|    13725508|        1941|     4130.86|       32780|           0|
time: 0.419081/5.9e-05  number: 65530/6
c |        1.96|       29970|       43425|    17247084|        2454|     4131.50|       40972|           0|
time: 0.52455/5.9e-05  number: 81914/6
c |        2.36|       35859|       52124|    20698722|        2961|     4132.28|       49164|           0|
time: 0.629474/5.9e-05  number: 98298/6
c |        2.74|       41916|       60783|    23951550|        3429|     4132.91|       57355|           0|
time: 0.733299/0.00155222  number: 114551/137
c |        3.14|       48080|       69482|    27396975|        3942|     4133.56|       65543|           0|
time: 0.842261/0.00160848  number: 130929/143
c |        3.54|       54253|       78186|    30905195|        4449|     4134.33|       73738|           0|
time: 0.950054/0.00162946  number: 147311/145
c |        3.94|       60620|       86888|    34483966|        4959|     4134.97|       81930|           0|
time: 1.06062/0.00162946  number: 163695/145
c |        4.34|       66938|       95607|    38082156|        5487|     4135.61|       90120|           0|
time: 1.16778/0.00162946  number: 180079/145
c |        4.75|       73182|      104326|    41672899|        6021|     4136.25|       98308|           0|
time: 1.27778/0.00162946  number: 196463/145
c |        5.14|       79076|      112996|    45065499|        6495|     4137.03|      106503|           0|
time: 1.38484/0.00281107  number: 212724/268
c |        5.53|       84967|      121661|    48451860|        6969|     4137.66|      114695|           0|
time: 1.49236/0.00338708  number: 229053/323
c |        5.92|       90987|      130336|    51885243|        7452|     4138.31|      122885|           0|
time: 1.60123/0.00357114  number: 245419/341
c |        6.31|       96742|      139042|    55288517|        7962|     4138.95|      131081|           0|
time: 1.7089/0.003955  number: 261766/378
c |        6.69|      102585|      147749|    58642521|        8475|     4139.72|      139274|           0|
time: 1.81442/0.00404464  number: 278141/387
c |        7.08|      108763|      156431|    62018687|        8973|     4140.37|      147461|           0|
time: 1.923/0.00404464  number: 294525/387
c |        7.48|      114996|      165127|    65502636|        9471|     4141.01|      155657|           0|
time: 2.03272/0.00404464  number: 310909/387
c |        7.89|      121167|      173845|    69111833|        9993|     4141.66|      163853|           0|
time: 2.14406/0.00404464  number: 327293/387
c |        8.28|      127389|      182543|    72706659|       10509|     4142.42|      172037|           0|
time: 2.25325/0.00404464  number: 343677/387
c |        8.68|      133581|      191258|    76288007|       11025|     4143.07|      180234|           0|
time: 2.36256/0.00404464  number: 360061/387
c |        9.08|      139830|      199958|    79841483|       11532|     4143.71|      188427|           0|
time: 2.47244/0.00404464  number: 376445/387
c |        9.48|      145971|      208678|    83497621|       12066|     4144.36|      196613|           0|
time: 2.58119/0.00404464  number: 392829/387
c |        9.87|      152017|      217350|    86935234|       12546|     4145.13|      204806|           0|
time: 2.68949/0.00424015  number: 409193/407
c |       10.26|      158133|      226001|    90334446|       13005|     4145.77|      212999|           0|
time: 2.79778/0.00521671  number: 425467/517
c |       10.65|      164335|      234651|    93751729|       13461|     4146.41|      221190|           0|
time: 2.90635/0.00521671  number: 441851/517
c |       11.05|      170776|      243325|    97267761|       13944|     4147.06|      229382|           0|
time: 3.01618/0.00524341  number: 458233/519
c |       11.44|      176767|      252015|   100732978|       14439|     4147.70|      237577|           0|
time: 3.12449/0.00524341  number: 474617/519
c |       11.82|      182888|      260688|   104099482|       14925|     4148.48|      245764|           0|
time: 3.23172/0.00525486  number: 491000/520
c |       12.22|      188784|      269385|   107610394|       15429|     4149.12|      253958|           0|
time: 3.34167/0.0057603  number: 507328/576
c |       12.62|      194878|      278076|   111107465|       15924|     4149.76|      262153|           0|
time: 3.45256/0.00619136  number: 523668/620
c |       13.01|      200948|      286754|   114559765|       16416|     4150.66|      270340|           0|
time: 3.56159/0.00716983  number: 539936/736
c |       13.41|      207399|      295425|   118027892|       16896|     4151.30|      278532|           0|
time: 3.67225/0.00726425  number: 556310/746
c |       13.80|      213544|      304081|   121375647|       17358|     4151.95|      286726|           0|
time: 3.78051/0.00763713  number: 572651/789
c |       14.19|      219742|      312758|   124813569|       17841|     4152.59|      294917|           0|
time: 3.88997/0.00790512  number: 589007/817
c |       14.58|      225947|      321429|   128237815|       18318|     4153.24|      303112|           0|
time: 3.99947/0.00823509  number: 605354/854
c |       14.98|      232170|      330133|   131718788|       18825|     4154.01|      311309|           0|
time: 4.10954/0.00844204  number: 621716/876
c |       15.38|      238416|      338845|   135186321|       19350|     4154.66|      319495|           0|
time: 4.21894/0.00855648  number: 638088/888
c |       15.77|      244823|      347553|   138609375|       19863|     4155.30|      327691|           0|
time: 4.32821/0.00855648  number: 654472/888
c |       16.17|      250676|      356280|   142098589|       20403|     4155.95|      335878|           0|
time: 4.4374/0.0086156  number: 670850/894
c |       16.57|      256974|      364987|   145499870|       20919|     4156.72|      344071|           0|
time: 4.54574/0.0086156  number: 687234/894
c |       16.96|      263288|      373689|   148909632|       21429|     4157.36|      352261|           0|
time: 4.65385/0.0086156  number: 703618/894
c |       17.35|      268969|      382407|   152352243|       21954|     4158.01|      360454|           0|
time: 4.76226/0.0086156  number: 720002/894
c |       17.74|      275575|      391117|   155795186|       22470|     4158.65|      368650|           0|
time: 4.87096/0.0086156  number: 736386/894
c |       18.13|      281646|      399817|   159203118|       22980|     4159.43|      376840|           0|
time: 4.97877/0.0086156  number: 752770/894
c |       18.53|      287847|      408523|   162620498|       23490|     4160.07|      385033|           0|
time: 5.0874/0.0086156  number: 769154/894
c |       18.92|      294481|      417218|   166057837|       24000|     4160.71|      393221|           0|
time: 5.19662/0.0086156  number: 785538/894
c |       19.32|      300173|      425950|   169538454|       24540|     4161.36|      401410|           0|
time: 5.3055/0.00901996  number: 801888/928
c |       19.71|      306357|      434643|   172925839|       25038|     4162.13|      409606|           0|
time: 5.41301/0.00906383  number: 818268/932
c |       20.10|      312291|      443347|   176379662|       25551|     4162.78|      417799|           0|
time: 5.52181/0.00906383  number: 834652/932
c |       20.50|      318701|      452046|   179823479|       26055|     4163.42|      425992|           0|
time: 5.63124/0.00906383  number: 851036/932
c |       20.90|      324661|      460756|   183305279|       26571|     4164.20|      434186|           0|
time: 5.74245/0.00925266  number: 867402/950
c |       21.29|      330943|      469440|   186728869|       27069|     4164.84|      442372|           0|
time: 5.85283/0.00925266  number: 883786/950
c |       21.69|      337137|      478148|   190221934|       27579|     4165.48|      450571|           0|
time: 5.9631/0.00942241  number: 900151/969
c |       22.06|      341820|      486876|   193677348|       28116|     4166.12|      458761|           0|
time: 6.06488/0.00958645  number: 916519/985
c |       22.44|      347950|      495545|   196943433|       28596|     4166.90|      466950|           0|
time: 6.17186/0.00958645  number: 932903/985
c |       22.83|      354506|      504217|   200242887|       29079|     4167.54|      475141|           0|
time: 6.2789/0.00958645  number: 949287/985
c |       23.21|      360575|      512899|   203523745|       29562|     4168.19|      483338|           0|
time: 6.38552/0.00958645  number: 965671/985
c |       23.59|      366978|      521564|   206771106|       30036|     4168.96|      491528|           0|
time: 6.49204/0.00958645  number: 982055/985
c |       23.96|      373458|      530223|   209986772|       30504|     4169.61|      499721|           0|
time: 6.59883/0.00958645  number: 998439/985
c |       24.34|      378954|      538915|   213281588|       31008|     4170.25|      507910|           0|
time: 6.70526/0.00958645  number: 1014823/985
c |       24.72|      385495|      547579|   216518552|       31476|     4170.89|      516103|           0|
time: 6.81139/0.00958645  number: 1031207/985
c --------------------------------------------------------------------------------------------------------
c |        time|     #posHit|     #negHit|      memory|      #split|     mem(MB)|  #dec. Node|     #models|
c --------------------------------------------------------------------------------------------------------
c |       25.09|      391992|      556244|   219783977|       31953|     4171.67|      524294|           0|
time: 6.91327/0.00958645  number: 1047591/985
c |       25.46|      398048|      564934|   223112167|       32448|     4172.31|      532489|           0|
time: 7.01771/0.00958645  number: 1063975/985
c |       25.83|      404799|      573596|   226373529|       32919|     4173.21|      540678|           0|
time: 7.12167/0.00958645  number: 1080359/985
c |       26.21|      410745|      582274|   229659280|       33408|     4173.98|      548868|           0|
time: 7.22767/0.00958645  number: 1096743/985
c |       26.59|      416635|      590955|   232955738|       33894|     4174.62|      557061|           0|
time: 7.33534/0.00958645  number: 1113127/985
c |       26.97|      423077|      599604|   236284276|       34350|     4175.27|      565256|           0|
time: 7.44271/0.00958645  number: 1129511/985
c |       27.37|      429626|      608275|   239861832|       34827|     4175.91|      573449|           0|
time: 7.5574/0.00958645  number: 1145895/985
c |       27.77|      436195|      616948|   243473843|       35313|     4176.69|      581637|           0|
time: 7.6687/0.00958645  number: 1162279/985
c |       28.18|      442659|      625641|   247175108|       35814|     4177.33|      589829|           0|
time: 7.77978/0.00958645  number: 1178663/985
c |       28.59|      449135|      634341|   250880326|       36315|     4177.98|      598028|           0|
time: 7.89064/0.00958645  number: 1195047/985
c |       28.99|      455661|      643026|   254570431|       36816|     4178.75|      606212|           0|
time: 8.00028/0.00958645  number: 1211431/985
c |       29.38|      462392|      651658|   258056788|       37248|     4179.40|      614410|           0|
time: 8.1096/0.00958645  number: 1227815/985
c |       29.77|      469087|      660294|   261597003|       37698|     4180.05|      622598|           0|
time: 8.21962/0.00958645  number: 1244199/985
c |       30.17|      475759|      668948|   265170637|       38157|     4180.82|      630793|           0|
time: 8.33013/0.00958645  number: 1260583/985
c |       30.57|      482378|      677603|   268766765|       38622|     4181.46|      638982|           0|
time: 8.44046/0.00958645  number: 1276967/985
c |       30.97|      489010|      686265|   272380710|       39096|     4182.11|      647172|           0|
time: 8.55096/0.00958645  number: 1293351/985
c |       31.37|      495606|      694934|   276003362|       39567|     4182.88|      655368|           0|
time: 8.66084/0.00958645  number: 1309735/985
c |       31.77|      502219|      703601|   279630978|       40044|     4183.53|      663559|           0|
time: 8.77052/0.00958645  number: 1326119/985
c |       32.17|      508780|      712283|   283292928|       40530|     4184.17|      671754|           0|
time: 8.88119/0.00958645  number: 1342503/985
c |       32.58|      515368|      720959|   286950453|       41016|     4184.95|      679944|           0|
time: 8.99215/0.00958645  number: 1358887/985
c |       32.98|      521926|      729636|   290612703|       41502|     4185.59|      688134|           0|
time: 9.10299/0.00958645  number: 1375271/985
c |       33.39|      528512|      738318|   294273196|       41991|     4186.23|      696330|           0|
time: 9.21364/0.00958645  number: 1391655/985
c |       33.79|      535077|      746994|   297930058|       42477|     4187.01|      704519|           0|
time: 9.32442/0.00958645  number: 1408039/985
c |       34.20|      541654|      755670|   301590062|       42963|     4187.65|      712708|           0|
time: 9.43543/0.00958645  number: 1424423/985
c |       34.60|      548174|      764363|   305251431|       43464|     4188.43|      720901|           0|
time: 9.54633/0.00958645  number: 1440807/985
c |       35.01|      554708|      773061|   308913048|       43965|     4189.07|      729097|           0|
time: 9.65664/0.00958645  number: 1457191/985
c |       35.41|      561214|      781750|   312571868|       44466|     4189.71|      737285|           0|
time: 9.76692/0.00958645  number: 1473575/985
c |       35.82|      567726|      790448|   316237245|       44967|     4190.49|      745481|           0|
time: 9.87824/0.00958645  number: 1489959/985
c |       36.22|      574259|      799139|   319897326|       45471|     4191.13|      753671|           0|
time: 9.98887/0.00958645  number: 1506343/985
c |       36.62|      580778|      807830|   323554896|       45972|     4191.91|      761860|           0|
time: 10.0985/0.00958645  number: 1522727/985
c |       37.02|      587269|      816528|   327191976|       46473|     4192.55|      770057|           0|
time: 10.2077/0.00958645  number: 1539111/985
c |       37.42|      593814|      825218|   330810630|       46974|     4193.20|      778245|           0|
time: 10.3174/0.00958645  number: 1555495/985
c |       37.83|      600323|      833917|   334434352|       47475|     4193.97|      786443|           0|
time: 10.4269/0.00958645  number: 1571879/985
c |       38.22|      606868|      842604|   337992729|       47979|     4194.61|      794628|           0|
time: 10.5364/0.00958645  number: 1588263/985
c |       38.62|      613378|      851302|   341485800|       48480|     4195.39|      802824|           0|
time: 10.6451/0.00958645  number: 1604647/985
c |       39.02|      619884|      859992|   345062288|       48981|     4196.03|      811013|           0|
time: 10.7554/0.00958645  number: 1621031/985
c |       39.39|      626352|      868610|   348171510|       49404|     4196.80|      819207|           0|
time: 10.8618/0.00965129  number: 1637407/993
c |       39.75|      632480|      877194|   351041393|       49800|     4197.45|      827397|           0|
time: 10.9659/0.00965129  number: 1653791/993
c |       40.12|      639342|      885804|   354009804|       50211|     4198.23|      835594|           0|
time: 11.072/0.00965129  number: 1670175/993
c |       40.49|      645484|      894394|   356893932|       50613|     4198.87|      843782|           0|
time: 11.1763/0.00965129  number: 1686559/993
c |       40.85|      651818|      902993|   359809457|       51021|     4199.52|      851972|           0|
time: 11.2819/0.00965129  number: 1702943/993
c |       41.22|      657583|      911589|   362693837|       51426|     4200.29|      860165|           0|
time: 11.3853/0.00965129  number: 1719327/993
c |       41.58|      664325|      920192|   365614989|       51837|     4200.93|      868357|           0|
time: 11.4898/0.00965129  number: 1735711/993
c |       41.96|      671333|      928815|   368607842|       52260|     4201.71|      876555|           0|
time: 11.5955/0.00965129  number: 1752095/993
c |       42.34|      678466|      937460|   371695684|       52719|     4202.35|      884742|           0|
time: 11.7034/0.00965129  number: 1768479/993
c |       42.73|      685216|      946115|   374813728|       53184|     4203.12|      892932|           0|
time: 11.8113/0.00965129  number: 1784863/993
c |       43.11|      691818|      954765|   377889419|       53640|     4203.77|      901127|           0|
time: 11.9178/0.00965129  number: 1801247/993
c |       43.49|      697708|      963410|   380948285|       54093|     4204.54|      909319|           0|
time: 12.0242/0.00965129  number: 1817631/993
c |       43.87|      703816|      972051|   384106794|       54543|     4205.19|      917510|           0|
time: 12.1317/0.00965129  number: 1834015/993
c |       44.27|      710790|      980694|   387480247|       54993|     4205.96|      925703|           0|
time: 12.2422/0.00965129  number: 1850399/993
c |       44.67|      717851|      989324|   390828399|       55431|     4206.61|      933894|           0|
time: 12.3541/0.00965129  number: 1866783/993
c |       45.08|      725025|      997947|   394243258|       55863|     4207.38|      942085|           0|
time: 12.4684/0.00965129  number: 1883167/993
c |       45.50|      732207|     1006594|   397732949|       56319|     4208.15|      950278|           0|
time: 12.5833/0.00965129  number: 1899551/993
c |       45.92|      739274|     1015246|   401232653|       56778|     4208.80|      958471|           0|
time: 12.7045/0.00965129  number: 1915935/993
c |       46.33|      746326|     1023884|   404697981|       57222|     4209.57|      966664|           0|
time: 12.8191/0.00965129  number: 1932319/993
c |       46.75|      753429|     1032519|   408159592|       57669|     4210.21|      974853|           0|
time: 12.9339/0.00965129  number: 1948703/993
c |       47.17|      760541|     1041171|   411665442|       58128|     4210.99|      983044|           0|
time: 13.0496/0.00965129  number: 1965087/993
c |       47.58|      767784|     1049815|   415147355|       58578|     4211.77|      991239|           0|
time: 13.1647/0.00965129  number: 1981471/993
c |       48.00|      775144|     1058452|   418616029|       59025|     4212.41|      999428|           0|
time: 13.2808/0.00965129  number: 1997855/993
c |       48.42|      782485|     1067108|   422131824|       59487|     4213.18|     1007623|           0|
time: 13.3973/0.00965129  number: 2014239/993
c |       48.84|      789766|     1075761|   425639425|       59946|     4213.83|     1015816|           0|
time: 13.5132/0.00965129  number: 2030623/993
c |       49.25|      797205|     1084378|   429047179|       60375|     4214.60|     1024004|           0|
time: 13.6273/0.00965129  number: 2047007/993
c |       49.67|      804706|     1093011|   432493893|       60816|     4215.38|     1032197|           0|
time: 13.7419/0.00965129  number: 2063391/993
c |       50.08|      812266|     1101650|   435964662|       61263|     4216.02|     1040388|           0|
time: 13.8563/0.00965129  number: 2079775/993
c --------------------------------------------------------------------------------------------------------
c |        time|     #posHit|     #negHit|      memory|      #split|     mem(MB)|  #dec. Node|     #models|
c --------------------------------------------------------------------------------------------------------
c |       50.50|      819827|     1110316|   439531610|       61737|     4216.80|     1048582|           0|
time: 13.9712/0.00965129  number: 2096159/993
c |       50.92|      827373|     1118993|   443140599|       62217|     4217.44|     1056777|           0|
time: 14.086/0.00965129  number: 2112543/993
c |       51.34|      834927|     1127663|   446745993|       62700|     4218.21|     1064966|           0|
time: 14.2014/0.00965129  number: 2128927/993
c |       51.76|      842478|     1136336|   450353297|       63180|     4218.99|     1073158|           0|
time: 14.317/0.00965129  number: 2145311/993
c |       52.18|      850023|     1145013|   453964504|       63663|     4219.63|     1081352|           0|
time: 14.4316/0.00965129  number: 2161695/993
c |       52.59|      857577|     1153684|   457574025|       64143|     4220.41|     1089542|           0|
time: 14.5446/0.00965129  number: 2178079/993
c |       53.00|      865127|     1162357|   461182402|       64626|     4221.18|     1097734|           0|
time: 14.6581/0.00965129  number: 2194463/993
c |       53.42|      872680|     1171028|   464779115|       65103|     4221.82|     1105927|           0|
time: 14.7731/0.00965129  number: 2210847/993
c |       53.83|      880240|     1179694|   468370192|       65580|     4223.10|     1114116|           0|
time: 14.8847/0.00965129  number: 2227231/993
c |       54.25|      887792|     1188367|   471969466|       66057|     4223.87|     1122312|           0|
time: 14.9977/0.00965129  number: 2243615/993
c |       54.66|      895344|     1197038|   475574043|       66540|     4224.52|     1130501|           0|
time: 15.1103/0.00965129  number: 2259999/993
c |       55.08|      902895|     1205710|   479178214|       67020|     4225.29|     1138692|           0|
time: 15.2251/0.00965129  number: 2276383/993
c |       55.49|      910448|     1214382|   482782183|       67500|     4226.06|     1146884|           0|
time: 15.3349/0.00965129  number: 2292767/993
c |       55.91|      918000|     1223054|   486378731|       67977|     4226.84|     1155079|           0|
time: 15.4499/0.00965129  number: 2309151/993
c |       56.33|      925557|     1231723|   489966112|       68451|     4227.48|     1163273|           0|
time: 15.5651/0.00965129  number: 2325535/993
c |       56.72|      933120|     1240386|   493545160|       68925|     4228.25|     1171461|           0|
time: 15.6729/0.00965129  number: 2341919/993
c |       57.13|      940680|     1249052|   497133565|       69402|     4229.03|     1179653|           0|
time: 15.7854/0.00965129  number: 2358303/993
c |       57.55|      948240|     1257718|   500718653|       69876|     4229.67|     1187844|           0|
time: 15.8994/0.00965129  number: 2374687/993
c |       57.95|      955799|     1266385|   504306053|       70350|     4230.45|     1196037|           0|
time: 16.0097/0.00965129  number: 2391071/993
c |       58.36|      963358|     1275051|   507891701|       70824|     4231.22|     1204228|           0|
time: 16.1223/0.00965129  number: 2407455/993
c |       58.78|      970920|     1283716|   511474916|       71298|     4231.86|     1212421|           0|
time: 16.2371/0.00965129  number: 2423839/993
c |       59.20|      978483|     1292380|   515054506|       71769|     4232.64|     1220612|           0|
time: 16.3524/0.00965129  number: 2440223/993
c |       59.63|      986037|     1301051|   518641759|       72243|     4233.41|     1228810|           0|
time: 16.468/0.00965129  number: 2456607/993
c |       60.05|      993606|     1309710|   522215623|       72714|     4234.18|     1236997|           0|
time: 16.5837/0.00965129  number: 2472991/993
c |       60.47|     1001168|     1318374|   525795682|       73188|     4234.83|     1245188|           0|
time: 16.6956/0.00965129  number: 2489375/993
c |       60.89|     1008728|     1327041|   529378307|       73659|     4235.60|     1253383|           0|
time: 16.8108/0.00965129  number: 2505759/993
c |       61.32|     1016255|     1335731|   533065613|       74157|     4236.38|     1261575|           0|
time: 16.9266/0.00965129  number: 2522143/993
c |       61.75|     1023780|     1344424|   536767417|       74658|     4237.15|     1269767|           0|
time: 17.0425/0.00965129  number: 2538527/993
c |       62.18|     1031305|     1353115|   540468023|       75162|     4237.80|     1277956|           0|
time: 17.1588/0.00965129  number: 2554911/993
c |       62.61|     1038822|     1361815|   544177134|       75663|     4238.57|     1286155|           0|
time: 17.2747/0.00965129  number: 2571295/993
c |       63.04|     1046352|     1370502|   547874205|       76164|     4239.34|     1294340|           0|
time: 17.3912/0.00965129  number: 2587679/993
c |       63.47|     1053869|     1379201|   551580742|       76665|     4240.12|     1302537|           0|
time: 17.5069/0.00965129  number: 2604063/993
c |       63.90|     1061397|     1387891|   555283070|       77166|     4240.76|     1310726|           0|
time: 17.623/0.00965129  number: 2620447/993
c |       64.33|     1068917|     1396588|   558989988|       77667|     4241.54|     1318922|           0|
time: 17.7388/0.00965129  number: 2636831/993
c |       64.77|     1076441|     1405280|   562690317|       78171|     4242.31|     1327112|           0|
time: 17.8548/0.00965129  number: 2653215/993
c |       65.20|     1083967|     1413970|   566387472|       78672|     4243.08|     1335300|           0|
time: 17.9722/0.00965129  number: 2669599/993
c |       65.63|     1091490|     1422665|   570090771|       79173|     4243.73|     1343494|           0|
time: 18.0886/0.00965129  number: 2685983/993
c |       66.07|     1099016|     1431356|   573789179|       79674|     4244.50|     1351683|           0|
time: 18.2054/0.00965129  number: 2702367/993
c |       66.50|     1106536|     1440053|   577498159|       80175|     4245.27|     1359879|           0|
time: 18.3208/0.00965129  number: 2718751/993
c |       66.94|     1114060|     1448745|   581200706|       80676|     4246.05|     1368069|           0|
time: 18.4374/0.00965129  number: 2735135/993
c |       67.37|     1121584|     1457438|   584899396|       81180|     4246.82|     1376261|           0|
time: 18.5533/0.00965129  number: 2751519/993
c |       67.80|     1129105|     1466134|   588604648|       81681|     4247.47|     1384455|           0|
time: 18.6705/0.00965129  number: 2767903/993
c |       68.23|     1136630|     1474826|   592308528|       82182|     4248.24|     1392646|           0|
time: 18.7868/0.00965129  number: 2784287/993
c |       68.64|     1144155|     1483518|   596010225|       82683|     4249.02|     1400836|           0|
time: 18.8984/0.00965129  number: 2800671/993
c |       69.05|     1151676|     1492213|   599714091|       83184|     4249.79|     1409029|           0|
time: 19.0091/0.00965129  number: 2817055/993
c |       69.48|     1159202|     1500904|   603415981|       83688|     4250.57|     1417219|           0|
time: 19.1256/0.00965129  number: 2833439/993
c |       69.89|     1166724|     1509598|   607119628|       84189|     4251.21|     1425411|           0|
time: 19.2361/0.00965129  number: 2849823/993
c |       70.32|     1174247|     1518293|   610826425|       84690|     4251.98|     1433605|           0|
time: 19.3507/0.00965129  number: 2866207/993
c |       70.75|     1181772|     1526985|   614528105|       85191|     4252.76|     1441795|           0|
time: 19.4672/0.00965129  number: 2882591/993
c |       71.18|     1189292|     1535682|   618233927|       85692|     4253.53|     1449991|           0|
time: 19.583/0.00965129  number: 2898975/993
c |       71.60|     1196817|     1544373|   621939536|       86196|     4254.31|     1458180|           0|
time: 19.6966/0.00965129  number: 2915359/993
c |       72.03|     1204333|     1553073|   625647176|       86697|     4254.95|     1466378|           0|
time: 19.8108/0.00965129  number: 2931743/993
c |       72.46|     1211863|     1561761|   629347817|       87198|     4255.73|     1474565|           0|
time: 19.927/0.00965129  number: 2948127/993
c |       72.89|     1219381|     1570459|   633053838|       87699|     4256.50|     1482761|           0|
time: 20.0428/0.00965129  number: 2964511/993
c |       73.33|     1226911|     1579147|   636749955|       88200|     4257.27|     1490948|           0|
time: 20.1701/0.00965129  number: 2980895/993
c |       73.76|     1234435|     1587839|   640450863|       88701|     4258.05|     1499138|           0|
time: 20.2853/0.00965129  number: 2997279/993
c |       74.18|     1241951|     1596540|   644161332|       89205|     4258.69|     1507338|           0|
time: 20.3997/0.00965129  number: 3013663/993
c |       74.61|     1249480|     1605228|   647859482|       89706|     4259.46|     1515524|           0|
time: 20.5156/0.00965129  number: 3030047/993
c |       75.05|     1257001|     1613924|   651561849|       90207|     4260.24|     1523719|           0|
time: 20.6319/0.00965129  number: 3046431/993
c |       75.47|     1264527|     1622615|   655261603|       90708|     4261.01|     1531908|           0|
time: 20.7446/0.00965129  number: 3062815/993
c |       75.90|     1272044|     1631314|   658967032|       91209|     4261.79|     1540105|           0|
time: 20.8599/0.00965129  number: 3079199/993
c |       76.33|     1279571|     1640004|   662667618|       91713|     4262.56|     1548294|           0|
time: 20.9751/0.00965129  number: 3095583/993
c |       76.76|     1287094|     1648698|   666372273|       92211|     4263.20|     1556487|           0|
time: 21.0904/0.00965129  number: 3111967/993
c |       77.19|     1294632|     1657380|   670047208|       92706|     4263.98|     1564676|           0|
time: 21.2066/0.00965129  number: 3128351/993
c --------------------------------------------------------------------------------------------------------
c |        time|     #posHit|     #negHit|      memory|      #split|     mem(MB)|  #dec. Node|     #models|
c --------------------------------------------------------------------------------------------------------
c |       77.62|     1302165|     1666066|   673727313|       93198|     4264.75|     1572868|           0|
time: 21.3231/0.00965129  number: 3144735/993
c |       78.05|     1309700|     1674751|   677405365|       93693|     4265.52|     1581059|           0|
time: 21.4399/0.00965129  number: 3161119/993
c |       78.48|     1317231|     1683438|   681088291|       94188|     4266.30|     1589252|           0|
time: 21.557/0.00965129  number: 3177503/993
c |       78.91|     1324765|     1692124|   684770514|       94680|     4267.07|     1597444|           0|
time: 21.6714/0.00965129  number: 3193887/993
c |       79.34|     1332300|     1700809|   688447699|       95175|     4267.84|     1605635|           0|
time: 21.7874/0.00965129  number: 3210271/993
c |       79.77|     1339829|     1709499|   692129234|       95667|     4268.49|     1613833|           0|
time: 21.9064/0.00965129  number: 3226655/993
c |       80.20|     1347370|     1718179|   695800761|       96159|     4269.26|     1622022|           0|
time: 22.0215/0.00965129  number: 3243039/993
c |       80.63|     1354905|     1726863|   699474404|       96651|     4270.04|     1630214|           0|
time: 22.1385/0.00965129  number: 3259423/993
c |       81.06|     1362442|     1735547|   703149299|       97143|     4270.81|     1638407|           0|
time: 22.2561/0.00965129  number: 3275807/993
c |       81.49|     1369982|     1744227|   706820620|       97632|     4271.58|     1646595|           0|
time: 22.3724/0.00965129  number: 3292191/993
c |       81.94|     1377519|     1752911|   710497918|       98124|     4272.36|     1654788|           0|
time: 22.4896/0.00965129  number: 3308575/993
c |       82.33|     1383352|     1761572|   713781662|       98594|     4273.00|     1662981|           0|
time: 22.5989/0.0127031  number: 3324666/1286
c |       82.73|     1388128|     1770284|   717175284|       99113|     4269.73|     1671175|           0|
time: 22.7131/0.0155946  number: 3340809/1527
c |       83.13|     1393317|     1778990|   720522910|       99629|     4270.38|     1679366|           0|
time: 22.8277/0.0161363  number: 3357141/1579
c |       83.50|     1398691|     1787613|   723474004|      100058|     4271.15|     1687559|           0|
time: 22.9358/0.0162812  number: 3373513/1591
c |       83.86|     1404344|     1796223|   726389157|      100475|     4271.92|     1695751|           0|
time: 23.0421/0.0163575  number: 3389891/1597
c |       84.25|     1409535|     1804915|   729547613|      100973|     4272.70|     1703944|           0|
time: 23.1531/0.0171205  number: 3406205/1667
c |       84.63|     1415477|     1813556|   732646823|      101420|     4273.47|     1712140|           0|
time: 23.2622/0.0171205  number: 3422589/1667
c |       84.97|     1421078|     1822139|   735355145|      101813|     4274.11|     1720329|           0|
time: 23.3652/0.0171662  number: 3438968/1672
c |       85.33|     1426835|     1830721|   738102374|      102203|     4274.89|     1728520|           0|
time: 23.4816/0.0171662  number: 3455352/1672
c |       85.68|     1432228|     1839319|   740868587|      102614|     4275.66|     1736710|           0|
time: 23.5852/0.0174714  number: 3471704/1704
c |       86.06|     1438189|     1847961|   743945661|      103061|     4276.43|     1744905|           0|
time: 23.6935/0.0175477  number: 3488081/1711
c |       86.40|     1443793|     1856529|   746574340|      103439|     4277.21|     1753093|           0|
time: 23.7963/0.0175477  number: 3504465/1711
c |       86.76|     1449411|     1865124|   749399710|      103844|     4277.85|     1761285|           0|
time: 23.9018/0.0175477  number: 3520849/1711
c |       87.10|     1454754|     1873713|   752124869|      104237|     4278.62|     1769478|           0|
time: 24.0061/0.0175477  number: 3537233/1711
c |       87.47|     1460682|     1882334|   755084139|      104669|     4279.40|     1777670|           0|
time: 24.1133/0.0175477  number: 3553617/1711
c |       87.87|     1466563|     1891010|   7583