{"stage": "install-dd", "done": false, "error": null}
{"stage": "deliverables_n22_24/v4audit_packed_eval_2026_07_24.py", "done": false, "error": null}
{"stage": "complete", "done": true, "error": null}
{
  "created_at_unix": 1784892835.1970954,
  "terminated": true,
  "cpu_flavor": "cpu3c",
  "vcpu_count": 4,
  "pod_id": "ohkv07h8rdxp6n",
  "cost_per_hr": 0.12,
  "result_files": [
    "CM_v4audit_packed_eval_raw.csv",
    "CM_v4audit_packed_eval_summary.csv",
    "CM_v4audit_symbolic_build_raw.csv",
    "CM_v4audit_symbolic_build_summary.csv"
  ],
  "commands": [
    {
      "name": "install-dd",
      "returncode": 0
    },
    {
      "name": "deliverables_n22_24/v4audit_symbolic_build_2026_07_24.py",
      "returncode": 0,
      "stdout_tail": "wrote 49 build rows; CUDD requests all failed closed\n",
      "stderr_tail": ""
    },
    {
      "name": "deliverables_n22_24/v4audit_packed_eval_2026_07_24.py",
      "returncode": 0,
      "stdout_tail": "wrote 301 raw rows and 14 summary rows; mismatches=0\n",
      "stderr_tail": ""
    }
  ],
  "terminate_http_status": 204,
  "finished_at_unix": 1784892898.3321865
}
