c o Ganak SHA1: 0b4881b40126fb5ae8a1b7c9fdd4878afa25b051
c o Arjun SHA1: 0b4881b40126fb5ae8a1b7c9fdd4878afa25b051
c o SBVA SHA1: 0b4881b40126fb5ae8a1b7c9fdd4878afa25b051
c o CMS SHA1: 0b4881b40126fb5ae8a1b7c9fdd4878afa25b051
c o ApproxMC SHA1: 0b4881b40126fb5ae8a1b7c9fdd4878afa25b051
c o Using ideas by JM Lagniez, and Pierre Marquis
c o     from paper: Improving Model Counting [..] IJCAI 2016
c o Using VMTF, picosat, CaDiCaL, and CadiBack code by Armin Biere
c o CMS is MIT licensed
c o Using code from 'When Boolean Satisfiability Meets Gauss-E. in a Simplex Way'
c o       by C.-S. Han and J.-H. Roland Jiang in CAV 2012. Fixes by M. Soos
c o Using CCAnr from 'CCAnr: A Conf. Checking Based Local Search Solver [...]'
c o       by Shaowei Cai, Chuan Luo, and Kaile Su, SAT 2015
c o Using Oracle code from 'Integrating Tree Decompositions [...]'
c o       by Tuukka Korhonen and Matti Jarvisalo, CP 2021
c o Using Graph library by Tuukka Korhonen and Matti Jarvisalo
c o Using Flowcutter by Ben Strasser
c o Ganak compilation env CMAKE_CXX_COMPILER = /usr/bin/c++ | CMAKE_CXX_FLAGS =  -fno-stack-protector -mpopcnt -msse4.2 -mpclmul -Wduplicated-cond -Wduplicated-branches -Wlogical-op -Wrestrict -Wnull-dereference -Wdouble-promotion -Wshadow -Wformat=2 -Wextra-semi -pedantic | COMPILE_DEFINES =  -DNDEBUG -D_FORTIFY_SOURCE=0 -DUSE_ZLIB | BUILD_SHARED_LIBS = OFF | ZLIB_FOUND = TRUE | ENABLE_ASSERTIONS = OFF | 
c o called with: /workspace/cm-packed-continuation/build/application-ganak/ganak --prob 0 --mode 0 --fast /workspace/cm-packed-evidence/oracle/control-12-0.cnf
c o CNF projection set size: 2
c o [0m[arjun] run_minimize finished T: 0.00[0m
c o WARNING. Not performing puura.  Number of sampling variables: 2 vs 10 and  --puura is: 1 components may be disconnected, which will interfere with proper TD weight calculation
c o Arjun T: 0.00
c o Found 1 disconnected component(s)
c o [par] Using non-parallel counting
c o ind size: 2 nvars: 3
c o opt ind size: 2 ind size: 2 nvars: 3
c o intermediate count: 0
c o Total time [Arjun+GANAK]: 0.00
s UNSATISFIABLE
c s type pmc
c s log10-estimate -inf
c s exact arb int 0
c s pac guarantees epsilon: 0 delta: 0
