c o Ganak SHA1: 0b4881b40126fb5ae8a1b7c9fdd4878afa25b051
c o Arjun SHA1: 0b4881b40126fb5ae8a1b7c9fdd4878afa25b051
c o SBVA SHA1: 0b4881b40126fb5ae8a1b7c9fdd4878afa25b051
c o CMS SHA1: 0b4881b40126fb5ae8a1b7c9fdd4878afa25b051
c o ApproxMC SHA1: 0b4881b40126fb5ae8a1b7c9fdd4878afa25b051
c o Using ideas by JM Lagniez, and Pierre Marquis
c o     from paper: Improving Model Counting [..] IJCAI 2016
c o Using VMTF, picosat, CaDiCaL, and CadiBack code by Armin Biere
c o CMS is MIT licensed
c o Using code from 'When Boolean Satisfiability Meets Gauss-E. in a Simplex Way'
c o       by C.-S. Han and J.-H. Roland Jiang in CAV 2012. Fixes by M. Soos
c o Using CCAnr from 'CCAnr: A Conf. Checking Based Local Search Solver [...]'
c o       by Shaowei Cai, Chuan Luo, and Kaile Su, SAT 2015
c o Using Oracle code from 'Integrating Tree Decompositions [...]'
c o       by Tuukka Korhonen and Matti Jarvisalo, CP 2021
c o Using Graph library by Tuukka Korhonen and Matti Jarvisalo
c o Using Flowcutter by Ben Strasser
c o Ganak compilation env CMAKE_CXX_COMPILER = /usr/bin/c++ | CMAKE_CXX_FLAGS =  -fno-stack-protector -mpopcnt -msse4.2 -mpclmul -Wduplicated-cond -Wduplicated-branches -Wlogical-op -Wrestrict -Wnull-dereference -Wdouble-promotion -Wshadow -Wformat=2 -Wextra-semi -pedantic | COMPILE_DEFINES =  -DNDEBUG -D_FORTIFY_SOURCE=0 -DUSE_ZLIB | BUILD_SHARED_LIBS = OFF | ZLIB_FOUND = TRUE | ENABLE_ASSERTIONS = OFF | 
c o called with: /workspace/cm-packed-continuation/build/application-ganak/ganak --prob 0 --mode 0 --fast /workspace/cm-packed-evidence/oracle/independent-02-0.cnf
c o CNF projection set size: 48
c o --> Executing strategy token: clean-cls
c o --> Executing strategy token: must-scc-vrepl
c o [scc] new: 6 BP 0M T: 0.00
c o [vrep] vars 6 lits 180 rem-bin-cls 24 rem-long-cls 0 BP 0M T: 0.00
c o [consolidate] mini T: 0.00
c o global_timeout_multiplier: 0.1
c o [branch] rebuilding order heap for all branchings. Current branching: vsids
c o [0m[arjun-simp] probing all sampling variables[0m
c o --> Executing strategy token: must-scc-vrepl
c o [scc] new: 0 BP 0M T: 0.00
c o [vrep] vars 0 lits 0 rem-bin-cls 0 rem-long-cls 0 BP 0M T: 0.00
c o [consolidate] mini T: 0.00
c o global_timeout_multiplier: 0.1
c o [branch] rebuilding order heap for all branchings. Current branching: vsids
c o [0m[arjun-simp] Removed set       : 0 new size: 48[0m
c o [0m[arjun-simp] Removed eq lits: 0 new size: 48[0m
c o [0m[arjun-simp] probe removed: 0 perc: 0.00 T: 0.00[0m
c o [0m[arjun-simp] Removed eq lits: 0 new size: 48[0m
c o [0m[arjun-simp] Removed set       : 0 new size: 48[0m
c o [0m[arjun-simp] get-empties removed: 0 perc: 0.00 total empties now: 0 T: 0.00[0m
c o [0m[arjun-simp] CMS::simplify() with no BVE, intree probe...[0m
c o --> Executing strategy token: str-impl
c [impl-str] lit bin: 0 set-var: 0 T: 0.00 T-out: N T-r: 99.97% w-visit: 602
c o --> Executing strategy token: intree-probe
c o [scc] new: 0 BP 0M T: 0.00
c o [vrep] vars 0 lits 0 rem-bin-cls 0 rem-long-cls 0 BP 0M T: 0.00
c o [intree] Set 0 vars hyper-added: 0 trans-irred: 0 trans-red: 0 T: 0.00 T-out: N T-r: 0.01%
c o Executing OCC strategy token(s): 'occ-ternary-res,occ-backw-sub,
c o [occ] mem usage for occur      0 MB
c o [occ] Linked in IRRED BIN by default: 76
c o [occ] Linked in RED   BIN by default: 0
c o [occ] mem usage for occur      0 MB
c o Mem for watch alloc    : 0           MB (0.49      %)
c o Mem for watch array    : 0           MB (0.20      %)
c o Executing OCC strategy token: occ-ternary-res
c o [occ-ternary-res] Ternary res-tri: 244 res-bin: 0 sub: 2 str: 0 T: 0.00 T-out: N T-r: 98.75%
c o Executing OCC strategy token: occ-backw-sub
c o [occ-backw-sub-long-w-long] rem cl: 0 tried: 1054/1054 (100.0%) T: 0.00 T-out: N T-r: 98.97%
c o --> Executing strategy token: distill-litrem
c [distill-litrem] useful: 297/2494/810 lits-rem: 297 0-depth-assigns: 0 T: 0.00 T-out: N
c o --> Executing strategy token: must-distill-cls
c o [distill-long-irred] cls tried: 744/744 T: 0.00 T-out: N T-r: 89.44%
c o [distill-long-irred] cls tried: 675/675 T: 0.00 T-out: N T-r: 86.90%
c o --> Executing strategy token: distill-bins
c o [distill-bin] useful: 65/211/211 lits-rem: 0 cl-rem: 65 0-depth-assigns: 0 T: 0.00 T-out: N
c o --> Executing strategy token: oracle-vivif-veryfast
c o --> Executing strategy token: must-renumber
c o [oracle-bin] potential pairs: 922 T: 0.0
c o --> Executing strategy token: must-scc-vrepl
c o [scc] new: 32 BP 0M T: 0.00
c o [vrep] vars 32 lits 898 rem-bin-cls 193 rem-long-cls 0 BP 0M T: 0.00
c o [oracle-vivif] lits-rem: 45 learnt-units: 0 T-out: N T-remain: 98.6% T: 0.00
c o [oracle-bin] bin-added: 138 equiv-added: 32 T-out: N T-remain: 99.43% T: 0.00
c o [oracle-vivif] cache usefulness: 93% total T: 0.00
c o [consolidate] mini T: 0.00
c o global_timeout_multiplier: 0.1000
c o [branch] rebuilding order heap for all branchings. Current branching: vsids
c o --> Executing strategy token: scc-vrepl
c o [scc] new: 0 BP 0M T: 0.00
c o [vrep] vars 0 lits 0 rem-bin-cls 0 rem-long-cls 0 BP 0M T: 0.00
c o --> Executing strategy token: sub-impl
c o [impl-sub] bin: 72 T: 0.00 T-out: N w-visit: 602
c o --> Executing strategy token: breakid
c o Executing OCC strategy token(s): 'occ-backw-sub-str,occ-clean-implicit,occ-bve,occ-bva,occ-ternary-res,occ-xor,
c o [occ] mem usage for occur      0 MB
c o [occ] Linked in IRRED BIN by default: 84
c o [occ] Linked in RED   BIN by default: 2
c o [occ] mem usage for occur      0 MB
c o Mem for watch alloc    : 0           MB (0.62      %)
c o Mem for watch array    : 0           MB (0.20      %)
c o Executing OCC strategy token: occ-backw-sub-str
c o [occ-backw-sub-str-long-w-bins] subs: 0 str: 0 tried: 86 0-depth ass: 0 T: 0.00 T-out: N T-r: 99.58%
c o [occ-backw-sub-long-w-long] rem cl: 64 tried: 911/911 (100.0%) T: 0.00 T-out: N T-r: 99.52%
c o [occ-backw-sub-str-long-w-long] sub: 0 str: 0 tried: 2733/911 (300.0)  T: 0.00 T-out: N T-r: 97.26%
c o Executing OCC strategy token: occ-clean-implicit
c o Executing OCC strategy token: occ-bve
c o Executing OCC strategy token: occ-bva
c o Executing OCC strategy token: occ-ternary-res
c o [occ-ternary-res] Ternary res-tri: 208 res-bin: 0 sub: 1 str: 7 T: 0.00 T-out: N T-r: 99.12%
c o Executing OCC strategy token: occ-xor
c o --> Executing strategy token: card-find
c o --> Executing strategy token: cl-consolidate
c o Not consolidating memory.
c o --> Executing strategy token: scc-vrepl
c o [scc] new: 0 BP 0M T: 0.00
c o [vrep] vars 0 lits 0 rem-bin-cls 0 rem-long-cls 0 BP 0M T: 0.00
c o --> Executing strategy token: renumber
c o --> Executing strategy token: louvain-comms
c o [consolidate] mini T: 0.00
c o global_timeout_multiplier: 0.1000
c o [branch] rebuilding order heap for all branchings. Current branching: vsids
c o [0m[arjun-simp] Removed set       : 0 new size: 48[0m
c o [0m[arjun-simp] CMS::simplify() with no BVE finished. T: 0.0105[0m
c o [0mWARNING: Turning off gates, because the sampling size is small, so we can just do it. Size: 48[0m
c o --> Executing strategy token: must-scc-vrepl
c o [scc] new: 0 BP 0M T: 0.00
c o [vrep] vars 0 lits 0 rem-bin-cls 0 rem-long-cls 0 BP 0M T: 0.00
c o --> Executing strategy token: clean-cls
c o --> Executing strategy token: sub-impl
c o [impl-sub] bin: 0 T: 0.00 T-out: N w-visit: 602
c o [consolidate] mini T: 0.00
c o global_timeout_multiplier: 0.1000
c o [branch] rebuilding order heap for all branchings. Current branching: vsids
c o [0m[arjun-simp] Removed eq lits: 0 new size: 48[0m
c o [0m[arjun-simp] Removed set       : 0 new size: 48[0m
c o [0m[arjun-simp] get-empties removed: 0 perc: 0.00 total empties now: 0 T: 0.00[0m
c o [0m[arjun-simp] probing all sampling variables[0m
c o [0m[arjun-simp] Removed set       : 0 new size: 48[0m
c o [0m[arjun-simp] Removed eq lits: 0 new size: 48[0m
c o [0m[arjun-simp] probe removed: 0 perc: 0.00 T: 0.00[0m
c o [0m[arjun-simp] Removed eq lits: 0 new size: 48[0m
c o [0m[arjun-simp] Removed set       : 0 new size: 48[0m
c o [0m[arjun-simp] get-empties removed: 0 perc: 0.00 total empties now: 0 T: 0.00[0m
c o [0m[arjun] simplification finished  removed: 0 perc: 0.00 T: 0.01[0m
c o [0m[arjun] Duplicating CNF...[0m
c o [0m[arjun] Duplicated CNF. T: 0.00[0m
c o [0m[arjun] CMS::simplify() with *only* BVE...[0m
c o Executing OCC strategy token(s): 'occ-bve,
c o [occ] mem usage for occur      0 MB
c o [occ] Linked in IRRED BIN by default: 172
c o [occ] Linked in RED   BIN by default: 9
c o [occ] mem usage for occur      0 MB
c o Mem for watch alloc    : 0           MB (1.15      %)
c o Mem for watch array    : 0           MB (0.45      %)
c o Executing OCC strategy token: occ-bve
c o [occ-empty-res] Empty resolvent elimed: 144 T: 0.00 T-out: N
c o [occ-bve] turning off picosat-based irreg gate detection, added lits:  7002
c o [occ-bve] iter v-elim 207
c o cl_inc_rate=0.47, var_dec_rate=2.05 (grow=0)
c o Reduced to 197 vars, 712 cls (grow=0)
c o [occ-bve] iter v-elim 16
c o cl_inc_rate=1.02, var_dec_rate=1.09 (grow=3)
c o Reduced to 181 vars, 729 cls (grow=3)
c o [occ-bve] iter v-elim 3
c o cl_inc_rate=0.99, var_dec_rate=1.02 (grow=4)
c o Reduced to 178 vars, 725 cls (grow=4)
c o [occ-bve] iter v-elim 0
c o cl_inc_rate=1.00, var_dec_rate=1.00 (grow=6)
c o Reduced to 178 vars, 725 cls (grow=6)
c o [occ-bve] iter v-elim 3
c o cl_inc_rate=1.02, var_dec_rate=1.02 (grow=9)
c o Reduced to 175 vars, 739 cls (grow=9)
c o x n vars       : 175
c o #try to eliminate:  1059
c o #var-elim        :   229
c o #T-o: N
c o #T-r: 99.94%
c o #T  : 0.01
c o [occur] 0.00 is overhead
c o [occur] link-in T: 0.00 cleanup T: 0.00
c o [occ-xor-bve] elimed: 0 T: 0.00 T-out: N
c o [consolidate] mini T: 0.00
c o global_timeout_multiplier: 0.1000
c o [branch] rebuilding order heap for all branchings. Current branching: vsids
c o [0m[arjun] CMS::simplify() with *only* BVE finished. T: 0.0128[0m
c o [0m[arjun] Adding fixed clauses time: 0.0000[0m
c o [0m[backward FAST] Start unknown size: 48[0m
c o [0m[31m[arjun] backward round finished. U:  I: 48 T: 0.00[0m
c o [0m[arjun] run_minimize finished T: 0.03[0m
c o --> Executing strategy token: must-scc-vrepl
c o [scc] new: 38 BP 0M T: 0.00
c o [vrep] vars 38 lits 900 rem-bin-cls 164 rem-long-cls 128 BP 0M T: 0.00
c o --> Executing strategy token: full-probe
c o [full-probe]  bin_only: 0 set: 0 repl: 0 T: 0.00 T-out: N T-r: 99.50%
c o --> Executing strategy token: sub-impl
c o [impl-sub] bin: 0 T: 0.00 T-out: N w-visit: 602
c o --> Executing strategy token: sub-cls-with-bin
c o [distill] watch-based irred--  cl tried      682 cl-sh     0 cl-rem    0 lit-rem      0 T: 0.00 T-out: N
c o [distill] watch-based   red--  cl tried        0 cl-sh     0 cl-rem    0 lit-rem      0 T: 0.00 T-out: N
c o --> Executing strategy token: distill-cls-onlyrem
c o [distill-long-irred] cls tried: 682/682 T: 0.00 T-out: N T-r: 99.65%
c o Executing OCC strategy token(s): 'occ-backw-sub,occ-resolv-subs,occ-rem-with-orgates,occ-ternary-res,
c o [occ] mem usage for occur      0 MB
c o [occ] Linked in IRRED BIN by default: 76
c o [occ] Linked in RED   BIN by default: 0
c o Mem for watch alloc    : 0           MB (0.47      %)
c o Mem for watch array    : 0           MB (0.22      %)
c o Executing OCC strategy token: occ-backw-sub
c o [occ-backw-sub-long-w-long] rem cl: 64 tried: 682/682 (100.0%) T: 0.00 T-out: N T-r: 99.54%
c o Executing OCC strategy token: occ-resolv-subs
c o [occ-resolv-subs] removed: 0 checked: 11508 T: 0.0
c o Executing OCC strategy token: occ-rem-with-orgates
c o [occ-gates] found:     4 avg-s: 2.0 T: 0.00 T-out: N T-r: 99.55%
c o [occ-gate-based-lit-rem] lit-rem: 0 cl-rem: 0 T: 0.00 T-out: N
c o Executing OCC strategy token: occ-ternary-res
c o [occ-ternary-res] Ternary res-tri: 210 res-bin: 0 sub: 0 str: 0 T: 0.00 T-out: N T-r: 99.07%
c o --> Executing strategy token: must-scc-vrepl
c o [scc] new: 0 BP 0M T: 0.00
c o [vrep] vars 0 lits 0 rem-bin-cls 0 rem-long-cls 0 BP 0M T: 0.00
c o Executing OCC strategy token(s): 'occ-bve,
c o [occ] mem usage for occur      0 MB
c o [occ] Linked in IRRED BIN by default: 76
c o [occ] Linked in RED   BIN by default: 0
c o Mem for watch alloc    : 0           MB (0.55      %)
c o Mem for watch array    : 0           MB (0.22      %)
c o Executing OCC strategy token: occ-bve
c o [occ-empty-res] Empty resolvent elimed: 71 T: 0.00 T-out: N
c o [occ-bve] turning off picosat-based irreg gate detection, added lits:  7112
c o [occ-bve] iter v-elim 94
c o cl_inc_rate=0.48, var_dec_rate=2.04 (grow=0)
c o Reduced to 90 vars, 314 cls (grow=0)
c o x n vars       : 90
c o #try to eliminate:   269
c o #var-elim        :    94
c o #T-o: N
c o #T-r: 99.99%
c o #T  : 0.00
c o [occur] 0.00 is overhead
c o [occur] link-in T: 0.00 cleanup T: 0.00
c o [occ-xor-bve] elimed: 0 T: 0.00 T-out: N
c o --> Executing strategy token: sub-impl
c o [impl-sub] bin: 0 T: 0.00 T-out: N w-visit: 602
c o --> Executing strategy token: distill-cls-onlyrem
c o [distill-long-irred] cls tried: 276/276 T: 0.00 T-out: N T-r: 99.94%
c o --> Executing strategy token: intree-probe
c o [scc] new: 0 BP 0M T: 0.00
c o [vrep] vars 0 lits 0 rem-bin-cls 0 rem-long-cls 0 BP 0M T: 0.00
c o [intree] Set 0 vars hyper-added: 0 trans-irred: 0 trans-red: 0 T: 0.00 T-out: N T-r: -0.34%
c o Executing OCC strategy token(s): 'occ-backw-sub-str,
c o [occ] mem usage for occur      0 MB
c o [occ] Linked in IRRED BIN by default: 38
c o [occ] Linked in RED   BIN by default: 0
c o Mem for watch alloc    : 0           MB (0.49      %)
c o Mem for watch array    : 0           MB (0.22      %)
c o Executing OCC strategy token: occ-backw-sub-str
c o [occ-backw-sub-str-long-w-bins] subs: 0 str: 0 tried: 372 0-depth ass: 0 T: 0.00 T-out: N T-r: 99.58%
c o [occ-backw-sub-long-w-long] rem cl: 0 tried: 275/275 (100.0%) T: 0.00 T-out: N T-r: 99.82%
c o [occ-backw-sub-str-long-w-long] sub: 0 str: 0 tried: 825/275 (300.0)  T: 0.00 T-out: N T-r: 98.99%
c o --> Executing strategy token: sub-str-cls-with-bin
c o [distill] watch-based irred--  cl tried      550 cl-sh     0 cl-rem    0 lit-rem      0 T: 0.00 T-out: N
c o [distill] watch-based   red--  cl tried        0 cl-sh     0 cl-rem    0 lit-rem      0 T: 0.00 T-out: N
c o --> Executing strategy token: clean-cls
c o --> Executing strategy token: distill-cls
c o [distill-long-irred] cls tried: 275/275 T: 0.00 T-out: N T-r: 99.94%
c o [distill-long-irred] cls tried: 272/272 T: 0.00 T-out: N T-r: 99.94%
c o --> Executing strategy token: distill-bins
c o [distill-bin] useful: 0/38/38 lits-rem: 0 cl-rem: 0 0-depth-assigns: 0 T: 0.00 T-out: N
c o [consolidate] mini T: 0.00
c o global_timeout_multiplier: 0.1100
c o [branch] rebuilding order heap for all branchings. Current branching: vsids
c o --> Executing strategy token: must-scc-vrepl
c o [scc] new: 0 BP 0M T: 0.00
c o [vrep] vars 0 lits 0 rem-bin-cls 0 rem-long-cls 0 BP 0M T: 0.00
c o --> Executing strategy token: full-probe
c o [full-probe]  bin_only: 0 set: 0 repl: 0 T: 0.00 T-out: N T-r: 99.79%
c o --> Executing strategy token: sub-impl
c o [impl-sub] bin: 0 T: 0.00 T-out: N w-visit: 602
c o --> Executing strategy token: sub-cls-with-bin
c o [distill] watch-based irred--  cl tried      272 cl-sh     0 cl-rem    0 lit-rem      0 T: 0.00 T-out: N
c o [distill] watch-based   red--  cl tried        0 cl-sh     0 cl-rem    0 lit-rem      0 T: 0.00 T-out: N
c o --> Executing strategy token: distill-cls-onlyrem
c o [distill-long-irred] cls tried: 272/272 T: 0.00 T-out: N T-r: 99.95%
c o Executing OCC strategy token(s): 'occ-backw-sub,occ-resolv-subs,occ-rem-with-orgates,occ-ternary-res,
c o [occ] mem usage for occur      0 MB
c o [occ] Linked in IRRED BIN by default: 38
c o [occ] Linked in RED   BIN by default: 0
c o Mem for watch alloc    : 0           MB (0.49      %)
c o Mem for watch array    : 0           MB (0.20      %)
c o Executing OCC strategy token: occ-backw-sub
c o [occ-backw-sub-long-w-long] rem cl: 0 tried: 272/272 (100.0%) T: 0.00 T-out: N T-r: 99.82%
c o Executing OCC strategy token: occ-resolv-subs
c o [occ-resolv-subs] removed: 4 checked: 4194 T: 0.0
c o Executing OCC strategy token: occ-rem-with-orgates
c o [occ-gates] found:     2 avg-s: 2.0 T: 0.00 T-out: N T-r: 99.75%
c o [occ-gate-based-lit-rem] lit-rem: 0 cl-rem: 0 T: 0.00 T-out: N
c o Executing OCC strategy token: occ-ternary-res
c o [occ-ternary-res] Ternary res-tri: 15 res-bin: 0 sub: 0 str: 0 T: 0.00 T-out: N T-r: 99.58%
c o --> Executing strategy token: must-scc-vrepl
c o [scc] new: 0 BP 0M T: 0.00
c o [vrep] vars 0 lits 0 rem-bin-cls 0 rem-long-cls 0 BP 0M T: 0.00
c o Executing OCC strategy token(s): 'occ-bve,
c o [occ] mem usage for occur      0 MB
c o [occ] Linked in IRRED BIN by default: 38
c o [occ] Linked in RED   BIN by default: 0
c o Mem for watch alloc    : 0           MB (0.49      %)
c o Mem for watch array    : 0           MB (0.20      %)
c o Executing OCC strategy token: occ-bve
c o [occ-empty-res] Empty resolvent elimed: 0 T: 0.00 T-out: N
c o [occ-bve] iter v-elim 2
c o cl_inc_rate=0.99, var_dec_rate=1.02 (grow=0)
c o Reduced to 88 vars, 302 cls (grow=0)
c o x n vars       : 88
c o #try to eliminate:    64
c o #var-elim        :     2
c o #T-o: N
c o #T-r: 100.00%
c o #T  : 0.00
c o [occur] 0.00 is overhead
c o [occur] link-in T: 0.00 cleanup T: 0.00
c o [occ-xor-bve] elimed: 0 T: 0.00 T-out: N
c o --> Executing strategy token: sub-impl
c o [impl-sub] bin: 0 T: 0.00 T-out: N w-visit: 602
c o --> Executing strategy token: distill-cls-onlyrem
c o [distill-long-irred] cls tried: 264/264 T: 0.00 T-out: N T-r: 99.94%
c o --> Executing strategy token: intree-probe
c o [scc] new: 0 BP 0M T: 0.00
c o [vrep] vars 0 lits 0 rem-bin-cls 0 rem-long-cls 0 BP 0M T: 0.00
c o [intree] Set 0 vars hyper-added: 0 trans-irred: 0 trans-red: 0 T: 0.00 T-out: N T-r: -0.15%
c o Executing OCC strategy token(s): 'occ-backw-sub-str,
c o [occ] mem usage for occur      0 MB
c o [occ] Linked in IRRED BIN by default: 38
c o [occ] Linked in RED   BIN by default: 0
c o Mem for watch alloc    : 0           MB (0.49      %)
c o Mem for watch array    : 0           MB (0.20      %)
c o Executing OCC strategy token: occ-backw-sub-str
c o [occ-backw-sub-str-long-w-bins] subs: 0 str: 0 tried: 464 0-depth ass: 0 T: 0.00 T-out: N T-r: 99.61%
c o [occ-backw-sub-long-w-long] rem cl: 0 tried: 274/274 (100.0%) T: 0.00 T-out: N T-r: 99.82%
c o [occ-backw-sub-str-long-w-long] sub: 0 str: 0 tried: 822/274 (300.0)  T: 0.00 T-out: N T-r: 98.97%
c o --> Executing strategy token: sub-str-cls-with-bin
c o [distill] watch-based irred--  cl tried      528 cl-sh     0 cl-rem    0 lit-rem      0 T: 0.00 T-out: N
c o [distill] watch-based   red--  cl tried        0 cl-sh     0 cl-rem    0 lit-rem      0 T: 0.00 T-out: N
c o --> Executing strategy token: clean-cls
c o --> Executing strategy token: distill-cls
c o [distill-long-irred] cls tried: 264/264 T: 0.00 T-out: N T-r: 99.94%
c o [distill-long-irred] cls tried: 264/264 T: 0.00 T-out: N T-r: 99.93%
c o --> Executing strategy token: distill-bins
c o [distill-bin] useful: 0/38/38 lits-rem: 0 cl-rem: 0 0-depth-assigns: 0 T: 0.00 T-out: N
c o [consolidate] mini T: 0.00
c o global_timeout_multiplier: 0.1100
c o [branch] rebuilding order heap for all branchings. Current branching: vsids
c o [backbone-simpl] ccnr sols: 10 drop_cands: 290 T: 0.00
c o [backbone-simpl] cadiback called with -- lits: 1258 num cls: 310 num vars: 301
c o [backbone-simpl] res: 10 num units added: 0 num eq added: 0 num bins: 0 T: 0.00
c o --> Executing strategy token: must-scc-vrepl
c o [scc] new: 0 BP 0M T: 0.00
c o [vrep] vars 0 lits 0 rem-bin-cls 0 rem-long-cls 0 BP 0M T: 0.00
c o --> Executing strategy token: must-renumber
c o [renumber] T: 0.00
c o [consolidate] mini T: 0.00
c o global_timeout_multiplier: 0.1100
c o [branch] rebuilding order heap for all branchings. Current branching: vsids
c o --> Executing strategy token: oracle-vivif-sparsify
c o --> Executing strategy token: must-renumber
c o [renumber] T: 0.00
c o [oracle-bin] potential pairs: 651 T: 0.0001
c o --> Executing strategy token: must-scc-vrepl
c o [scc] new: 0 BP 0M T: 0.00
c o [vrep] vars 0 lits 0 rem-bin-cls 0 rem-long-cls 0 BP 0M T: 0.00
c o [oracle-vivif] lits-rem: 0 learnt-units: 0 T-out: N T-remain: 98.4496% T: 0.00
c o [oracle-bin] bin-added: 38 equiv-added: 0 T-out: N T-remain: 98.58% T: 0.00
c o [oracle-vivif] cache usefulness: 84% total T: 0.00
c o --> Executing strategy token: sub-impl
c o [impl-sub] bin: 38 T: 0.00 T-out: N w-visit: 176
c o Executing OCC strategy token(s): 'occ-backw-sub,
c o [occ] mem usage for occur      0 MB
c o [occ] Linked in IRRED BIN by default: 38
c o [occ] Linked in RED   BIN by default: 0
c o Mem for watch alloc    : 0           MB (0.43      %)
c o Mem for watch array    : 0           MB (0.06      %)
c o Executing OCC strategy token: occ-backw-sub
c o [occ-backw-sub-long-w-long] rem cl: 0 tried: 280/280 (100.0%) T: 0.00 T-out: N T-r: 99.82%
c o --> Executing strategy token: must-renumber
c o [renumber] T: 0.00
c o [oracle-sparsify] done with 10 % oracle mems:     0 ccnr useful: 100.0% T: 0.0
c o [oracle-sparsify] done with 20 % oracle mems:     0 ccnr useful: 100.0% T: 0.0
c o [oracle-sparsify] done with 30 % oracle mems:     0 ccnr useful: 100.0% T: 0.0
c o [oracle-sparsify] done with 40 % oracle mems:     0 ccnr useful: 100.0% T: 0.0
c o [oracle-sparsify] done with 50 % oracle mems:     0 ccnr useful: 100.0% T: 0.0
c o [oracle-sparsify] done with 60 % oracle mems:     0 ccnr useful: 100.0% T: 0.0
c o [oracle-sparsify] done with 70 % oracle mems:     0 ccnr useful: 100.0% T: 0.0
c o [oracle-sparsify] done with 80 % oracle mems:     0 ccnr useful: 100.0% T: 0.0
c o [oracle-sparsify] done with 90 % oracle mems:     0 ccnr useful: 100.0% T: 0.0
c o [oracle-sparsify] removed: 0 of which bin: 0 tot considered: 302 ccnr useful: 302 oracle uknown: 0 cache useful: 0% learnt-units: 0 T: 0.00 buildT: 0.00
c o [consolidate] mini T: 0.00
c o global_timeout_multiplier: 0.1100
c o [branch] rebuilding order heap for all branchings. Current branching: vsids
c o --> Executing strategy token: must-scc-vrepl
c o [scc] new: 0 BP 0M T: 0.00
c o [vrep] vars 0 lits 0 rem-bin-cls 0 rem-long-cls 0 BP 0M T: 0.00
c o --> Executing strategy token: full-probe
c o [full-probe]  bin_only: 0 set: 0 repl: 0 T: 0.00 T-out: N T-r: 99.78%
c o --> Executing strategy token: sub-impl
c o [impl-sub] bin: 0 T: 0.00 T-out: N w-visit: 176
c o --> Executing strategy token: sub-cls-with-bin
c o [distill] watch-based irred--  cl tried      264 cl-sh     0 cl-rem    0 lit-rem      0 T: 0.00 T-out: N
c o [distill] watch-based   red--  cl tried        0 cl-sh     0 cl-rem    0 lit-rem      0 T: 0.00 T-out: N
c o --> Executing strategy token: distill-cls-onlyrem
c o [distill-long-irred] cls tried: 264/264 T: 0.00 T-out: N T-r: 99.94%
c o Executing OCC strategy token(s): 'occ-backw-sub,occ-resolv-subs,occ-rem-with-orgates,occ-ternary-res,
c o [occ] mem usage for occur      0 MB
c o [occ] Linked in IRRED BIN by default: 38
c o [occ] Linked in RED   BIN by default: 0
c o [occ] mem usage for occur      0 MB
c o Mem for watch alloc    : 0           MB (0.43      %)
c o Mem for watch array    : 0           MB (0.06      %)
c o Executing OCC strategy token: occ-backw-sub
c o [occ-backw-sub-long-w-long] rem cl: 0 tried: 280/280 (100.0%) T: 0.00 T-out: N T-r: 99.82%
c o Executing OCC strategy token: occ-resolv-subs
c o [occ-resolv-subs] removed: 0 checked: 4760 T: 0.0
c o Executing OCC strategy token: occ-rem-with-orgates
c o [occ-gates] found:     2 avg-s: 2.0 T: 0.00 T-out: N T-r: 99.74%
c o [occ-gate-based-lit-rem] lit-rem: 0 cl-rem: 0 T: 0.00 T-out: N
c o Executing OCC strategy token: occ-ternary-res
c o [occ-ternary-res] Ternary res-tri: 10 res-bin: 0 sub: 0 str: 0 T: 0.00 T-out: N T-r: 99.61%
c o --> Executing strategy token: must-scc-vrepl
c o [scc] new: 0 BP 0M T: 0.00
c o [vrep] vars 0 lits 0 rem-bin-cls 0 rem-long-cls 0 BP 0M T: 0.00
c o Executing OCC strategy token(s): 'occ-bve,
c o [occ] mem usage for occur      0 MB
c o [occ] Linked in IRRED BIN by default: 38
c o [occ] Linked in RED   BIN by default: 0
c o [occ] mem usage for occur      0 MB
c o Mem for watch alloc    : 0           MB (0.43      %)
c o Mem for watch array    : 0           MB (0.06      %)
c o Executing OCC strategy token: occ-bve
c o [occ-empty-res] Empty resolvent elimed: 0 T: 0.00 T-out: N
c o [occ-bve] iter v-elim 0
c o cl_inc_rate=1.00, var_dec_rate=1.00 (grow=0)
c o Reduced to 88 vars, 302 cls (grow=0)
c o [occ-bve] turning off picosat-based irreg gate detection, added lits:  7022
c o [occ-bve] iter v-elim 2
c o cl_inc_rate=0.99, var_dec_rate=1.02 (grow=3)
c o Reduced to 86 vars, 298 cls (grow=3)
c o [occ-bve] iter v-elim 0
c o cl_inc_rate=1.00, var_dec_rate=1.00 (grow=4)
c o Reduced to 86 vars, 298 cls (grow=4)
c o [occ-bve] iter v-elim 0
c o cl_inc_rate=1.00, var_dec_rate=1.00 (grow=6)
c o Reduced to 86 vars, 298 cls (grow=6)
c o x n vars       : 86
c o #try to eliminate:   176
c o #var-elim        :     2
c o #T-o: N
c o #T-r: 99.99%
c o #T  : 0.00
c o [occur] 0.00 is overhead
c o [occur] link-in T: 0.00 cleanup T: 0.00
c o [occ-xor-bve] elimed: 0 T: 0.00 T-out: N
c o --> Executing strategy token: sub-impl
c o [impl-sub] bin: 0 T: 0.00 T-out: N w-visit: 176
c o --> Executing strategy token: distill-cls-onlyrem
c o [distill-long-irred] cls tried: 260/260 T: 0.00 T-out: N T-r: 99.94%
c o --> Executing strategy token: intree-probe
c o [scc] new: 0 BP 0M T: 0.00
c o [vrep] vars 0 lits 0 rem-bin-cls 0 rem-long-cls 0 BP 0M T: 0.00
c o [intree] Set 0 vars hyper-added: 2 trans-irred: 0 trans-red: 0 T: 0.00 T-out: N T-r: -0.17%
c o Executing OCC strategy token(s): 'occ-backw-sub-str,
c o [occ] mem usage for occur      0 MB
c o [occ] Linked in IRRED BIN by default: 38
c o [occ] Linked in RED   BIN by default: 2
c o [occ] mem usage for occur      0 MB
c o Mem for watch alloc    : 0           MB (0.42      %)
c o Mem for watch array    : 0           MB (0.06      %)
c o Executing OCC strategy token: occ-backw-sub-str
c o [occ-backw-sub-str-long-w-bins] subs: 0 str: 0 tried: 540 0-depth ass: 0 T: 0.00 T-out: N T-r: 99.69%
c o [occ-backw-sub-long-w-long] rem cl: 4 tried: 271/271 (100.0%) T: 0.00 T-out: N T-r: 99.82%
c o [occ-backw-sub-str-long-w-long] sub: 0 str: 0 tried: 813/271 (300.0)  T: 0.00 T-out: N T-r: 98.92%
c o --> Executing strategy token: sub-str-cls-with-bin
c o [distill] watch-based irred--  cl tried      508 cl-sh     0 cl-rem    0 lit-rem      0 T: 0.00 T-out: N
c o [distill] watch-based   red--  cl tried        0 cl-sh     0 cl-rem    0 lit-rem      0 T: 0.00 T-out: N
c o --> Executing strategy token: clean-cls
c o --> Executing strategy token: distill-cls
c o [distill-long-irred] cls tried: 254/254 T: 0.00 T-out: N T-r: 99.94%
c o [distill-long-irred] cls tried: 254/254 T: 0.00 T-out: N T-r: 99.94%
c o --> Executing strategy token: distill-bins
c o [distill-bin] useful: 0/38/38 lits-rem: 0 cl-rem: 0 0-depth-assigns: 0 T: 0.00 T-out: N
c o Executing OCC strategy token(s): 'occ-backw-sub,
c o [occ] mem usage for occur      0 MB
c o [occ] Linked in IRRED BIN by default: 38
c o [occ] Linked in RED   BIN by default: 2
c o [occ] mem usage for occur      0 MB
c o Mem for watch alloc    : 0           MB (0.42      %)
c o Mem for watch array    : 0           MB (0.06      %)
c o Executing OCC strategy token: occ-backw-sub
c o [occ-backw-sub-long-w-long] rem cl: 0 tried: 267/267 (100.0%) T: 0.00 T-out: N T-r: 99.83%
c o [consolidate] mini T: 0.00
c o global_timeout_multiplier: 0.1100
c o [branch] rebuilding order heap for all branchings. Current branching: vsids
c o --> Executing strategy token: must-scc-vrepl
c o [scc] new: 0 BP 0M T: 0.00
c o [vrep] vars 0 lits 0 rem-bin-cls 0 rem-long-cls 0 BP 0M T: 0.00
c o --> Executing strategy token: full-probe
c o [full-probe]  bin_only: 0 set: 0 repl: 0 T: 0.00 T-out: N T-r: 99.79%
c o --> Executing strategy token: sub-impl
c o [impl-sub] bin: 0 T: 0.00 T-out: N w-visit: 176
c o --> Executing strategy token: sub-cls-with-bin
c o [distill] watch-based irred--  cl tried      254 cl-sh     0 cl-rem    0 lit-rem      0 T: 0.00 T-out: N
c o [distill] watch-based   red--  cl tried        0 cl-sh     0 cl-rem    0 lit-rem      0 T: 0.00 T-out: N
c o --> Executing strategy token: distill-cls-onlyrem
c o [distill-long-irred] cls tried: 254/254 T: 0.00 T-out: N T-r: 99.94%
c o Executing OCC strategy token(s): 'occ-backw-sub,occ-resolv-subs,occ-rem-with-orgates,occ-ternary-res,
c o [occ] mem usage for occur      0 MB
c o [occ] Linked in IRRED BIN by default: 38
c o [occ] Linked in RED   BIN by default: 2
c o [occ] mem usage for occur      0 MB
c o Mem for watch alloc    : 0           MB (0.42      %)
c o Mem for watch array    : 0           MB (0.06      %)
c o Executing OCC strategy token: occ-backw-sub
c o [occ-backw-sub-long-w-long] rem cl: 0 tried: 267/267 (100.0%) T: 0.00 T-out: N T-r: 99.83%
c o Executing OCC strategy token: occ-resolv-subs
c o [occ-resolv-subs] removed: 0 checked: 4516 T: 0.0
c o Executing OCC strategy token: occ-rem-with-orgates
c o [occ-gates] found:     2 avg-s: 2.0 T: 0.00 T-out: N T-r: 99.75%
c o [occ-gate-based-lit-rem] lit-rem: 0 cl-rem: 0 T: 0.00 T-out: N
c o Executing OCC strategy token: occ-ternary-res
c o [occ-ternary-res] Ternary res-tri: 0 res-bin: 0 sub: 0 str: 0 T: 0.00 T-out: N T-r: 99.96%
c o --> Executing strategy token: must-scc-vrepl
c o [scc] new: 0 BP 0M T: 0.00
c o [vrep] vars 0 lits 0 rem-bin-cls 0 rem-long-cls 0 BP 0M T: 0.00
c o Executing OCC strategy token(s): 'occ-bve,
c o [occ] mem usage for occur      0 MB
c o [occ] Linked in IRRED BIN by default: 38
c o [occ] Linked in RED   BIN by default: 2
c o [occ] mem usage for occur      0 MB
c o Mem for watch alloc    : 0           MB (0.42      %)
c o Mem for watch array    : 0           MB (0.06      %)
c o Executing OCC strategy token: occ-bve
c o [occ-empty-res] Empty resolvent elimed: 0 T: 0.00 T-out: N
c o [occ-bve] iter v-elim 0
c o cl_inc_rate=1.00, var_dec_rate=1.00 (grow=0)
c o Reduced to 86 vars, 292 cls (grow=0)
c o [occ-bve] iter v-elim 0
c o cl_inc_rate=1.00, var_dec_rate=1.00 (grow=3)
c o Reduced to 86 vars, 292 cls (grow=3)
c o [occ-bve] iter v-elim 0
c o cl_inc_rate=1.00, var_dec_rate=1.00 (grow=4)
c o Reduced to 86 vars, 292 cls (grow=4)
c o [occ-bve] iter v-elim 0
c o cl_inc_rate=1.00, var_dec_rate=1.00 (grow=6)
c o Reduced to 86 vars, 292 cls (grow=6)
c o x n vars       : 86
c o #try to eliminate:   152
c o #var-elim        :     0
c o #T-o: N
c o #T-r: 99.99%
c o #T  : 0.01
c o [occur] 0.00 is overhead
c o [occur] link-in T: 0.00 cleanup T: 0.00
c o [occ-xor-bve] elimed: 0 T: 0.00 T-out: N
c o --> Executing strategy token: sub-impl
c o [impl-sub] bin: 0 T: 0.00 T-out: N w-visit: 176
c o --> Executing strategy token: distill-cls-onlyrem
c o [distill-long-irred] cls tried: 254/254 T: 0.00 T-out: N T-r: 99.94%
c o --> Executing strategy token: intree-probe
c o [scc] new: 0 BP 0M T: 0.00
c o [vrep] vars 0 lits 0 rem-bin-cls 0 rem-long-cls 0 BP 0M T: 0.00
c o [intree] Set 0 vars hyper-added: 0 trans-irred: 0 trans-red: 0 T: 0.00 T-out: N T-r: -0.15%
c o Executing OCC strategy token(s): 'occ-backw-sub-str,
c o [occ] mem usage for occur      0 MB
c o [occ] Linked in IRRED BIN by default: 38
c o [occ] Linked in RED   BIN by default: 2
c o [occ] mem usage for occur      0 MB
c o Mem for watch alloc    : 0           MB (0.42      %)
c o Mem for watch array    : 0           MB (0.06      %)
c o Executing OCC strategy token: occ-backw-sub-str
c o [occ-backw-sub-str-long-w-bins] subs: 0 str: 0 tried: 580 0-depth ass: 0 T: 0.00 T-out: N T-r: 99.69%
c o [occ-backw-sub-long-w-long] rem cl: 0 tried: 267/267 (100.0%) T: 0.00 T-out: N T-r: 99.83%
c o [occ-backw-sub-str-long-w-long] sub: 0 str: 0 tried: 801/267 (300.0)  T: 0.00 T-out: N T-r: 98.92%
c o --> Executing strategy token: sub-str-cls-with-bin
c o [distill] watch-based irred--  cl tried      508 cl-sh     0 cl-rem    0 lit-rem      0 T: 0.00 T-out: N
c o [distill] watch-based   red--  cl tried        0 cl-sh     0 cl-rem    0 lit-rem      0 T: 0.00 T-out: N
c o --> Executing strategy token: clean-cls
c o --> Executing strategy token: distill-cls
c o [distill-long-irred] cls tried: 254/254 T: 0.00 T-out: N T-r: 99.94%
c o [distill-long-irred] cls tried: 254/254 T: 0.00 T-out: N T-r: 99.94%
c o --> Executing strategy token: distill-bins
c o [distill-bin] useful: 0/38/38 lits-rem: 0 cl-rem: 0 0-depth-assigns: 0 T: 0.00 T-out: N
c o Executing OCC strategy token(s): 'occ-backw-sub,
c o [occ] mem usage for occur      0 MB
c o [occ] Linked in IRRED BIN by default: 38
c o [occ] Linked in RED   BIN by default: 2
c o [occ] mem usage for occur      0 MB
c o Mem for watch alloc    : 0           MB (0.42      %)
c o Mem for watch array    : 0           MB (0.06      %)
c o Executing OCC strategy token: occ-backw-sub
c o [occ-backw-sub-long-w-long] rem cl: 0 tried: 267/267 (100.0%) T: 0.00 T-out: N T-r: 99.83%
c o [consolidate] mini T: 0.00
c o global_timeout_multiplier: 0.1100
c o [branch] rebuilding order heap for all branchings. Current branching: vsids
c o --> Executing strategy token: oracle-vivif-fast
c o --> Executing strategy token: must-renumber
c o [renumber] T: 0.00
c o [oracle-bin] potential pairs: 630 T: 0.0000
c o --> Executing strategy token: must-scc-vrepl
c o [scc] new: 0 BP 0M T: 0.00
c o [vrep] vars 0 lits 0 rem-bin-cls 0 rem-long-cls 0 BP 0M T: 0.00
c o [oracle-vivif] lits-rem: 0 learnt-units: 0 T-out: N T-remain: 95.8025% T: 0.00
c o [oracle-bin] bin-added: 38 equiv-added: 0 T-out: N T-remain: 98.60% T: 0.00
c o [oracle-vivif] cache usefulness: 84% total T: 0.00
c o --> Executing strategy token: oracle-sparsify-fast
c o --> Executing strategy token: sub-impl
c o [impl-sub] bin: 38 T: 0.00 T-out: N w-visit: 172
c o Executing OCC strategy token(s): 'occ-backw-sub,
c o [occ] mem usage for occur      0 MB
c o [occ] Linked in IRRED BIN by default: 38
c o [occ] Linked in RED   BIN by default: 2
c o [occ] mem usage for occur      0 MB
c o Mem for watch alloc    : 0           MB (0.42      %)
c o Mem for watch array    : 0           MB (0.06      %)
c o Executing OCC strategy token: occ-backw-sub
c o [occ-backw-sub-long-w-long] rem cl: 0 tried: 269/269 (100.0%) T: 0.00 T-out: N T-r: 99.82%
c o --> Executing strategy token: must-renumber
c o [renumber] T: 0.00
c o [oracle-sparsify] done with 10 % oracle mems:     0 ccnr useful: 100.0% T: 0.0
c o [oracle-sparsify] done with 20 % oracle mems:     0 ccnr useful: 100.0% T: 0.0
c o [oracle-sparsify] done with 30 % oracle mems:     0 ccnr useful: 100.0% T: 0.0
c o [oracle-sparsify] done with 40 % oracle mems:     0 ccnr useful: 100.0% T: 0.0
c o [oracle-sparsify] done with 50 % oracle mems:     0 ccnr useful: 100.0% T: 0.0
c o [oracle-sparsify] done with 60 % oracle mems:     0 ccnr useful: 100.0% T: 0.0
c o [oracle-sparsify] done with 70 % oracle mems:     0 ccnr useful: 100.0% T: 0.0
c o [oracle-sparsify] done with 80 % oracle mems:     0 ccnr useful: 100.0% T: 0.0
c o [oracle-sparsify] done with 90 % oracle mems:     0 ccnr useful: 100.0% T: 0.0
c o [oracle-sparsify] removed: 0 of which bin: 0 tot considered: 292 ccnr useful: 292 oracle uknown: 0 cache useful: 0% learnt-units: 0 T: 0.00 buildT: 0.00
c o [consolidate] mini T: 0.00
c o global_timeout_multiplier: 0.1100
c o [branch] rebuilding order heap for all branchings. Current branching: vsids
c o Executing OCC strategy token(s): 'occ-bve,
c o [occ] mem usage for occur      0 MB
c o [occ] Linked in IRRED BIN by default: 38
c o [occ] Linked in RED   BIN by default: 2
c o [occ] mem usage for occur      0 MB
c o Mem for watch alloc    : 0           MB (0.42      %)
c o Mem for watch array    : 0           MB (0.06      %)
c o Executing OCC strategy token: occ-bve
c o [occ-empty-res] Empty resolvent elimed: 0 T: 0.00 T-out: N
c o [occ-bve] iter v-elim 0
c o cl_inc_rate=1.00, var_dec_rate=1.00 (grow=0)
c o Reduced to 86 vars, 292 cls (grow=0)
c o x n vars       : 86
c o #try to eliminate:    38
c o #var-elim        :     0
c o #T-o: N
c o #T-r: 100.00%
c o #T  : 0.00
c o [occur] 0.00 is overhead
c o [occur] link-in T: 0.00 cleanup T: 0.00
c o [occ-xor-bve] elimed: 0 T: 0.00 T-out: N
c o [consolidate] mini T: 0.00
c o global_timeout_multiplier: 0.1100
c o [branch] rebuilding order heap for all branchings. Current branching: vsids
c o --> Executing strategy token: must-scc-vrepl
c o [scc] new: 0 BP 0M T: 0.00
c o [vrep] vars 0 lits 0 rem-bin-cls 0 rem-long-cls 0 BP 0M T: 0.00
c o --> Executing strategy token: must-renumber
c o [renumber] T: 0.00
c o [consolidate] mini T: 0.00
c o global_timeout_multiplier: 0.1100
c o [branch] rebuilding order heap for all branchings. Current branching: vsids
c o [occ] mem usage for occur      0 MB
c o [occ] Linked in IRRED BIN by default: 38
c o [occ] Linked in RED   BIN by default: 2
c o [occ] mem usage for occur      0 MB
c o Mem for watch alloc    : 0           MB (0.42      %)
c o Mem for watch array    : 0           MB (0.06      %)
c o [empty] empty_occ: 0 T: 0.00
c o Executing OCC strategy token(s): 'occ-bve-empty,
c o [occ] mem usage for occur      0 MB
c o [occ] Linked in IRRED BIN by default: 38
c o [occ] Linked in RED   BIN by default: 2
c o [occ] mem usage for occur      0 MB
c o Mem for watch alloc    : 0           MB (0.42      %)
c o Mem for watch array    : 0           MB (0.06      %)
c o Executing OCC strategy token: occ-bve-empty
c o [occ-empty-res] Empty resolvent elimed: 0 T: 0.00 T-out: N
c o --> Executing strategy token: must-renumber
c o [renumber] T: 0.00
c o [consolidate] mini T: 0.00
c o global_timeout_multiplier: 0.1100
c o [branch] rebuilding order heap for all branchings. Current branching: vsids
c o [0m[puura] new_empty_sampl_vars size: 0[0m
c o [get-cnf] Checking for variables mapping to same new var to set AIG definitions...
c o solver orig num vars: 301 solver simp num vars: 86
c o [0m[31m[puura] Done. final vars: 86 final cls: 292 T: 0.04[0m
c o [0m[31m[autarky] Found autarkies: 0 autarky vars: 0 T-out: N T: 0.00[0m
c o --> Executing strategy token: must-scc-vrepl
c o [scc] new: 0 BP 0M T: 0.00
c o [vrep] vars 0 lits 0 rem-bin-cls 0 rem-long-cls 0 BP 0M T: 0.00
c o --> Executing strategy token: full-probe
c o [full-probe]  bin_only: 0 set: 0 repl: 0 T: 0.00 T-out: N T-r: 99.79%
c o --> Executing strategy token: sub-impl
c o [impl-sub] bin: 0 T: 0.00 T-out: N w-visit: 172
c o --> Executing strategy token: sub-cls-with-bin
c o [distill] watch-based irred--  cl tried      254 cl-sh     0 cl-rem    0 lit-rem      0 T: 0.00 T-out: N
c o [distill] watch-based   red--  cl tried        0 cl-sh     0 cl-rem    0 lit-rem      0 T: 0.00 T-out: N
c o --> Executing strategy token: distill-cls-onlyrem
c o [distill-long-irred] cls tried: 254/254 T: 0.00 T-out: N T-r: 99.94%
c o Executing OCC strategy token(s): 'occ-backw-sub,occ-resolv-subs,occ-rem-with-orgates,occ-ternary-res,
c o [occ] mem usage for occur      0 MB
c o [occ] Linked in IRRED BIN by default: 38
c o [occ] Linked in RED   BIN by default: 2
c o Mem for watch alloc    : 0           MB (0.18      %)
c o Mem for watch array    : 0           MB (0.08      %)
c o Executing OCC strategy token: occ-backw-sub
c o [occ-backw-sub-long-w-long] rem cl: 0 tried: 269/269 (100.0%) T: 0.00 T-out: N T-r: 99.83%
c o Executing OCC strategy token: occ-resolv-subs
c o [occ-resolv-subs] removed: 0 checked: 4516 T: 0.0
c o Executing OCC strategy token: occ-rem-with-orgates
c o [occ-gates] found:     2 avg-s: 2.0 T: 0.00 T-out: N T-r: 99.75%
c o [occ-gate-based-lit-rem] lit-rem: 0 cl-rem: 0 T: 0.00 T-out: N
c o Executing OCC strategy token: occ-ternary-res
c o [occ-ternary-res] Ternary res-tri: 6 res-bin: 0 sub: 0 str: 0 T: 0.00 T-out: N T-r: 99.64%
c o --> Executing strategy token: must-scc-vrepl
c o [scc] new: 0 BP 0M T: 0.00
c o [vrep] vars 0 lits 0 rem-bin-cls 0 rem-long-cls 0 BP 0M T: 0.00
c o Executing OCC strategy token(s): 'occ-bve,
c o [occ] mem usage for occur      0 MB
c o [occ] Linked in IRRED BIN by default: 38
c o [occ] Linked in RED   BIN by default: 2
c o Mem for watch alloc    : 0           MB (0.18      %)
c o Mem for watch array    : 0           MB (0.08      %)
c o Executing OCC strategy token: occ-bve
c o [occ-empty-res] Empty resolvent elimed: 0 T: 0.00 T-out: N
c o [occ-bve] iter v-elim 0
c o cl_inc_rate=1.00, var_dec_rate=1.00 (grow=0)
c o Reduced to 86 vars, 292 cls (grow=0)
c o x n vars       : 86
c o #try to eliminate:    38
c o #var-elim        :     0
c o #T-o: N
c o #T-r: 100.00%
c o #T  : 0.00
c o [occur] 0.00 is overhead
c o [occur] link-in T: 0.00 cleanup T: 0.00
c o [occ-xor-bve] elimed: 0 T: 0.00 T-out: N
c o --> Executing strategy token: sub-impl
c o [impl-sub] bin: 0 T: 0.00 T-out: N w-visit: 172
c o --> Executing strategy token: distill-cls-onlyrem
c o [distill-long-irred] cls tried: 254/254 T: 0.00 T-out: N T-r: 99.94%
c o --> Executing strategy token: intree-probe
c o [scc] new: 0 BP 0M T: 0.00
c o [vrep] vars 0 lits 0 rem-bin-cls 0 rem-long-cls 0 BP 0M T: 0.00
c o [intree] Set 0 vars hyper-added: 0 trans-irred: 0 trans-red: 0 T: 0.00 T-out: N T-r: -0.06%
c o Executing OCC strategy token(s): 'occ-backw-sub-str,
c o [occ] mem usage for occur      0 MB
c o [occ] Linked in IRRED BIN by default: 38
c o [occ] Linked in RED   BIN by default: 2
c o Mem for watch alloc    : 0           MB (0.19      %)
c o Mem for watch array    : 0           MB (0.08      %)
c o Executing OCC strategy token: occ-backw-sub-str
c o [occ-backw-sub-str-long-w-bins] subs: 0 str: 0 tried: 40 0-depth ass: 0 T: 0.00 T-out: N T-r: 99.70%
c o [occ-backw-sub-long-w-long] rem cl: 0 tried: 275/275 (100.0%) T: 0.00 T-out: N T-r: 99.82%
c o [occ-backw-sub-str-long-w-long] sub: 0 str: 0 tried: 825/275 (300.0)  T: 0.00 T-out: N T-r: 98.87%
c o --> Executing strategy token: sub-str-cls-with-bin
c o [distill] watch-based irred--  cl tried      508 cl-sh     0 cl-rem    0 lit-rem      0 T: 0.00 T-out: N
c o [distill] watch-based   red--  cl tried        0 cl-sh     0 cl-rem    0 lit-rem      0 T: 0.00 T-out: N
c o --> Executing strategy token: clean-cls
c o --> Executing strategy token: distill-cls
c o [distill-long-irred] cls tried: 254/254 T: 0.00 T-out: N T-r: 99.94%
c o [distill-long-irred] cls tried: 254/254 T: 0.00 T-out: N T-r: 99.94%
c o --> Executing strategy token: distill-bins
c o [distill-bin] useful: 0/38/38 lits-rem: 0 cl-rem: 0 0-depth-assigns: 0 T: 0.00 T-out: N
c o [consolidate] mini T: 0.00
c o global_timeout_multiplier: 0.1100
c o [branch] rebuilding order heap for all branchings. Current branching: vsids
c o --> Executing strategy token: oracle-vivif-sparsify
c o --> Executing strategy token: must-renumber
c o [renumber] T: 0.00
c o [oracle-bin] potential pairs: 630 T: 0.0000
c o --> Executing strategy token: must-scc-vrepl
c o [scc] new: 0 BP 0M T: 0.00
c o [vrep] vars 0 lits 0 rem-bin-cls 0 rem-long-cls 0 BP 0M T: 0.00
c o [oracle-vivif] lits-rem: 0 learnt-units: 0 T-out: N T-remain: 98.6193% T: 0.00
c o [oracle-bin] bin-added: 38 equiv-added: 0 T-out: N T-remain: 98.90% T: 0.00
c o [oracle-vivif] cache usefulness: 85% total T: 0.00
c o --> Executing strategy token: sub-impl
c o [impl-sub] bin: 38 T: 0.00 T-out: N w-visit: 172
c o Executing OCC strategy token(s): 'occ-backw-sub,
c o [occ] mem usage for occur      0 MB
c o [occ] Linked in IRRED BIN by default: 38
c o [occ] Linked in RED   BIN by default: 2
c o Mem for watch alloc    : 0           MB (0.19      %)
c o Mem for watch array    : 0           MB (0.06      %)
c o Executing OCC strategy token: occ-backw-sub
c o [occ-backw-sub-long-w-long] rem cl: 0 tried: 276/276 (100.0%) T: 0.00 T-out: N T-r: 99.82%
c o --> Executing strategy token: must-renumber
c o [renumber] T: 0.00
c o [oracle-sparsify] done with 10 % oracle mems:     0 ccnr useful: 100.0% T: 0.0
c o [oracle-sparsify] done with 20 % oracle mems:     0 ccnr useful: 100.0% T: 0.0
c o [oracle-sparsify] done with 30 % oracle mems:     0 ccnr useful: 100.0% T: 0.0
c o [oracle-sparsify] done with 40 % oracle mems:     0 ccnr useful: 100.0% T: 0.0
c o [oracle-sparsify] done with 50 % oracle mems:     0 ccnr useful: 100.0% T: 0.0
c o [oracle-sparsify] done with 60 % oracle mems:     0 ccnr useful: 100.0% T: 0.0
c o [oracle-sparsify] done with 70 % oracle mems:     0 ccnr useful: 100.0% T: 0.0
c o [oracle-sparsify] done with 80 % oracle mems:     0 ccnr useful: 100.0% T: 0.0
c o [oracle-sparsify] done with 90 % oracle mems:     0 ccnr useful: 100.0% T: 0.0
c o [oracle-sparsify] removed: 0 of which bin: 0 tot considered: 292 ccnr useful: 292 oracle uknown: 0 cache useful: 0% learnt-units: 0 T: 0.00 buildT: 0.00
c o [consolidate] mini T: 0.00
c o global_timeout_multiplier: 0.1100
c o [branch] rebuilding order heap for all branchings. Current branching: vsids
c o --> Executing strategy token: must-scc-vrepl
c o [scc] new: 0 BP 0M T: 0.00
c o [vrep] vars 0 lits 0 rem-bin-cls 0 rem-long-cls 0 BP 0M T: 0.00
c o --> Executing strategy token: full-probe
c o [full-probe]  bin_only: 0 set: 0 repl: 0 T: 0.00 T-out: N T-r: 99.77%
c o --> Executing strategy token: sub-impl
c o [impl-sub] bin: 0 T: 0.00 T-out: N w-visit: 172
c o --> Executing strategy token: sub-cls-with-bin
c o [distill] watch-based irred--  cl tried      254 cl-sh     0 cl-rem    0 lit-rem      0 T: 0.00 T-out: N
c o [distill] watch-based   red--  cl tried        0 cl-sh     0 cl-rem    0 lit-rem      0 T: 0.00 T-out: N
c o --> Executing strategy token: distill-cls-onlyrem
c o [distill-long-irred] cls tried: 254/254 T: 0.00 T-out: N T-r: 99.95%
c o Executing OCC strategy token(s): 'occ-backw-sub,occ-resolv-subs,occ-rem-with-orgates,occ-ternary-res,
c o [occ] mem usage for occur      0 MB
c o [occ] Linked in IRRED BIN by default: 38
c o [occ] Linked in RED   BIN by default: 2
c o [occ] mem usage for occur      0 MB
c o Mem for watch alloc    : 0           MB (0.19      %)
c o Mem for watch array    : 0           MB (0.06      %)
c o Executing OCC strategy token: occ-backw-sub
c o [occ-backw-sub-long-w-long] rem cl: 0 tried: 276/276 (100.0%) T: 0.00 T-out: N T-r: 99.82%
c o Executing OCC strategy token: occ-resolv-subs
c o [occ-resolv-subs] removed: 0 checked: 4516 T: 0.0
c o Executing OCC strategy token: occ-rem-with-orgates
c o [occ-gates] found:     2 avg-s: 2.0 T: 0.00 T-out: N T-r: 99.75%
c o [occ-gate-based-lit-rem] lit-rem: 0 cl-rem: 0 T: 0.00 T-out: N
c o Executing OCC strategy token: occ-ternary-res
c o [occ-ternary-res] Ternary res-tri: 6 res-bin: 0 sub: 0 str: 0 T: 0.00 T-out: N T-r: 99.65%
c o --> Executing strategy token: must-scc-vrepl
c o [scc] new: 0 BP 0M T: 0.00
c o [vrep] vars 0 lits 0 rem-bin-cls 0 rem-long-cls 0 BP 0M T: 0.00
c o Executing OCC strategy token(s): 'occ-bve,
c o [occ] mem usage for occur      0 MB
c o [occ] Linked in IRRED BIN by default: 38
c o [occ] Linked in RED   BIN by default: 2
c o [occ] mem usage for occur      0 MB
c o Mem for watch alloc    : 0           MB (0.19      %)
c o Mem for watch array    : 0           MB (0.06      %)
c o Executing OCC strategy token: occ-bve
c o [occ-empty-res] Empty resolvent elimed: 0 T: 0.00 T-out: N
c o [occ-bve] iter v-elim 0
c o cl_inc_rate=1.00, var_dec_rate=1.00 (grow=0)
c o Reduced to 86 vars, 292 cls (grow=0)
c o x n vars       : 86
c o #try to eliminate:    38
c o #var-elim        :     0
c o #T-o: N
c o #T-r: 100.00%
c o #T  : 0.00
c o [occur] 0.00 is overhead
c o [occur] link-in T: 0.00 cleanup T: 0.00
c o [occ-xor-bve] elimed: 0 T: 0.00 T-out: N
c o --> Executing strategy token: sub-impl
c o [impl-sub] bin: 0 T: 0.00 T-out: N w-visit: 172
c o --> Executing strategy token: distill-cls-onlyrem
c o [distill-long-irred] cls tried: 254/254 T: 0.00 T-out: N T-r: 99.94%
c o --> Executing strategy token: intree-probe
c o [scc] new: 0 BP 0M T: 0.00
c o [vrep] vars 0 lits 0 rem-bin-cls 0 rem-long-cls 0 BP 0M T: 0.00
c o [intree] Set 0 vars hyper-added: 0 trans-irred: 0 trans-red: 0 T: 0.00 T-out: N T-r: -0.17%
c o Executing OCC strategy token(s): 'occ-backw-sub-str,
c o [occ] mem usage for occur      0 MB
c o [occ] Linked in IRRED BIN by default: 38
c o [occ] Linked in RED   BIN by default: 2
c o [occ] mem usage for occur      0 MB
c o Mem for watch alloc    : 0           MB (0.19      %)
c o Mem for watch array    : 0           MB (0.06      %)
c o Executing OCC strategy token: occ-backw-sub-str
c o [occ-backw-sub-str-long-w-bins] subs: 0 str: 0 tried: 80 0-depth ass: 0 T: 0.00 T-out: N T-r: 99.69%
c o [occ-backw-sub-long-w-long] rem cl: 0 tried: 282/282 (100.0%) T: 0.00 T-out: N T-r: 99.82%
c o [occ-backw-sub-str-long-w-long] sub: 0 str: 0 tried: 846/282 (300.0)  T: 0.00 T-out: N T-r: 98.87%
c o --> Executing strategy token: sub-str-cls-with-bin
c o [distill] watch-based irred--  cl tried      508 cl-sh     0 cl-rem    0 lit-rem      0 T: 0.00 T-out: N
c o [distill] watch-based   red--  cl tried        0 cl-sh     0 cl-rem    0 lit-rem      0 T: 0.00 T-out: N
c o --> Executing strategy token: clean-cls
c o --> Executing strategy token: distill-cls
c o [distill-long-irred] cls tried: 254/254 T: 0.00 T-out: N T-r: 99.94%
c o [distill-long-irred] cls tried: 254/254 T: 0.00 T-out: N T-r: 99.93%
c o --> Executing strategy token: distill-bins
c o [distill-bin] useful: 0/38/38 lits-rem: 0 cl-rem: 0 0-depth-assigns: 0 T: 0.00 T-out: N
c o Executing OCC strategy token(s): 'occ-backw-sub,
c o [occ] mem usage for occur      0 MB
c o [occ] Linked in IRRED BIN by default: 38
c o [occ] Linked in RED   BIN by default: 2
c o [occ] mem usage for occur      0 MB
c o Mem for watch alloc    : 0           MB (0.19      %)
c o Mem for watch array    : 0           MB (0.06      %)
c o Executing OCC strategy token: occ-backw-sub
c o [occ-backw-sub-long-w-long] rem cl: 0 tried: 282/282 (100.0%) T: 0.00 T-out: N T-r: 99.82%
c o [consolidate] mini T: 0.00
c o global_timeout_multiplier: 0.1100
c o [branch] rebuilding order heap for all branchings. Current branching: vsids
c o --> Executing strategy token: oracle-vivif-fast
c o --> Executing strategy token: must-renumber
c o [renumber] T: 0.00
c o [oracle-bin] potential pairs: 630 T: 0.0000
c o --> Executing strategy token: must-scc-vrepl
c o [scc] new: 0 BP 0M T: 0.00
c o [vrep] vars 0 lits 0 rem-bin-cls 0 rem-long-cls 0 BP 0M T: 0.00
c o [oracle-vivif] lits-rem: 0 learnt-units: 0 T-out: N T-remain: 95.7401% T: 0.00
c o [oracle-bin] bin-added: 38 equiv-added: 0 T-out: N T-remain: 98.68% T: 0.00
c o [oracle-vivif] cache usefulness: 84% total T: 0.00
c o --> Executing strategy token: oracle-sparsify-fast
c o --> Executing strategy token: sub-impl
c o [impl-sub] bin: 38 T: 0.00 T-out: N w-visit: 172
c o Executing OCC strategy token(s): 'occ-backw-sub,
c o [occ] mem usage for occur      0 MB
c o [occ] Linked in IRRED BIN by default: 38
c o [occ] Linked in RED   BIN by default: 2
c o [occ] mem usage for occur      0 MB
c o Mem for watch alloc    : 0           MB (0.19      %)
c o Mem for watch array    : 0           MB (0.06      %)
c o Executing OCC strategy token: occ-backw-sub
c o [occ-backw-sub-long-w-long] rem cl: 0 tried: 284/284 (100.0%) T: 0.00 T-out: N T-r: 99.82%
c o --> Executing strategy token: must-renumber
c o [renumber] T: 0.00
c o [oracle-sparsify] done with 10 % oracle mems:     0 ccnr useful: 100.0% T: 0.0
c o [oracle-sparsify] done with 20 % oracle mems:     0 ccnr useful: 100.0% T: 0.0
c o [oracle-sparsify] done with 30 % oracle mems:     0 ccnr useful: 100.0% T: 0.0
c o [oracle-sparsify] done with 40 % oracle mems:     0 ccnr useful: 100.0% T: 0.0
c o [oracle-sparsify] done with 50 % oracle mems:     0 ccnr useful: 100.0% T: 0.0
c o [oracle-sparsify] done with 60 % oracle mems:     0 ccnr useful: 100.0% T: 0.0
c o [oracle-sparsify] done with 70 % oracle mems:     0 ccnr useful: 100.0% T: 0.0
c o [oracle-sparsify] done with 80 % oracle mems:     0 ccnr useful: 100.0% T: 0.0
c o [oracle-sparsify] done with 90 % oracle mems:     0 ccnr useful: 100.0% T: 0.0
c o [oracle-sparsify] removed: 0 of which bin: 0 tot considered: 292 ccnr useful: 292 oracle uknown: 0 cache useful: 0% learnt-units: 0 T: 0.00 buildT: 0.00
c o [consolidate] mini T: 0.00
c o global_timeout_multiplier: 0.1100
c o [branch] rebuilding order heap for all branchings. Current branching: vsids
c o Executing OCC strategy token(s): 'occ-bve,
c o [occ] mem usage for occur      0 MB
c o [occ] Linked in IRRED BIN by default: 38
c o [occ] Linked in RED   BIN by default: 2
c o [occ] mem usage for occur      0 MB
c o Mem for watch alloc    : 0           MB (0.19      %)
c o Mem for watch array    : 0           MB (0.06      %)
c o Executing OCC strategy token: occ-bve
c o [occ-empty-res] Empty resolvent elimed: 0 T: 0.00 T-out: N
c o [occ-bve] iter v-elim 0
c o cl_inc_rate=1.00, var_dec_rate=1.00 (grow=0)
c o Reduced to 86 vars, 292 cls (grow=0)
c o x n vars       : 86
c o #try to eliminate:    38
c o #var-elim        :     0
c o #T-o: N
c o #T-r: 100.00%
c o #T  : 0.00
c o [occur] 0.00 is overhead
c o [occur] link-in T: 0.00 cleanup T: 0.00
c o [occ-xor-bve] elimed: 0 T: 0.00 T-out: N
c o [consolidate] mini T: 0.00
c o global_timeout_multiplier: 0.1100
c o [branch] rebuilding order heap for all branchings. Current branching: vsids
c o --> Executing strategy token: must-scc-vrepl
c o [scc] new: 0 BP 0M T: 0.00
c o [vrep] vars 0 lits 0 rem-bin-cls 0 rem-long-cls 0 BP 0M T: 0.00
c o --> Executing strategy token: must-renumber
c o [renumber] T: 0.00
c o [consolidate] mini T: 0.00
c o global_timeout_multiplier: 0.1100
c o [branch] rebuilding order heap for all branchings. Current branching: vsids
c o [occ] mem usage for occur      0 MB
c o [occ] Linked in IRRED BIN by default: 38
c o [occ] Linked in RED   BIN by default: 2
c o [occ] mem usage for occur      0 MB
c o Mem for watch alloc    : 0           MB (0.19      %)
c o Mem for watch array    : 0           MB (0.06      %)
c o [empty] empty_occ: 0 T: 0.00
c o Executing OCC strategy token(s): 'occ-bve-empty,
c o [occ] mem usage for occur      0 MB
c o [occ] Linked in IRRED BIN by default: 38
c o [occ] Linked in RED   BIN by default: 2
c o [occ] mem usage for occur      0 MB
c o Mem for watch alloc    : 0           MB (0.19      %)
c o Mem for watch array    : 0           MB (0.06      %)
c o Executing OCC strategy token: occ-bve-empty
c o [occ-empty-res] Empty resolvent elimed: 0 T: 0.00 T-out: N
c o --> Executing strategy token: must-renumber
c o [renumber] T: 0.00
c o [consolidate] mini T: 0.00
c o global_timeout_multiplier: 0.1100
c o [branch] rebuilding order heap for all branchings. Current branching: vsids
c o [0m[puura] new_empty_sampl_vars size: 0[0m
c o [get-cnf] Checking for variables mapping to same new var to set AIG definitions...
c o solver orig num vars: 86 solver simp num vars: 86
c o [0m[31m[puura] Done. final vars: 86 final cls: 292 T: 0.01[0m
c o [0m[arjun-sbva] entering SBVA with     vars: 86      cls:   292 opt sampl: 48[0m
c o [0m[arjun-sbva] exited SBVA with       vars: 86      cls:   292[0m
c o [0m[arjun-sbva] K steps remaining: 969.45 T-out: No T: 0.00[0m
c o [0m[extend-gates] Gates added to opt indep: 0 T: 0.00[0m
c o [0m[arjun-extend] Start unknown size: 38[0m
c o [0m[arjun-extend] ccnr. got back sols: 0 erased: 0 T: 0.00[0m
c o [0m[arjun-extend] Extend finished  orig size: 48 final size: 48 Undef: 0 T: 0.00 mem: 7 MB[0m
c o Arjun T: 0.08
c o Found 1 disconnected component(s)
c o [par] Using non-parallel counting
c o ind size: 48 nvars: 86
c o opt ind size: 48 ind size: 48 nvars: 86
c o Sampling set size: 48
c o Opt sampling set size: 48
c o Bin irred/red      38         2         
c o Long irred cls/tri 124        130       
c o Long red cls/tri   0          30        
c o [td] nodes: 48 nvars: 86 edges: 872
c o [td] Primal graph   nodes: 86 edges: 872 density: 0.118 edge/var: 10.140
c o [td] min degree heuristic
c o [td] #bags 2, tw 32, elapsed 0.000 s
c o [td] min shortcut heuristic
c o [td] run with 0.0/0.1/0.2 min balance and node_min_expansion in endless loop with varying seed
c o [td] iter 100 width: 31 stepsK remain: 99 T: 0.119
c o [td] iter 200 width: 31 stepsK remain: 98 T: 0.239
c o [td] iter 300 width: 31 stepsK remain: 98 T: 0.360
c o [td] iter 400 width: 31 stepsK remain: 97 T: 0.477
c o [td] iter 500 width: 31 stepsK remain: 97 T: 0.595
c o [td] iter 600 width: 31 stepsK remain: 96 T: 0.716
c o [td] iter 700 width: 31 stepsK remain: 95 T: 0.833
c o [td] iter 800 width: 31 stepsK remain: 95 T: 0.951
c o [td] centroid bag id: 0 bag size: 32
c o [td] centroid bag id: 0 bag size: 32
c o [td] weight: 7.000 nodes: 48 rt/width(=rt): 1.548 rt*conf.td_exp_mult: 1.703 conf.td_exp_mult: 1.100 conf.td_divider: 1000.000 max ord diff: 1
c o [td] decompose time: 1.070
c o [rdb] cls before: 10031 after: 10031 low lbd: 0 lbd cutoff: 2 target computed: 8000 cannot be del : 9 used: 10031 rdb: 1
c o [rdb] cls before: 20110 after: 10330 low lbd: 0 lbd cutoff: 2 target computed: 4000 cannot be del : 5 used: 10330 rdb: 4
c o [rst-cube] Num restarts: 0 orig cubes this rst: 1 final cubes this rst: 1 total orig cubes: 1 total final cubes: 1
c o total time so far: 13.813
c o decisions K                    2081      -- Kdec/s:     151.58   
c o conflicts                      49556        -- confl/s:    3609.40  
c o rem lits triedK/rem lits remK  49        0         
c o shrink tried/useful%/lits rem  49556     81.5744   116775    
c o avg clsz/rem lits avg/finalavg 24.8373   22.4306   22.4304  
c o rdbs/low lbd/rem               4     0      29704 
c o looks/look-computes            0/0
c o sat call/sat/unsat/confl/rst  145447 145445 2     278   0     
c o buddy called /unsat ratio           0     / 0.0000 
c o buddy avg num bin/long cls/vs  0.0000 / 0.0000 / 0.0000
c o buddy max num bin/long cls/vs  0     / 0     / 0    
c o orig cubes/lit-r avg/exten avg 1     / 0.00  / 0.00 
c o cubes orig/symm/final          1     / 0     / 1    
c o cubes resolved/flp-removed     0     / 0    
c o tot restarts                   0    
c o comp sortsK/avg sz             1995  / 1.01551270
c o comps recordK/non-reset ratio  8168 / 1.00
c o vivif: try/cls/clviv/litsravg  0         0         0         0.00      
c o toplev subs runs/bins/long-cls 0         0         0         0         0         
c o toplevel probes/fail/bprop     0         0         0         
c o Mem used                       0.42 GB
c o cache pollutions call/removed  97132/42185
c o cache entries K                1983
c o MB cache                       301.378
c o cache K (lookup/ stores/ hits/ dels) 8168   2026   6142   0       -- Klookup/s:  594.69   
c o cache miss rate                0.248
c o avg hit/store num vars 4.791 / 28.829
c o 
c o intermediate count: 93827139731456
c o Total time [Arjun+GANAK]: 14.17
s SATISFIABLE
c s type pmc
c s log10-estimate 1.39723285e+01
c s exact arb int 93827139731456
c s pac guarantees epsilon: 0 delta: 0
