c o Ganak SHA1: 0b4881b40126fb5ae8a1b7c9fdd4878afa25b051
c o Arjun SHA1: 0b4881b40126fb5ae8a1b7c9fdd4878afa25b051
c o SBVA SHA1: 0b4881b40126fb5ae8a1b7c9fdd4878afa25b051
c o CMS SHA1: 0b4881b40126fb5ae8a1b7c9fdd4878afa25b051
c o ApproxMC SHA1: 0b4881b40126fb5ae8a1b7c9fdd4878afa25b051
c o Using ideas by JM Lagniez, and Pierre Marquis
c o     from paper: Improving Model Counting [..] IJCAI 2016
c o Using VMTF, picosat, CaDiCaL, and CadiBack code by Armin Biere
c o CMS is MIT licensed
c o Using code from 'When Boolean Satisfiability Meets Gauss-E. in a Simplex Way'
c o       by C.-S. Han and J.-H. Roland Jiang in CAV 2012. Fixes by M. Soos
c o Using CCAnr from 'CCAnr: A Conf. Checking Based Local Search Solver [...]'
c o       by Shaowei Cai, Chuan Luo, and Kaile Su, SAT 2015
c o Using Oracle code from 'Integrating Tree Decompositions [...]'
c o       by Tuukka Korhonen and Matti Jarvisalo, CP 2021
c o Using Graph library by Tuukka Korhonen and Matti Jarvisalo
c o Using Flowcutter by Ben Strasser
c o Ganak compilation env CMAKE_CXX_COMPILER = /usr/bin/c++ | CMAKE_CXX_FLAGS =  -fno-stack-protector -mpopcnt -msse4.2 -mpclmul -Wduplicated-cond -Wduplicated-branches -Wlogical-op -Wrestrict -Wnull-dereference -Wdouble-promotion -Wshadow -Wformat=2 -Wextra-semi -pedantic | COMPILE_DEFINES =  -DNDEBUG -D_FORTIFY_SOURCE=0 -DUSE_ZLIB | BUILD_SHARED_LIBS = OFF | ZLIB_FOUND = TRUE | ENABLE_ASSERTIONS = OFF | 
c o called with: /workspace/cm-packed-continuation/build/application-ganak/ganak --prob 0 --mode 0 --fast /workspace/cm-packed-evidence/oracle/independent-02-2.cnf
c o CNF projection set size: 48
c o --> Executing strategy token: clean-cls
c o --> Executing strategy token: must-scc-vrepl
c o [scc] new: 8 BP 0M T: 0.00
c o [vrep] vars 8 lits 236 rem-bin-cls 32 rem-long-cls 4 BP 0M T: 0.00
c o [consolidate] mini T: 0.00
c o global_timeout_multiplier: 0.1
c o [branch] rebuilding order heap for all branchings. Current branching: vsids
c o [0m[arjun-simp] probing all sampling variables[0m
c o --> Executing strategy token: must-scc-vrepl
c o [scc] new: 0 BP 0M T: 0.00
c o [vrep] vars 0 lits 0 rem-bin-cls 0 rem-long-cls 0 BP 0M T: 0.00
c o [consolidate] mini T: 0.00
c o global_timeout_multiplier: 0.1
c o [branch] rebuilding order heap for all branchings. Current branching: vsids
c o [0m[arjun-simp] Removed set       : 0 new size: 48[0m
c o [0m[arjun-simp] Removed eq lits: 0 new size: 48[0m
c o [0m[arjun-simp] probe removed: 0 perc: 0.00 T: 0.00[0m
c o [0m[arjun-simp] Removed eq lits: 0 new size: 48[0m
c o [0m[arjun-simp] Removed set       : 0 new size: 48[0m
c o [0m[arjun-simp] get-empties removed: 0 perc: 0.00 total empties now: 0 T: 0.00[0m
c o [0m[arjun-simp] CMS::simplify() with no BVE, intree probe...[0m
c o --> Executing strategy token: str-impl
c [impl-str] lit bin: 0 set-var: 0 T: 0.00 T-out: N T-r: 99.97% w-visit: 602
c o --> Executing strategy token: intree-probe
c o [scc] new: 0 BP 0M T: 0.00
c o [vrep] vars 0 lits 0 rem-bin-cls 0 rem-long-cls 0 BP 0M T: 0.00
c o [intree] Set 0 vars hyper-added: 0 trans-irred: 0 trans-red: 0 T: 0.00 T-out: N T-r: 0.01%
c o Executing OCC strategy token(s): 'occ-ternary-res,occ-backw-sub,
c o [occ] mem usage for occur      0 MB
c o [occ] Linked in IRRED BIN by default: 75
c o [occ] Linked in RED   BIN by default: 0
c o [occ] mem usage for occur      0 MB
c o Mem for watch alloc    : 0           MB (0.49      %)
c o Mem for watch array    : 0           MB (0.20      %)
c o Executing OCC strategy token: occ-ternary-res
c o [occ-ternary-res] Ternary res-tri: 252 res-bin: 0 sub: 0 str: 0 T: 0.00 T-out: N T-r: 98.72%
c o Executing OCC strategy token: occ-backw-sub
c o [occ-backw-sub-long-w-long] rem cl: 0 tried: 1044/1044 (100.0%) T: 0.00 T-out: N T-r: 98.85%
c o --> Executing strategy token: distill-litrem
c [distill-litrem] useful: 314/2419/792 lits-rem: 314 0-depth-assigns: 0 T: 0.00 T-out: N
c o --> Executing strategy token: must-distill-cls
c o [distill-long-irred] cls tried: 698/698 T: 0.00 T-out: N T-r: 89.45%
c o [distill-long-irred] cls tried: 631/631 T: 0.00 T-out: N T-r: 86.12%
c o --> Executing strategy token: distill-bins
c o [distill-bin] useful: 76/238/238 lits-rem: 0 cl-rem: 76 0-depth-assigns: 0 T: 0.00 T-out: N
c o --> Executing strategy token: oracle-vivif-veryfast
c o --> Executing strategy token: must-renumber
c o [oracle-bin] potential pairs: 752 T: 0.0
c o --> Executing strategy token: must-scc-vrepl
c o [scc] new: 37 BP 0M T: 0.00
c o [vrep] vars 37 lits 1026 rem-bin-cls 223 rem-long-cls 0 BP 0M T: 0.00
c o [oracle-vivif] lits-rem: 81 learnt-units: 1 T-out: N T-remain: 98.9% T: 0.00
c o [oracle-bin] bin-added: 122 equiv-added: 37 T-out: N T-remain: 99.60% T: 0.00
c o [oracle-vivif] cache usefulness: 92% total T: 0.00
c o [consolidate] mini T: 0.00
c o global_timeout_multiplier: 0.1000
c o [branch] rebuilding order heap for all branchings. Current branching: vsids
c o --> Executing strategy token: scc-vrepl
c o [scc] new: 0 BP 0M T: 0.00
c o [vrep] vars 0 lits 0 rem-bin-cls 0 rem-long-cls 0 BP 0M T: 0.00
c o --> Executing strategy token: sub-impl
c o [impl-sub] bin: 46 T: 0.00 T-out: N w-visit: 602
c o --> Executing strategy token: breakid
c o Executing OCC strategy token(s): 'occ-backw-sub-str,occ-clean-implicit,occ-bve,occ-bva,occ-ternary-res,occ-xor,
c o [occ] mem usage for occur      0 MB
c o [occ] Linked in IRRED BIN by default: 57
c o [occ] Linked in RED   BIN by default: 2
c o [occ] mem usage for occur      0 MB
c o Mem for watch alloc    : 0           MB (0.63      %)
c o Mem for watch array    : 0           MB (0.20      %)
c o Executing OCC strategy token: occ-backw-sub-str
c o [occ-backw-sub-str-long-w-bins] subs: 0 str: 0 tried: 59 0-depth ass: 0 T: 0.00 T-out: N T-r: 99.73%
c o [occ-backw-sub-long-w-long] rem cl: 63 tried: 875/875 (100.0%) T: 0.00 T-out: N T-r: 99.55%
c o [occ-backw-sub-str-long-w-long] sub: 0 str: 0 tried: 2625/875 (300.0)  T: 0.00 T-out: N T-r: 97.41%
c o Executing OCC strategy token: occ-clean-implicit
c o Executing OCC strategy token: occ-bve
c o Executing OCC strategy token: occ-bva
c o Executing OCC strategy token: occ-ternary-res
c o [occ-ternary-res] Ternary res-tri: 216 res-bin: 0 sub: 1 str: 6 T: 0.00 T-out: N T-r: 99.09%
c o Executing OCC strategy token: occ-xor
c o --> Executing strategy token: card-find
c o --> Executing strategy token: cl-consolidate
c o Not consolidating memory.
c o --> Executing strategy token: scc-vrepl
c o [scc] new: 0 BP 0M T: 0.00
c o [vrep] vars 0 lits 0 rem-bin-cls 0 rem-long-cls 0 BP 0M T: 0.00
c o --> Executing strategy token: renumber
c o --> Executing strategy token: louvain-comms
c o [consolidate] mini T: 0.00
c o global_timeout_multiplier: 0.1000
c o [branch] rebuilding order heap for all branchings. Current branching: vsids
c o [0m[arjun-simp] Removed set       : 0 new size: 48[0m
c o [0m[arjun-simp] CMS::simplify() with no BVE finished. T: 0.0098[0m
c o [0mWARNING: Turning off gates, because the sampling size is small, so we can just do it. Size: 48[0m
c o --> Executing strategy token: must-scc-vrepl
c o [scc] new: 0 BP 0M T: 0.00
c o [vrep] vars 0 lits 0 rem-bin-cls 0 rem-long-cls 0 BP 0M T: 0.00
c o --> Executing strategy token: clean-cls
c o --> Executing strategy token: sub-impl
c o [impl-sub] bin: 0 T: 0.00 T-out: N w-visit: 602
c o [consolidate] mini T: 0.00
c o global_timeout_multiplier: 0.1000
c o [branch] rebuilding order heap for all branchings. Current branching: vsids
c o [0m[arjun-simp] Removed eq lits: 0 new size: 48[0m
c o [0m[arjun-simp] Removed set       : 0 new size: 48[0m
c o [0m[arjun-simp] get-empties removed: 2 perc: 4.17 total empties now: 0 T: 0.00[0m
c o [0m[arjun-simp] probing all sampling variables[0m
c o [0m[arjun-simp] Removed set       : 0 new size: 46[0m
c o [0m[arjun-simp] Removed eq lits: 0 new size: 46[0m
c o [0m[arjun-simp] probe removed: 0 perc: 0.00 T: 0.00[0m
c o [0m[arjun-simp] Removed eq lits: 0 new size: 46[0m
c o [0m[arjun-simp] Removed set       : 0 new size: 46[0m
c o [0m[arjun-simp] get-empties removed: 0 perc: 0.00 total empties now: 0 T: 0.00[0m
c o [0m[arjun] simplification finished  removed: 2 perc: 4.17 T: 0.01[0m
c o [0m[arjun] Duplicating CNF...[0m
c o [0m[arjun] Duplicated CNF. T: 0.00[0m
c o [0m[arjun] CMS::simplify() with *only* BVE...[0m
c o Executing OCC strategy token(s): 'occ-bve,
c o [occ] mem usage for occur      0 MB
c o [occ] Linked in IRRED BIN by default: 148
c o [occ] Linked in RED   BIN by default: 8
c o [occ] mem usage for occur      0 MB
c o Mem for watch alloc    : 0           MB (1.18      %)
c o Mem for watch array    : 0           MB (0.45      %)
c o Executing OCC strategy token: occ-bve
c o [occ-empty-res] Empty resolvent elimed: 163 T: 0.00 T-out: N
c o [occ-bve] turning off picosat-based irreg gate detection, added lits:  7006
c o [occ-bve] iter v-elim 194
c o cl_inc_rate=0.46, var_dec_rate=2.10 (grow=0)
c o Reduced to 177 vars, 620 cls (grow=0)
c o [occ-bve] iter v-elim 14
c o cl_inc_rate=1.01, var_dec_rate=1.09 (grow=3)
c o Reduced to 163 vars, 627 cls (grow=3)
c o [occ-bve] iter v-elim 2
c o cl_inc_rate=1.01, var_dec_rate=1.01 (grow=4)
c o Reduced to 161 vars, 632 cls (grow=4)
c o [occ-bve] iter v-elim 7
c o cl_inc_rate=0.94, var_dec_rate=1.05 (grow=6)
c o Reduced to 153 vars, 593 cls (grow=6)
c o [occ-bve] iter v-elim 1
c o cl_inc_rate=1.00, var_dec_rate=1.01 (grow=9)
c o Reduced to 152 vars, 593 cls (grow=9)
c o [occ-bve] iter v-elim 2
c o cl_inc_rate=1.02, var_dec_rate=1.01 (grow=13)
c o Reduced to 150 vars, 607 cls (grow=13)
c o x n vars       : 150
c o #try to eliminate:   944
c o #var-elim        :   220
c o #T-o: N
c o #T-r: 99.95%
c o #T  : 0.01
c o [occur] 0.00 is overhead
c o [occur] link-in T: 0.00 cleanup T: 0.00
c o [occ-xor-bve] elimed: 0 T: 0.00 T-out: N
c o [consolidate] mini T: 0.00
c o global_timeout_multiplier: 0.1000
c o [branch] rebuilding order heap for all branchings. Current branching: vsids
c o [0m[arjun] CMS::simplify() with *only* BVE finished. T: 0.0101[0m
c o [0m[arjun] Adding fixed clauses time: 0.0001[0m
c o [0m[backward FAST] Start unknown size: 46[0m
c o [0m[31m[arjun] backward round finished. U:  I: 46 T: 0.00[0m
c o [0m[arjun] run_minimize finished T: 0.02[0m
c o --> Executing strategy token: must-scc-vrepl
c o [scc] new: 45 BP 0M T: 0.00
c o [vrep] vars 45 lits 1068 rem-bin-cls 198 rem-long-cls 148 BP 0M T: 0.00
c o --> Executing strategy token: full-probe
c o [full-probe]  bin_only: 0 set: 0 repl: 0 T: 0.00 T-out: N T-r: 99.53%
c o --> Executing strategy token: sub-impl
c o [impl-sub] bin: 0 T: 0.00 T-out: N w-visit: 602
c o --> Executing strategy token: sub-cls-with-bin
c o [distill] watch-based irred--  cl tried      647 cl-sh     0 cl-rem    1 lit-rem      0 T: 0.00 T-out: N
c o [distill] watch-based   red--  cl tried        0 cl-sh     0 cl-rem    0 lit-rem      0 T: 0.00 T-out: N
c o --> Executing strategy token: distill-cls-onlyrem
c o [distill-long-irred] cls tried: 646/646 T: 0.00 T-out: N T-r: 99.65%
c o Executing OCC strategy token(s): 'occ-backw-sub,occ-resolv-subs,occ-rem-with-orgates,occ-ternary-res,
c o [occ] mem usage for occur      0 MB
c o [occ] Linked in IRRED BIN by default: 42
c o [occ] Linked in RED   BIN by default: 0
c o Mem for watch alloc    : 0           MB (0.46      %)
c o Mem for watch array    : 0           MB (0.22      %)
c o Executing OCC strategy token: occ-backw-sub
c o [occ-backw-sub-long-w-long] rem cl: 64 tried: 646/646 (100.0%) T: 0.00 T-out: N T-r: 99.57%
c o Executing OCC strategy token: occ-resolv-subs
c o [occ-resolv-subs] removed: 0 checked: 10845 T: 0.0
c o Executing OCC strategy token: occ-rem-with-orgates
c o [occ-gates] found:     3 avg-s: 2.0 T: 0.00 T-out: N T-r: 99.59%
c o [occ-gate-based-lit-rem] lit-rem: 0 cl-rem: 0 T: 0.00 T-out: N
c o Executing OCC strategy token: occ-ternary-res
c o [occ-ternary-res] Ternary res-tri: 218 res-bin: 0 sub: 0 str: 8 T: 0.00 T-out: N T-r: 99.03%
c o --> Executing strategy token: must-scc-vrepl
c o [scc] new: 0 BP 0M T: 0.00
c o [vrep] vars 0 lits 0 rem-bin-cls 0 rem-long-cls 0 BP 0M T: 0.00
c o Executing OCC strategy token(s): 'occ-bve,
c o [occ] mem usage for occur      0 MB
c o [occ] Linked in IRRED BIN by default: 42
c o [occ] Linked in RED   BIN by default: 8
c o Mem for watch alloc    : 0           MB (0.53      %)
c o Mem for watch array    : 0           MB (0.22      %)
c o Executing OCC strategy token: occ-bve
c o [occ-empty-res] Empty resolvent elimed: 71 T: 0.00 T-out: N
c o [occ-bve] turning off picosat-based irreg gate detection, added lits:  7017
c o [occ-bve] iter v-elim 87
c o cl_inc_rate=0.48, var_dec_rate=2.01 (grow=0)
c o Reduced to 86 vars, 285 cls (grow=0)
c o x n vars       : 86
c o #try to eliminate:   247
c o #var-elim        :    87
c o #T-o: N
c o #T-r: 99.99%
c o #T  : 0.00
c o [occur] 0.00 is overhead
c o [occur] link-in T: 0.00 cleanup T: 0.00
c o [occ-xor-bve] elimed: 0 T: 0.00 T-out: N
c o --> Executing strategy token: sub-impl
c o [impl-sub] bin: 0 T: 0.00 T-out: N w-visit: 602
c o --> Executing strategy token: distill-cls-onlyrem
c o [distill-long-irred] cls tried: 264/264 T: 0.00 T-out: N T-r: 99.95%
c o --> Executing strategy token: intree-probe
c o [scc] new: 0 BP 0M T: 0.00
c o [vrep] vars 0 lits 0 rem-bin-cls 0 rem-long-cls 0 BP 0M T: 0.00
c o [intree] Set 0 vars hyper-added: 0 trans-irred: 0 trans-red: 0 T: 0.00 T-out: N T-r: -0.34%
c o Executing OCC strategy token(s): 'occ-backw-sub-str,
c o [occ] mem usage for occur      0 MB
c o [occ] Linked in IRRED BIN by default: 21
c o [occ] Linked in RED   BIN by default: 0
c o Mem for watch alloc    : 0           MB (0.49      %)
c o Mem for watch array    : 0           MB (0.22      %)
c o Executing OCC strategy token: occ-backw-sub-str
c o [occ-backw-sub-str-long-w-bins] subs: 0 str: 0 tried: 268 0-depth ass: 0 T: 0.00 T-out: N T-r: 99.80%
c o [occ-backw-sub-long-w-long] rem cl: 0 tried: 262/262 (100.0%) T: 0.00 T-out: N T-r: 99.83%
c o [occ-backw-sub-str-long-w-long] sub: 0 str: 0 tried: 786/262 (300.0)  T: 0.00 T-out: N T-r: 99.07%
c o --> Executing strategy token: sub-str-cls-with-bin
c o [distill] watch-based irred--  cl tried      524 cl-sh     0 cl-rem    0 lit-rem      0 T: 0.00 T-out: N
c o [distill] watch-based   red--  cl tried        0 cl-sh     0 cl-rem    0 lit-rem      0 T: 0.00 T-out: N
c o --> Executing strategy token: clean-cls
c o --> Executing strategy token: distill-cls
c o [distill-long-irred] cls tried: 262/262 T: 0.00 T-out: N T-r: 99.95%
c o [distill-long-irred] cls tried: 258/258 T: 0.00 T-out: N T-r: 99.94%
c o --> Executing strategy token: distill-bins
c o [distill-bin] useful: 0/22/22 lits-rem: 0 cl-rem: 0 0-depth-assigns: 0 T: 0.00 T-out: N
c o [consolidate] mini T: 0.00
c o global_timeout_multiplier: 0.1100
c o [branch] rebuilding order heap for all branchings. Current branching: vsids
c o --> Executing strategy token: must-scc-vrepl
c o [scc] new: 0 BP 0M T: 0.00
c o [vrep] vars 0 lits 0 rem-bin-cls 0 rem-long-cls 0 BP 0M T: 0.00
c o --> Executing strategy token: full-probe
c o [full-probe]  bin_only: 0 set: 0 repl: 0 T: 0.00 T-out: N T-r: 99.82%
c o --> Executing strategy token: sub-impl
c o [impl-sub] bin: 0 T: 0.00 T-out: N w-visit: 602
c o --> Executing strategy token: sub-cls-with-bin
c o [distill] watch-based irred--  cl tried      258 cl-sh     0 cl-rem    0 lit-rem      0 T: 0.00 T-out: N
c o [distill] watch-based   red--  cl tried        0 cl-sh     0 cl-rem    0 lit-rem      0 T: 0.00 T-out: N
c o --> Executing strategy token: distill-cls-onlyrem
c o [distill-long-irred] cls tried: 258/258 T: 0.00 T-out: N T-r: 99.95%
c o Executing OCC strategy token(s): 'occ-backw-sub,occ-resolv-subs,occ-rem-with-orgates,occ-ternary-res,
c o [occ] mem usage for occur      0 MB
c o [occ] Linked in IRRED BIN by default: 22
c o [occ] Linked in RED   BIN by default: 0
c o Mem for watch alloc    : 0           MB (0.49      %)
c o Mem for watch array    : 0           MB (0.20      %)
c o Executing OCC strategy token: occ-backw-sub
c o [occ-backw-sub-long-w-long] rem cl: 0 tried: 256/256 (100.0%) T: 0.00 T-out: N T-r: 99.84%
c o Executing OCC strategy token: occ-resolv-subs
c o [occ-resolv-subs] removed: 7 checked: 3411 T: 0.0
c o Executing OCC strategy token: occ-rem-with-orgates
c o [occ-gates] found:     3 avg-s: 2.0 T: 0.00 T-out: N T-r: 99.78%
c o [occ-gate-based-lit-rem] lit-rem: 0 cl-rem: 0 T: 0.00 T-out: N
c o Executing OCC strategy token: occ-ternary-res
c o [occ-ternary-res] Ternary res-tri: 20 res-bin: 0 sub: 0 str: 0 T: 0.00 T-out: N T-r: 99.60%
c o --> Executing strategy token: must-scc-vrepl
c o [scc] new: 0 BP 0M T: 0.00
c o [vrep] vars 0 lits 0 rem-bin-cls 0 rem-long-cls 0 BP 0M T: 0.00
c o Executing OCC strategy token(s): 'occ-bve,
c o [occ] mem usage for occur      0 MB
c o [occ] Linked in IRRED BIN by default: 22
c o [occ] Linked in RED   BIN by default: 0
c o Mem for watch alloc    : 0           MB (0.49      %)
c o Mem for watch array    : 0           MB (0.20      %)
c o Executing OCC strategy token: occ-bve
c o [occ-empty-res] Empty resolvent elimed: 2 T: 0.00 T-out: N
c o [occ-bve] iter v-elim 8
c o cl_inc_rate=0.94, var_dec_rate=1.11 (grow=0)
c o Reduced to 76 vars, 246 cls (grow=0)
c o x n vars       : 76
c o #try to eliminate:    59
c o #var-elim        :     8
c o #T-o: N
c o #T-r: 100.00%
c o #T  : 0.00
c o [occur] 0.00 is overhead
c o [occur] link-in T: 0.00 cleanup T: 0.00
c o [occ-xor-bve] elimed: 0 T: 0.00 T-out: N
c o --> Executing strategy token: sub-impl
c o [impl-sub] bin: 0 T: 0.00 T-out: N w-visit: 602
c o --> Executing strategy token: distill-cls-onlyrem
c o [distill-long-irred] cls tried: 226/226 T: 0.00 T-out: N T-r: 99.95%
c o --> Executing strategy token: intree-probe
c o [scc] new: 0 BP 0M T: 0.00
c o [vrep] vars 0 lits 0 rem-bin-cls 0 rem-long-cls 0 BP 0M T: 0.00
c o [intree] Set 0 vars hyper-added: 0 trans-irred: 0 trans-red: 0 T: 0.00 T-out: N T-r: -0.14%
c o Executing OCC strategy token(s): 'occ-backw-sub-str,
c o [occ] mem usage for occur      0 MB
c o [occ] Linked in IRRED BIN by default: 20
c o [occ] Linked in RED   BIN by default: 0
c o Mem for watch alloc    : 0           MB (0.45      %)
c o Mem for watch array    : 0           MB (0.20      %)
c o Executing OCC strategy token: occ-backw-sub-str
c o [occ-backw-sub-str-long-w-bins] subs: 0 str: 0 tried: 319 0-depth ass: 0 T: 0.00 T-out: N T-r: 99.80%
c o [occ-backw-sub-long-w-long] rem cl: 3 tried: 238/238 (100.0%) T: 0.00 T-out: N T-r: 99.85%
c o [occ-backw-sub-str-long-w-long] sub: 0 str: 0 tried: 714/238 (300.0)  T: 0.00 T-out: N T-r: 99.15%
c o --> Executing strategy token: sub-str-cls-with-bin
c o [distill] watch-based irred--  cl tried      452 cl-sh     0 cl-rem    0 lit-rem      0 T: 0.00 T-out: N
c o [distill] watch-based   red--  cl tried        0 cl-sh     0 cl-rem    0 lit-rem      0 T: 0.00 T-out: N
c o --> Executing strategy token: clean-cls
c o --> Executing strategy token: distill-cls
c o [distill-long-irred] cls tried: 223/223 T: 0.00 T-out: N T-r: 99.95%
c o [distill-long-irred] cls tried: 223/223 T: 0.00 T-out: N T-r: 99.94%
c o --> Executing strategy token: distill-bins
c o [distill-bin] useful: 0/20/20 lits-rem: 0 cl-rem: 0 0-depth-assigns: 0 T: 0.00 T-out: N
c o [consolidate] mini T: 0.00
c o global_timeout_multiplier: 0.1100
c o [branch] rebuilding order heap for all branchings. Current branching: vsids
c o [backbone-simpl] ccnr sols: 10 drop_cands: 285 T: 0.00
c o [backbone-simpl] cadiback called with -- lits: 1002 num cls: 258 num vars: 301
c o [backbone-simpl] res: 10 num units added: 0 num eq added: 0 num bins: 0 T: 0.00
c o --> Executing strategy token: must-scc-vrepl
c o [scc] new: 0 BP 0M T: 0.00
c o [vrep] vars 0 lits 0 rem-bin-cls 0 rem-long-cls 0 BP 0M T: 0.00
c o --> Executing strategy token: must-renumber
c o [renumber] T: 0.00
c o [consolidate] mini T: 0.00
c o global_timeout_multiplier: 0.1100
c o [branch] rebuilding order heap for all branchings. Current branching: vsids
c o --> Executing strategy token: oracle-vivif-sparsify
c o --> Executing strategy token: must-renumber
c o [renumber] T: 0.00
c o [oracle-bin] potential pairs: 459 T: 0.0000
c o --> Executing strategy token: must-scc-vrepl
c o [scc] new: 0 BP 0M T: 0.00
c o [vrep] vars 0 lits 0 rem-bin-cls 0 rem-long-cls 0 BP 0M T: 0.00
c o [oracle-vivif] lits-rem: 0 learnt-units: 0 T-out: N T-remain: 99.1001% T: 0.00
c o [oracle-bin] bin-added: 20 equiv-added: 0 T-out: N T-remain: 99.45% T: 0.00
c o [oracle-vivif] cache usefulness: 86% total T: 0.00
c o --> Executing strategy token: sub-impl
c o [impl-sub] bin: 20 T: 0.00 T-out: N w-visit: 152
c o Executing OCC strategy token(s): 'occ-backw-sub,
c o [occ] mem usage for occur      0 MB
c o [occ] Linked in IRRED BIN by default: 20
c o [occ] Linked in RED   BIN by default: 0
c o Mem for watch alloc    : 0           MB (0.37      %)
c o Mem for watch array    : 0           MB (0.05      %)
c o Executing OCC strategy token: occ-backw-sub
c o [occ-backw-sub-long-w-long] rem cl: 0 tried: 239/239 (100.0%) T: 0.00 T-out: N T-r: 99.85%
c o --> Executing strategy token: must-renumber
c o [renumber] T: 0.00
c o [oracle-sparsify] done with 10 % oracle mems:     0 ccnr useful: 100.0% T: 0.0
c o [oracle-sparsify] done with 20 % oracle mems:     0 ccnr useful: 100.0% T: 0.0
c o [oracle-sparsify] done with 30 % oracle mems:    13 ccnr useful: 98.6% T: 0.0
c o [oracle-sparsify] done with 40 % oracle mems:    13 ccnr useful: 99.0% T: 0.0
c o [oracle-sparsify] done with 50 % oracle mems:   535 ccnr useful: 98.4% T: 0.0
c o [oracle-sparsify] done with 60 % oracle mems:   854 ccnr useful: 98.0% T: 0.0
c o [oracle-sparsify] done with 70 % oracle mems:   854 ccnr useful: 98.3% T: 0.0
c o [oracle-sparsify] done with 80 % oracle mems:   854 ccnr useful: 98.5% T: 0.0
c o [oracle-sparsify] done with 90 % oracle mems:   854 ccnr useful: 98.6% T: 0.0
c o [oracle-sparsify] removed: 1 of which bin: 0 tot considered: 246 ccnr useful: 243 oracle uknown: 0 cache useful: 0% learnt-units: 0 T: 0.00 buildT: 0.00
c o [consolidate] mini T: 0.00
c o global_timeout_multiplier: 0.1100
c o [branch] rebuilding order heap for all branchings. Current branching: vsids
c o --> Executing strategy token: must-scc-vrepl
c o [scc] new: 0 BP 0M T: 0.00
c o [vrep] vars 0 lits 0 rem-bin-cls 0 rem-long-cls 0 BP 0M T: 0.00
c o --> Executing strategy token: full-probe
c o [full-probe]  bin_only: 0 set: 0 repl: 0 T: 0.00 T-out: N T-r: 99.83%
c o --> Executing strategy token: sub-impl
c o [impl-sub] bin: 0 T: 0.00 T-out: N w-visit: 152
c o --> Executing strategy token: sub-cls-with-bin
c o [distill] watch-based irred--  cl tried      225 cl-sh     0 cl-rem    0 lit-rem      0 T: 0.00 T-out: N
c o [distill] watch-based   red--  cl tried        0 cl-sh     0 cl-rem    0 lit-rem      0 T: 0.00 T-out: N
c o --> Executing strategy token: distill-cls-onlyrem
c o [distill-long-irred] cls tried: 225/225 T: 0.00 T-out: N T-r: 99.95%
c o Executing OCC strategy token(s): 'occ-backw-sub,occ-resolv-subs,occ-rem-with-orgates,occ-ternary-res,
c o [occ] mem usage for occur      0 MB
c o [occ] Linked in IRRED BIN by default: 20
c o [occ] Linked in RED   BIN by default: 0
c o [occ] mem usage for occur      0 MB
c o Mem for watch alloc    : 0           MB (0.37      %)
c o Mem for watch array    : 0           MB (0.05      %)
c o Executing OCC strategy token: occ-backw-sub
c o [occ-backw-sub-long-w-long] rem cl: 0 tried: 239/239 (100.0%) T: 0.00 T-out: N T-r: 99.85%
c o Executing OCC strategy token: occ-resolv-subs
c o [occ-resolv-subs] removed: 0 checked: 3377 T: 0.0
c o Executing OCC strategy token: occ-rem-with-orgates
c o [occ-gates] found:     1 avg-s: 2.0 T: 0.00 T-out: N T-r: 99.80%
c o [occ-gate-based-lit-rem] lit-rem: 0 cl-rem: 0 T: 0.00 T-out: N
c o Executing OCC strategy token: occ-ternary-res
c o [occ-ternary-res] Ternary res-tri: 11 res-bin: 0 sub: 0 str: 0 T: 0.00 T-out: N T-r: 99.66%
c o --> Executing strategy token: must-scc-vrepl
c o [scc] new: 0 BP 0M T: 0.00
c o [vrep] vars 0 lits 0 rem-bin-cls 0 rem-long-cls 0 BP 0M T: 0.00
c o Executing OCC strategy token(s): 'occ-bve,
c o [occ] mem usage for occur      0 MB
c o [occ] Linked in IRRED BIN by default: 20
c o [occ] Linked in RED   BIN by default: 0
c o [occ] mem usage for occur      0 MB
c o Mem for watch alloc    : 0           MB (0.37      %)
c o Mem for watch array    : 0           MB (0.05      %)
c o Executing OCC strategy token: occ-bve
c o [occ-empty-res] Empty resolvent elimed: 0 T: 0.00 T-out: N
c o [occ-bve] iter v-elim 0
c o cl_inc_rate=1.00, var_dec_rate=1.00 (grow=0)
c o Reduced to 76 vars, 245 cls (grow=0)
c o [occ-bve] turning off picosat-based irreg gate detection, added lits:  7162
c o [occ-bve] iter v-elim 2
c o cl_inc_rate=0.99, var_dec_rate=1.03 (grow=3)
c o Reduced to 74 vars, 243 cls (grow=3)
c o [occ-bve] iter v-elim 0
c o cl_inc_rate=1.00, var_dec_rate=1.00 (grow=4)
c o Reduced to 74 vars, 243 cls (grow=4)
c o [occ-bve] iter v-elim 0
c o cl_inc_rate=1.00, var_dec_rate=1.00 (grow=6)
c o Reduced to 74 vars, 243 cls (grow=6)
c o x n vars       : 74
c o #try to eliminate:   131
c o #var-elim        :     2
c o #T-o: N
c o #T-r: 99.99%
c o #T  : 0.00
c o [occur] 0.00 is overhead
c o [occur] link-in T: 0.00 cleanup T: 0.00
c o [occ-xor-bve] elimed: 0 T: 0.00 T-out: N
c o --> Executing strategy token: sub-impl
c o [impl-sub] bin: 0 T: 0.00 T-out: N w-visit: 152
c o --> Executing strategy token: distill-cls-onlyrem
c o [distill-long-irred] cls tried: 223/223 T: 0.00 T-out: N T-r: 99.95%
c o --> Executing strategy token: intree-probe
c o [scc] new: 0 BP 0M T: 0.00
c o [vrep] vars 0 lits 0 rem-bin-cls 0 rem-long-cls 0 BP 0M T: 0.00
c o [intree] Set 0 vars hyper-added: 1 trans-irred: 0 trans-red: 0 T: 0.00 T-out: N T-r: -0.14%
c o Executing OCC strategy token(s): 'occ-backw-sub-str,
c o [occ] mem usage for occur      0 MB
c o [occ] Linked in IRRED BIN by default: 20
c o [occ] Linked in RED   BIN by default: 1
c o [occ] mem usage for occur      0 MB
c o Mem for watch alloc    : 0           MB (0.37      %)
c o Mem for watch array    : 0           MB (0.05      %)
c o Executing OCC strategy token: occ-backw-sub-str
c o [occ-backw-sub-str-long-w-bins] subs: 0 str: 0 tried: 364 0-depth ass: 0 T: 0.00 T-out: N T-r: 99.86%
c o [occ-backw-sub-long-w-long] rem cl: 2 tried: 235/235 (100.0%) T: 0.00 T-out: N T-r: 99.85%
c o [occ-backw-sub-str-long-w-long] sub: 0 str: 0 tried: 705/235 (300.0)  T: 0.00 T-out: N T-r: 99.11%
c o --> Executing strategy token: sub-str-cls-with-bin
c o [distill] watch-based irred--  cl tried      440 cl-sh     0 cl-rem    0 lit-rem      0 T: 0.00 T-out: N
c o [distill] watch-based   red--  cl tried        0 cl-sh     0 cl-rem    0 lit-rem      0 T: 0.00 T-out: N
c o --> Executing strategy token: clean-cls
c o --> Executing strategy token: distill-cls
c o [distill-long-irred] cls tried: 220/220 T: 0.00 T-out: N T-r: 99.95%
c o [distill-long-irred] cls tried: 220/220 T: 0.00 T-out: N T-r: 99.94%
c o --> Executing strategy token: distill-bins
c o [distill-bin] useful: 0/20/20 lits-rem: 0 cl-rem: 0 0-depth-assigns: 0 T: 0.00 T-out: N
c o Executing OCC strategy token(s): 'occ-backw-sub,
c o [occ] mem usage for occur      0 MB
c o [occ] Linked in IRRED BIN by default: 20
c o [occ] Linked in RED   BIN by default: 1
c o [occ] mem usage for occur      0 MB
c o Mem for watch alloc    : 0           MB (0.37      %)
c o Mem for watch array    : 0           MB (0.05      %)
c o Executing OCC strategy token: occ-backw-sub
c o [occ-backw-sub-long-w-long] rem cl: 0 tried: 233/233 (100.0%) T: 0.00 T-out: N T-r: 99.85%
c o [consolidate] mini T: 0.00
c o global_timeout_multiplier: 0.1100
c o [branch] rebuilding order heap for all branchings. Current branching: vsids
c o --> Executing strategy token: must-scc-vrepl
c o [scc] new: 0 BP 0M T: 0.00
c o [vrep] vars 0 lits 0 rem-bin-cls 0 rem-long-cls 0 BP 0M T: 0.00
c o --> Executing strategy token: full-probe
c o [full-probe]  bin_only: 0 set: 0 repl: 0 T: 0.00 T-out: N T-r: 99.82%
c o --> Executing strategy token: sub-impl
c o [impl-sub] bin: 0 T: 0.00 T-out: N w-visit: 152
c o --> Executing strategy token: sub-cls-with-bin
c o [distill] watch-based irred--  cl tried      220 cl-sh     0 cl-rem    0 lit-rem      0 T: 0.00 T-out: N
c o [distill] watch-based   red--  cl tried        0 cl-sh     0 cl-rem    0 lit-rem      0 T: 0.00 T-out: N
c o --> Executing strategy token: distill-cls-onlyrem
c o [distill-long-irred] cls tried: 220/220 T: 0.00 T-out: N T-r: 99.95%
c o Executing OCC strategy token(s): 'occ-backw-sub,occ-resolv-subs,occ-rem-with-orgates,occ-ternary-res,
c o [occ] mem usage for occur      0 MB
c o [occ] Linked in IRRED BIN by default: 20
c o [occ] Linked in RED   BIN by default: 1
c o [occ] mem usage for occur      0 MB
c o Mem for watch alloc    : 0           MB (0.37      %)
c o Mem for watch array    : 0           MB (0.05      %)
c o Executing OCC strategy token: occ-backw-sub
c o [occ-backw-sub-long-w-long] rem cl: 0 tried: 233/233 (100.0%) T: 0.00 T-out: N T-r: 99.85%
c o Executing OCC strategy token: occ-resolv-subs
c o [occ-resolv-subs] removed: 0 checked: 3476 T: 0.0
c o Executing OCC strategy token: occ-rem-with-orgates
c o [occ-gates] found:     1 avg-s: 2.0 T: 0.00 T-out: N T-r: 99.80%
c o [occ-gate-based-lit-rem] lit-rem: 0 cl-rem: 0 T: 0.00 T-out: N
c o Executing OCC strategy token: occ-ternary-res
c o [occ-ternary-res] Ternary res-tri: 0 res-bin: 0 sub: 0 str: 0 T: 0.00 T-out: N T-r: 99.97%
c o --> Executing strategy token: must-scc-vrepl
c o [scc] new: 0 BP 0M T: 0.00
c o [vrep] vars 0 lits 0 rem-bin-cls 0 rem-long-cls 0 BP 0M T: 0.00
c o Executing OCC strategy token(s): 'occ-bve,
c o [occ] mem usage for occur      0 MB
c o [occ] Linked in IRRED BIN by default: 20
c o [occ] Linked in RED   BIN by default: 1
c o [occ] mem usage for occur      0 MB
c o Mem for watch alloc    : 0           MB (0.37      %)
c o Mem for watch array    : 0           MB (0.05      %)
c o Executing OCC strategy token: occ-bve
c o [occ-empty-res] Empty resolvent elimed: 0 T: 0.00 T-out: N
c o [occ-bve] iter v-elim 0
c o cl_inc_rate=1.00, var_dec_rate=1.00 (grow=0)
c o Reduced to 74 vars, 240 cls (grow=0)
c o [occ-bve] iter v-elim 0
c o cl_inc_rate=1.00, var_dec_rate=1.00 (grow=3)
c o Reduced to 74 vars, 240 cls (grow=3)
c o [occ-bve] iter v-elim 0
c o cl_inc_rate=1.00, var_dec_rate=1.00 (grow=4)
c o Reduced to 74 vars, 240 cls (grow=4)
c o [occ-bve] iter v-elim 0
c o cl_inc_rate=1.00, var_dec_rate=1.00 (grow=6)
c o Reduced to 74 vars, 240 cls (grow=6)
c o x n vars       : 74
c o #try to eliminate:   112
c o #var-elim        :     0
c o #T-o: N
c o #T-r: 100.00%
c o #T  : 0.00
c o [occur] 0.00 is overhead
c o [occur] link-in T: 0.00 cleanup T: 0.00
c o [occ-xor-bve] elimed: 0 T: 0.00 T-out: N
c o --> Executing strategy token: sub-impl
c o [impl-sub] bin: 0 T: 0.00 T-out: N w-visit: 152
c o --> Executing strategy token: distill-cls-onlyrem
c o [distill-long-irred] cls tried: 220/220 T: 0.00 T-out: N T-r: 99.95%
c o --> Executing strategy token: intree-probe
c o [scc] new: 0 BP 0M T: 0.00
c o [vrep] vars 0 lits 0 rem-bin-cls 0 rem-long-cls 0 BP 0M T: 0.00
c o [intree] Set 0 vars hyper-added: 0 trans-irred: 0 trans-red: 0 T: 0.00 T-out: N T-r: -0.13%
c o Executing OCC strategy token(s): 'occ-backw-sub-str,
c o [occ] mem usage for occur      0 MB
c o [occ] Linked in IRRED BIN by default: 20
c o [occ] Linked in RED   BIN by default: 1
c o [occ] mem usage for occur      0 MB
c o Mem for watch alloc    : 0           MB (0.37      %)
c o Mem for watch array    : 0           MB (0.05      %)
c o Executing OCC strategy token: occ-backw-sub-str
c o [occ-backw-sub-str-long-w-bins] subs: 0 str: 0 tried: 385 0-depth ass: 0 T: 0.00 T-out: N T-r: 99.86%
c o [occ-backw-sub-long-w-long] rem cl: 0 tried: 233/233 (100.0%) T: 0.00 T-out: N T-r: 99.85%
c o [occ-backw-sub-str-long-w-long] sub: 0 str: 0 tried: 699/233 (300.0)  T: 0.00 T-out: N T-r: 99.10%
c o --> Executing strategy token: sub-str-cls-with-bin
c o [distill] watch-based irred--  cl tried      440 cl-sh     0 cl-rem    0 lit-rem      0 T: 0.00 T-out: N
c o [distill] watch-based   red--  cl tried        0 cl-sh     0 cl-rem    0 lit-rem      0 T: 0.00 T-out: N
c o --> Executing strategy token: clean-cls
c o --> Executing strategy token: distill-cls
c o [distill-long-irred] cls tried: 220/220 T: 0.00 T-out: N T-r: 99.95%
c o [distill-long-irred] cls tried: 220/220 T: 0.00 T-out: N T-r: 99.94%
c o --> Executing strategy token: distill-bins
c o [distill-bin] useful: 0/20/20 lits-rem: 0 cl-rem: 0 0-depth-assigns: 0 T: 0.00 T-out: N
c o Executing OCC strategy token(s): 'occ-backw-sub,
c o [occ] mem usage for occur      0 MB
c o [occ] Linked in IRRED BIN by default: 20
c o [occ] Linked in RED   BIN by default: 1
c o [occ] mem usage for occur      0 MB
c o Mem for watch alloc    : 0           MB (0.37      %)
c o Mem for watch array    : 0           MB (0.05      %)
c o Executing OCC strategy token: occ-backw-sub
c o [occ-backw-sub-long-w-long] rem cl: 0 tried: 233/233 (100.0%) T: 0.00 T-out: N T-r: 99.85%
c o [consolidate] mini T: 0.00
c o global_timeout_multiplier: 0.1100
c o [branch] rebuilding order heap for all branchings. Current branching: vsids
c o --> Executing strategy token: oracle-vivif-fast
c o --> Executing strategy token: must-renumber
c o [renumber] T: 0.00
c o [oracle-bin] potential pairs: 457 T: 0.0000
c o --> Executing strategy token: must-scc-vrepl
c o [scc] new: 0 BP 0M T: 0.00
c o [vrep] vars 0 lits 0 rem-bin-cls 0 rem-long-cls 0 BP 0M T: 0.00
c o [oracle-vivif] lits-rem: 0 learnt-units: 0 T-out: N T-remain: 97.0143% T: 0.00
c o [oracle-bin] bin-added: 20 equiv-added: 0 T-out: N T-remain: 99.18% T: 0.00
c o [oracle-vivif] cache usefulness: 84% total T: 0.00
c o --> Executing strategy token: oracle-sparsify-fast
c o --> Executing strategy token: sub-impl
c o [impl-sub] bin: 20 T: 0.00 T-out: N w-visit: 148
c o Executing OCC strategy token(s): 'occ-backw-sub,
c o [occ] mem usage for occur      0 MB
c o [occ] Linked in IRRED BIN by default: 20
c o [occ] Linked in RED   BIN by default: 1
c o [occ] mem usage for occur      0 MB
c o Mem for watch alloc    : 0           MB (0.37      %)
c o Mem for watch array    : 0           MB (0.05      %)
c o Executing OCC strategy token: occ-backw-sub
c o [occ-backw-sub-long-w-long] rem cl: 0 tried: 235/235 (100.0%) T: 0.00 T-out: N T-r: 99.85%
c o --> Executing strategy token: must-renumber
c o [renumber] T: 0.00
c o [oracle-sparsify] done with 10 % oracle mems:     0 ccnr useful: 100.0% T: 0.0
c o [oracle-sparsify] done with 20 % oracle mems:     0 ccnr useful: 100.0% T: 0.0
c o [oracle-sparsify] done with 30 % oracle mems:     0 ccnr useful: 100.0% T: 0.0
c o [oracle-sparsify] done with 40 % oracle mems:     0 ccnr useful: 100.0% T: 0.0
c o [oracle-sparsify] done with 50 % oracle mems:     0 ccnr useful: 100.0% T: 0.0
c o [oracle-sparsify] done with 60 % oracle mems:     0 ccnr useful: 100.0% T: 0.0
c o [oracle-sparsify] done with 70 % oracle mems:     0 ccnr useful: 100.0% T: 0.0
c o [oracle-sparsify] done with 80 % oracle mems:     0 ccnr useful: 100.0% T: 0.0
c o [oracle-sparsify] done with 90 % oracle mems:     0 ccnr useful: 100.0% T: 0.0
c o [oracle-sparsify] removed: 0 of which bin: 0 tot considered: 240 ccnr useful: 240 oracle uknown: 0 cache useful: 0% learnt-units: 0 T: 0.00 buildT: 0.00
c o [consolidate] mini T: 0.00
c o global_timeout_multiplier: 0.1100
c o [branch] rebuilding order heap for all branchings. Current branching: vsids
c o Executing OCC strategy token(s): 'occ-bve,
c o [occ] mem usage for occur      0 MB
c o [occ] Linked in IRRED BIN by default: 20
c o [occ] Linked in RED   BIN by default: 1
c o [occ] mem usage for occur      0 MB
c o Mem for watch alloc    : 0           MB (0.37      %)
c o Mem for watch array    : 0           MB (0.05      %)
c o Executing OCC strategy token: occ-bve
c o [occ-empty-res] Empty resolvent elimed: 0 T: 0.00 T-out: N
c o [occ-bve] iter v-elim 0
c o cl_inc_rate=1.00, var_dec_rate=1.00 (grow=0)
c o Reduced to 74 vars, 240 cls (grow=0)
c o x n vars       : 74
c o #try to eliminate:    28
c o #var-elim        :     0
c o #T-o: N
c o #T-r: 100.00%
c o #T  : 0.00
c o [occur] 0.00 is overhead
c o [occur] link-in T: 0.00 cleanup T: 0.00
c o [occ-xor-bve] elimed: 0 T: 0.00 T-out: N
c o [consolidate] mini T: 0.00
c o global_timeout_multiplier: 0.1100
c o [branch] rebuilding order heap for all branchings. Current branching: vsids
c o --> Executing strategy token: must-scc-vrepl
c o [scc] new: 0 BP 0M T: 0.00
c o [vrep] vars 0 lits 0 rem-bin-cls 0 rem-long-cls 0 BP 0M T: 0.00
c o --> Executing strategy token: must-renumber
c o [renumber] T: 0.00
c o [consolidate] mini T: 0.00
c o global_timeout_multiplier: 0.1100
c o [branch] rebuilding order heap for all branchings. Current branching: vsids
c o [occ] mem usage for occur      0 MB
c o [occ] Linked in IRRED BIN by default: 20
c o [occ] Linked in RED   BIN by default: 1
c o [occ] mem usage for occur      0 MB
c o Mem for watch alloc    : 0           MB (0.37      %)
c o Mem for watch array    : 0           MB (0.05      %)
c o [empty] empty_occ: 0 T: 0.00
c o Executing OCC strategy token(s): 'occ-bve-empty,
c o [occ] mem usage for occur      0 MB
c o [occ] Linked in IRRED BIN by default: 20
c o [occ] Linked in RED   BIN by default: 1
c o [occ] mem usage for occur      0 MB
c o Mem for watch alloc    : 0           MB (0.37      %)
c o Mem for watch array    : 0           MB (0.05      %)
c o Executing OCC strategy token: occ-bve-empty
c o [occ-empty-res] Empty resolvent elimed: 0 T: 0.00 T-out: N
c o --> Executing strategy token: must-renumber
c o [renumber] T: 0.00
c o [consolidate] mini T: 0.00
c o global_timeout_multiplier: 0.1100
c o [branch] rebuilding order heap for all branchings. Current branching: vsids
c o [0m[puura] new_empty_sampl_vars size: 0[0m
c o [get-cnf] Checking for variables mapping to same new var to set AIG definitions...
c o solver orig num vars: 301 solver simp num vars: 74
c o [0m[31m[puura] Done. final vars: 74 final cls: 240 T: 0.03[0m
c o [0m[31m[autarky] Found autarkies: 0 autarky vars: 0 T-out: N T: 0.00[0m
c o --> Executing strategy token: must-scc-vrepl
c o [scc] new: 0 BP 0M T: 0.00
c o [vrep] vars 0 lits 0 rem-bin-cls 0 rem-long-cls 0 BP 0M T: 0.00
c o --> Executing strategy token: full-probe
c o [full-probe]  bin_only: 0 set: 0 repl: 0 T: 0.00 T-out: N T-r: 99.83%
c o --> Executing strategy token: sub-impl
c o [impl-sub] bin: 0 T: 0.00 T-out: N w-visit: 148
c o --> Executing strategy token: sub-cls-with-bin
c o [distill] watch-based irred--  cl tried      220 cl-sh     0 cl-rem    0 lit-rem      0 T: 0.00 T-out: N
c o [distill] watch-based   red--  cl tried        0 cl-sh     0 cl-rem    0 lit-rem      0 T: 0.00 T-out: N
c o --> Executing strategy token: distill-cls-onlyrem
c o [distill-long-irred] cls tried: 220/220 T: 0.00 T-out: N T-r: 99.95%
c o Executing OCC strategy token(s): 'occ-backw-sub,occ-resolv-subs,occ-rem-with-orgates,occ-ternary-res,
c o [occ] mem usage for occur      0 MB
c o [occ] Linked in IRRED BIN by default: 20
c o [occ] Linked in RED   BIN by default: 1
c o Mem for watch alloc    : 0           MB (0.16      %)
c o Mem for watch array    : 0           MB (0.06      %)
c o Executing OCC strategy token: occ-backw-sub
c o [occ-backw-sub-long-w-long] rem cl: 0 tried: 235/235 (100.0%) T: 0.00 T-out: N T-r: 99.85%
c o Executing OCC strategy token: occ-resolv-subs
c o [occ-resolv-subs] removed: 0 checked: 3476 T: 0.0
c o Executing OCC strategy token: occ-rem-with-orgates
c o [occ-gates] found:     1 avg-s: 2.0 T: 0.00 T-out: N T-r: 99.80%
c o [occ-gate-based-lit-rem] lit-rem: 0 cl-rem: 0 T: 0.00 T-out: N
c o Executing OCC strategy token: occ-ternary-res
c o [occ-ternary-res] Ternary res-tri: 6 res-bin: 0 sub: 0 str: 0 T: 0.00 T-out: N T-r: 99.70%
c o --> Executing strategy token: must-scc-vrepl
c o [scc] new: 0 BP 0M T: 0.00
c o [vrep] vars 0 lits 0 rem-bin-cls 0 rem-long-cls 0 BP 0M T: 0.00
c o Executing OCC strategy token(s): 'occ-bve,
c o [occ] mem usage for occur      0 MB
c o [occ] Linked in IRRED BIN by default: 20
c o [occ] Linked in RED   BIN by default: 1
c o Mem for watch alloc    : 0           MB (0.16      %)
c o Mem for watch array    : 0           MB (0.06      %)
c o Executing OCC strategy token: occ-bve
c o [occ-empty-res] Empty resolvent elimed: 0 T: 0.00 T-out: N
c o [occ-bve] iter v-elim 0
c o cl_inc_rate=1.00, var_dec_rate=1.00 (grow=0)
c o Reduced to 74 vars, 240 cls (grow=0)
c o x n vars       : 74
c o #try to eliminate:    28
c o #var-elim        :     0
c o #T-o: N
c o #T-r: 100.00%
c o #T  : 0.00
c o [occur] 0.00 is overhead
c o [occur] link-in T: 0.00 cleanup T: 0.00
c o [occ-xor-bve] elimed: 0 T: 0.00 T-out: N
c o --> Executing strategy token: sub-impl
c o [impl-sub] bin: 0 T: 0.00 T-out: N w-visit: 148
c o --> Executing strategy token: distill-cls-onlyrem
c o [distill-long-irred] cls tried: 220/220 T: 0.00 T-out: N T-r: 99.95%
c o --> Executing strategy token: intree-probe
c o [scc] new: 0 BP 0M T: 0.00
c o [vrep] vars 0 lits 0 rem-bin-cls 0 rem-long-cls 0 BP 0M T: 0.00
c o [intree] Set 0 vars hyper-added: 0 trans-irred: 0 trans-red: 0 T: 0.00 T-out: N T-r: -0.06%
c o Executing OCC strategy token(s): 'occ-backw-sub-str,
c o [occ] mem usage for occur      0 MB
c o [occ] Linked in IRRED BIN by default: 20
c o [occ] Linked in RED   BIN by default: 1
c o Mem for watch alloc    : 0           MB (0.16      %)
c o Mem for watch array    : 0           MB (0.06      %)
c o Executing OCC strategy token: occ-backw-sub-str
c o [occ-backw-sub-str-long-w-bins] subs: 0 str: 0 tried: 21 0-depth ass: 0 T: 0.00 T-out: N T-r: 99.85%
c o [occ-backw-sub-long-w-long] rem cl: 0 tried: 241/241 (100.0%) T: 0.00 T-out: N T-r: 99.85%
c o [occ-backw-sub-str-long-w-long] sub: 0 str: 0 tried: 723/241 (300.0)  T: 0.00 T-out: N T-r: 99.10%
c o --> Executing strategy token: sub-str-cls-with-bin
c o [distill] watch-based irred--  cl tried      440 cl-sh     0 cl-rem    0 lit-rem      0 T: 0.00 T-out: N
c o [distill] watch-based   red--  cl tried        0 cl-sh     0 cl-rem    0 lit-rem      0 T: 0.00 T-out: N
c o --> Executing strategy token: clean-cls
c o --> Executing strategy token: distill-cls
c o [distill-long-irred] cls tried: 220/220 T: 0.00 T-out: N T-r: 99.95%
c o [distill-long-irred] cls tried: 220/220 T: 0.00 T-out: N T-r: 99.94%
c o --> Executing strategy token: distill-bins
c o [distill-bin] useful: 0/20/20 lits-rem: 0 cl-rem: 0 0-depth-assigns: 0 T: 0.00 T-out: N
c o [consolidate] mini T: 0.00
c o global_timeout_multiplier: 0.1100
c o [branch] rebuilding order heap for all branchings. Current branching: vsids
c o --> Executing strategy token: oracle-vivif-sparsify
c o --> Executing strategy token: must-renumber
c o [renumber] T: 0.00
c o [oracle-bin] potential pairs: 457 T: 0.0000
c o --> Executing strategy token: must-scc-vrepl
c o [scc] new: 0 BP 0M T: 0.00
c o [vrep] vars 0 lits 0 rem-bin-cls 0 rem-long-cls 0 BP 0M T: 0.00
c o [oracle-vivif] lits-rem: 0 learnt-units: 0 T-out: N T-remain: 99.0317% T: 0.00
c o [oracle-bin] bin-added: 20 equiv-added: 0 T-out: N T-remain: 99.08% T: 0.00
c o [oracle-vivif] cache usefulness: 84% total T: 0.00
c o --> Executing strategy token: sub-impl
c o [impl-sub] bin: 20 T: 0.00 T-out: N w-visit: 148
c o Executing OCC strategy token(s): 'occ-backw-sub,
c o [occ] mem usage for occur      0 MB
c o [occ] Linked in IRRED BIN by default: 20
c o [occ] Linked in RED   BIN by default: 1
c o Mem for watch alloc    : 0           MB (0.16      %)
c o Mem for watch array    : 0           MB (0.05      %)
c o Executing OCC strategy token: occ-backw-sub
c o [occ-backw-sub-long-w-long] rem cl: 0 tried: 244/244 (100.0%) T: 0.00 T-out: N T-r: 99.84%
c o --> Executing strategy token: must-renumber
c o [renumber] T: 0.00
c o [oracle-sparsify] done with 10 % oracle mems:     0 ccnr useful: 100.0% T: 0.0
c o [oracle-sparsify] done with 20 % oracle mems:     0 ccnr useful: 100.0% T: 0.0
c o [oracle-sparsify] done with 30 % oracle mems:     0 ccnr useful: 100.0% T: 0.0
c o [oracle-sparsify] done with 40 % oracle mems:     0 ccnr useful: 100.0% T: 0.0
c o [oracle-sparsify] done with 50 % oracle mems:     0 ccnr useful: 100.0% T: 0.0
c o [oracle-sparsify] done with 60 % oracle mems:     0 ccnr useful: 100.0% T: 0.0
c o [oracle-sparsify] done with 70 % oracle mems:     0 ccnr useful: 100.0% T: 0.0
c o [oracle-sparsify] done with 80 % oracle mems:     0 ccnr useful: 100.0% T: 0.0
c o [oracle-sparsify] done with 90 % oracle mems:     0 ccnr useful: 100.0% T: 0.0
c o [oracle-sparsify] removed: 0 of which bin: 0 tot considered: 240 ccnr useful: 240 oracle uknown: 0 cache useful: 0% learnt-units: 0 T: 0.00 buildT: 0.00
c o [consolidate] mini T: 0.00
c o global_timeout_multiplier: 0.1100
c o [branch] rebuilding order heap for all branchings. Current branching: vsids
c o --> Executing strategy token: must-scc-vrepl
c o [scc] new: 0 BP 0M T: 0.00
c o [vrep] vars 0 lits 0 rem-bin-cls 0 rem-long-cls 0 BP 0M T: 0.00
c o --> Executing strategy token: full-probe
c o [full-probe]  bin_only: 0 set: 0 repl: 0 T: 0.00 T-out: N T-r: 99.83%
c o --> Executing strategy token: sub-impl
c o [impl-sub] bin: 0 T: 0.00 T-out: N w-visit: 148
c o --> Executing strategy token: sub-cls-with-bin
c o [distill] watch-based irred--  cl tried      220 cl-sh     0 cl-rem    0 lit-rem      0 T: 0.00 T-out: N
c o [distill] watch-based   red--  cl tried        0 cl-sh     0 cl-rem    0 lit-rem      0 T: 0.00 T-out: N
c o --> Executing strategy token: distill-cls-onlyrem
c o [distill-long-irred] cls tried: 220/220 T: 0.00 T-out: N T-r: 99.95%
c o Executing OCC strategy token(s): 'occ-backw-sub,occ-resolv-subs,occ-rem-with-orgates,occ-ternary-res,
c o [occ] mem usage for occur      0 MB
c o [occ] Linked in IRRED BIN by default: 20
c o [occ] Linked in RED   BIN by default: 1
c o [occ] mem usage for occur      0 MB
c o Mem for watch alloc    : 0           MB (0.16      %)
c o Mem for watch array    : 0           MB (0.05      %)
c o Executing OCC strategy token: occ-backw-sub
c o [occ-backw-sub-long-w-long] rem cl: 0 tried: 244/244 (100.0%) T: 0.00 T-out: N T-r: 99.85%
c o Executing OCC strategy token: occ-resolv-subs
c o [occ-resolv-subs] removed: 0 checked: 3476 T: 0.0
c o Executing OCC strategy token: occ-rem-with-orgates
c o [occ-gates] found:     1 avg-s: 2.0 T: 0.00 T-out: N T-r: 99.80%
c o [occ-gate-based-lit-rem] lit-rem: 0 cl-rem: 0 T: 0.00 T-out: N
c o Executing OCC strategy token: occ-ternary-res
c o [occ-ternary-res] Ternary res-tri: 6 res-bin: 0 sub: 0 str: 0 T: 0.00 T-out: N T-r: 99.70%
c o --> Executing strategy token: must-scc-vrepl
c o [scc] new: 0 BP 0M T: 0.00
c o [vrep] vars 0 lits 0 rem-bin-cls 0 rem-long-cls 0 BP 0M T: 0.00
c o Executing OCC strategy token(s): 'occ-bve,
c o [occ] mem usage for occur      0 MB
c o [occ] Linked in IRRED BIN by default: 20
c o [occ] Linked in RED   BIN by default: 1
c o [occ] mem usage for occur      0 MB
c o Mem for watch alloc    : 0           MB (0.16      %)
c o Mem for watch array    : 0           MB (0.05      %)
c o Executing OCC strategy token: occ-bve
c o [occ-empty-res] Empty resolvent elimed: 0 T: 0.00 T-out: N
c o [occ-bve] iter v-elim 0
c o cl_inc_rate=1.00, var_dec_rate=1.00 (grow=0)
c o Reduced to 74 vars, 240 cls (grow=0)
c o x n vars       : 74
c o #try to eliminate:    28
c o #var-elim        :     0
c o #T-o: N
c o #T-r: 100.00%
c o #T  : 0.00
c o [occur] 0.00 is overhead
c o [occur] link-in T: 0.00 cleanup T: 0.00
c o [occ-xor-bve] elimed: 0 T: 0.00 T-out: N
c o --> Executing strategy token: sub-impl
c o [impl-sub] bin: 0 T: 0.00 T-out: N w-visit: 148
c o --> Executing strategy token: distill-cls-onlyrem
c o [distill-long-irred] cls tried: 220/220 T: 0.00 T-out: N T-r: 99.95%
c o --> Executing strategy token: intree-probe
c o [scc] new: 0 BP 0M T: 0.00
c o [vrep] vars 0 lits 0 rem-bin-cls 0 rem-long-cls 0 BP 0M T: 0.00
c o [intree] Set 0 vars hyper-added: 0 trans-irred: 0 trans-red: 0 T: 0.00 T-out: N T-r: -0.15%
c o Executing OCC strategy token(s): 'occ-backw-sub-str,
c o [occ] mem usage for occur      0 MB
c o [occ] Linked in IRRED BIN by default: 20
c o [occ] Linked in RED   BIN by default: 1
c o [occ] mem usage for occur      0 MB
c o Mem for watch alloc    : 0           MB (0.17      %)
c o Mem for watch array    : 0           MB (0.05      %)
c o Executing OCC strategy token: occ-backw-sub-str
c o [occ-backw-sub-str-long-w-bins] subs: 0 str: 0 tried: 42 0-depth ass: 0 T: 0.00 T-out: N T-r: 99.86%
c o [occ-backw-sub-long-w-long] rem cl: 0 tried: 250/250 (100.0%) T: 0.00 T-out: N T-r: 99.85%
c o [occ-backw-sub-str-long-w-long] sub: 0 str: 0 tried: 750/250 (300.0)  T: 0.00 T-out: N T-r: 99.08%
c o --> Executing strategy token: sub-str-cls-with-bin
c o [distill] watch-based irred--  cl tried      440 cl-sh     0 cl-rem    0 lit-rem      0 T: 0.00 T-out: N
c o [distill] watch-based   red--  cl tried        0 cl-sh     0 cl-rem    0 lit-rem      0 T: 0.00 T-out: N
c o --> Executing strategy token: clean-cls
c o --> Executing strategy token: distill-cls
c o [distill-long-irred] cls tried: 220/220 T: 0.00 T-out: N T-r: 99.95%
c o [distill-long-irred] cls tried: 220/220 T: 0.00 T-out: N T-r: 99.94%
c o --> Executing strategy token: distill-bins
c o [distill-bin] useful: 0/20/20 lits-rem: 0 cl-rem: 0 0-depth-assigns: 0 T: 0.00 T-out: N
c o Executing OCC strategy token(s): 'occ-backw-sub,
c o [occ] mem usage for occur      0 MB
c o [occ] Linked in IRRED BIN by default: 20
c o [occ] Linked in RED   BIN by default: 1
c o [occ] mem usage for occur      0 MB
c o Mem for watch alloc    : 0           MB (0.17      %)
c o Mem for watch array    : 0           MB (0.05      %)
c o Executing OCC strategy token: occ-backw-sub
c o [occ-backw-sub-long-w-long] rem cl: 0 tried: 250/250 (100.0%) T: 0.00 T-out: N T-r: 99.85%
c o [consolidate] mini T: 0.00
c o global_timeout_multiplier: 0.1100
c o [branch] rebuilding order heap for all branchings. Current branching: vsids
c o --> Executing strategy token: oracle-vivif-fast
c o --> Executing strategy token: must-renumber
c o [renumber] T: 0.00
c o [oracle-bin] potential pairs: 457 T: 0.0000
c o --> Executing strategy token: must-scc-vrepl
c o [scc] new: 0 BP 0M T: 0.00
c o [vrep] vars 0 lits 0 rem-bin-cls 0 rem-long-cls 0 BP 0M T: 0.00
c o [oracle-vivif] lits-rem: 0 learnt-units: 0 T-out: N T-remain: 97.1202% T: 0.00
c o [oracle-bin] bin-added: 20 equiv-added: 0 T-out: N T-remain: 99.28% T: 0.00
c o [oracle-vivif] cache usefulness: 85% total T: 0.00
c o --> Executing strategy token: oracle-sparsify-fast
c o --> Executing strategy token: sub-impl
c o [impl-sub] bin: 20 T: 0.00 T-out: N w-visit: 148
c o Executing OCC strategy token(s): 'occ-backw-sub,
c o [occ] mem usage for occur      0 MB
c o [occ] Linked in IRRED BIN by default: 20
c o [occ] Linked in RED   BIN by default: 1
c o [occ] mem usage for occur      0 MB
c o Mem for watch alloc    : 0           MB (0.17      %)
c o Mem for watch array    : 0           MB (0.05      %)
c o Executing OCC strategy token: occ-backw-sub
c o [occ-backw-sub-long-w-long] rem cl: 0 tried: 251/251 (100.0%) T: 0.00 T-out: N T-r: 99.84%
c o --> Executing strategy token: must-renumber
c o [renumber] T: 0.00
c o [oracle-sparsify] done with 10 % oracle mems:     0 ccnr useful: 100.0% T: 0.0
c o [oracle-sparsify] done with 20 % oracle mems:     0 ccnr useful: 100.0% T: 0.0
c o [oracle-sparsify] done with 30 % oracle mems:     0 ccnr useful: 100.0% T: 0.0
c o [oracle-sparsify] done with 40 % oracle mems:     0 ccnr useful: 100.0% T: 0.0
c o [oracle-sparsify] done with 50 % oracle mems:     0 ccnr useful: 100.0% T: 0.0
c o [oracle-sparsify] done with 60 % oracle mems:     0 ccnr useful: 100.0% T: 0.0
c o [oracle-sparsify] done with 70 % oracle mems:     0 ccnr useful: 100.0% T: 0.0
c o [oracle-sparsify] done with 80 % oracle mems:     0 ccnr useful: 100.0% T: 0.0
c o [oracle-sparsify] done with 90 % oracle mems:     0 ccnr useful: 100.0% T: 0.0
c o [oracle-sparsify] removed: 0 of which bin: 0 tot considered: 240 ccnr useful: 240 oracle uknown: 0 cache useful: 0% learnt-units: 0 T: 0.00 buildT: 0.00
c o [consolidate] mini T: 0.00
c o global_timeout_multiplier: 0.1100
c o [branch] rebuilding order heap for all branchings. Current branching: vsids
c o Executing OCC strategy token(s): 'occ-bve,
c o [occ] mem usage for occur      0 MB
c o [occ] Linked in IRRED BIN by default: 20
c o [occ] Linked in RED   BIN by default: 1
c o [occ] mem usage for occur      0 MB
c o Mem for watch alloc    : 0           MB (0.17      %)
c o Mem for watch array    : 0           MB (0.05      %)
c o Executing OCC strategy token: occ-bve
c o [occ-empty-res] Empty resolvent elimed: 0 T: 0.00 T-out: N
c o [occ-bve] iter v-elim 0
c o cl_inc_rate=1.00, var_dec_rate=1.00 (grow=0)
c o Reduced to 74 vars, 240 cls (grow=0)
c o x n vars       : 74
c o #try to eliminate:    28
c o #var-elim        :     0
c o #T-o: N
c o #T-r: 100.00%
c o #T  : 0.00
c o [occur] 0.00 is overhead
c o [occur] link-in T: 0.00 cleanup T: 0.00
c o [occ-xor-bve] elimed: 0 T: 0.00 T-out: N
c o [consolidate] mini T: 0.00
c o global_timeout_multiplier: 0.1100
c o [branch] rebuilding order heap for all branchings. Current branching: vsids
c o --> Executing strategy token: must-scc-vrepl
c o [scc] new: 0 BP 0M T: 0.00
c o [vrep] vars 0 lits 0 rem-bin-cls 0 rem-long-cls 0 BP 0M T: 0.00
c o --> Executing strategy token: must-renumber
c o [renumber] T: 0.00
c o [consolidate] mini T: 0.00
c o global_timeout_multiplier: 0.1100
c o [branch] rebuilding order heap for all branchings. Current branching: vsids
c o [occ] mem usage for occur      0 MB
c o [occ] Linked in IRRED BIN by default: 20
c o [occ] Linked in RED   BIN by default: 1
c o [occ] mem usage for occur      0 MB
c o Mem for watch alloc    : 0           MB (0.17      %)
c o Mem for watch array    : 0           MB (0.05      %)
c o [empty] empty_occ: 0 T: 0.00
c o Executing OCC strategy token(s): 'occ-bve-empty,
c o [occ] mem usage for occur      0 MB
c o [occ] Linked in IRRED BIN by default: 20
c o [occ] Linked in RED   BIN by default: 1
c o [occ] mem usage for occur      0 MB
c o Mem for watch alloc    : 0           MB (0.17      %)
c o Mem for watch array    : 0           MB (0.05      %)
c o Executing OCC strategy token: occ-bve-empty
c o [occ-empty-res] Empty resolvent elimed: 0 T: 0.00 T-out: N
c o --> Executing strategy token: must-renumber
c o [renumber] T: 0.00
c o [consolidate] mini T: 0.00
c o global_timeout_multiplier: 0.1100
c o [branch] rebuilding order heap for all branchings. Current branching: vsids
c o [0m[puura] new_empty_sampl_vars size: 0[0m
c o [get-cnf] Checking for variables mapping to same new var to set AIG definitions...
c o solver orig num vars: 74 solver simp num vars: 74
c o [0m[31m[puura] Done. final vars: 74 final cls: 240 T: 0.01[0m
c o [0m[arjun-sbva] entering SBVA with     vars: 74      cls:   240 opt sampl: 46[0m
c o [0m[arjun-sbva] exited SBVA with       vars: 75      cls:   236[0m
c o [0m[arjun-sbva] K steps remaining: 975.54 T-out: No T: 0.00[0m
c o [0m[extend-gates] Gates added to opt indep: 1 T: 0.00[0m
c o [0m[arjun-extend] Start unknown size: 28[0m
c o [0m[arjun-extend] ccnr. got back sols: 0 erased: 0 T: 0.00[0m
c o [0m[arjun-extend] Extend finished  orig size: 46 final size: 48 Undef: 0 T: 0.00 mem: 7 MB[0m
c o Arjun T: 0.07
c o Found 1 disconnected component(s)
c o [par] Using non-parallel counting
c o ind size: 46 nvars: 75
c o opt ind size: 48 ind size: 46 nvars: 75
c o Sampling set size: 46
c o Opt sampling set size: 48
c o Bin irred/red      22         1         
c o Long irred cls/tri 105        109       
c o Long red cls/tri   4          27        
c o [td] nodes: 48 nvars: 75 edges: 643
c o [td] Primal graph   nodes: 75 edges: 643 density: 0.114 edge/var: 8.573
c o [td] min degree heuristic
c o [td] #bags 5, tw 30, elapsed 0.000 s
c o [td] min shortcut heuristic
c o [td] run with 0.0/0.1/0.2 min balance and node_min_expansion in endless loop with varying seed
c o [td] iter 100 width: 29 stepsK remain: 99 T: 0.096
c o [td] iter 200 width: 29 stepsK remain: 99 T: 0.191
c o [td] iter 300 width: 29 stepsK remain: 98 T: 0.290
c o [td] iter 400 width: 29 stepsK remain: 98 T: 0.382
c o [td] iter 500 width: 29 stepsK remain: 97 T: 0.468
c o [td] iter 600 width: 29 stepsK remain: 97 T: 0.562
c o [td] iter 700 width: 29 stepsK remain: 96 T: 0.658
c o [td] iter 800 width: 29 stepsK remain: 96 T: 0.754
c o [td] centroid bag id: 3 bag size: 15
c o [td] centroid bag id: 3 bag size: 15
c o [td] weight: 7.000 nodes: 48 rt/width(=rt): 1.655 rt*conf.td_exp_mult: 1.821 conf.td_exp_mult: 1.100 conf.td_divider: 1000.000 max ord diff: 2
c o [td] decompose time: 0.852
c o [rst-cube] Num restarts: 0 orig cubes this rst: 1 final cubes this rst: 1 total orig cubes: 1 total final cubes: 1
c o total time so far: 4.011
c o decisions K                    580       -- Kdec/s:     147.19   
c o conflicts                      6437         -- confl/s:    1632.96  
c o rem lits triedK/rem lits remK  6         0         
c o shrink tried/useful%/lits rem  6437      77.5361   16416     
c o avg clsz/rem lits avg/finalavg 23.5804   20.9292   20.9288  
c o rdbs/low lbd/rem               0     0      0     
c o looks/look-computes            0/0
c o sat call/sat/unsat/confl/rst  34261 34261 0     81    0     
c o buddy called /unsat ratio           0     / 0.0000 
c o buddy avg num bin/long cls/vs  0.0000 / 0.0000 / 0.0000
c o buddy max num bin/long cls/vs  0     / 0     / 0    
c o orig cubes/lit-r avg/exten avg 1     / 0.00  / 0.00 
c o cubes orig/symm/final          1     / 0     / 1    
c o cubes resolved/flp-removed     0     / 0    
c o tot restarts                   0    
c o comp sortsK/avg sz             569   / 1.00033876
c o comps recordK/non-reset ratio  2298 / 1.00
c o vivif: try/cls/clviv/litsravg  0         0         0         0.00      
c o toplev subs runs/bins/long-cls 0         0         0         0         0         
c o toplevel probes/fail/bprop     0         0         0         
c o Mem used                       0.13 GB
c o cache pollutions call/removed  12071/5614
c o cache entries K                564
c o MB cache                       89.019
c o cache K (lookup/ stores/ hits/ dels) 2250   569    1680   0       -- Klookup/s:  570.56   
c o cache miss rate                0.253
c o avg hit/store num vars 4.453 / 26.335
c o 
c o intermediate count: 11672269303042
c o Total time [Arjun+GANAK]: 4.10
s SATISFIABLE
c s type pmc
c s log10-estimate 1.30671553e+01
c s exact arb int 11672269303042
c s pac guarantees epsilon: 0 delta: 0
