c o Ganak SHA1: 0b4881b40126fb5ae8a1b7c9fdd4878afa25b051
c o Arjun SHA1: 0b4881b40126fb5ae8a1b7c9fdd4878afa25b051
c o SBVA SHA1: 0b4881b40126fb5ae8a1b7c9fdd4878afa25b051
c o CMS SHA1: 0b4881b40126fb5ae8a1b7c9fdd4878afa25b051
c o ApproxMC SHA1: 0b4881b40126fb5ae8a1b7c9fdd4878afa25b051
c o Using ideas by JM Lagniez, and Pierre Marquis
c o     from paper: Improving Model Counting [..] IJCAI 2016
c o Using VMTF, picosat, CaDiCaL, and CadiBack code by Armin Biere
c o CMS is MIT licensed
c o Using code from 'When Boolean Satisfiability Meets Gauss-E. in a Simplex Way'
c o       by C.-S. Han and J.-H. Roland Jiang in CAV 2012. Fixes by M. Soos
c o Using CCAnr from 'CCAnr: A Conf. Checking Based Local Search Solver [...]'
c o       by Shaowei Cai, Chuan Luo, and Kaile Su, SAT 2015
c o Using Oracle code from 'Integrating Tree Decompositions [...]'
c o       by Tuukka Korhonen and Matti Jarvisalo, CP 2021
c o Using Graph library by Tuukka Korhonen and Matti Jarvisalo
c o Using Flowcutter by Ben Strasser
c o Ganak compilation env CMAKE_CXX_COMPILER = /usr/bin/c++ | CMAKE_CXX_FLAGS =  -fno-stack-protector -mpopcnt -msse4.2 -mpclmul -Wduplicated-cond -Wduplicated-branches -Wlogical-op -Wrestrict -Wnull-dereference -Wdouble-promotion -Wshadow -Wformat=2 -Wextra-semi -pedantic | COMPILE_DEFINES =  -DNDEBUG -D_FORTIFY_SOURCE=0 -DUSE_ZLIB | BUILD_SHARED_LIBS = OFF | ZLIB_FOUND = TRUE | ENABLE_ASSERTIONS = OFF | 
c o called with: /workspace/cm-packed-continuation/build/application-ganak/ganak --prob 0 --mode 0 --fast /workspace/cm-packed-evidence/oracle/independent-02-3.cnf
c o CNF projection set size: 48
c o --> Executing strategy token: clean-cls
c o --> Executing strategy token: must-scc-vrepl
c o [scc] new: 7 BP 0M T: 0.00
c o [vrep] vars 7 lits 206 rem-bin-cls 28 rem-long-cls 0 BP 0M T: 0.00
c o [consolidate] mini T: 0.00
c o global_timeout_multiplier: 0.1
c o [branch] rebuilding order heap for all branchings. Current branching: vsids
c o [0m[arjun-simp] probing all sampling variables[0m
c o --> Executing strategy token: must-scc-vrepl
c o [scc] new: 0 BP 0M T: 0.00
c o [vrep] vars 0 lits 0 rem-bin-cls 0 rem-long-cls 0 BP 0M T: 0.00
c o [consolidate] mini T: 0.00
c o global_timeout_multiplier: 0.1
c o [branch] rebuilding order heap for all branchings. Current branching: vsids
c o [0m[arjun-simp] Removed set       : 0 new size: 48[0m
c o [0m[arjun-simp] Removed eq lits: 0 new size: 48[0m
c o [0m[arjun-simp] probe removed: 0 perc: 0.00 T: 0.00[0m
c o [0m[arjun-simp] Removed eq lits: 0 new size: 48[0m
c o [0m[arjun-simp] Removed set       : 0 new size: 48[0m
c o [0m[arjun-simp] get-empties removed: 0 perc: 0.00 total empties now: 0 T: 0.00[0m
c o [0m[arjun-simp] CMS::simplify() with no BVE, intree probe...[0m
c o --> Executing strategy token: str-impl
c [impl-str] lit bin: 0 set-var: 0 T: 0.00 T-out: N T-r: 99.97% w-visit: 602
c o --> Executing strategy token: intree-probe
c o [scc] new: 0 BP 0M T: 0.00
c o [vrep] vars 0 lits 0 rem-bin-cls 0 rem-long-cls 0 BP 0M T: 0.00
c o [intree] Set 0 vars hyper-added: 0 trans-irred: 0 trans-red: 0 T: 0.00 T-out: N T-r: 0.01%
c o Executing OCC strategy token(s): 'occ-ternary-res,occ-backw-sub,
c o [occ] mem usage for occur      0 MB
c o [occ] Linked in IRRED BIN by default: 80
c o [occ] Linked in RED   BIN by default: 0
c o [occ] mem usage for occur      0 MB
c o Mem for watch alloc    : 0           MB (0.48      %)
c o Mem for watch array    : 0           MB (0.20      %)
c o Executing OCC strategy token: occ-ternary-res
c o [occ-ternary-res] Ternary res-tri: 248 res-bin: 0 sub: 1 str: 0 T: 0.00 T-out: N T-r: 98.77%
c o Executing OCC strategy token: occ-backw-sub
c o [occ-backw-sub-long-w-long] rem cl: 4 tried: 1036/1036 (100.0%) T: 0.00 T-out: N T-r: 98.95%
c o --> Executing strategy token: distill-litrem
c [distill-litrem] useful: 389/2306/784 lits-rem: 389 0-depth-assigns: 0 T: 0.00 T-out: N
c o --> Executing strategy token: must-distill-cls
c o [distill-long-irred] cls tried: 609/609 T: 0.00 T-out: N T-r: 91.81%
c o [distill-long-irred] cls tried: 554/554 T: 0.00 T-out: N T-r: 90.22%
c o --> Executing strategy token: distill-bins
c o [distill-bin] useful: 128/308/308 lits-rem: 0 cl-rem: 120 0-depth-assigns: 11 T: 0.00 T-out: N
c o --> Executing strategy token: oracle-vivif-veryfast
c o --> Executing strategy token: must-renumber
c o [oracle-bin] potential pairs: 833 T: 0.0
c o --> Executing strategy token: must-scc-vrepl
c o [scc] new: 18 BP 0M T: 0.00
c o [vrep] vars 18 lits 688 rem-bin-cls 107 rem-long-cls 1 BP 0M T: 0.00
c o [oracle-vivif] lits-rem: 50 learnt-units: 4 T-out: N T-remain: 98.6% T: 0.00
c o [oracle-bin] bin-added: 139 equiv-added: 18 T-out: N T-remain: 99.50% T: 0.00
c o [oracle-vivif] cache usefulness: 92% total T: 0.00
c o [consolidate] mini T: 0.00
c o global_timeout_multiplier: 0.1000
c o [branch] rebuilding order heap for all branchings. Current branching: vsids
c o --> Executing strategy token: scc-vrepl
c o [scc] new: 0 BP 0M T: 0.00
c o [vrep] vars 0 lits 0 rem-bin-cls 0 rem-long-cls 0 BP 0M T: 0.00
c o --> Executing strategy token: sub-impl
c o [impl-sub] bin: 100 T: 0.00 T-out: N w-visit: 602
c o --> Executing strategy token: breakid
c o Executing OCC strategy token(s): 'occ-backw-sub-str,occ-clean-implicit,occ-bve,occ-bva,occ-ternary-res,occ-xor,
c o [occ] mem usage for occur      0 MB
c o [occ] Linked in IRRED BIN by default: 113
c o [occ] Linked in RED   BIN by default: 3
c o [occ] mem usage for occur      0 MB
c o Mem for watch alloc    : 0           MB (0.61      %)
c o Mem for watch array    : 0           MB (0.20      %)
c o Executing OCC strategy token: occ-backw-sub-str
c o [occ-backw-sub-str-long-w-bins] subs: 0 str: 0 tried: 116 0-depth ass: 0 T: 0.00 T-out: N T-r: 99.46%
c o [occ-backw-sub-long-w-long] rem cl: 32 tried: 794/794 (100.0%) T: 0.00 T-out: N T-r: 99.59%
c o [occ-backw-sub-str-long-w-long] sub: 0 str: 0 tried: 2382/794 (300.0)  T: 0.00 T-out: N T-r: 97.61%
c o Executing OCC strategy token: occ-clean-implicit
c o Executing OCC strategy token: occ-bve
c o Executing OCC strategy token: occ-bva
c o Executing OCC strategy token: occ-ternary-res
c o [occ-ternary-res] Ternary res-tri: 167 res-bin: 0 sub: 0 str: 9 T: 0.00 T-out: N T-r: 99.24%
c o Executing OCC strategy token: occ-xor
c o --> Executing strategy token: card-find
c o --> Executing strategy token: cl-consolidate
c o Not consolidating memory.
c o --> Executing strategy token: scc-vrepl
c o [scc] new: 0 BP 0M T: 0.00
c o [vrep] vars 0 lits 0 rem-bin-cls 0 rem-long-cls 0 BP 0M T: 0.00
c o --> Executing strategy token: renumber
c o --> Executing strategy token: louvain-comms
c o [consolidate] mini T: 0.00
c o global_timeout_multiplier: 0.1000
c o [branch] rebuilding order heap for all branchings. Current branching: vsids
c o [0m[arjun-simp] Removed set       : 0 new size: 48[0m
c o [0m[arjun-simp] CMS::simplify() with no BVE finished. T: 0.0082[0m
c o [0mWARNING: Turning off gates, because the sampling size is small, so we can just do it. Size: 48[0m
c o --> Executing strategy token: must-scc-vrepl
c o [scc] new: 0 BP 0M T: 0.00
c o [vrep] vars 0 lits 0 rem-bin-cls 0 rem-long-cls 0 BP 0M T: 0.00
c o --> Executing strategy token: clean-cls
c o --> Executing strategy token: sub-impl
c o [impl-sub] bin: 0 T: 0.00 T-out: N w-visit: 602
c o [consolidate] mini T: 0.00
c o global_timeout_multiplier: 0.1000
c o [branch] rebuilding order heap for all branchings. Current branching: vsids
c o [0m[arjun-simp] Removed eq lits: 0 new size: 48[0m
c o [0m[arjun-simp] Removed set       : 0 new size: 48[0m
c o [0m[arjun-simp] get-empties removed: 0 perc: 0.00 total empties now: 0 T: 0.00[0m
c o [0m[arjun-simp] probing all sampling variables[0m
c o [0m[arjun-simp] Removed set       : 0 new size: 48[0m
c o [0m[arjun-simp] Removed eq lits: 0 new size: 48[0m
c o [0m[arjun-simp] probe removed: 0 perc: 0.00 T: 0.00[0m
c o [0m[arjun-simp] Removed eq lits: 0 new size: 48[0m
c o [0m[arjun-simp] Removed set       : 0 new size: 48[0m
c o [0m[arjun-simp] get-empties removed: 0 perc: 0.00 total empties now: 0 T: 0.00[0m
c o [0m[arjun] simplification finished  removed: 0 perc: 0.00 T: 0.01[0m
c o [0m[arjun] Duplicating CNF...[0m
c o [0m[arjun] Duplicated CNF. T: 0.00[0m
c o [0m[arjun] CMS::simplify() with *only* BVE...[0m
c o Executing OCC strategy token(s): 'occ-bve,
c o [occ] mem usage for occur      0 MB
c o [occ] Linked in IRRED BIN by default: 207
c o [occ] Linked in RED   BIN by default: 12
c o [occ] mem usage for occur      0 MB
c o Mem for watch alloc    : 0           MB (1.12      %)
c o Mem for watch array    : 0           MB (0.45      %)
c o Executing OCC strategy token: occ-bve
c o [occ-empty-res] Empty resolvent elimed: 153 T: 0.00 T-out: N
c o [occ-bve] turning off picosat-based irreg gate detection, added lits:  7055
c o [occ-bve] iter v-elim 205
c o cl_inc_rate=0.45, var_dec_rate=2.13 (grow=0)
c o Reduced to 181 vars, 636 cls (grow=0)
c o [occ-bve] iter v-elim 14
c o cl_inc_rate=1.03, var_dec_rate=1.08 (grow=3)
c o Reduced to 167 vars, 653 cls (grow=3)
c o [occ-bve] iter v-elim 0
c o cl_inc_rate=1.00, var_dec_rate=1.00 (grow=4)
c o Reduced to 167 vars, 653 cls (grow=4)
c o [occ-bve] iter v-elim 11
c o cl_inc_rate=0.95, var_dec_rate=1.07 (grow=6)
c o Reduced to 156 vars, 618 cls (grow=6)
c o [occ-bve] iter v-elim 0
c o cl_inc_rate=1.00, var_dec_rate=1.00 (grow=9)
c o Reduced to 156 vars, 618 cls (grow=9)
c o [occ-bve] iter v-elim 3
c o cl_inc_rate=1.01, var_dec_rate=1.02 (grow=13)
c o Reduced to 153 vars, 622 cls (grow=13)
c o [occ-bve] iter v-elim 12
c o cl_inc_rate=1.01, var_dec_rate=1.09 (grow=16)
c o Reduced to 141 vars, 628 cls (grow=16)
c o x n vars       : 141
c o #try to eliminate:  1175
c o #var-elim        :   245
c o #T-o: N
c o #T-r: 99.93%
c o #T  : 0.01
c o [occur] 0.00 is overhead
c o [occur] link-in T: 0.00 cleanup T: 0.00
c o [occ-xor-bve] elimed: 0 T: 0.00 T-out: N
c o [consolidate] mini T: 0.00
c o global_timeout_multiplier: 0.1000
c o [branch] rebuilding order heap for all branchings. Current branching: vsids
c o [0m[arjun] CMS::simplify() with *only* BVE finished. T: 0.0143[0m
c o [0m[arjun] Adding fixed clauses time: 0.0001[0m
c o [0m[backward FAST] Start unknown size: 48[0m
c o [0m[31m[arjun] backward round finished. U:  I: 47 T: 0.00[0m
c o [0m[arjun] run_minimize finished T: 0.02[0m
c o --> Executing strategy token: must-scc-vrepl
c o [scc] new: 25 BP 0M T: 0.00
c o [vrep] vars 25 lits 716 rem-bin-cls 116 rem-long-cls 66 BP 0M T: 0.00
c o --> Executing strategy token: full-probe
c o [full-probe]  bin_only: 0 set: 0 repl: 0 T: 0.00 T-out: N T-r: 99.51%
c o --> Executing strategy token: sub-impl
c o [impl-sub] bin: 16 T: 0.00 T-out: N w-visit: 602
c o --> Executing strategy token: sub-cls-with-bin
c o [distill] watch-based irred--  cl tried      624 cl-sh     0 cl-rem   20 lit-rem      0 T: 0.00 T-out: N
c o [distill] watch-based   red--  cl tried        0 cl-sh     0 cl-rem    0 lit-rem      0 T: 0.00 T-out: N
c o --> Executing strategy token: distill-cls-onlyrem
c o [distill-long-irred] cls tried: 604/604 T: 0.00 T-out: N T-r: 99.74%
c o Executing OCC strategy token(s): 'occ-backw-sub,occ-resolv-subs,occ-rem-with-orgates,occ-ternary-res,
c o [occ] mem usage for occur      0 MB
c o [occ] Linked in IRRED BIN by default: 80
c o [occ] Linked in RED   BIN by default: 0
c o Mem for watch alloc    : 0           MB (0.46      %)
c o Mem for watch array    : 0           MB (0.22      %)
c o Executing OCC strategy token: occ-backw-sub
c o [occ-backw-sub-long-w-long] rem cl: 32 tried: 603/603 (100.0%) T: 0.00 T-out: N T-r: 99.60%
c o Executing OCC strategy token: occ-resolv-subs
c o [occ-resolv-subs] removed: 0 checked: 9355 T: 0.0
c o Executing OCC strategy token: occ-rem-with-orgates
c o [occ-gates] found:     4 avg-s: 2.0 T: 0.00 T-out: N T-r: 99.57%
c o [occ-gate-based-lit-rem] lit-rem: 0 cl-rem: 0 T: 0.00 T-out: N
c o Executing OCC strategy token: occ-ternary-res
c o [occ-ternary-res] Ternary res-tri: 191 res-bin: 0 sub: 1 str: 4 T: 0.00 T-out: N T-r: 99.13%
c o --> Executing strategy token: must-scc-vrepl
c o [scc] new: 0 BP 0M T: 0.00
c o [vrep] vars 0 lits 0 rem-bin-cls 0 rem-long-cls 0 BP 0M T: 0.00
c o Executing OCC strategy token(s): 'occ-bve,
c o [occ] mem usage for occur      0 MB
c o [occ] Linked in IRRED BIN by default: 80
c o [occ] Linked in RED   BIN by default: 4
c o Mem for watch alloc    : 0           MB (0.51      %)
c o Mem for watch array    : 0           MB (0.22      %)
c o Executing OCC strategy token: occ-bve
c o [occ-empty-res] Empty resolvent elimed: 72 T: 0.00 T-out: N
c o [occ-bve] turning off picosat-based irreg gate detection, added lits:  7092
c o [occ-bve] iter v-elim 73
c o cl_inc_rate=0.60, var_dec_rate=1.70 (grow=0)
c o Reduced to 104 vars, 370 cls (grow=0)
c o x n vars       : 104
c o #try to eliminate:   251
c o #var-elim        :    73
c o #T-o: N
c o #T-r: 99.99%
c o #T  : 0.00
c o [occur] 0.00 is overhead
c o [occur] link-in T: 0.00 cleanup T: 0.00
c o [occ-xor-bve] elimed: 0 T: 0.00 T-out: N
c o --> Executing strategy token: sub-impl
c o [impl-sub] bin: 0 T: 0.00 T-out: N w-visit: 602
c o --> Executing strategy token: distill-cls-onlyrem
c o [distill-long-irred] cls tried: 283/283 T: 0.00 T-out: N T-r: 99.90%
c o --> Executing strategy token: intree-probe
c o [scc] new: 0 BP 0M T: 0.00
c o [vrep] vars 0 lits 0 rem-bin-cls 0 rem-long-cls 0 BP 0M T: 0.00
c o [intree] Set 0 vars hyper-added: 33 trans-irred: 0 trans-red: 0 T: 0.00 T-out: N T-r: -0.07%
c o Executing OCC strategy token(s): 'occ-backw-sub-str,
c o [occ] mem usage for occur      0 MB
c o [occ] Linked in IRRED BIN by default: 87
c o [occ] Linked in RED   BIN by default: 33
c o Mem for watch alloc    : 0           MB (0.54      %)
c o Mem for watch array    : 0           MB (0.22      %)
c o Executing OCC strategy token: occ-backw-sub-str
c o [occ-backw-sub-str-long-w-bins] subs: 0 str: 16 tried: 468 0-depth ass: 0 T: 0.00 T-out: N T-r: 99.15%
c o [occ-backw-sub-long-w-long] rem cl: 0 tried: 331/331 (100.0%) T: 0.00 T-out: N T-r: 99.80%
c o [occ-backw-sub-str-long-w-long] sub: 0 str: 0 tried: 993/331 (300.0)  T: 0.00 T-out: N T-r: 98.85%
c o --> Executing strategy token: sub-str-cls-with-bin
c o [distill] watch-based irred--  cl tried      562 cl-sh     0 cl-rem    0 lit-rem      0 T: 0.00 T-out: N
c o [distill] watch-based   red--  cl tried        0 cl-sh     0 cl-rem    0 lit-rem      0 T: 0.00 T-out: N
c o --> Executing strategy token: clean-cls
c o --> Executing strategy token: distill-cls
c o [distill-long-irred] cls tried: 281/281 T: 0.00 T-out: N T-r: 99.90%
c o [distill-long-irred] cls tried: 276/276 T: 0.00 T-out: N T-r: 99.91%
c o --> Executing strategy token: distill-bins
c o [distill-bin] useful: 18/90/90 lits-rem: 0 cl-rem: 18 0-depth-assigns: 0 T: 0.00 T-out: N
c o [consolidate] mini T: 0.00
c o global_timeout_multiplier: 0.1100
c o [branch] rebuilding order heap for all branchings. Current branching: vsids
c o --> Executing strategy token: must-scc-vrepl
c o [scc] new: 16 BP 0M T: 0.00
c o [vrep] vars 16 lits 368 rem-bin-cls 64 rem-long-cls 48 BP 0M T: 0.00
c o --> Executing strategy token: full-probe
c o [full-probe]  bin_only: 0 set: 0 repl: 0 T: 0.00 T-out: N T-r: 99.77%
c o --> Executing strategy token: sub-impl
c o [impl-sub] bin: 32 T: 0.00 T-out: N w-visit: 602
c o --> Executing strategy token: sub-cls-with-bin
c o [distill] watch-based irred--  cl tried      274 cl-sh     0 cl-rem    0 lit-rem      0 T: 0.00 T-out: N
c o [distill] watch-based   red--  cl tried        0 cl-sh     0 cl-rem    0 lit-rem      0 T: 0.00 T-out: N
c o --> Executing strategy token: distill-cls-onlyrem
c o [distill-long-irred] cls tried: 274/274 T: 0.00 T-out: N T-r: 99.94%
c o Executing OCC strategy token(s): 'occ-backw-sub,occ-resolv-subs,occ-rem-with-orgates,occ-ternary-res,
c o [occ] mem usage for occur      0 MB
c o [occ] Linked in IRRED BIN by default: 40
c o [occ] Linked in RED   BIN by default: 1
c o Mem for watch alloc    : 0           MB (0.55      %)
c o Mem for watch array    : 0           MB (0.20      %)
c o Executing OCC strategy token: occ-backw-sub
c o [occ-backw-sub-long-w-long] rem cl: 16 tried: 274/274 (100.0%) T: 0.00 T-out: N T-r: 99.83%
c o Executing OCC strategy token: occ-resolv-subs
c o [occ-resolv-subs] removed: 1 checked: 3801 T: 0.0
c o Executing OCC strategy token: occ-rem-with-orgates
c o [occ-gates] found:     5 avg-s: 2.0 T: 0.00 T-out: N T-r: 99.76%
c o [occ-gate-based-lit-rem] lit-rem: 1 cl-rem: 0 T: 0.00 T-out: N
c o Executing OCC strategy token: occ-ternary-res
c o [occ-ternary-res] Ternary res-tri: 16 res-bin: 0 sub: 2 str: 0 T: 0.00 T-out: N T-r: 99.62%
c o --> Executing strategy token: must-scc-vrepl
c o [scc] new: 0 BP 0M T: 0.00
c o [vrep] vars 0 lits 0 rem-bin-cls 0 rem-long-cls 0 BP 0M T: 0.00
c o Executing OCC strategy token(s): 'occ-bve,
c o [occ] mem usage for occur      0 MB
c o [occ] Linked in IRRED BIN by default: 41
c o [occ] Linked in RED   BIN by default: 1
c o Mem for watch alloc    : 0           MB (0.55      %)
c o Mem for watch array    : 0           MB (0.20      %)
c o Executing OCC strategy token: occ-bve
c o [occ-empty-res] Empty resolvent elimed: 0 T: 0.00 T-out: N
c o [occ-bve] iter v-elim 1
c o cl_inc_rate=0.99, var_dec_rate=1.01 (grow=0)
c o Reduced to 87 vars, 293 cls (grow=0)
c o x n vars       : 87
c o #try to eliminate:    49
c o #var-elim        :     1
c o #T-o: N
c o #T-r: 100.00%
c o #T  : 0.00
c o [occur] 0.00 is overhead
c o [occur] link-in T: 0.00 cleanup T: 0.00
c o [occ-xor-bve] elimed: 0 T: 0.00 T-out: N
c o --> Executing strategy token: sub-impl
c o [impl-sub] bin: 1 T: 0.00 T-out: N w-visit: 602
c o --> Executing strategy token: distill-cls-onlyrem
c o [distill-long-irred] cls tried: 252/252 T: 0.00 T-out: N T-r: 99.94%
c o --> Executing strategy token: intree-probe
c o [scc] new: 0 BP 0M T: 0.00
c o [vrep] vars 0 lits 0 rem-bin-cls 0 rem-long-cls 0 BP 0M T: 0.00
c o [intree] Set 0 vars hyper-added: 0 trans-irred: 0 trans-red: 0 T: 0.00 T-out: N T-r: -0.44%
c o Executing OCC strategy token(s): 'occ-backw-sub-str,
c o [occ] mem usage for occur      0 MB
c o [occ] Linked in IRRED BIN by default: 41
c o [occ] Linked in RED   BIN by default: 0
c o Mem for watch alloc    : 0           MB (0.55      %)
c o Mem for watch array    : 0           MB (0.20      %)
c o Executing OCC strategy token: occ-backw-sub-str
c o [occ-backw-sub-str-long-w-bins] subs: 0 str: 0 tried: 533 0-depth ass: 0 T: 0.00 T-out: N T-r: 99.63%
c o [occ-backw-sub-long-w-long] rem cl: 0 tried: 266/266 (100.0%) T: 0.00 T-out: N T-r: 99.83%
c o [occ-backw-sub-str-long-w-long] sub: 0 str: 0 tried: 798/266 (300.0)  T: 0.00 T-out: N T-r: 99.03%
c o --> Executing strategy token: sub-str-cls-with-bin
c o [distill] watch-based irred--  cl tried      504 cl-sh     0 cl-rem    0 lit-rem      0 T: 0.00 T-out: N
c o [distill] watch-based   red--  cl tried        0 cl-sh     0 cl-rem    0 lit-rem      0 T: 0.00 T-out: N
c o --> Executing strategy token: clean-cls
c o --> Executing strategy token: distill-cls
c o [distill-long-irred] cls tried: 252/252 T: 0.00 T-out: N T-r: 99.94%
c o [distill-long-irred] cls tried: 252/252 T: 0.00 T-out: N T-r: 99.93%
c o --> Executing strategy token: distill-bins
c o [distill-bin] useful: 2/41/41 lits-rem: 0 cl-rem: 2 0-depth-assigns: 0 T: 0.00 T-out: N
c o [consolidate] mini T: 0.00
c o global_timeout_multiplier: 0.1100
c o [branch] rebuilding order heap for all branchings. Current branching: vsids
c o [backbone-simpl] ccnr sols: 10 drop_cands: 271 T: 0.00
c o [backbone-simpl] cadiback called with -- lits: 1175 num cls: 318 num vars: 301
c o [backbone-simpl] res: 10 num units added: 0 num eq added: 0 num bins: 0 T: 0.00
c o --> Executing strategy token: must-scc-vrepl
c o [scc] new: 0 BP 0M T: 0.00
c o [vrep] vars 0 lits 0 rem-bin-cls 0 rem-long-cls 0 BP 0M T: 0.00
c o --> Executing strategy token: must-renumber
c o [renumber] T: 0.00
c o [consolidate] mini T: 0.00
c o global_timeout_multiplier: 0.1100
c o [branch] rebuilding order heap for all branchings. Current branching: vsids
c o --> Executing strategy token: oracle-vivif-sparsify
c o --> Executing strategy token: must-renumber
c o [renumber] T: 0.00
c o [oracle-bin] potential pairs: 646 T: 0.0000
c o --> Executing strategy token: must-scc-vrepl
c o [scc] new: 0 BP 0M T: 0.00
c o [vrep] vars 0 lits 0 rem-bin-cls 0 rem-long-cls 0 BP 0M T: 0.00
c o [oracle-vivif] lits-rem: 1 learnt-units: 0 T-out: N T-remain: 98.7120% T: 0.00
c o [oracle-bin] bin-added: 41 equiv-added: 0 T-out: N T-remain: 97.62% T: 0.00
c o [oracle-vivif] cache usefulness: 85% total T: 0.00
c o --> Executing strategy token: sub-impl
c o [impl-sub] bin: 41 T: 0.00 T-out: N w-visit: 174
c o Executing OCC strategy token(s): 'occ-backw-sub,
c o [occ] mem usage for occur      0 MB
c o [occ] Linked in IRRED BIN by default: 39
c o [occ] Linked in RED   BIN by default: 2
c o Mem for watch alloc    : 0           MB (0.43      %)
c o Mem for watch array    : 0           MB (0.06      %)
c o Executing OCC strategy token: occ-backw-sub
c o [occ-backw-sub-long-w-long] rem cl: 1 tried: 275/275 (100.0%) T: 0.00 T-out: N T-r: 99.82%
c o --> Executing strategy token: must-renumber
c o [renumber] T: 0.00
c o [oracle-sparsify] done with 10 % oracle mems:     0 ccnr useful: 100.0% T: 0.0
c o [oracle-sparsify] done with 20 % oracle mems:     0 ccnr useful: 100.0% T: 0.0
c o [oracle-sparsify] done with 30 % oracle mems:     0 ccnr useful: 100.0% T: 0.0
c o [oracle-sparsify] done with 40 % oracle mems:     0 ccnr useful: 100.0% T: 0.0
c o [oracle-sparsify] done with 50 % oracle mems:     0 ccnr useful: 100.0% T: 0.0
c o [oracle-sparsify] done with 60 % oracle mems:     0 ccnr useful: 100.0% T: 0.0
c o [oracle-sparsify] done with 70 % oracle mems:     0 ccnr useful: 100.0% T: 0.0
c o [oracle-sparsify] done with 80 % oracle mems:     0 ccnr useful: 100.0% T: 0.0
c o [oracle-sparsify] done with 90 % oracle mems:     0 ccnr useful: 100.0% T: 0.0
c o [oracle-sparsify] removed: 0 of which bin: 0 tot considered: 291 ccnr useful: 291 oracle uknown: 0 cache useful: 0% learnt-units: 0 T: 0.00 buildT: 0.00
c o [consolidate] mini T: 0.00
c o global_timeout_multiplier: 0.1100
c o [branch] rebuilding order heap for all branchings. Current branching: vsids
c o --> Executing strategy token: must-scc-vrepl
c o [scc] new: 0 BP 0M T: 0.00
c o [vrep] vars 0 lits 0 rem-bin-cls 0 rem-long-cls 0 BP 0M T: 0.00
c o --> Executing strategy token: full-probe
c o [full-probe]  bin_only: 0 set: 0 repl: 0 T: 0.00 T-out: N T-r: 99.77%
c o --> Executing strategy token: sub-impl
c o [impl-sub] bin: 0 T: 0.00 T-out: N w-visit: 174
c o --> Executing strategy token: sub-cls-with-bin
c o [distill] watch-based irred--  cl tried      252 cl-sh     0 cl-rem    0 lit-rem      0 T: 0.00 T-out: N
c o [distill] watch-based   red--  cl tried        0 cl-sh     0 cl-rem    0 lit-rem      0 T: 0.00 T-out: N
c o --> Executing strategy token: distill-cls-onlyrem
c o [distill-long-irred] cls tried: 252/252 T: 0.00 T-out: N T-r: 99.94%
c o Executing OCC strategy token(s): 'occ-backw-sub,occ-resolv-subs,occ-rem-with-orgates,occ-ternary-res,
c o [occ] mem usage for occur      0 MB
c o [occ] Linked in IRRED BIN by default: 39
c o [occ] Linked in RED   BIN by default: 2
c o [occ] mem usage for occur      0 MB
c o Mem for watch alloc    : 0           MB (0.43      %)
c o Mem for watch array    : 0           MB (0.06      %)
c o Executing OCC strategy token: occ-backw-sub
c o [occ-backw-sub-long-w-long] rem cl: 0 tried: 274/274 (100.0%) T: 0.00 T-out: N T-r: 99.83%
c o Executing OCC strategy token: occ-resolv-subs
c o [occ-resolv-subs] removed: 0 checked: 3966 T: 0.0
c o Executing OCC strategy token: occ-rem-with-orgates
c o [occ-gates] found:     2 avg-s: 2.0 T: 0.00 T-out: N T-r: 99.76%
c o [occ-gate-based-lit-rem] lit-rem: 0 cl-rem: 0 T: 0.00 T-out: N
c o Executing OCC strategy token: occ-ternary-res
c o [occ-ternary-res] Ternary res-tri: 14 res-bin: 0 sub: 2 str: 0 T: 0.00 T-out: N T-r: 99.62%
c o --> Executing strategy token: must-scc-vrepl
c o [scc] new: 0 BP 0M T: 0.00
c o [vrep] vars 0 lits 0 rem-bin-cls 0 rem-long-cls 0 BP 0M T: 0.00
c o Executing OCC strategy token(s): 'occ-bve,
c o [occ] mem usage for occur      0 MB
c o [occ] Linked in IRRED BIN by default: 39
c o [occ] Linked in RED   BIN by default: 2
c o [occ] mem usage for occur      0 MB
c o Mem for watch alloc    : 0           MB (0.43      %)
c o Mem for watch array    : 0           MB (0.06      %)
c o Executing OCC strategy token: occ-bve
c o [occ-empty-res] Empty resolvent elimed: 0 T: 0.00 T-out: N
c o [occ-bve] iter v-elim 0
c o cl_inc_rate=1.00, var_dec_rate=1.00 (grow=0)
c o Reduced to 87 vars, 291 cls (grow=0)
c o [occ-bve] turning off picosat-based irreg gate detection, added lits:  7079
c o [occ-bve] iter v-elim 1
c o cl_inc_rate=0.99, var_dec_rate=1.01 (grow=3)
c o Reduced to 86 vars, 289 cls (grow=3)
c o [occ-bve] iter v-elim 0
c o cl_inc_rate=1.00, var_dec_rate=1.00 (grow=4)
c o Reduced to 86 vars, 289 cls (grow=4)
c o [occ-bve] iter v-elim 0
c o cl_inc_rate=1.00, var_dec_rate=1.00 (grow=6)
c o Reduced to 86 vars, 289 cls (grow=6)
c o x n vars       : 86
c o #try to eliminate:   163
c o #var-elim        :     1
c o #T-o: N
c o #T-r: 100.00%
c o #T  : 0.00
c o [occur] 0.00 is overhead
c o [occur] link-in T: 0.00 cleanup T: 0.00
c o [occ-xor-bve] elimed: 0 T: 0.00 T-out: N
c o --> Executing strategy token: sub-impl
c o [impl-sub] bin: 0 T: 0.00 T-out: N w-visit: 174
c o --> Executing strategy token: distill-cls-onlyrem
c o [distill-long-irred] cls tried: 250/250 T: 0.00 T-out: N T-r: 99.94%
c o --> Executing strategy token: intree-probe
c o [scc] new: 0 BP 0M T: 0.00
c o [vrep] vars 0 lits 0 rem-bin-cls 0 rem-long-cls 0 BP 0M T: 0.00
c o [intree] Set 0 vars hyper-added: 4 trans-irred: 0 trans-red: 0 T: 0.00 T-out: N T-r: -0.16%
c o Executing OCC strategy token(s): 'occ-backw-sub-str,
c o [occ] mem usage for occur      0 MB
c o [occ] Linked in IRRED BIN by default: 39
c o [occ] Linked in RED   BIN by default: 6
c o [occ] mem usage for occur      0 MB
c o Mem for watch alloc    : 0           MB (0.43      %)
c o Mem for watch array    : 0           MB (0.06      %)
c o Executing OCC strategy token: occ-backw-sub-str
c o [occ-backw-sub-str-long-w-bins] subs: 0 str: 0 tried: 592 0-depth ass: 0 T: 0.00 T-out: N T-r: 99.71%
c o [occ-backw-sub-long-w-long] rem cl: 0 tried: 278/278 (100.0%) T: 0.00 T-out: N T-r: 99.82%
c o [occ-backw-sub-str-long-w-long] sub: 0 str: 0 tried: 834/278 (300.0)  T: 0.00 T-out: N T-r: 98.92%
c o --> Executing strategy token: sub-str-cls-with-bin
c o [distill] watch-based irred--  cl tried      496 cl-sh     0 cl-rem    0 lit-rem      0 T: 0.00 T-out: N
c o [distill] watch-based   red--  cl tried        0 cl-sh     0 cl-rem    0 lit-rem      0 T: 0.00 T-out: N
c o --> Executing strategy token: clean-cls
c o --> Executing strategy token: distill-cls
c o [distill-long-irred] cls tried: 248/248 T: 0.00 T-out: N T-r: 99.94%
c o [distill-long-irred] cls tried: 247/247 T: 0.00 T-out: N T-r: 99.93%
c o --> Executing strategy token: distill-bins
c o [distill-bin] useful: 0/39/39 lits-rem: 0 cl-rem: 0 0-depth-assigns: 0 T: 0.00 T-out: N
c o Executing OCC strategy token(s): 'occ-backw-sub,
c o [occ] mem usage for occur      0 MB
c o [occ] Linked in IRRED BIN by default: 39
c o [occ] Linked in RED   BIN by default: 6
c o [occ] mem usage for occur      0 MB
c o Mem for watch alloc    : 0           MB (0.43      %)
c o Mem for watch array    : 0           MB (0.06      %)
c o Executing OCC strategy token: occ-backw-sub
c o [occ-backw-sub-long-w-long] rem cl: 0 tried: 277/277 (100.0%) T: 0.00 T-out: N T-r: 99.83%
c o [consolidate] mini T: 0.00
c o global_timeout_multiplier: 0.1100
c o [branch] rebuilding order heap for all branchings. Current branching: vsids
c o --> Executing strategy token: must-scc-vrepl
c o [scc] new: 0 BP 0M T: 0.00
c o [vrep] vars 0 lits 0 rem-bin-cls 0 rem-long-cls 0 BP 0M T: 0.00
c o --> Executing strategy token: full-probe
c o [full-probe]  bin_only: 0 set: 0 repl: 0 T: 0.00 T-out: N T-r: 99.76%
c o --> Executing strategy token: sub-impl
c o [impl-sub] bin: 0 T: 0.00 T-out: N w-visit: 174
c o --> Executing strategy token: sub-cls-with-bin
c o [distill] watch-based irred--  cl tried      247 cl-sh     0 cl-rem    0 lit-rem      0 T: 0.00 T-out: N
c o [distill] watch-based   red--  cl tried        0 cl-sh     0 cl-rem    0 lit-rem      0 T: 0.00 T-out: N
c o --> Executing strategy token: distill-cls-onlyrem
c o [distill-long-irred] cls tried: 247/247 T: 0.00 T-out: N T-r: 99.94%
c o Executing OCC strategy token(s): 'occ-backw-sub,occ-resolv-subs,occ-rem-with-orgates,occ-ternary-res,
c o [occ] mem usage for occur      0 MB
c o [occ] Linked in IRRED BIN by default: 39
c o [occ] Linked in RED   BIN by default: 6
c o [occ] mem usage for occur      0 MB
c o Mem for watch alloc    : 0           MB (0.43      %)
c o Mem for watch array    : 0           MB (0.06      %)
c o Executing OCC strategy token: occ-backw-sub
c o [occ-backw-sub-long-w-long] rem cl: 0 tried: 277/277 (100.0%) T: 0.00 T-out: N T-r: 99.83%
c o Executing OCC strategy token: occ-resolv-subs
c o [occ-resolv-subs] removed: 0 checked: 3906 T: 0.0
c o Executing OCC strategy token: occ-rem-with-orgates
c o [occ-gates] found:     2 avg-s: 2.0 T: 0.00 T-out: N T-r: 99.76%
c o [occ-gate-based-lit-rem] lit-rem: 0 cl-rem: 0 T: 0.00 T-out: N
c o Executing OCC strategy token: occ-ternary-res
c o [occ-ternary-res] Ternary res-tri: 4 res-bin: 0 sub: 2 str: 0 T: 0.00 T-out: N T-r: 99.95%
c o --> Executing strategy token: must-scc-vrepl
c o [scc] new: 0 BP 0M T: 0.00
c o [vrep] vars 0 lits 0 rem-bin-cls 0 rem-long-cls 0 BP 0M T: 0.00
c o Executing OCC strategy token(s): 'occ-bve,
c o [occ] mem usage for occur      0 MB
c o [occ] Linked in IRRED BIN by default: 39
c o [occ] Linked in RED   BIN by default: 6
c o [occ] mem usage for occur      0 MB
c o Mem for watch alloc    : 0           MB (0.43      %)
c o Mem for watch array    : 0           MB (0.06      %)
c o Executing OCC strategy token: occ-bve
c o [occ-empty-res] Empty resolvent elimed: 0 T: 0.00 T-out: N
c o [occ-bve] iter v-elim 0
c o cl_inc_rate=1.00, var_dec_rate=1.00 (grow=0)
c o Reduced to 86 vars, 286 cls (grow=0)
c o [occ-bve] iter v-elim 0
c o cl_inc_rate=1.00, var_dec_rate=1.00 (grow=3)
c o Reduced to 86 vars, 286 cls (grow=3)
c o [occ-bve] iter v-elim 0
c o cl_inc_rate=1.00, var_dec_rate=1.00 (grow=4)
c o Reduced to 86 vars, 286 cls (grow=4)
c o [occ-bve] iter v-elim 0
c o cl_inc_rate=1.00, var_dec_rate=1.00 (grow=6)
c o Reduced to 86 vars, 286 cls (grow=6)
c o x n vars       : 86
c o #try to eliminate:   156
c o #var-elim        :     0
c o #T-o: N
c o #T-r: 100.00%
c o #T  : 0.00
c o [occur] 0.00 is overhead
c o [occur] link-in T: 0.00 cleanup T: 0.00
c o [occ-xor-bve] elimed: 0 T: 0.00 T-out: N
c o --> Executing strategy token: sub-impl
c o [impl-sub] bin: 0 T: 0.00 T-out: N w-visit: 174
c o --> Executing strategy token: distill-cls-onlyrem
c o [distill-long-irred] cls tried: 247/247 T: 0.00 T-out: N T-r: 99.94%
c o --> Executing strategy token: intree-probe
c o [scc] new: 0 BP 0M T: 0.00
c o [vrep] vars 0 lits 0 rem-bin-cls 0 rem-long-cls 0 BP 0M T: 0.00
c o [intree] Set 0 vars hyper-added: 0 trans-irred: 0 trans-red: 0 T: 0.00 T-out: N T-r: -0.16%
c o Executing OCC strategy token(s): 'occ-backw-sub-str,
c o [occ] mem usage for occur      0 MB
c o [occ] Linked in IRRED BIN by default: 39
c o [occ] Linked in RED   BIN by default: 6
c o [occ] mem usage for occur      0 MB
c o Mem for watch alloc    : 0           MB (0.43      %)
c o Mem for watch array    : 0           MB (0.06      %)
c o Executing OCC strategy token: occ-backw-sub-str
c o [occ-backw-sub-str-long-w-bins] subs: 0 str: 0 tried: 637 0-depth ass: 0 T: 0.00 T-out: N T-r: 99.71%
c o [occ-backw-sub-long-w-long] rem cl: 0 tried: 279/279 (100.0%) T: 0.00 T-out: N T-r: 99.82%
c o [occ-backw-sub-str-long-w-long] sub: 0 str: 0 tried: 837/279 (300.0)  T: 0.00 T-out: N T-r: 98.92%
c o --> Executing strategy token: sub-str-cls-with-bin
c o [distill] watch-based irred--  cl tried      494 cl-sh     0 cl-rem    0 lit-rem      0 T: 0.00 T-out: N
c o [distill] watch-based   red--  cl tried        0 cl-sh     0 cl-rem    0 lit-rem      0 T: 0.00 T-out: N
c o --> Executing strategy token: clean-cls
c o --> Executing strategy token: distill-cls
c o [distill-long-irred] cls tried: 247/247 T: 0.00 T-out: N T-r: 99.94%
c o [distill-long-irred] cls tried: 247/247 T: 0.00 T-out: N T-r: 99.93%
c o --> Executing strategy token: distill-bins
c o [distill-bin] useful: 0/39/39 lits-rem: 0 cl-rem: 0 0-depth-assigns: 0 T: 0.00 T-out: N
c o Executing OCC strategy token(s): 'occ-backw-sub,
c o [occ] mem usage for occur      0 MB
c o [occ] Linked in IRRED BIN by default: 39
c o [occ] Linked in RED   BIN by default: 6
c o [occ] mem usage for occur      0 MB
c o Mem for watch alloc    : 0           MB (0.43      %)
c o Mem for watch array    : 0           MB (0.06      %)
c o Executing OCC strategy token: occ-backw-sub
c o [occ-backw-sub-long-w-long] rem cl: 0 tried: 279/279 (100.0%) T: 0.00 T-out: N T-r: 99.82%
c o [consolidate] mini T: 0.00
c o global_timeout_multiplier: 0.1100
c o [branch] rebuilding order heap for all branchings. Current branching: vsids
c o --> Executing strategy token: oracle-vivif-fast
c o --> Executing strategy token: must-renumber
c o [renumber] T: 0.00
c o [oracle-bin] potential pairs: 640 T: 0.0001
c o --> Executing strategy token: must-scc-vrepl
c o [scc] new: 0 BP 0M T: 0.00
c o [vrep] vars 0 lits 0 rem-bin-cls 0 rem-long-cls 0 BP 0M T: 0.00
c o [oracle-vivif] lits-rem: 0 learnt-units: 0 T-out: N T-remain: 96.1560% T: 0.00
c o [oracle-bin] bin-added: 41 equiv-added: 0 T-out: N T-remain: 98.69% T: 0.00
c o [oracle-vivif] cache usefulness: 86% total T: 0.00
c o --> Executing strategy token: oracle-sparsify-fast
c o --> Executing strategy token: sub-impl
c o [impl-sub] bin: 43 T: 0.00 T-out: N w-visit: 172
c o Executing OCC strategy token(s): 'occ-backw-sub,
c o [occ] mem usage for occur      0 MB
c o [occ] Linked in IRRED BIN by default: 39
c o [occ] Linked in RED   BIN by default: 6
c o [occ] mem usage for occur      0 MB
c o Mem for watch alloc    : 0           MB (0.43      %)
c o Mem for watch array    : 0           MB (0.06      %)
c o Executing OCC strategy token: occ-backw-sub
c o [occ-backw-sub-long-w-long] rem cl: 0 tried: 287/287 (100.0%) T: 0.00 T-out: N T-r: 99.82%
c o --> Executing strategy token: must-renumber
c o [renumber] T: 0.00
c o [oracle-sparsify] done with 10 % oracle mems:     0 ccnr useful: 100.0% T: 0.0
c o [oracle-sparsify] done with 20 % oracle mems:     0 ccnr useful: 100.0% T: 0.0
c o [oracle-sparsify] done with 30 % oracle mems:     0 ccnr useful: 100.0% T: 0.0
c o [oracle-sparsify] done with 40 % oracle mems:     0 ccnr useful: 100.0% T: 0.0
c o [oracle-sparsify] done with 50 % oracle mems:     0 ccnr useful: 100.0% T: 0.0
c o [oracle-sparsify] done with 60 % oracle mems:     0 ccnr useful: 100.0% T: 0.0
c o [oracle-sparsify] done with 70 % oracle mems:     0 ccnr useful: 100.0% T: 0.0
c o [oracle-sparsify] done with 80 % oracle mems:     0 ccnr useful: 100.0% T: 0.0
c o [oracle-sparsify] done with 90 % oracle mems:     0 ccnr useful: 100.0% T: 0.0
c o [oracle-sparsify] removed: 0 of which bin: 0 tot considered: 286 ccnr useful: 286 oracle uknown: 0 cache useful: 0% learnt-units: 0 T: 0.00 buildT: 0.00
c o [consolidate] mini T: 0.00
c o global_timeout_multiplier: 0.1100
c o [branch] rebuilding order heap for all branchings. Current branching: vsids
c o Executing OCC strategy token(s): 'occ-bve,
c o [occ] mem usage for occur      0 MB
c o [occ] Linked in IRRED BIN by default: 39
c o [occ] Linked in RED   BIN by default: 6
c o [occ] mem usage for occur      0 MB
c o Mem for watch alloc    : 0           MB (0.43      %)
c o Mem for watch array    : 0           MB (0.06      %)
c o Executing OCC strategy token: occ-bve
c o [occ-empty-res] Empty resolvent elimed: 0 T: 0.00 T-out: N
c o [occ-bve] iter v-elim 0
c o cl_inc_rate=1.00, var_dec_rate=1.00 (grow=0)
c o Reduced to 86 vars, 286 cls (grow=0)
c o x n vars       : 86
c o #try to eliminate:    39
c o #var-elim        :     0
c o #T-o: N
c o #T-r: 100.00%
c o #T  : 0.00
c o [occur] 0.00 is overhead
c o [occur] link-in T: 0.00 cleanup T: 0.00
c o [occ-xor-bve] elimed: 0 T: 0.00 T-out: N
c o [consolidate] mini T: 0.00
c o global_timeout_multiplier: 0.1100
c o [branch] rebuilding order heap for all branchings. Current branching: vsids
c o --> Executing strategy token: must-scc-vrepl
c o [scc] new: 0 BP 0M T: 0.00
c o [vrep] vars 0 lits 0 rem-bin-cls 0 rem-long-cls 0 BP 0M T: 0.00
c o --> Executing strategy token: must-renumber
c o [renumber] T: 0.00
c o [consolidate] mini T: 0.00
c o global_timeout_multiplier: 0.1100
c o [branch] rebuilding order heap for all branchings. Current branching: vsids
c o [occ] mem usage for occur      0 MB
c o [occ] Linked in IRRED BIN by default: 39
c o [occ] Linked in RED   BIN by default: 6
c o [occ] mem usage for occur      0 MB
c o Mem for watch alloc    : 0           MB (0.43      %)
c o Mem for watch array    : 0           MB (0.06      %)
c o [empty] empty_occ: 0 T: 0.00
c o Executing OCC strategy token(s): 'occ-bve-empty,
c o [occ] mem usage for occur      0 MB
c o [occ] Linked in IRRED BIN by default: 39
c o [occ] Linked in RED   BIN by default: 6
c o [occ] mem usage for occur      0 MB
c o Mem for watch alloc    : 0           MB (0.43      %)
c o Mem for watch array    : 0           MB (0.06      %)
c o Executing OCC strategy token: occ-bve-empty
c o [occ-empty-res] Empty resolvent elimed: 0 T: 0.00 T-out: N
c o --> Executing strategy token: must-renumber
c o [renumber] T: 0.00
c o [consolidate] mini T: 0.00
c o global_timeout_multiplier: 0.1100
c o [branch] rebuilding order heap for all branchings. Current branching: vsids
c o [0m[puura] new_empty_sampl_vars size: 0[0m
c o [get-cnf] Checking for variables mapping to same new var to set AIG definitions...
c o solver orig num vars: 301 solver simp num vars: 86
c o [0m[31m[puura] Done. final vars: 86 final cls: 286 T: 0.04[0m
c o [0m[31m[autarky] Found autarkies: 0 autarky vars: 0 T-out: N T: 0.00[0m
c o --> Executing strategy token: must-scc-vrepl
c o [scc] new: 0 BP 0M T: 0.00
c o [vrep] vars 0 lits 0 rem-bin-cls 0 rem-long-cls 0 BP 0M T: 0.00
c o --> Executing strategy token: full-probe
c o [full-probe]  bin_only: 0 set: 0 repl: 0 T: 0.00 T-out: N T-r: 99.76%
c o --> Executing strategy token: sub-impl
c o [impl-sub] bin: 0 T: 0.00 T-out: N w-visit: 172
c o --> Executing strategy token: sub-cls-with-bin
c o [distill] watch-based irred--  cl tried      247 cl-sh     0 cl-rem    0 lit-rem      0 T: 0.00 T-out: N
c o [distill] watch-based   red--  cl tried        0 cl-sh     0 cl-rem    0 lit-rem      0 T: 0.00 T-out: N
c o --> Executing strategy token: distill-cls-onlyrem
c o [distill-long-irred] cls tried: 247/247 T: 0.00 T-out: N T-r: 99.94%
c o Executing OCC strategy token(s): 'occ-backw-sub,occ-resolv-subs,occ-rem-with-orgates,occ-ternary-res,
c o [occ] mem usage for occur      0 MB
c o [occ] Linked in IRRED BIN by default: 39
c o [occ] Linked in RED   BIN by default: 6
c o Mem for watch alloc    : 0           MB (0.19      %)
c o Mem for watch array    : 0           MB (0.08      %)
c o Executing OCC strategy token: occ-backw-sub
c o [occ-backw-sub-long-w-long] rem cl: 0 tried: 287/287 (100.0%) T: 0.00 T-out: N T-r: 99.82%
c o Executing OCC strategy token: occ-resolv-subs
c o [occ-resolv-subs] removed: 0 checked: 3906 T: 0.0
c o Executing OCC strategy token: occ-rem-with-orgates
c o [occ-gates] found:     2 avg-s: 2.0 T: 0.00 T-out: N T-r: 99.76%
c o [occ-gate-based-lit-rem] lit-rem: 0 cl-rem: 0 T: 0.00 T-out: N
c o Executing OCC strategy token: occ-ternary-res
c o [occ-ternary-res] Ternary res-tri: 12 res-bin: 0 sub: 2 str: 0 T: 0.00 T-out: N T-r: 99.63%
c o --> Executing strategy token: must-scc-vrepl
c o [scc] new: 0 BP 0M T: 0.00
c o [vrep] vars 0 lits 0 rem-bin-cls 0 rem-long-cls 0 BP 0M T: 0.00
c o Executing OCC strategy token(s): 'occ-bve,
c o [occ] mem usage for occur      0 MB
c o [occ] Linked in IRRED BIN by default: 39
c o [occ] Linked in RED   BIN by default: 6
c o Mem for watch alloc    : 0           MB (0.19      %)
c o Mem for watch array    : 0           MB (0.08      %)
c o Executing OCC strategy token: occ-bve
c o [occ-empty-res] Empty resolvent elimed: 0 T: 0.00 T-out: N
c o [occ-bve] iter v-elim 0
c o cl_inc_rate=1.00, var_dec_rate=1.00 (grow=0)
c o Reduced to 86 vars, 286 cls (grow=0)
c o x n vars       : 86
c o #try to eliminate:    39
c o #var-elim        :     0
c o #T-o: N
c o #T-r: 100.00%
c o #T  : 0.00
c o [occur] 0.00 is overhead
c o [occur] link-in T: 0.00 cleanup T: 0.00
c o [occ-xor-bve] elimed: 0 T: 0.00 T-out: N
c o --> Executing strategy token: sub-impl
c o [impl-sub] bin: 0 T: 0.00 T-out: N w-visit: 172
c o --> Executing strategy token: distill-cls-onlyrem
c o [distill-long-irred] cls tried: 247/247 T: 0.00 T-out: N T-r: 99.94%
c o --> Executing strategy token: intree-probe
c o [scc] new: 0 BP 0M T: 0.00
c o [vrep] vars 0 lits 0 rem-bin-cls 0 rem-long-cls 0 BP 0M T: 0.00
c o [intree] Set 0 vars hyper-added: 0 trans-irred: 0 trans-red: 0 T: 0.00 T-out: N T-r: -0.07%
c o Executing OCC strategy token(s): 'occ-backw-sub-str,
c o [occ] mem usage for occur      0 MB
c o [occ] Linked in IRRED BIN by default: 39
c o [occ] Linked in RED   BIN by default: 6
c o Mem for watch alloc    : 0           MB (0.20      %)
c o Mem for watch array    : 0           MB (0.08      %)
c o Executing OCC strategy token: occ-backw-sub-str
c o [occ-backw-sub-str-long-w-bins] subs: 0 str: 0 tried: 45 0-depth ass: 0 T: 0.00 T-out: N T-r: 99.72%
c o [occ-backw-sub-long-w-long] rem cl: 0 tried: 297/297 (100.0%) T: 0.00 T-out: N T-r: 99.81%
c o [occ-backw-sub-str-long-w-long] sub: 0 str: 0 tried: 891/297 (300.0)  T: 0.00 T-out: N T-r: 98.87%
c o --> Executing strategy token: sub-str-cls-with-bin
c o [distill] watch-based irred--  cl tried      494 cl-sh     0 cl-rem    0 lit-rem      0 T: 0.00 T-out: N
c o [distill] watch-based   red--  cl tried        0 cl-sh     0 cl-rem    0 lit-rem      0 T: 0.00 T-out: N
c o --> Executing strategy token: clean-cls
c o --> Executing strategy token: distill-cls
c o [distill-long-irred] cls tried: 247/247 T: 0.00 T-out: N T-r: 99.94%
c o [distill-long-irred] cls tried: 247/247 T: 0.00 T-out: N T-r: 99.93%
c o --> Executing strategy token: distill-bins
c o [distill-bin] useful: 0/39/39 lits-rem: 0 cl-rem: 0 0-depth-assigns: 0 T: 0.00 T-out: N
c o [consolidate] mini T: 0.00
c o global_timeout_multiplier: 0.1100
c o [branch] rebuilding order heap for all branchings. Current branching: vsids
c o --> Executing strategy token: oracle-vivif-sparsify
c o --> Executing strategy token: must-renumber
c o [renumber] T: 0.00
c o [oracle-bin] potential pairs: 640 T: 0.0000
c o --> Executing strategy token: must-scc-vrepl
c o [scc] new: 0 BP 0M T: 0.00
c o [vrep] vars 0 lits 0 rem-bin-cls 0 rem-long-cls 0 BP 0M T: 0.00
c o [oracle-vivif] lits-rem: 0 learnt-units: 0 T-out: N T-remain: 98.6564% T: 0.00
c o [oracle-bin] bin-added: 41 equiv-added: 0 T-out: N T-remain: 98.50% T: 0.00
c o [oracle-vivif] cache usefulness: 85% total T: 0.00
c o --> Executing strategy token: sub-impl
c o [impl-sub] bin: 43 T: 0.00 T-out: N w-visit: 172
c o Executing OCC strategy token(s): 'occ-backw-sub,
c o [occ] mem usage for occur      0 MB
c o [occ] Linked in IRRED BIN by default: 39
c o [occ] Linked in RED   BIN by default: 6
c o Mem for watch alloc    : 0           MB (0.21      %)
c o Mem for watch array    : 0           MB (0.06      %)
c o Executing OCC strategy token: occ-backw-sub
c o [occ-backw-sub-long-w-long] rem cl: 0 tried: 301/301 (100.0%) T: 0.00 T-out: N T-r: 99.81%
c o --> Executing strategy token: must-renumber
c o [renumber] T: 0.00
c o [oracle-sparsify] done with 10 % oracle mems:     0 ccnr useful: 100.0% T: 0.0
c o [oracle-sparsify] done with 20 % oracle mems:     0 ccnr useful: 100.0% T: 0.0
c o [oracle-sparsify] done with 30 % oracle mems:     0 ccnr useful: 100.0% T: 0.0
c o [oracle-sparsify] done with 40 % oracle mems:     0 ccnr useful: 100.0% T: 0.0
c o [oracle-sparsify] done with 50 % oracle mems:     0 ccnr useful: 100.0% T: 0.0
c o [oracle-sparsify] done with 60 % oracle mems:     0 ccnr useful: 100.0% T: 0.0
c o [oracle-sparsify] done with 70 % oracle mems:     0 ccnr useful: 100.0% T: 0.0
c o [oracle-sparsify] done with 80 % oracle mems:     0 ccnr useful: 100.0% T: 0.0
c o [oracle-sparsify] done with 90 % oracle mems:     0 ccnr useful: 100.0% T: 0.0
c o [oracle-sparsify] removed: 0 of which bin: 0 tot considered: 286 ccnr useful: 286 oracle uknown: 0 cache useful: 0% learnt-units: 0 T: 0.00 buildT: 0.00
c o [consolidate] mini T: 0.00
c o global_timeout_multiplier: 0.1100
c o [branch] rebuilding order heap for all branchings. Current branching: vsids
c o --> Executing strategy token: must-scc-vrepl
c o [scc] new: 0 BP 0M T: 0.00
c o [vrep] vars 0 lits 0 rem-bin-cls 0 rem-long-cls 0 BP 0M T: 0.00
c o --> Executing strategy token: full-probe
c o [full-probe]  bin_only: 0 set: 0 repl: 0 T: 0.00 T-out: N T-r: 99.76%
c o --> Executing strategy token: sub-impl
c o [impl-sub] bin: 0 T: 0.00 T-out: N w-visit: 172
c o --> Executing strategy token: sub-cls-with-bin
c o [distill] watch-based irred--  cl tried      247 cl-sh     0 cl-rem    0 lit-rem      0 T: 0.00 T-out: N
c o [distill] watch-based   red--  cl tried        0 cl-sh     0 cl-rem    0 lit-rem      0 T: 0.00 T-out: N
c o --> Executing strategy token: distill-cls-onlyrem
c o [distill-long-irred] cls tried: 247/247 T: 0.00 T-out: N T-r: 99.94%
c o Executing OCC strategy token(s): 'occ-backw-sub,occ-resolv-subs,occ-rem-with-orgates,occ-ternary-res,
c o [occ] mem usage for occur      0 MB
c o [occ] Linked in IRRED BIN by default: 39
c o [occ] Linked in RED   BIN by default: 6
c o [occ] mem usage for occur      0 MB
c o Mem for watch alloc    : 0           MB (0.21      %)
c o Mem for watch array    : 0           MB (0.06      %)
c o Executing OCC strategy token: occ-backw-sub
c o [occ-backw-sub-long-w-long] rem cl: 0 tried: 301/301 (100.0%) T: 0.00 T-out: N T-r: 99.80%
c o Executing OCC strategy token: occ-resolv-subs
c o [occ-resolv-subs] removed: 0 checked: 3906 T: 0.0
c o Executing OCC strategy token: occ-rem-with-orgates
c o [occ-gates] found:     2 avg-s: 2.0 T: 0.00 T-out: N T-r: 99.76%
c o [occ-gate-based-lit-rem] lit-rem: 0 cl-rem: 0 T: 0.00 T-out: N
c o Executing OCC strategy token: occ-ternary-res
c o [occ-ternary-res] Ternary res-tri: 12 res-bin: 0 sub: 2 str: 0 T: 0.00 T-out: N T-r: 99.63%
c o --> Executing strategy token: must-scc-vrepl
c o [scc] new: 0 BP 0M T: 0.00
c o [vrep] vars 0 lits 0 rem-bin-cls 0 rem-long-cls 0 BP 0M T: 0.00
c o Executing OCC strategy token(s): 'occ-bve,
c o [occ] mem usage for occur      0 MB
c o [occ] Linked in IRRED BIN by default: 39
c o [occ] Linked in RED   BIN by default: 6
c o [occ] mem usage for occur      0 MB
c o Mem for watch alloc    : 0           MB (0.21      %)
c o Mem for watch array    : 0           MB (0.06      %)
c o Executing OCC strategy token: occ-bve
c o [occ-empty-res] Empty resolvent elimed: 0 T: 0.00 T-out: N
c o [occ-bve] iter v-elim 0
c o cl_inc_rate=1.00, var_dec_rate=1.00 (grow=0)
c o Reduced to 86 vars, 286 cls (grow=0)
c o x n vars       : 86
c o #try to eliminate:    39
c o #var-elim        :     0
c o #T-o: N
c o #T-r: 100.00%
c o #T  : 0.00
c o [occur] 0.00 is overhead
c o [occur] link-in T: 0.00 cleanup T: 0.00
c o [occ-xor-bve] elimed: 0 T: 0.00 T-out: N
c o --> Executing strategy token: sub-impl
c o [impl-sub] bin: 0 T: 0.00 T-out: N w-visit: 172
c o --> Executing strategy token: distill-cls-onlyrem
c o [distill-long-irred] cls tried: 247/247 T: 0.00 T-out: N T-r: 99.93%
c o --> Executing strategy token: intree-probe
c o [scc] new: 0 BP 0M T: 0.00
c o [vrep] vars 0 lits 0 rem-bin-cls 0 rem-long-cls 0 BP 0M T: 0.00
c o [intree] Set 0 vars hyper-added: 0 trans-irred: 0 trans-red: 0 T: 0.00 T-out: N T-r: -0.19%
c o Executing OCC strategy token(s): 'occ-backw-sub-str,
c o [occ] mem usage for occur      0 MB
c o [occ] Linked in IRRED BIN by default: 39
c o [occ] Linked in RED   BIN by default: 6
c o [occ] mem usage for occur      0 MB
c o Mem for watch alloc    : 0           MB (0.22      %)
c o Mem for watch array    : 0           MB (0.06      %)
c o Executing OCC strategy token: occ-backw-sub-str
c o [occ-backw-sub-str-long-w-bins] subs: 0 str: 0 tried: 90 0-depth ass: 0 T: 0.00 T-out: N T-r: 99.71%
c o [occ-backw-sub-long-w-long] rem cl: 0 tried: 311/311 (100.0%) T: 0.00 T-out: N T-r: 99.80%
c o [occ-backw-sub-str-long-w-long] sub: 0 str: 0 tried: 933/311 (300.0)  T: 0.00 T-out: N T-r: 98.76%
c o --> Executing strategy token: sub-str-cls-with-bin
c o [distill] watch-based irred--  cl tried      494 cl-sh     0 cl-rem    0 lit-rem      0 T: 0.00 T-out: N
c o [distill] watch-based   red--  cl tried        0 cl-sh     0 cl-rem    0 lit-rem      0 T: 0.00 T-out: N
c o --> Executing strategy token: clean-cls
c o --> Executing strategy token: distill-cls
c o [distill-long-irred] cls tried: 247/247 T: 0.00 T-out: N T-r: 99.93%
c o [distill-long-irred] cls tried: 247/247 T: 0.00 T-out: N T-r: 99.92%
c o --> Executing strategy token: distill-bins
c o [distill-bin] useful: 0/39/39 lits-rem: 0 cl-rem: 0 0-depth-assigns: 0 T: 0.00 T-out: N
c o Executing OCC strategy token(s): 'occ-backw-sub,
c o [occ] mem usage for occur      0 MB
c o [occ] Linked in IRRED BIN by default: 39
c o [occ] Linked in RED   BIN by default: 6
c o [occ] mem usage for occur      0 MB
c o Mem for watch alloc    : 0           MB (0.22      %)
c o Mem for watch array    : 0           MB (0.06      %)
c o Executing OCC strategy token: occ-backw-sub
c o [occ-backw-sub-long-w-long] rem cl: 0 tried: 311/311 (100.0%) T: 0.00 T-out: N T-r: 99.80%
c o [consolidate] mini T: 0.00
c o global_timeout_multiplier: 0.1100
c o [branch] rebuilding order heap for all branchings. Current branching: vsids
c o --> Executing strategy token: oracle-vivif-fast
c o --> Executing strategy token: must-renumber
c o [renumber] T: 0.00
c o [oracle-bin] potential pairs: 640 T: 0.0001
c o --> Executing strategy token: must-scc-vrepl
c o [scc] new: 0 BP 0M T: 0.00
c o [vrep] vars 0 lits 0 rem-bin-cls 0 rem-long-cls 0 BP 0M T: 0.00
c o [oracle-vivif] lits-rem: 0 learnt-units: 0 T-out: N T-remain: 96.2168% T: 0.00
c o [oracle-bin] bin-added: 41 equiv-added: 0 T-out: N T-remain: 98.30% T: 0.00
c o [oracle-vivif] cache usefulness: 85% total T: 0.00
c o --> Executing strategy token: oracle-sparsify-fast
c o --> Executing strategy token: sub-impl
c o [impl-sub] bin: 43 T: 0.00 T-out: N w-visit: 172
c o Executing OCC strategy token(s): 'occ-backw-sub,
c o [occ] mem usage for occur      0 MB
c o [occ] Linked in IRRED BIN by default: 39
c o [occ] Linked in RED   BIN by default: 6
c o [occ] mem usage for occur      0 MB
c o Mem for watch alloc    : 0           MB (0.22      %)
c o Mem for watch array    : 0           MB (0.06      %)
c o Executing OCC strategy token: occ-backw-sub
c o [occ-backw-sub-long-w-long] rem cl: 0 tried: 315/315 (100.0%) T: 0.00 T-out: N T-r: 99.80%
c o --> Executing strategy token: must-renumber
c o [renumber] T: 0.00
c o [oracle-sparsify] done with 10 % oracle mems:     0 ccnr useful: 100.0% T: 0.0
c o [oracle-sparsify] done with 20 % oracle mems:     0 ccnr useful: 100.0% T: 0.0
c o [oracle-sparsify] done with 30 % oracle mems:     0 ccnr useful: 100.0% T: 0.0
c o [oracle-sparsify] done with 40 % oracle mems:     0 ccnr useful: 100.0% T: 0.0
c o [oracle-sparsify] done with 50 % oracle mems:     0 ccnr useful: 100.0% T: 0.0
c o [oracle-sparsify] done with 60 % oracle mems:     0 ccnr useful: 100.0% T: 0.0
c o [oracle-sparsify] done with 70 % oracle mems:     0 ccnr useful: 100.0% T: 0.0
c o [oracle-sparsify] done with 80 % oracle mems:     0 ccnr useful: 100.0% T: 0.0
c o [oracle-sparsify] done with 90 % oracle mems:     0 ccnr useful: 100.0% T: 0.0
c o [oracle-sparsify] removed: 0 of which bin: 0 tot considered: 286 ccnr useful: 286 oracle uknown: 0 cache useful: 0% learnt-units: 0 T: 0.00 buildT: 0.00
c o [consolidate] mini T: 0.00
c o global_timeout_multiplier: 0.1100
c o [branch] rebuilding order heap for all branchings. Current branching: vsids
c o Executing OCC strategy token(s): 'occ-bve,
c o [occ] mem usage for occur      0 MB
c o [occ] Linked in IRRED BIN by default: 39
c o [occ] Linked in RED   BIN by default: 6
c o [occ] mem usage for occur      0 MB
c o Mem for watch alloc    : 0           MB (0.22      %)
c o Mem for watch array    : 0           MB (0.06      %)
c o Executing OCC strategy token: occ-bve
c o [occ-empty-res] Empty resolvent elimed: 0 T: 0.00 T-out: N
c o [occ-bve] iter v-elim 0
c o cl_inc_rate=1.00, var_dec_rate=1.00 (grow=0)
c o Reduced to 86 vars, 286 cls (grow=0)
c o x n vars       : 86
c o #try to eliminate:    39
c o #var-elim        :     0
c o #T-o: N
c o #T-r: 100.00%
c o #T  : 0.00
c o [occur] 0.00 is overhead
c o [occur] link-in T: 0.00 cleanup T: 0.00
c o [occ-xor-bve] elimed: 0 T: 0.00 T-out: N
c o [consolidate] mini T: 0.00
c o global_timeout_multiplier: 0.1100
c o [branch] rebuilding order heap for all branchings. Current branching: vsids
c o --> Executing strategy token: must-scc-vrepl
c o [scc] new: 0 BP 0M T: 0.00
c o [vrep] vars 0 lits 0 rem-bin-cls 0 rem-long-cls 0 BP 0M T: 0.00
c o --> Executing strategy token: must-renumber
c o [renumber] T: 0.00
c o [consolidate] mini T: 0.00
c o global_timeout_multiplier: 0.1100
c o [branch] rebuilding order heap for all branchings. Current branching: vsids
c o [occ] mem usage for occur      0 MB
c o [occ] Linked in IRRED BIN by default: 39
c o [occ] Linked in RED   BIN by default: 6
c o [occ] mem usage for occur      0 MB
c o Mem for watch alloc    : 0           MB (0.22      %)
c o Mem for watch array    : 0           MB (0.06      %)
c o [empty] empty_occ: 0 T: 0.00
c o Executing OCC strategy token(s): 'occ-bve-empty,
c o [occ] mem usage for occur      0 MB
c o [occ] Linked in IRRED BIN by default: 39
c o [occ] Linked in RED   BIN by default: 6
c o [occ] mem usage for occur      0 MB
c o Mem for watch alloc    : 0           MB (0.22      %)
c o Mem for watch array    : 0           MB (0.06      %)
c o Executing OCC strategy token: occ-bve-empty
c o [occ-empty-res] Empty resolvent elimed: 0 T: 0.00 T-out: N
c o --> Executing strategy token: must-renumber
c o [renumber] T: 0.00
c o [consolidate] mini T: 0.00
c o global_timeout_multiplier: 0.1100
c o [branch] rebuilding order heap for all branchings. Current branching: vsids
c o [0m[puura] new_empty_sampl_vars size: 0[0m
c o [get-cnf] Checking for variables mapping to same new var to set AIG definitions...
c o solver orig num vars: 86 solver simp num vars: 86
c o [0m[31m[puura] Done. final vars: 86 final cls: 286 T: 0.02[0m
c o [0m[arjun-sbva] entering SBVA with     vars: 86      cls:   286 opt sampl: 47[0m
c o [0m[arjun-sbva] exited SBVA with       vars: 86      cls:   286[0m
c o [0m[arjun-sbva] K steps remaining: 970.11 T-out: No T: 0.00[0m
c o [0m[extend-gates] Gates added to opt indep: 0 T: 0.00[0m
c o [0m[arjun-extend] Start unknown size: 39[0m
c o [0m[arjun-extend] ccnr. got back sols: 0 erased: 0 T: 0.00[0m
c o [0m[arjun-extend] Extend finished  orig size: 47 final size: 48 Undef: 0 T: 0.00 mem: 7 MB[0m
c o Arjun T: 0.08
c o Found 1 disconnected component(s)
c o [par] Using non-parallel counting
c o ind size: 47 nvars: 86
c o opt ind size: 48 ind size: 47 nvars: 86
c o Sampling set size: 47
c o Opt sampling set size: 48
c o Bin irred/red      39         6         
c o Long irred cls/tri 115        132       
c o Long red cls/tri   13         55        
c o [td] nodes: 48 nvars: 86 edges: 872
c o [td] Primal graph   nodes: 86 edges: 872 density: 0.118 edge/var: 10.140
c o [td] min degree heuristic
c o [td] #bags 2, tw 32, elapsed 0.000 s
c o [td] min shortcut heuristic
c o [td] run with 0.0/0.1/0.2 min balance and node_min_expansion in endless loop with varying seed
c o [td] iter 100 width: 31 stepsK remain: 99 T: 0.121
c o [td] iter 200 width: 31 stepsK remain: 98 T: 0.238
c o [td] iter 300 width: 31 stepsK remain: 98 T: 0.358
c o [td] iter 400 width: 31 stepsK remain: 97 T: 0.475
c o [td] iter 500 width: 31 stepsK remain: 97 T: 0.590
c o [td] iter 600 width: 31 stepsK remain: 96 T: 0.705
c o [td] iter 700 width: 31 stepsK remain: 95 T: 0.819
c o [td] iter 800 width: 31 stepsK remain: 95 T: 0.937
c o [td] centroid bag id: 0 bag size: 32
c o [td] centroid bag id: 0 bag size: 32
c o [td] weight: 7.000 nodes: 48 rt/width(=rt): 1.548 rt*conf.td_exp_mult: 1.703 conf.td_exp_mult: 1.100 conf.td_divider: 1000.000 max ord diff: 1
c o [td] decompose time: 1.055
c o [rst-cube] Num restarts: 0 orig cubes this rst: 1 final cubes this rst: 1 total orig cubes: 1 total final cubes: 1
c o total time so far: 7.375
c o decisions K                    1730      -- Kdec/s:     237.30   
c o conflicts                      7498         -- confl/s:    1028.43  
c o rem lits triedK/rem lits remK  7         0         
c o shrink tried/useful%/lits rem  7498      70.3521   17695     
c o avg clsz/rem lits avg/finalavg 24.0616   21.4996   21.4985  
c o rdbs/low lbd/rem               0     0      0     
c o looks/look-computes            0/0
c o sat call/sat/unsat/confl/rst  127905 127905 0     31    0     
c o buddy called /unsat ratio           0     / 0.0000 
c o buddy avg num bin/long cls/vs  0.0000 / 0.0000 / 0.0000
c o buddy max num bin/long cls/vs  0     / 0     / 0    
c o orig cubes/lit-r avg/exten avg 1     / 0.00  / 0.00 
c o cubes orig/symm/final          1     / 0     / 1    
c o cubes resolved/flp-removed     0     / 0    
c o tot restarts                   0    
c o comp sortsK/avg sz             1080  / 1.05612784
c o comps recordK/non-reset ratio  4121 / 1.00
c o vivif: try/cls/clviv/litsravg  0         0         0         0.00      
c o toplev subs runs/bins/long-cls 0         0         0         0         0         
c o toplevel probes/fail/bprop     0         0         0         
c o Mem used                       0.25 GB
c o cache pollutions call/removed  14494/4810
c o cache entries K                1136
c o MB cache                       179.949
c o cache K (lookup/ stores/ hits/ dels) 4109   1141   2968   0       -- Klookup/s:  563.42   
c o cache miss rate                0.278
c o avg hit/store num vars 4.785 / 27.893
c o 
c o intermediate count: 19792944721856
c o Total time [Arjun+GANAK]: 7.58
s SATISFIABLE
c s type pmc
c s log10-estimate 1.32965104e+01
c s exact arb int 19792944721856
c s pac guarantees epsilon: 0 delta: 0
