c o Ganak SHA1: 0b4881b40126fb5ae8a1b7c9fdd4878afa25b051
c o Arjun SHA1: 0b4881b40126fb5ae8a1b7c9fdd4878afa25b051
c o SBVA SHA1: 0b4881b40126fb5ae8a1b7c9fdd4878afa25b051
c o CMS SHA1: 0b4881b40126fb5ae8a1b7c9fdd4878afa25b051
c o ApproxMC SHA1: 0b4881b40126fb5ae8a1b7c9fdd4878afa25b051
c o Using ideas by JM Lagniez, and Pierre Marquis
c o     from paper: Improving Model Counting [..] IJCAI 2016
c o Using VMTF, picosat, CaDiCaL, and CadiBack code by Armin Biere
c o CMS is MIT licensed
c o Using code from 'When Boolean Satisfiability Meets Gauss-E. in a Simplex Way'
c o       by C.-S. Han and J.-H. Roland Jiang in CAV 2012. Fixes by M. Soos
c o Using CCAnr from 'CCAnr: A Conf. Checking Based Local Search Solver [...]'
c o       by Shaowei Cai, Chuan Luo, and Kaile Su, SAT 2015
c o Using Oracle code from 'Integrating Tree Decompositions [...]'
c o       by Tuukka Korhonen and Matti Jarvisalo, CP 2021
c o Using Graph library by Tuukka Korhonen and Matti Jarvisalo
c o Using Flowcutter by Ben Strasser
c o Ganak compilation env CMAKE_CXX_COMPILER = /usr/bin/c++ | CMAKE_CXX_FLAGS =  -fno-stack-protector -mpopcnt -msse4.2 -mpclmul -Wduplicated-cond -Wduplicated-branches -Wlogical-op -Wrestrict -Wnull-dereference -Wdouble-promotion -Wshadow -Wformat=2 -Wextra-semi -pedantic | COMPILE_DEFINES =  -DNDEBUG -D_FORTIFY_SOURCE=0 -DUSE_ZLIB | BUILD_SHARED_LIBS = OFF | ZLIB_FOUND = TRUE | ENABLE_ASSERTIONS = OFF | 
c o called with: /workspace/cm-packed-continuation/build/application-ganak/ganak --prob 0 --mode 0 --fast /workspace/cm-packed-evidence/oracle/independent-01-0.cnf
c o CNF projection set size: 32
c o --> Executing strategy token: clean-cls
c o --> Executing strategy token: must-scc-vrepl
c o [scc] new: 4 BP 0M T: 0.00
c o [vrep] vars 4 lits 98 rem-bin-cls 16 rem-long-cls 0 BP 0M T: 0.00
c o [consolidate] mini T: 0.00
c o global_timeout_multiplier: 0.1
c o [branch] rebuilding order heap for all branchings. Current branching: vsids
c o [0m[arjun-simp] probing all sampling variables[0m
c o --> Executing strategy token: must-scc-vrepl
c o [scc] new: 0 BP 0M T: 0.00
c o [vrep] vars 0 lits 0 rem-bin-cls 0 rem-long-cls 0 BP 0M T: 0.00
c o [consolidate] mini T: 0.00
c o global_timeout_multiplier: 0.1
c o [branch] rebuilding order heap for all branchings. Current branching: vsids
c o [0m[arjun-simp] Removed set       : 0 new size: 32[0m
c o [0m[arjun-simp] Removed eq lits: 0 new size: 32[0m
c o [0m[arjun-simp] probe removed: 0 perc: 0.00 T: 0.00[0m
c o [0m[arjun-simp] Removed eq lits: 0 new size: 32[0m
c o [0m[arjun-simp] Removed set       : 0 new size: 32[0m
c o [0m[arjun-simp] get-empties removed: 0 perc: 0.00 total empties now: 0 T: 0.00[0m
c o [0m[arjun-simp] CMS::simplify() with no BVE, intree probe...[0m
c o --> Executing strategy token: str-impl
c [impl-str] lit bin: 0 set-var: 0 T: 0.00 T-out: N T-r: 99.98% w-visit: 336
c o --> Executing strategy token: intree-probe
c o [scc] new: 0 BP 0M T: 0.00
c o [vrep] vars 0 lits 0 rem-bin-cls 0 rem-long-cls 0 BP 0M T: 0.00
c o [intree] Set 0 vars hyper-added: 0 trans-irred: 0 trans-red: 0 T: 0.00 T-out: N T-r: 0.01%
c o Executing OCC strategy token(s): 'occ-ternary-res,occ-backw-sub,
c o [occ] mem usage for occur      0 MB
c o [occ] Linked in IRRED BIN by default: 37
c o [occ] Linked in RED   BIN by default: 0
c o [occ] mem usage for occur      0 MB
c o Mem for watch alloc    : 0           MB (0.24      %)
c o Mem for watch array    : 0           MB (0.11      %)
c o Executing OCC strategy token: occ-ternary-res
c o [occ-ternary-res] Ternary res-tri: 130 res-bin: 0 sub: 2 str: 0 T: 0.00 T-out: N T-r: 99.31%
c o Executing OCC strategy token: occ-backw-sub
c o [occ-backw-sub-long-w-long] rem cl: 0 tried: 531/531 (100.0%) T: 0.00 T-out: N T-r: 99.56%
c o --> Executing strategy token: distill-litrem
c [distill-litrem] useful: 161/1231/401 lits-rem: 161 0-depth-assigns: 0 T: 0.00 T-out: N
c o --> Executing strategy token: must-distill-cls
c o [distill-long-irred] cls tried: 359/359 T: 0.00 T-out: N T-r: 95.58%
c o [distill-long-irred] cls tried: 330/330 T: 0.00 T-out: N T-r: 94.52%
c o --> Executing strategy token: distill-bins
c o [distill-bin] useful: 33/106/106 lits-rem: 0 cl-rem: 33 0-depth-assigns: 0 T: 0.00 T-out: N
c o --> Executing strategy token: oracle-vivif-veryfast
c o --> Executing strategy token: must-renumber
c o [oracle-bin] potential pairs: 455 T: 0.0
c o --> Executing strategy token: must-scc-vrepl
c o [scc] new: 16 BP 0M T: 0.00
c o [vrep] vars 16 lits 420 rem-bin-cls 96 rem-long-cls 0 BP 0M T: 0.00
c o [oracle-vivif] lits-rem: 18 learnt-units: 0 T-out: N T-remain: 99.6% T: 0.00
c o [oracle-bin] bin-added: 68 equiv-added: 16 T-out: N T-remain: 99.73% T: 0.00
c o [oracle-vivif] cache usefulness: 93% total T: 0.00
c o [consolidate] mini T: 0.00
c o global_timeout_multiplier: 0.1000
c o [branch] rebuilding order heap for all branchings. Current branching: vsids
c o --> Executing strategy token: scc-vrepl
c o [scc] new: 0 BP 0M T: 0.00
c o [vrep] vars 0 lits 0 rem-bin-cls 0 rem-long-cls 0 BP 0M T: 0.00
c o --> Executing strategy token: sub-impl
c o [impl-sub] bin: 35 T: 0.00 T-out: N w-visit: 336
c o --> Executing strategy token: breakid
c o Executing OCC strategy token(s): 'occ-backw-sub-str,occ-clean-implicit,occ-bve,occ-bva,occ-ternary-res,occ-xor,
c o [occ] mem usage for occur      0 MB
c o [occ] Linked in IRRED BIN by default: 41
c o [occ] Linked in RED   BIN by default: 1
c o [occ] mem usage for occur      0 MB
c o Mem for watch alloc    : 0           MB (0.29      %)
c o Mem for watch array    : 0           MB (0.11      %)
c o Executing OCC strategy token: occ-backw-sub-str
c o [occ-backw-sub-str-long-w-bins] subs: 0 str: 0 tried: 42 0-depth ass: 0 T: 0.00 T-out: N T-r: 99.80%
c o [occ-backw-sub-long-w-long] rem cl: 32 tried: 458/458 (100.0%) T: 0.00 T-out: N T-r: 99.77%
c o [occ-backw-sub-str-long-w-long] sub: 0 str: 0 tried: 1374/458 (300.0)  T: 0.00 T-out: N T-r: 98.63%
c o Executing OCC strategy token: occ-clean-implicit
c o Executing OCC strategy token: occ-bve
c o Executing OCC strategy token: occ-bva
c o Executing OCC strategy token: occ-ternary-res
c o [occ-ternary-res] Ternary res-tri: 132 res-bin: 0 sub: 0 str: 4 T: 0.00 T-out: N T-r: 99.39%
c o Executing OCC strategy token: occ-xor
c o --> Executing strategy token: card-find
c o --> Executing strategy token: cl-consolidate
c o Not consolidating memory.
c o --> Executing strategy token: scc-vrepl
c o [scc] new: 0 BP 0M T: 0.00
c o [vrep] vars 0 lits 0 rem-bin-cls 0 rem-long-cls 0 BP 0M T: 0.00
c o --> Executing strategy token: renumber
c o --> Executing strategy token: louvain-comms
c o [consolidate] mini T: 0.00
c o global_timeout_multiplier: 0.1000
c o [branch] rebuilding order heap for all branchings. Current branching: vsids
c o [0m[arjun-simp] Removed set       : 0 new size: 32[0m
c o [0m[arjun-simp] CMS::simplify() with no BVE finished. T: 0.0032[0m
c o [0mWARNING: Turning off gates, because the sampling size is small, so we can just do it. Size: 32[0m
c o --> Executing strategy token: must-scc-vrepl
c o [scc] new: 0 BP 0M T: 0.00
c o [vrep] vars 0 lits 0 rem-bin-cls 0 rem-long-cls 0 BP 0M T: 0.00
c o --> Executing strategy token: clean-cls
c o --> Executing strategy token: sub-impl
c o [impl-sub] bin: 0 T: 0.00 T-out: N w-visit: 336
c o [consolidate] mini T: 0.00
c o global_timeout_multiplier: 0.1000
c o [branch] rebuilding order heap for all branchings. Current branching: vsids
c o [0m[arjun-simp] Removed eq lits: 0 new size: 32[0m
c o [0m[arjun-simp] Removed set       : 0 new size: 32[0m
c o [0m[arjun-simp] get-empties removed: 0 perc: 0.00 total empties now: 0 T: 0.00[0m
c o [0m[arjun-simp] probing all sampling variables[0m
c o [0m[arjun-simp] Removed set       : 0 new size: 32[0m
c o [0m[arjun-simp] Removed eq lits: 0 new size: 32[0m
c o [0m[arjun-simp] probe removed: 0 perc: 0.00 T: 0.00[0m
c o [0m[arjun-simp] Removed eq lits: 0 new size: 32[0m
c o [0m[arjun-simp] Removed set       : 0 new size: 32[0m
c o [0m[arjun-simp] get-empties removed: 0 perc: 0.00 total empties now: 0 T: 0.00[0m
c o [0m[arjun] simplification finished  removed: 0 perc: 0.00 T: 0.00[0m
c o [0m[arjun] Duplicating CNF...[0m
c o [0m[arjun] Duplicated CNF. T: 0.00[0m
c o [0m[arjun] CMS::simplify() with *only* BVE...[0m
c o Executing OCC strategy token(s): 'occ-bve,
c o [occ] mem usage for occur      0 MB
c o [occ] Linked in IRRED BIN by default: 86
c o [occ] Linked in RED   BIN by default: 5
c o [occ] mem usage for occur      0 MB
c o Mem for watch alloc    : 0           MB (0.57      %)
c o Mem for watch array    : 0           MB (0.22      %)
c o Executing OCC strategy token: occ-bve
c o [occ-empty-res] Empty resolvent elimed: 86 T: 0.00 T-out: N
c o [occ-bve] turning off picosat-based irreg gate detection, added lits:  7128
c o [occ-bve] iter v-elim 103
c o cl_inc_rate=0.47, var_dec_rate=1.90 (grow=0)
c o Reduced to 115 vars, 358 cls (grow=0)
c o [occ-bve] iter v-elim 8
c o cl_inc_rate=1.03, var_dec_rate=1.07 (grow=3)
c o Reduced to 107 vars, 369 cls (grow=3)
c o [occ-bve] iter v-elim 1
c o cl_inc_rate=0.99, var_dec_rate=1.01 (grow=4)
c o Reduced to 106 vars, 367 cls (grow=4)
c o [occ-bve] iter v-elim 0
c o cl_inc_rate=1.00, var_dec_rate=1.00 (grow=6)
c o Reduced to 106 vars, 367 cls (grow=6)
c o [occ-bve] iter v-elim 2
c o cl_inc_rate=1.02, var_dec_rate=1.02 (grow=9)
c o Reduced to 104 vars, 376 cls (grow=9)
c o x n vars       : 104
c o #try to eliminate:   526
c o #var-elim        :   114
c o #T-o: N
c o #T-r: 99.97%
c o #T  : 0.01
c o [occur] 0.00 is overhead
c o [occur] link-in T: 0.00 cleanup T: 0.00
c o [occ-xor-bve] elimed: 0 T: 0.00 T-out: N
c o [consolidate] mini T: 0.00
c o global_timeout_multiplier: 0.1000
c o [branch] rebuilding order heap for all branchings. Current branching: vsids
c o [0m[arjun] CMS::simplify() with *only* BVE finished. T: 0.0070[0m
c o [0m[arjun] Adding fixed clauses time: 0.0000[0m
c o [0m[backward FAST] Start unknown size: 32[0m
c o [0m[31m[arjun] backward round finished. U:  I: 32 T: 0.00[0m
c o [0m[arjun] run_minimize finished T: 0.01[0m
c o --> Executing strategy token: must-scc-vrepl
c o [scc] new: 20 BP 0M T: 0.00
c o [vrep] vars 20 lits 462 rem-bin-cls 88 rem-long-cls 64 BP 0M T: 0.00
c o --> Executing strategy token: full-probe
c o [full-probe]  bin_only: 0 set: 0 repl: 0 T: 0.00 T-out: N T-r: 99.75%
c o --> Executing strategy token: sub-impl
c o [impl-sub] bin: 0 T: 0.00 T-out: N w-visit: 336
c o --> Executing strategy token: sub-cls-with-bin
c o [distill] watch-based irred--  cl tried      337 cl-sh     0 cl-rem    0 lit-rem      0 T: 0.00 T-out: N
c o [distill] watch-based   red--  cl tried        0 cl-sh     0 cl-rem    0 lit-rem      0 T: 0.00 T-out: N
c o --> Executing strategy token: distill-cls-onlyrem
c o [distill-long-irred] cls tried: 337/337 T: 0.00 T-out: N T-r: 99.85%
c o Executing OCC strategy token(s): 'occ-backw-sub,occ-resolv-subs,occ-rem-with-orgates,occ-ternary-res,
c o [occ] mem usage for occur      0 MB
c o [occ] Linked in IRRED BIN by default: 37
c o [occ] Linked in RED   BIN by default: 0
c o Mem for watch alloc    : 0           MB (0.24      %)
c o Mem for watch array    : 0           MB (0.11      %)
c o Executing OCC strategy token: occ-backw-sub
c o [occ-backw-sub-long-w-long] rem cl: 32 tried: 337/337 (100.0%) T: 0.00 T-out: N T-r: 99.78%
c o Executing OCC strategy token: occ-resolv-subs
c o [occ-resolv-subs] removed: 0 checked: 3621 T: 0.0
c o Executing OCC strategy token: occ-rem-with-orgates
c o [occ-gates] found:     2 avg-s: 2.0 T: 0.00 T-out: N T-r: 99.78%
c o [occ-gate-based-lit-rem] lit-rem: 0 cl-rem: 0 T: 0.00 T-out: N
c o Executing OCC strategy token: occ-ternary-res
c o [occ-ternary-res] Ternary res-tri: 108 res-bin: 0 sub: 0 str: 4 T: 0.00 T-out: N T-r: 99.59%
c o --> Executing strategy token: must-scc-vrepl
c o [scc] new: 0 BP 0M T: 0.00
c o [vrep] vars 0 lits 0 rem-bin-cls 0 rem-long-cls 0 BP 0M T: 0.00
c o Executing OCC strategy token(s): 'occ-bve,
c o [occ] mem usage for occur      0 MB
c o [occ] Linked in IRRED BIN by default: 37
c o [occ] Linked in RED   BIN by default: 4
c o Mem for watch alloc    : 0           MB (0.27      %)
c o Mem for watch array    : 0           MB (0.11      %)
c o Executing OCC strategy token: occ-bve
c o [occ-empty-res] Empty resolvent elimed: 42 T: 0.00 T-out: N
c o [occ-bve] iter v-elim 47
c o cl_inc_rate=0.48, var_dec_rate=1.89 (grow=0)
c o Reduced to 53 vars, 158 cls (grow=0)
c o x n vars       : 53
c o #try to eliminate:   135
c o #var-elim        :    47
c o #T-o: N
c o #T-r: 99.99%
c o #T  : 0.00
c o [occur] 0.00 is overhead
c o [occur] link-in T: 0.00 cleanup T: 0.00
c o [occ-xor-bve] elimed: 0 T: 0.00 T-out: N
c o --> Executing strategy token: sub-impl
c o [impl-sub] bin: 0 T: 0.00 T-out: N w-visit: 336
c o --> Executing strategy token: distill-cls-onlyrem
c o [distill-long-irred] cls tried: 139/139 T: 0.00 T-out: N T-r: 99.98%
c o --> Executing strategy token: intree-probe
c o [scc] new: 0 BP 0M T: 0.00
c o [vrep] vars 0 lits 0 rem-bin-cls 0 rem-long-cls 0 BP 0M T: 0.00
c o [intree] Set 0 vars hyper-added: 0 trans-irred: 0 trans-red: 0 T: 0.00 T-out: N T-r: -0.14%
c o Executing OCC strategy token(s): 'occ-backw-sub-str,
c o [occ] mem usage for occur      0 MB
c o [occ] Linked in IRRED BIN by default: 19
c o [occ] Linked in RED   BIN by default: 0
c o Mem for watch alloc    : 0           MB (0.25      %)
c o Mem for watch array    : 0           MB (0.11      %)
c o Executing OCC strategy token: occ-backw-sub-str
c o [occ-backw-sub-str-long-w-bins] subs: 0 str: 0 tried: 190 0-depth ass: 0 T: 0.00 T-out: N T-r: 99.82%
c o [occ-backw-sub-long-w-long] rem cl: 0 tried: 136/136 (100.0%) T: 0.00 T-out: N T-r: 99.92%
c o [occ-backw-sub-str-long-w-long] sub: 0 str: 0 tried: 408/136 (300.0)  T: 0.00 T-out: N T-r: 99.51%
c o --> Executing strategy token: sub-str-cls-with-bin
c o [distill] watch-based irred--  cl tried      272 cl-sh     0 cl-rem    0 lit-rem      0 T: 0.00 T-out: N
c o [distill] watch-based   red--  cl tried        0 cl-sh     0 cl-rem    0 lit-rem      0 T: 0.00 T-out: N
c o --> Executing strategy token: clean-cls
c o --> Executing strategy token: distill-cls
c o [distill-long-irred] cls tried: 136/136 T: 0.00 T-out: N T-r: 99.98%
c o [distill-long-irred] cls tried: 136/136 T: 0.00 T-out: N T-r: 99.97%
c o --> Executing strategy token: distill-bins
c o [distill-bin] useful: 0/19/19 lits-rem: 0 cl-rem: 0 0-depth-assigns: 0 T: 0.00 T-out: N
c o [consolidate] mini T: 0.00
c o global_timeout_multiplier: 0.1100
c o [branch] rebuilding order heap for all branchings. Current branching: vsids
c o --> Executing strategy token: must-scc-vrepl
c o [scc] new: 0 BP 0M T: 0.00
c o [vrep] vars 0 lits 0 rem-bin-cls 0 rem-long-cls 0 BP 0M T: 0.00
c o --> Executing strategy token: full-probe
c o [full-probe]  bin_only: 0 set: 0 repl: 0 T: 0.00 T-out: N T-r: 99.89%
c o --> Executing strategy token: sub-impl
c o [impl-sub] bin: 0 T: 0.00 T-out: N w-visit: 336
c o --> Executing strategy token: sub-cls-with-bin
c o [distill] watch-based irred--  cl tried      136 cl-sh     0 cl-rem    0 lit-rem      0 T: 0.00 T-out: N
c o [distill] watch-based   red--  cl tried        0 cl-sh     0 cl-rem    0 lit-rem      0 T: 0.00 T-out: N
c o --> Executing strategy token: distill-cls-onlyrem
c o [distill-long-irred] cls tried: 136/136 T: 0.00 T-out: N T-r: 99.98%
c o Executing OCC strategy token(s): 'occ-backw-sub,occ-resolv-subs,occ-rem-with-orgates,occ-ternary-res,
c o [occ] mem usage for occur      0 MB
c o [occ] Linked in IRRED BIN by default: 19
c o [occ] Linked in RED   BIN by default: 0
c o Mem for watch alloc    : 0           MB (0.25      %)
c o Mem for watch array    : 0           MB (0.11      %)
c o Executing OCC strategy token: occ-backw-sub
c o [occ-backw-sub-long-w-long] rem cl: 0 tried: 136/136 (100.0%) T: 0.00 T-out: N T-r: 99.92%
c o Executing OCC strategy token: occ-resolv-subs
c o [occ-resolv-subs] removed: 2 checked: 1822 T: 0.0
c o Executing OCC strategy token: occ-rem-with-orgates
c o [occ-gates] found:     1 avg-s: 2.0 T: 0.00 T-out: N T-r: 99.87%
c o [occ-gate-based-lit-rem] lit-rem: 0 cl-rem: 0 T: 0.00 T-out: N
c o Executing OCC strategy token: occ-ternary-res
c o [occ-ternary-res] Ternary res-tri: 7 res-bin: 0 sub: 0 str: 0 T: 0.00 T-out: N T-r: 99.85%
c o --> Executing strategy token: must-scc-vrepl
c o [scc] new: 0 BP 0M T: 0.00
c o [vrep] vars 0 lits 0 rem-bin-cls 0 rem-long-cls 0 BP 0M T: 0.00
c o Executing OCC strategy token(s): 'occ-bve,
c o [occ] mem usage for occur      0 MB
c o [occ] Linked in IRRED BIN by default: 19
c o [occ] Linked in RED   BIN by default: 0
c o Mem for watch alloc    : 0           MB (0.25      %)
c o Mem for watch array    : 0           MB (0.11      %)
c o Executing OCC strategy token: occ-bve
c o [occ-empty-res] Empty resolvent elimed: 0 T: 0.00 T-out: N
c o [occ-bve] iter v-elim 1
c o cl_inc_rate=0.99, var_dec_rate=1.02 (grow=0)
c o Reduced to 52 vars, 151 cls (grow=0)
c o x n vars       : 52
c o #try to eliminate:    32
c o #var-elim        :     1
c o #T-o: N
c o #T-r: 100.00%
c o #T  : 0.00
c o [occur] 0.00 is overhead
c o [occur] link-in T: 0.00 cleanup T: 0.00
c o [occ-xor-bve] elimed: 0 T: 0.00 T-out: N
c o --> Executing strategy token: sub-impl
c o [impl-sub] bin: 0 T: 0.00 T-out: N w-visit: 336
c o --> Executing strategy token: distill-cls-onlyrem
c o [distill-long-irred] cls tried: 132/132 T: 0.00 T-out: N T-r: 99.98%
c o --> Executing strategy token: intree-probe
c o [scc] new: 0 BP 0M T: 0.00
c o [vrep] vars 0 lits 0 rem-bin-cls 0 rem-long-cls 0 BP 0M T: 0.00
c o [intree] Set 0 vars hyper-added: 0 trans-irred: 0 trans-red: 0 T: 0.00 T-out: N T-r: -0.06%
c o Executing OCC strategy token(s): 'occ-backw-sub-str,
c o [occ] mem usage for occur      0 MB
c o [occ] Linked in IRRED BIN by default: 19
c o [occ] Linked in RED   BIN by default: 0
c o Mem for watch alloc    : 0           MB (0.25      %)
c o Mem for watch array    : 0           MB (0.11      %)
c o Executing OCC strategy token: occ-backw-sub-str
c o [occ-backw-sub-str-long-w-bins] subs: 0 str: 0 tried: 236 0-depth ass: 0 T: 0.00 T-out: N T-r: 99.81%
c o [occ-backw-sub-long-w-long] rem cl: 0 tried: 137/137 (100.0%) T: 0.00 T-out: N T-r: 99.92%
c o [occ-backw-sub-str-long-w-long] sub: 0 str: 0 tried: 411/137 (300.0)  T: 0.00 T-out: N T-r: 99.49%
c o --> Executing strategy token: sub-str-cls-with-bin
c o [distill] watch-based irred--  cl tried      264 cl-sh     0 cl-rem    0 lit-rem      0 T: 0.00 T-out: N
c o [distill] watch-based   red--  cl tried        0 cl-sh     0 cl-rem    0 lit-rem      0 T: 0.00 T-out: N
c o --> Executing strategy token: clean-cls
c o --> Executing strategy token: distill-cls
c o [distill-long-irred] cls tried: 132/132 T: 0.00 T-out: N T-r: 99.98%
c o [distill-long-irred] cls tried: 132/132 T: 0.00 T-out: N T-r: 99.97%
c o --> Executing strategy token: distill-bins
c o [distill-bin] useful: 0/19/19 lits-rem: 0 cl-rem: 0 0-depth-assigns: 0 T: 0.00 T-out: N
c o [consolidate] mini T: 0.00
c o global_timeout_multiplier: 0.1100
c o [branch] rebuilding order heap for all branchings. Current branching: vsids
c o [backbone-simpl] ccnr sols: 10 drop_cands: 161 T: 0.00
c o [backbone-simpl] cadiback called with -- lits: 627 num cls: 157 num vars: 168
c o [backbone-simpl] res: 10 num units added: 0 num eq added: 0 num bins: 0 T: 0.00
c o --> Executing strategy token: must-scc-vrepl
c o [scc] new: 0 BP 0M T: 0.00
c o [vrep] vars 0 lits 0 rem-bin-cls 0 rem-long-cls 0 BP 0M T: 0.00
c o --> Executing strategy token: must-renumber
c o [renumber] T: 0.00
c o [consolidate] mini T: 0.00
c o global_timeout_multiplier: 0.1100
c o [branch] rebuilding order heap for all branchings. Current branching: vsids
c o --> Executing strategy token: oracle-vivif-sparsify
c o --> Executing strategy token: must-renumber
c o [renumber] T: 0.00
c o [oracle-bin] potential pairs: 325 T: 0.0000
c o --> Executing strategy token: must-scc-vrepl
c o [scc] new: 0 BP 0M T: 0.00
c o [vrep] vars 0 lits 0 rem-bin-cls 0 rem-long-cls 0 BP 0M T: 0.00
c o [oracle-vivif] lits-rem: 0 learnt-units: 0 T-out: N T-remain: 99.5554% T: 0.00
c o [oracle-bin] bin-added: 19 equiv-added: 0 T-out: N T-remain: 99.47% T: 0.00
c o [oracle-vivif] cache usefulness: 84% total T: 0.00
c o --> Executing strategy token: sub-impl
c o [impl-sub] bin: 19 T: 0.00 T-out: N w-visit: 104
c o Executing OCC strategy token(s): 'occ-backw-sub,
c o [occ] mem usage for occur      0 MB
c o [occ] Linked in IRRED BIN by default: 19
c o [occ] Linked in RED   BIN by default: 0
c o Mem for watch alloc    : 0           MB (0.21      %)
c o Mem for watch array    : 0           MB (0.03      %)
c o Executing OCC strategy token: occ-backw-sub
c o [occ-backw-sub-long-w-long] rem cl: 0 tried: 139/139 (100.0%) T: 0.00 T-out: N T-r: 99.92%
c o --> Executing strategy token: must-renumber
c o [renumber] T: 0.00
c o [oracle-sparsify] done with 10 % oracle mems:     0 ccnr useful: 100.0% T: 0.0
c o [oracle-sparsify] done with 20 % oracle mems:     0 ccnr useful: 100.0% T: 0.0
c o [oracle-sparsify] done with 30 % oracle mems:     0 ccnr useful: 100.0% T: 0.0
c o [oracle-sparsify] done with 40 % oracle mems:     0 ccnr useful: 100.0% T: 0.0
c o [oracle-sparsify] done with 50 % oracle mems:     0 ccnr useful: 100.0% T: 0.0
c o [oracle-sparsify] done with 60 % oracle mems:     0 ccnr useful: 100.0% T: 0.0
c o [oracle-sparsify] done with 70 % oracle mems:     0 ccnr useful: 100.0% T: 0.0
c o [oracle-sparsify] done with 80 % oracle mems:     0 ccnr useful: 100.0% T: 0.0
c o [oracle-sparsify] done with 90 % oracle mems:     0 ccnr useful: 100.0% T: 0.0
c o [oracle-sparsify] removed: 0 of which bin: 0 tot considered: 151 ccnr useful: 151 oracle uknown: 0 cache useful: 0% learnt-units: 0 T: 0.00 buildT: 0.00
c o [consolidate] mini T: 0.00
c o global_timeout_multiplier: 0.1100
c o [branch] rebuilding order heap for all branchings. Current branching: vsids
c o --> Executing strategy token: must-scc-vrepl
c o [scc] new: 0 BP 0M T: 0.00
c o [vrep] vars 0 lits 0 rem-bin-cls 0 rem-long-cls 0 BP 0M T: 0.00
c o --> Executing strategy token: full-probe
c o [full-probe]  bin_only: 0 set: 0 repl: 0 T: 0.00 T-out: N T-r: 99.89%
c o --> Executing strategy token: sub-impl
c o [impl-sub] bin: 0 T: 0.00 T-out: N w-visit: 104
c o --> Executing strategy token: sub-cls-with-bin
c o [distill] watch-based irred--  cl tried      132 cl-sh     0 cl-rem    0 lit-rem      0 T: 0.00 T-out: N
c o [distill] watch-based   red--  cl tried        0 cl-sh     0 cl-rem    0 lit-rem      0 T: 0.00 T-out: N
c o --> Executing strategy token: distill-cls-onlyrem
c o [distill-long-irred] cls tried: 132/132 T: 0.00 T-out: N T-r: 99.97%
c o Executing OCC strategy token(s): 'occ-backw-sub,occ-resolv-subs,occ-rem-with-orgates,occ-ternary-res,
c o [occ] mem usage for occur      0 MB
c o [occ] Linked in IRRED BIN by default: 19
c o [occ] Linked in RED   BIN by default: 0
c o [occ] mem usage for occur      0 MB
c o Mem for watch alloc    : 0           MB (0.21      %)
c o Mem for watch array    : 0           MB (0.03      %)
c o Executing OCC strategy token: occ-backw-sub
c o [occ-backw-sub-long-w-long] rem cl: 0 tried: 139/139 (100.0%) T: 0.00 T-out: N T-r: 99.92%
c o Executing OCC strategy token: occ-resolv-subs
c o [occ-resolv-subs] removed: 0 checked: 2109 T: 0.0
c o Executing OCC strategy token: occ-rem-with-orgates
c o [occ-gates] found:     1 avg-s: 2.0 T: 0.00 T-out: N T-r: 99.87%
c o [occ-gate-based-lit-rem] lit-rem: 0 cl-rem: 0 T: 0.00 T-out: N
c o Executing OCC strategy token: occ-ternary-res
c o [occ-ternary-res] Ternary res-tri: 5 res-bin: 0 sub: 0 str: 0 T: 0.00 T-out: N T-r: 99.86%
c o --> Executing strategy token: must-scc-vrepl
c o [scc] new: 0 BP 0M T: 0.00
c o [vrep] vars 0 lits 0 rem-bin-cls 0 rem-long-cls 0 BP 0M T: 0.00
c o Executing OCC strategy token(s): 'occ-bve,
c o [occ] mem usage for occur      0 MB
c o [occ] Linked in IRRED BIN by default: 19
c o [occ] Linked in RED   BIN by default: 0
c o [occ] mem usage for occur      0 MB
c o Mem for watch alloc    : 0           MB (0.21      %)
c o Mem for watch array    : 0           MB (0.03      %)
c o Executing OCC strategy token: occ-bve
c o [occ-empty-res] Empty resolvent elimed: 0 T: 0.00 T-out: N
c o [occ-bve] iter v-elim 0
c o cl_inc_rate=1.00, var_dec_rate=1.00 (grow=0)
c o Reduced to 52 vars, 151 cls (grow=0)
c o [occ-bve] iter v-elim 1
c o cl_inc_rate=0.99, var_dec_rate=1.02 (grow=3)
c o Reduced to 51 vars, 149 cls (grow=3)
c o [occ-bve] turning off picosat-based irreg gate detection, added lits:  7123
c o [occ-bve] iter v-elim 0
c o cl_inc_rate=1.00, var_dec_rate=1.00 (grow=4)
c o Reduced to 51 vars, 149 cls (grow=4)
c o [occ-bve] iter v-elim 0
c o cl_inc_rate=1.00, var_dec_rate=1.00 (grow=6)
c o Reduced to 51 vars, 149 cls (grow=6)
c o x n vars       : 51
c o #try to eliminate:    88
c o #var-elim        :     1
c o #T-o: N
c o #T-r: 100.00%
c o #T  : 0.00
c o [occur] 0.00 is overhead
c o [occur] link-in T: 0.00 cleanup T: 0.00
c o [occ-xor-bve] elimed: 0 T: 0.00 T-out: N
c o --> Executing strategy token: sub-impl
c o [impl-sub] bin: 0 T: 0.00 T-out: N w-visit: 104
c o --> Executing strategy token: distill-cls-onlyrem
c o [distill-long-irred] cls tried: 130/130 T: 0.00 T-out: N T-r: 99.97%
c o --> Executing strategy token: intree-probe
c o [scc] new: 0 BP 0M T: 0.00
c o [vrep] vars 0 lits 0 rem-bin-cls 0 rem-long-cls 0 BP 0M T: 0.00
c o [intree] Set 0 vars hyper-added: 1 trans-irred: 0 trans-red: 0 T: 0.00 T-out: N T-r: -0.07%
c o Executing OCC strategy token(s): 'occ-backw-sub-str,
c o [occ] mem usage for occur      0 MB
c o [occ] Linked in IRRED BIN by default: 19
c o [occ] Linked in RED   BIN by default: 1
c o [occ] mem usage for occur      0 MB
c o Mem for watch alloc    : 0           MB (0.21      %)
c o Mem for watch array    : 0           MB (0.03      %)
c o Executing OCC strategy token: occ-backw-sub-str
c o [occ-backw-sub-str-long-w-bins] subs: 0 str: 0 tried: 274 0-depth ass: 0 T: 0.00 T-out: N T-r: 99.85%
c o [occ-backw-sub-long-w-long] rem cl: 1 tried: 134/134 (100.0%) T: 0.00 T-out: N T-r: 99.92%
c o [occ-backw-sub-str-long-w-long] sub: 0 str: 0 tried: 402/134 (300.0)  T: 0.00 T-out: N T-r: 99.50%
c o --> Executing strategy token: sub-str-cls-with-bin
c o [distill] watch-based irred--  cl tried      254 cl-sh     0 cl-rem    0 lit-rem      0 T: 0.00 T-out: N
c o [distill] watch-based   red--  cl tried        0 cl-sh     0 cl-rem    0 lit-rem      0 T: 0.00 T-out: N
c o --> Executing strategy token: clean-cls
c o --> Executing strategy token: distill-cls
c o [distill-long-irred] cls tried: 127/127 T: 0.00 T-out: N T-r: 99.98%
c o [distill-long-irred] cls tried: 127/127 T: 0.00 T-out: N T-r: 99.97%
c o --> Executing strategy token: distill-bins
c o [distill-bin] useful: 0/19/19 lits-rem: 0 cl-rem: 0 0-depth-assigns: 0 T: 0.00 T-out: N
c o Executing OCC strategy token(s): 'occ-backw-sub,
c o [occ] mem usage for occur      0 MB
c o [occ] Linked in IRRED BIN by default: 19
c o [occ] Linked in RED   BIN by default: 1
c o [occ] mem usage for occur      0 MB
c o Mem for watch alloc    : 0           MB (0.21      %)
c o Mem for watch array    : 0           MB (0.03      %)
c o Executing OCC strategy token: occ-backw-sub
c o [occ-backw-sub-long-w-long] rem cl: 0 tried: 133/133 (100.0%) T: 0.00 T-out: N T-r: 99.92%
c o [consolidate] mini T: 0.00
c o global_timeout_multiplier: 0.1100
c o [branch] rebuilding order heap for all branchings. Current branching: vsids
c o --> Executing strategy token: must-scc-vrepl
c o [scc] new: 0 BP 0M T: 0.00
c o [vrep] vars 0 lits 0 rem-bin-cls 0 rem-long-cls 0 BP 0M T: 0.00
c o --> Executing strategy token: full-probe
c o [full-probe]  bin_only: 0 set: 0 repl: 0 T: 0.00 T-out: N T-r: 99.89%
c o --> Executing strategy token: sub-impl
c o [impl-sub] bin: 0 T: 0.00 T-out: N w-visit: 104
c o --> Executing strategy token: sub-cls-with-bin
c o [distill] watch-based irred--  cl tried      127 cl-sh     0 cl-rem    0 lit-rem      0 T: 0.00 T-out: N
c o [distill] watch-based   red--  cl tried        0 cl-sh     0 cl-rem    0 lit-rem      0 T: 0.00 T-out: N
c o --> Executing strategy token: distill-cls-onlyrem
c o [distill-long-irred] cls tried: 127/127 T: 0.00 T-out: N T-r: 99.98%
c o Executing OCC strategy token(s): 'occ-backw-sub,occ-resolv-subs,occ-rem-with-orgates,occ-ternary-res,
c o [occ] mem usage for occur      0 MB
c o [occ] Linked in IRRED BIN by default: 19
c o [occ] Linked in RED   BIN by default: 1
c o [occ] mem usage for occur      0 MB
c o Mem for watch alloc    : 0           MB (0.21      %)
c o Mem for watch array    : 0           MB (0.03      %)
c o Executing OCC strategy token: occ-backw-sub
c o [occ-backw-sub-long-w-long] rem cl: 0 tried: 133/133 (100.0%) T: 0.00 T-out: N T-r: 99.92%
c o Executing OCC strategy token: occ-resolv-subs
c o [occ-resolv-subs] removed: 0 checked: 2008 T: 0.0
c o Executing OCC strategy token: occ-rem-with-orgates
c o [occ-gates] found:     1 avg-s: 2.0 T: 0.00 T-out: N T-r: 99.88%
c o [occ-gate-based-lit-rem] lit-rem: 0 cl-rem: 0 T: 0.00 T-out: N
c o Executing OCC strategy token: occ-ternary-res
c o [occ-ternary-res] Ternary res-tri: 0 res-bin: 0 sub: 0 str: 0 T: 0.00 T-out: N T-r: 99.98%
c o --> Executing strategy token: must-scc-vrepl
c o [scc] new: 0 BP 0M T: 0.00
c o [vrep] vars 0 lits 0 rem-bin-cls 0 rem-long-cls 0 BP 0M T: 0.00
c o Executing OCC strategy token(s): 'occ-bve,
c o [occ] mem usage for occur      0 MB
c o [occ] Linked in IRRED BIN by default: 19
c o [occ] Linked in RED   BIN by default: 1
c o [occ] mem usage for occur      0 MB
c o Mem for watch alloc    : 0           MB (0.21      %)
c o Mem for watch array    : 0           MB (0.03      %)
c o Executing OCC strategy token: occ-bve
c o [occ-empty-res] Empty resolvent elimed: 0 T: 0.00 T-out: N
c o [occ-bve] iter v-elim 0
c o cl_inc_rate=1.00, var_dec_rate=1.00 (grow=0)
c o Reduced to 51 vars, 146 cls (grow=0)
c o [occ-bve] iter v-elim 0
c o cl_inc_rate=1.00, var_dec_rate=1.00 (grow=3)
c o Reduced to 51 vars, 146 cls (grow=3)
c o [occ-bve] iter v-elim 0
c o cl_inc_rate=1.00, var_dec_rate=1.00 (grow=4)
c o Reduced to 51 vars, 146 cls (grow=4)
c o [occ-bve] iter v-elim 0
c o cl_inc_rate=1.00, var_dec_rate=1.00 (grow=6)
c o Reduced to 51 vars, 146 cls (grow=6)
c o x n vars       : 51
c o #try to eliminate:    76
c o #var-elim        :     0
c o #T-o: N
c o #T-r: 100.00%
c o #T  : 0.00
c o [occur] 0.00 is overhead
c o [occur] link-in T: 0.00 cleanup T: 0.00
c o [occ-xor-bve] elimed: 0 T: 0.00 T-out: N
c o --> Executing strategy token: sub-impl
c o [impl-sub] bin: 0 T: 0.00 T-out: N w-visit: 104
c o --> Executing strategy token: distill-cls-onlyrem
c o [distill-long-irred] cls tried: 127/127 T: 0.00 T-out: N T-r: 99.98%
c o --> Executing strategy token: intree-probe
c o [scc] new: 0 BP 0M T: 0.00
c o [vrep] vars 0 lits 0 rem-bin-cls 0 rem-long-cls 0 BP 0M T: 0.00
c o [intree] Set 0 vars hyper-added: 0 trans-irred: 0 trans-red: 0 T: 0.00 T-out: N T-r: -0.06%
c o Executing OCC strategy token(s): 'occ-backw-sub-str,
c o [occ] mem usage for occur      0 MB
c o [occ] Linked in IRRED BIN by default: 19
c o [occ] Linked in RED   BIN by default: 1
c o [occ] mem usage for occur      0 MB
c o Mem for watch alloc    : 0           MB (0.21      %)
c o Mem for watch array    : 0           MB (0.03      %)
c o Executing OCC strategy token: occ-backw-sub-str
c o [occ-backw-sub-str-long-w-bins] subs: 0 str: 0 tried: 294 0-depth ass: 0 T: 0.00 T-out: N T-r: 99.85%
c o [occ-backw-sub-long-w-long] rem cl: 0 tried: 133/133 (100.0%) T: 0.00 T-out: N T-r: 99.92%
c o [occ-backw-sub-str-long-w-long] sub: 0 str: 0 tried: 399/133 (300.0)  T: 0.00 T-out: N T-r: 99.50%
c o --> Executing strategy token: sub-str-cls-with-bin
c o [distill] watch-based irred--  cl tried      254 cl-sh     0 cl-rem    0 lit-rem      0 T: 0.00 T-out: N
c o [distill] watch-based   red--  cl tried        0 cl-sh     0 cl-rem    0 lit-rem      0 T: 0.00 T-out: N
c o --> Executing strategy token: clean-cls
c o --> Executing strategy token: distill-cls
c o [distill-long-irred] cls tried: 127/127 T: 0.00 T-out: N T-r: 99.98%
c o [distill-long-irred] cls tried: 127/127 T: 0.00 T-out: N T-r: 99.97%
c o --> Executing strategy token: distill-bins
c o [distill-bin] useful: 0/19/19 lits-rem: 0 cl-rem: 0 0-depth-assigns: 0 T: 0.00 T-out: N
c o Executing OCC strategy token(s): 'occ-backw-sub,
c o [occ] mem usage for occur      0 MB
c o [occ] Linked in IRRED BIN by default: 19
c o [occ] Linked in RED   BIN by default: 1
c o [occ] mem usage for occur      0 MB
c o Mem for watch alloc    : 0           MB (0.21      %)
c o Mem for watch array    : 0           MB (0.03      %)
c o Executing OCC strategy token: occ-backw-sub
c o [occ-backw-sub-long-w-long] rem cl: 0 tried: 133/133 (100.0%) T: 0.00 T-out: N T-r: 99.92%
c o [consolidate] mini T: 0.00
c o global_timeout_multiplier: 0.1100
c o [branch] rebuilding order heap for all branchings. Current branching: vsids
c o --> Executing strategy token: oracle-vivif-fast
c o --> Executing strategy token: must-renumber
c o [renumber] T: 0.00
c o [oracle-bin] potential pairs: 314 T: 0.0000
c o --> Executing strategy token: must-scc-vrepl
c o [scc] new: 0 BP 0M T: 0.00
c o [vrep] vars 0 lits 0 rem-bin-cls 0 rem-long-cls 0 BP 0M T: 0.00
c o [oracle-vivif] lits-rem: 0 learnt-units: 0 T-out: N T-remain: 98.8061% T: 0.00
c o [oracle-bin] bin-added: 19 equiv-added: 0 T-out: N T-remain: 99.54% T: 0.00
c o [oracle-vivif] cache usefulness: 85% total T: 0.00
c o --> Executing strategy token: oracle-sparsify-fast
c o --> Executing strategy token: sub-impl
c o [impl-sub] bin: 19 T: 0.00 T-out: N w-visit: 102
c o Executing OCC strategy token(s): 'occ-backw-sub,
c o [occ] mem usage for occur      0 MB
c o [occ] Linked in IRRED BIN by default: 19
c o [occ] Linked in RED   BIN by default: 1
c o [occ] mem usage for occur      0 MB
c o Mem for watch alloc    : 0           MB (0.21      %)
c o Mem for watch array    : 0           MB (0.03      %)
c o Executing OCC strategy token: occ-backw-sub
c o [occ-backw-sub-long-w-long] rem cl: 0 tried: 134/134 (100.0%) T: 0.00 T-out: N T-r: 99.92%
c o --> Executing strategy token: must-renumber
c o [renumber] T: 0.00
c o [oracle-sparsify] done with 10 % oracle mems:     0 ccnr useful: 100.0% T: 0.0
c o [oracle-sparsify] done with 20 % oracle mems:     0 ccnr useful: 100.0% T: 0.0
c o [oracle-sparsify] done with 30 % oracle mems:     0 ccnr useful: 100.0% T: 0.0
c o [oracle-sparsify] done with 40 % oracle mems:     0 ccnr useful: 100.0% T: 0.0
c o [oracle-sparsify] done with 50 % oracle mems:     0 ccnr useful: 100.0% T: 0.0
c o [oracle-sparsify] done with 60 % oracle mems:     0 ccnr useful: 100.0% T: 0.0
c o [oracle-sparsify] done with 70 % oracle mems:     0 ccnr useful: 100.0% T: 0.0
c o [oracle-sparsify] done with 80 % oracle mems:     0 ccnr useful: 100.0% T: 0.0
c o [oracle-sparsify] done with 90 % oracle mems:     0 ccnr useful: 100.0% T: 0.0
c o [oracle-sparsify] removed: 0 of which bin: 0 tot considered: 146 ccnr useful: 146 oracle uknown: 0 cache useful: 0% learnt-units: 0 T: 0.00 buildT: 0.00
c o [consolidate] mini T: 0.00
c o global_timeout_multiplier: 0.1100
c o [branch] rebuilding order heap for all branchings. Current branching: vsids
c o Executing OCC strategy token(s): 'occ-bve,
c o [occ] mem usage for occur      0 MB
c o [occ] Linked in IRRED BIN by default: 19
c o [occ] Linked in RED   BIN by default: 1
c o [occ] mem usage for occur      0 MB
c o Mem for watch alloc    : 0           MB (0.21      %)
c o Mem for watch array    : 0           MB (0.03      %)
c o Executing OCC strategy token: occ-bve
c o [occ-empty-res] Empty resolvent elimed: 0 T: 0.00 T-out: N
c o [occ-bve] iter v-elim 0
c o cl_inc_rate=1.00, var_dec_rate=1.00 (grow=0)
c o Reduced to 51 vars, 146 cls (grow=0)
c o x n vars       : 51
c o #try to eliminate:    19
c o #var-elim        :     0
c o #T-o: N
c o #T-r: 100.00%
c o #T  : 0.00
c o [occur] 0.00 is overhead
c o [occur] link-in T: 0.00 cleanup T: 0.00
c o [occ-xor-bve] elimed: 0 T: 0.00 T-out: N
c o [consolidate] mini T: 0.00
c o global_timeout_multiplier: 0.1100
c o [branch] rebuilding order heap for all branchings. Current branching: vsids
c o --> Executing strategy token: must-scc-vrepl
c o [scc] new: 0 BP 0M T: 0.00
c o [vrep] vars 0 lits 0 rem-bin-cls 0 rem-long-cls 0 BP 0M T: 0.00
c o --> Executing strategy token: must-renumber
c o [renumber] T: 0.00
c o [consolidate] mini T: 0.00
c o global_timeout_multiplier: 0.1100
c o [branch] rebuilding order heap for all branchings. Current branching: vsids
c o [occ] mem usage for occur      0 MB
c o [occ] Linked in IRRED BIN by default: 19
c o [occ] Linked in RED   BIN by default: 1
c o [occ] mem usage for occur      0 MB
c o Mem for watch alloc    : 0           MB (0.21      %)
c o Mem for watch array    : 0           MB (0.03      %)
c o [empty] empty_occ: 0 T: 0.00
c o Executing OCC strategy token(s): 'occ-bve-empty,
c o [occ] mem usage for occur      0 MB
c o [occ] Linked in IRRED BIN by default: 19
c o [occ] Linked in RED   BIN by default: 1
c o [occ] mem usage for occur      0 MB
c o Mem for watch alloc    : 0           MB (0.21      %)
c o Mem for watch array    : 0           MB (0.03      %)
c o Executing OCC strategy token: occ-bve-empty
c o [occ-empty-res] Empty resolvent elimed: 0 T: 0.00 T-out: N
c o --> Executing strategy token: must-renumber
c o [renumber] T: 0.00
c o [consolidate] mini T: 0.00
c o global_timeout_multiplier: 0.1100
c o [branch] rebuilding order heap for all branchings. Current branching: vsids
c o [0m[puura] new_empty_sampl_vars size: 0[0m
c o [get-cnf] Checking for variables mapping to same new var to set AIG definitions...
c o solver orig num vars: 168 solver simp num vars: 51
c o [0m[31m[puura] Done. final vars: 51 final cls: 146 T: 0.02[0m
c o [0m[31m[autarky] Found autarkies: 0 autarky vars: 0 T-out: N T: 0.00[0m
c o --> Executing strategy token: must-scc-vrepl
c o [scc] new: 0 BP 0M T: 0.00
c o [vrep] vars 0 lits 0 rem-bin-cls 0 rem-long-cls 0 BP 0M T: 0.00
c o --> Executing strategy token: full-probe
c o [full-probe]  bin_only: 0 set: 0 repl: 0 T: 0.00 T-out: N T-r: 99.89%
c o --> Executing strategy token: sub-impl
c o [impl-sub] bin: 0 T: 0.00 T-out: N w-visit: 102
c o --> Executing strategy token: sub-cls-with-bin
c o [distill] watch-based irred--  cl tried      127 cl-sh     0 cl-rem    0 lit-rem      0 T: 0.00 T-out: N
c o [distill] watch-based   red--  cl tried        0 cl-sh     0 cl-rem    0 lit-rem      0 T: 0.00 T-out: N
c o --> Executing strategy token: distill-cls-onlyrem
c o [distill-long-irred] cls tried: 127/127 T: 0.00 T-out: N T-r: 99.98%
c o Executing OCC strategy token(s): 'occ-backw-sub,occ-resolv-subs,occ-rem-with-orgates,occ-ternary-res,
c o [occ] mem usage for occur      0 MB
c o [occ] Linked in IRRED BIN by default: 19
c o [occ] Linked in RED   BIN by default: 1
c o Mem for watch alloc    : 0           MB (0.09      %)
c o Mem for watch array    : 0           MB (0.04      %)
c o Executing OCC strategy token: occ-backw-sub
c o [occ-backw-sub-long-w-long] rem cl: 0 tried: 134/134 (100.0%) T: 0.00 T-out: N T-r: 99.92%
c o Executing OCC strategy token: occ-resolv-subs
c o [occ-resolv-subs] removed: 0 checked: 2008 T: 0.0
c o Executing OCC strategy token: occ-rem-with-orgates
c o [occ-gates] found:     1 avg-s: 2.0 T: 0.00 T-out: N T-r: 99.88%
c o [occ-gate-based-lit-rem] lit-rem: 0 cl-rem: 0 T: 0.00 T-out: N
c o Executing OCC strategy token: occ-ternary-res
c o [occ-ternary-res] Ternary res-tri: 3 res-bin: 0 sub: 0 str: 0 T: 0.00 T-out: N T-r: 99.87%
c o --> Executing strategy token: must-scc-vrepl
c o [scc] new: 0 BP 0M T: 0.00
c o [vrep] vars 0 lits 0 rem-bin-cls 0 rem-long-cls 0 BP 0M T: 0.00
c o Executing OCC strategy token(s): 'occ-bve,
c o [occ] mem usage for occur      0 MB
c o [occ] Linked in IRRED BIN by default: 19
c o [occ] Linked in RED   BIN by default: 1
c o Mem for watch alloc    : 0           MB (0.09      %)
c o Mem for watch array    : 0           MB (0.04      %)
c o Executing OCC strategy token: occ-bve
c o [occ-empty-res] Empty resolvent elimed: 0 T: 0.00 T-out: N
c o [occ-bve] iter v-elim 0
c o cl_inc_rate=1.00, var_dec_rate=1.00 (grow=0)
c o Reduced to 51 vars, 146 cls (grow=0)
c o x n vars       : 51
c o #try to eliminate:    19
c o #var-elim        :     0
c o #T-o: N
c o #T-r: 100.00%
c o #T  : 0.00
c o [occur] 0.00 is overhead
c o [occur] link-in T: 0.00 cleanup T: 0.00
c o [occ-xor-bve] elimed: 0 T: 0.00 T-out: N
c o --> Executing strategy token: sub-impl
c o [impl-sub] bin: 0 T: 0.00 T-out: N w-visit: 102
c o --> Executing strategy token: distill-cls-onlyrem
c o [distill-long-irred] cls tried: 127/127 T: 0.00 T-out: N T-r: 99.98%
c o --> Executing strategy token: intree-probe
c o [scc] new: 0 BP 0M T: 0.00
c o [vrep] vars 0 lits 0 rem-bin-cls 0 rem-long-cls 0 BP 0M T: 0.00
c o [intree] Set 0 vars hyper-added: 0 trans-irred: 0 trans-red: 0 T: 0.00 T-out: N T-r: -0.02%
c o Executing OCC strategy token(s): 'occ-backw-sub-str,
c o [occ] mem usage for occur      0 MB
c o [occ] Linked in IRRED BIN by default: 19
c o [occ] Linked in RED   BIN by default: 1
c o Mem for watch alloc    : 0           MB (0.09      %)
c o Mem for watch array    : 0           MB (0.04      %)
c o Executing OCC strategy token: occ-backw-sub-str
c o [occ-backw-sub-str-long-w-bins] subs: 0 str: 0 tried: 20 0-depth ass: 0 T: 0.00 T-out: N T-r: 99.85%
c o [occ-backw-sub-long-w-long] rem cl: 0 tried: 137/137 (100.0%) T: 0.00 T-out: N T-r: 99.92%
c o [occ-backw-sub-str-long-w-long] sub: 0 str: 0 tried: 411/137 (300.0)  T: 0.00 T-out: N T-r: 99.48%
c o --> Executing strategy token: sub-str-cls-with-bin
c o [distill] watch-based irred--  cl tried      254 cl-sh     0 cl-rem    0 lit-rem      0 T: 0.00 T-out: N
c o [distill] watch-based   red--  cl tried        0 cl-sh     0 cl-rem    0 lit-rem      0 T: 0.00 T-out: N
c o --> Executing strategy token: clean-cls
c o --> Executing strategy token: distill-cls
c o [distill-long-irred] cls tried: 127/127 T: 0.00 T-out: N T-r: 99.98%
c o [distill-long-irred] cls tried: 127/127 T: 0.00 T-out: N T-r: 99.97%
c o --> Executing strategy token: distill-bins
c o [distill-bin] useful: 0/19/19 lits-rem: 0 cl-rem: 0 0-depth-assigns: 0 T: 0.00 T-out: N
c o [consolidate] mini T: 0.00
c o global_timeout_multiplier: 0.1100
c o [branch] rebuilding order heap for all branchings. Current branching: vsids
c o --> Executing strategy token: oracle-vivif-sparsify
c o --> Executing strategy token: must-renumber
c o [renumber] T: 0.00
c o [oracle-bin] potential pairs: 314 T: 0.0000
c o --> Executing strategy token: must-scc-vrepl
c o [scc] new: 0 BP 0M T: 0.00
c o [vrep] vars 0 lits 0 rem-bin-cls 0 rem-long-cls 0 BP 0M T: 0.00
c o [oracle-vivif] lits-rem: 0 learnt-units: 0 T-out: N T-remain: 99.5918% T: 0.00
c o [oracle-bin] bin-added: 19 equiv-added: 0 T-out: N T-remain: 99.54% T: 0.00
c o [oracle-vivif] cache usefulness: 84% total T: 0.00
c o --> Executing strategy token: sub-impl
c o [impl-sub] bin: 19 T: 0.00 T-out: N w-visit: 102
c o Executing OCC strategy token(s): 'occ-backw-sub,
c o [occ] mem usage for occur      0 MB
c o [occ] Linked in IRRED BIN by default: 19
c o [occ] Linked in RED   BIN by default: 1
c o Mem for watch alloc    : 0           MB (0.10      %)
c o Mem for watch array    : 0           MB (0.03      %)
c o Executing OCC strategy token: occ-backw-sub
c o [occ-backw-sub-long-w-long] rem cl: 0 tried: 137/137 (100.0%) T: 0.00 T-out: N T-r: 99.92%
c o --> Executing strategy token: must-renumber
c o [renumber] T: 0.00
c o [oracle-sparsify] done with 10 % oracle mems:     0 ccnr useful: 100.0% T: 0.0
c o [oracle-sparsify] done with 20 % oracle mems:     0 ccnr useful: 100.0% T: 0.0
c o [oracle-sparsify] done with 30 % oracle mems:     0 ccnr useful: 100.0% T: 0.0
c o [oracle-sparsify] done with 40 % oracle mems:     0 ccnr useful: 100.0% T: 0.0
c o [oracle-sparsify] done with 50 % oracle mems:     0 ccnr useful: 100.0% T: 0.0
c o [oracle-sparsify] done with 60 % oracle mems:     0 ccnr useful: 100.0% T: 0.0
c o [oracle-sparsify] done with 70 % oracle mems:     0 ccnr useful: 100.0% T: 0.0
c o [oracle-sparsify] done with 80 % oracle mems:     0 ccnr useful: 100.0% T: 0.0
c o [oracle-sparsify] done with 90 % oracle mems:     0 ccnr useful: 100.0% T: 0.0
c o [oracle-sparsify] removed: 0 of which bin: 0 tot considered: 146 ccnr useful: 146 oracle uknown: 0 cache useful: 0% learnt-units: 0 T: 0.00 buildT: 0.00
c o [consolidate] mini T: 0.00
c o global_timeout_multiplier: 0.1100
c o [branch] rebuilding order heap for all branchings. Current branching: vsids
c o --> Executing strategy token: must-scc-vrepl
c o [scc] new: 0 BP 0M T: 0.00
c o [vrep] vars 0 lits 0 rem-bin-cls 0 rem-long-cls 0 BP 0M T: 0.00
c o --> Executing strategy token: full-probe
c o [full-probe]  bin_only: 0 set: 0 repl: 0 T: 0.00 T-out: N T-r: 99.89%
c o --> Executing strategy token: sub-impl
c o [impl-sub] bin: 0 T: 0.00 T-out: N w-visit: 102
c o --> Executing strategy token: sub-cls-with-bin
c o [distill] watch-based irred--  cl tried      127 cl-sh     0 cl-rem    0 lit-rem      0 T: 0.00 T-out: N
c o [distill] watch-based   red--  cl tried        0 cl-sh     0 cl-rem    0 lit-rem      0 T: 0.00 T-out: N
c o --> Executing strategy token: distill-cls-onlyrem
c o [distill-long-irred] cls tried: 127/127 T: 0.00 T-out: N T-r: 99.98%
c o Executing OCC strategy token(s): 'occ-backw-sub,occ-resolv-subs,occ-rem-with-orgates,occ-ternary-res,
c o [occ] mem usage for occur      0 MB
c o [occ] Linked in IRRED BIN by default: 19
c o [occ] Linked in RED   BIN by default: 1
c o [occ] mem usage for occur      0 MB
c o Mem for watch alloc    : 0           MB (0.10      %)
c o Mem for watch array    : 0           MB (0.03      %)
c o Executing OCC strategy token: occ-backw-sub
c o [occ-backw-sub-long-w-long] rem cl: 0 tried: 137/137 (100.0%) T: 0.00 T-out: N T-r: 99.92%
c o Executing OCC strategy token: occ-resolv-subs
c o [occ-resolv-subs] removed: 0 checked: 2008 T: 0.0
c o Executing OCC strategy token: occ-rem-with-orgates
c o [occ-gates] found:     1 avg-s: 2.0 T: 0.00 T-out: N T-r: 99.88%
c o [occ-gate-based-lit-rem] lit-rem: 0 cl-rem: 0 T: 0.00 T-out: N
c o Executing OCC strategy token: occ-ternary-res
c o [occ-ternary-res] Ternary res-tri: 3 res-bin: 0 sub: 0 str: 0 T: 0.00 T-out: N T-r: 99.88%
c o --> Executing strategy token: must-scc-vrepl
c o [scc] new: 0 BP 0M T: 0.00
c o [vrep] vars 0 lits 0 rem-bin-cls 0 rem-long-cls 0 BP 0M T: 0.00
c o Executing OCC strategy token(s): 'occ-bve,
c o [occ] mem usage for occur      0 MB
c o [occ] Linked in IRRED BIN by default: 19
c o [occ] Linked in RED   BIN by default: 1
c o [occ] mem usage for occur      0 MB
c o Mem for watch alloc    : 0           MB (0.10      %)
c o Mem for watch array    : 0           MB (0.03      %)
c o Executing OCC strategy token: occ-bve
c o [occ-empty-res] Empty resolvent elimed: 0 T: 0.00 T-out: N
c o [occ-bve] iter v-elim 0
c o cl_inc_rate=1.00, var_dec_rate=1.00 (grow=0)
c o Reduced to 51 vars, 146 cls (grow=0)
c o x n vars       : 51
c o #try to eliminate:    19
c o #var-elim        :     0
c o #T-o: N
c o #T-r: 100.00%
c o #T  : 0.00
c o [occur] 0.00 is overhead
c o [occur] link-in T: 0.00 cleanup T: 0.00
c o [occ-xor-bve] elimed: 0 T: 0.00 T-out: N
c o --> Executing strategy token: sub-impl
c o [impl-sub] bin: 0 T: 0.00 T-out: N w-visit: 102
c o --> Executing strategy token: distill-cls-onlyrem
c o [distill-long-irred] cls tried: 127/127 T: 0.00 T-out: N T-r: 99.97%
c o --> Executing strategy token: intree-probe
c o [scc] new: 0 BP 0M T: 0.00
c o [vrep] vars 0 lits 0 rem-bin-cls 0 rem-long-cls 0 BP 0M T: 0.00
c o [intree] Set 0 vars hyper-added: 0 trans-irred: 0 trans-red: 0 T: 0.00 T-out: N T-r: -0.07%
c o Executing OCC strategy token(s): 'occ-backw-sub-str,
c o [occ] mem usage for occur      0 MB
c o [occ] Linked in IRRED BIN by default: 19
c o [occ] Linked in RED   BIN by default: 1
c o [occ] mem usage for occur      0 MB
c o Mem for watch alloc    : 0           MB (0.10      %)
c o Mem for watch array    : 0           MB (0.03      %)
c o Executing OCC strategy token: occ-backw-sub-str
c o [occ-backw-sub-str-long-w-bins] subs: 0 str: 0 tried: 40 0-depth ass: 0 T: 0.00 T-out: N T-r: 99.85%
c o [occ-backw-sub-long-w-long] rem cl: 0 tried: 140/140 (100.0%) T: 0.00 T-out: N T-r: 99.92%
c o [occ-backw-sub-str-long-w-long] sub: 0 str: 0 tried: 420/140 (300.0)  T: 0.00 T-out: N T-r: 99.48%
c o --> Executing strategy token: sub-str-cls-with-bin
c o [distill] watch-based irred--  cl tried      254 cl-sh     0 cl-rem    0 lit-rem      0 T: 0.00 T-out: N
c o [distill] watch-based   red--  cl tried        0 cl-sh     0 cl-rem    0 lit-rem      0 T: 0.00 T-out: N
c o --> Executing strategy token: clean-cls
c o --> Executing strategy token: distill-cls
c o [distill-long-irred] cls tried: 127/127 T: 0.00 T-out: N T-r: 99.97%
c o [distill-long-irred] cls tried: 127/127 T: 0.00 T-out: N T-r: 99.97%
c o --> Executing strategy token: distill-bins
c o [distill-bin] useful: 0/19/19 lits-rem: 0 cl-rem: 0 0-depth-assigns: 0 T: 0.00 T-out: N
c o Executing OCC strategy token(s): 'occ-backw-sub,
c o [occ] mem usage for occur      0 MB
c o [occ] Linked in IRRED BIN by default: 19
c o [occ] Linked in RED   BIN by default: 1
c o [occ] mem usage for occur      0 MB
c o Mem for watch alloc    : 0           MB (0.10      %)
c o Mem for watch array    : 0           MB (0.03      %)
c o Executing OCC strategy token: occ-backw-sub
c o [occ-backw-sub-long-w-long] rem cl: 0 tried: 140/140 (100.0%) T: 0.00 T-out: N T-r: 99.92%
c o [consolidate] mini T: 0.00
c o global_timeout_multiplier: 0.1100
c o [branch] rebuilding order heap for all branchings. Current branching: vsids
c o --> Executing strategy token: oracle-vivif-fast
c o --> Executing strategy token: must-renumber
c o [renumber] T: 0.00
c o [oracle-bin] potential pairs: 314 T: 0.0000
c o --> Executing strategy token: must-scc-vrepl
c o [scc] new: 0 BP 0M T: 0.00
c o [vrep] vars 0 lits 0 rem-bin-cls 0 rem-long-cls 0 BP 0M T: 0.00
c o [oracle-vivif] lits-rem: 0 learnt-units: 0 T-out: N T-remain: 98.7487% T: 0.00
c o [oracle-bin] bin-added: 19 equiv-added: 0 T-out: N T-remain: 99.54% T: 0.00
c o [oracle-vivif] cache usefulness: 84% total T: 0.00
c o --> Executing strategy token: oracle-sparsify-fast
c o --> Executing strategy token: sub-impl
c o [impl-sub] bin: 19 T: 0.00 T-out: N w-visit: 102
c o Executing OCC strategy token(s): 'occ-backw-sub,
c o [occ] mem usage for occur      0 MB
c o [occ] Linked in IRRED BIN by default: 19
c o [occ] Linked in RED   BIN by default: 1
c o [occ] mem usage for occur      0 MB
c o Mem for watch alloc    : 0           MB (0.10      %)
c o Mem for watch array    : 0           MB (0.03      %)
c o Executing OCC strategy token: occ-backw-sub
c o [occ-backw-sub-long-w-long] rem cl: 0 tried: 141/141 (100.0%) T: 0.00 T-out: N T-r: 99.92%
c o --> Executing strategy token: must-renumber
c o [renumber] T: 0.00
c o [oracle-sparsify] done with 10 % oracle mems:     0 ccnr useful: 100.0% T: 0.0
c o [oracle-sparsify] done with 20 % oracle mems:     0 ccnr useful: 100.0% T: 0.0
c o [oracle-sparsify] done with 30 % oracle mems:     0 ccnr useful: 100.0% T: 0.0
c o [oracle-sparsify] done with 40 % oracle mems:     0 ccnr useful: 100.0% T: 0.0
c o [oracle-sparsify] done with 50 % oracle mems:     0 ccnr useful: 100.0% T: 0.0
c o [oracle-sparsify] done with 60 % oracle mems:     0 ccnr useful: 100.0% T: 0.0
c o [oracle-sparsify] done with 70 % oracle mems:     0 ccnr useful: 100.0% T: 0.0
c o [oracle-sparsify] done with 80 % oracle mems:     0 ccnr useful: 100.0% T: 0.0
c o [oracle-sparsify] done with 90 % oracle mems:     0 ccnr useful: 100.0% T: 0.0
c o [oracle-sparsify] removed: 0 of which bin: 0 tot considered: 146 ccnr useful: 146 oracle uknown: 0 cache useful: 0% learnt-units: 0 T: 0.00 buildT: 0.00
c o [consolidate] mini T: 0.00
c o global_timeout_multiplier: 0.1100
c o [branch] rebuilding order heap for all branchings. Current branching: vsids
c o Executing OCC strategy token(s): 'occ-bve,
c o [occ] mem usage for occur      0 MB
c o [occ] Linked in IRRED BIN by default: 19
c o [occ] Linked in RED   BIN by default: 1
c o [occ] mem usage for occur      0 MB
c o Mem for watch alloc    : 0           MB (0.10      %)
c o Mem for watch array    : 0           MB (0.03      %)
c o Executing OCC strategy token: occ-bve
c o [occ-empty-res] Empty resolvent elimed: 0 T: 0.00 T-out: N
c o [occ-bve] iter v-elim 0
c o cl_inc_rate=1.00, var_dec_rate=1.00 (grow=0)
c o Reduced to 51 vars, 146 cls (grow=0)
c o x n vars       : 51
c o #try to eliminate:    19
c o #var-elim        :     0
c o #T-o: N
c o #T-r: 100.00%
c o #T  : 0.00
c o [occur] 0.00 is overhead
c o [occur] link-in T: 0.00 cleanup T: 0.00
c o [occ-xor-bve] elimed: 0 T: 0.00 T-out: N
c o [consolidate] mini T: 0.00
c o global_timeout_multiplier: 0.1100
c o [branch] rebuilding order heap for all branchings. Current branching: vsids
c o --> Executing strategy token: must-scc-vrepl
c o [scc] new: 0 BP 0M T: 0.00
c o [vrep] vars 0 lits 0 rem-bin-cls 0 rem-long-cls 0 BP 0M T: 0.00
c o --> Executing strategy token: must-renumber
c o [renumber] T: 0.00
c o [consolidate] mini T: 0.00
c o global_timeout_multiplier: 0.1100
c o [branch] rebuilding order heap for all branchings. Current branching: vsids
c o [occ] mem usage for occur      0 MB
c o [occ] Linked in IRRED BIN by default: 19
c o [occ] Linked in RED   BIN by default: 1
c o [occ] mem usage for occur      0 MB
c o Mem for watch alloc    : 0           MB (0.10      %)
c o Mem for watch array    : 0           MB (0.03      %)
c o [empty] empty_occ: 0 T: 0.00
c o Executing OCC strategy token(s): 'occ-bve-empty,
c o [occ] mem usage for occur      0 MB
c o [occ] Linked in IRRED BIN by default: 19
c o [occ] Linked in RED   BIN by default: 1
c o [occ] mem usage for occur      0 MB
c o Mem for watch alloc    : 0           MB (0.10      %)
c o Mem for watch array    : 0           MB (0.03      %)
c o Executing OCC strategy token: occ-bve-empty
c o [occ-empty-res] Empty resolvent elimed: 0 T: 0.00 T-out: N
c o --> Executing strategy token: must-renumber
c o [renumber] T: 0.00
c o [consolidate] mini T: 0.00
c o global_timeout_multiplier: 0.1100
c o [branch] rebuilding order heap for all branchings. Current branching: vsids
c o [0m[puura] new_empty_sampl_vars size: 0[0m
c o [get-cnf] Checking for variables mapping to same new var to set AIG definitions...
c o solver orig num vars: 51 solver simp num vars: 51
c o [0m[31m[puura] Done. final vars: 51 final cls: 146 T: 0.01[0m
c o [0m[arjun-sbva] entering SBVA with     vars: 51      cls:   146 opt sampl: 32[0m
c o [0m[arjun-sbva] exited SBVA with       vars: 51      cls:   146[0m
c o [0m[arjun-sbva] K steps remaining: 987.29 T-out: No T: 0.00[0m
c o [0m[extend-gates] Gates added to opt indep: 0 T: 0.00[0m
c o [0m[arjun-extend] Start unknown size: 19[0m
c o [0m[arjun-extend] ccnr. got back sols: 0 erased: 0 T: 0.00[0m
c o [0m[arjun-extend] Extend finished  orig size: 32 final size: 32 Undef: 0 T: 0.00 mem: 7 MB[0m
c o Arjun T: 0.04
c o Found 1 disconnected component(s)
c o [par] Using non-parallel counting
c o ind size: 32 nvars: 51
c o opt ind size: 32 ind size: 32 nvars: 51
c o Sampling set size: 32
c o Opt sampling set size: 32
c o Bin irred/red      19         1         
c o Long irred cls/tri 62         65        
c o Long red cls/tri   0          14        
c o [td] nodes: 32 nvars: 51 edges: 496
c o [td] Primal graph   nodes: 51 edges: 496 density: 0.191 edge/var: 9.725
c o [td] min degree heuristic
c o [td] #bags 1, tw 32, elapsed 0.000 s
c o [td] min shortcut heuristic
c o [td] run with 0.0/0.1/0.2 min balance and node_min_expansion in endless loop with varying seed
c o [td] iter 100 width: 31 stepsK remain: 99 T: 0.048
c o [td] iter 200 width: 31 stepsK remain: 99 T: 0.090
c o [td] iter 300 width: 31 stepsK remain: 98 T: 0.134
c o [td] iter 400 width: 31 stepsK remain: 98 T: 0.178
c o [td] iter 500 width: 31 stepsK remain: 98 T: 0.220
c o [td] iter 600 width: 31 stepsK remain: 97 T: 0.262
c o [td] iter 700 width: 31 stepsK remain: 97 T: 0.304
c o [td] iter 800 width: 31 stepsK remain: 96 T: 0.348
c o [td] centroid bag id: 0 bag size: 32
c o All projected vars are the same distance, ignoring TD
c o [td] decompose time: 0.395
c o [rdb] cls before: 10015 after: 10015 low lbd: 0 lbd cutoff: 2 target computed: 4000 cannot be del : 0 used: 10015 rdb: 1
c o [rst-cube] Num restarts: 0 orig cubes this rst: 1 final cubes this rst: 1 total orig cubes: 1 total final cubes: 1
c o total time so far: 4.326
c o decisions K                    864       -- Kdec/s:     201.63   
c o conflicts                      14035        -- confl/s:    3273.86  
c o rem lits triedK/rem lits remK  14        0         
c o shrink tried/useful%/lits rem  14035     76.1311   29112     
c o avg clsz/rem lits avg/finalavg 25.1243   22.8638   22.8633  
c o rdbs/low lbd/rem               1     0      0     
c o looks/look-computes            0/0
c o sat call/sat/unsat/confl/rst  71751 71751 0     132   0     
c o buddy called /unsat ratio           0     / 0.0000 
c o buddy avg num bin/long cls/vs  0.0000 / 0.0000 / 0.0000
c o buddy max num bin/long cls/vs  0     / 0     / 0    
c o orig cubes/lit-r avg/exten avg 1     / 0.00  / 0.00 
c o cubes orig/symm/final          1     / 0     / 1    
c o cubes resolved/flp-removed     0     / 0    
c o tot restarts                   0    
c o comp sortsK/avg sz             731   / 1.00008754
c o comps recordK/non-reset ratio  2448 / 1.00
c o vivif: try/cls/clviv/litsravg  0         0         0         0.00      
c o toplev subs runs/bins/long-cls 0         0         0         0         0         
c o toplevel probes/fail/bprop     0         0         0         
c o Mem used                       0.16 GB
c o cache pollutions call/removed  27258/20877
c o cache entries K                710
c o MB cache                       116.362
c o cache K (lookup/ stores/ hits/ dels) 2448   731    1717   0       -- Klookup/s:  570.85   
c o cache miss rate                0.299
c o avg hit/store num vars 3.792 / 24.716
c o 
c o intermediate count: 2147516416
c o Total time [Arjun+GANAK]: 4.44
s SATISFIABLE
c s type pmc
c s log10-estimate 9.33193649e+00
c s exact arb int 2147516416
c s pac guarantees epsilon: 0 delta: 0
