c o Ganak SHA1: 0b4881b40126fb5ae8a1b7c9fdd4878afa25b051
c o Arjun SHA1: 0b4881b40126fb5ae8a1b7c9fdd4878afa25b051
c o SBVA SHA1: 0b4881b40126fb5ae8a1b7c9fdd4878afa25b051
c o CMS SHA1: 0b4881b40126fb5ae8a1b7c9fdd4878afa25b051
c o ApproxMC SHA1: 0b4881b40126fb5ae8a1b7c9fdd4878afa25b051
c o Using ideas by JM Lagniez, and Pierre Marquis
c o     from paper: Improving Model Counting [..] IJCAI 2016
c o Using VMTF, picosat, CaDiCaL, and CadiBack code by Armin Biere
c o CMS is MIT licensed
c o Using code from 'When Boolean Satisfiability Meets Gauss-E. in a Simplex Way'
c o       by C.-S. Han and J.-H. Roland Jiang in CAV 2012. Fixes by M. Soos
c o Using CCAnr from 'CCAnr: A Conf. Checking Based Local Search Solver [...]'
c o       by Shaowei Cai, Chuan Luo, and Kaile Su, SAT 2015
c o Using Oracle code from 'Integrating Tree Decompositions [...]'
c o       by Tuukka Korhonen and Matti Jarvisalo, CP 2021
c o Using Graph library by Tuukka Korhonen and Matti Jarvisalo
c o Using Flowcutter by Ben Strasser
c o Ganak compilation env CMAKE_CXX_COMPILER = /usr/bin/c++ | CMAKE_CXX_FLAGS =  -fno-stack-protector -mpopcnt -msse4.2 -mpclmul -Wduplicated-cond -Wduplicated-branches -Wlogical-op -Wrestrict -Wnull-dereference -Wdouble-promotion -Wshadow -Wformat=2 -Wextra-semi -pedantic | COMPILE_DEFINES =  -DNDEBUG -D_FORTIFY_SOURCE=0 -DUSE_ZLIB | BUILD_SHARED_LIBS = OFF | ZLIB_FOUND = TRUE | ENABLE_ASSERTIONS = OFF | 
c o called with: /workspace/cm-packed-continuation/build/application-ganak/ganak --prob 0 --mode 0 --fast /workspace/cm-packed-evidence/feature-oracle/additional-07-4.cnf
c o CNF projection set size: 329
c o --> Executing strategy token: clean-cls
c o --> Executing strategy token: must-scc-vrepl
c o [scc] new: 46 BP 0M T: 0.00
c o [vrep] vars 46 lits 681 rem-bin-cls 184 rem-long-cls 0 BP 0M T: 0.00
c o [consolidate] mini T: 0.00
c o global_timeout_multiplier: 0.1
c o [branch] rebuilding order heap for all branchings. Current branching: vsids
c o [0m[arjun-simp] probing all sampling variables[0m
c o --> Executing strategy token: must-scc-vrepl
c o [scc] new: 1 BP 0M T: 0.00
c o [vrep] vars 1 lits 19 rem-bin-cls 5 rem-long-cls 1 BP 0M T: 0.00
c o [consolidate] mini T: 0.00
c o global_timeout_multiplier: 0.1
c o [branch] rebuilding order heap for all branchings. Current branching: vsids
c o [0m[arjun-simp] Removed set       : 50 new size: 279[0m
c o [0m[arjun-simp] Removed eq lits: 41 new size: 238[0m
c o [0m[arjun-simp] probe removed: 91 perc: 27.66 T: 0.00[0m
c o [0m[arjun-simp] Removed eq lits: 0 new size: 238[0m
c o [0m[arjun-simp] Removed set       : 0 new size: 238[0m
c o [0m[arjun-simp] get-empties removed: 8 perc: 3.36 total empties now: 7 T: 0.00[0m
c o [0m[arjun-simp] CMS::simplify() with no BVE, intree probe...[0m
c o --> Executing strategy token: str-impl
c [impl-str] lit bin: 0 set-var: 0 T: 0.00 T-out: N T-r: 99.91% w-visit: 670
c o --> Executing strategy token: intree-probe
c o [scc] new: 0 BP 0M T: 0.00
c o [vrep] vars 0 lits 0 rem-bin-cls 0 rem-long-cls 0 BP 0M T: 0.00
c o [intree] Set 0 vars hyper-added: 0 trans-irred: 0 trans-red: 0 T: 0.00 T-out: N T-r: -0.01%
c o Executing OCC strategy token(s): 'occ-ternary-res,occ-backw-sub,
c o [occ] mem usage for occur      0 MB
c o [occ] Linked in IRRED BIN by default: 392
c o [occ] Linked in RED   BIN by default: 0
c o [occ] mem usage for occur      0 MB
c o Mem for watch alloc    : 0           MB (0.32      %)
c o Mem for watch array    : 0           MB (0.22      %)
c o Executing OCC strategy token: occ-ternary-res
c o [occ-ternary-res] Ternary res-tri: 0 res-bin: 0 sub: 0 str: 0 T: 0.00 T-out: N T-r: 99.99%
c o Executing OCC strategy token: occ-backw-sub
c o [occ-backw-sub-long-w-long] rem cl: 0 tried: 53/53 (100.0%) T: 0.00 T-out: N T-r: 99.98%
c o --> Executing strategy token: distill-litrem
c [distill-litrem] useful: 1/217/53 lits-rem: 1 0-depth-assigns: 0 T: 0.00 T-out: N
c o --> Executing strategy token: must-distill-cls
c o [distill-long-irred] cls tried: 53/53 T: 0.00 T-out: N T-r: 99.86%
c o [distill-long-irred] cls tried: 53/53 T: 0.00 T-out: N T-r: 99.83%
c o --> Executing strategy token: distill-bins
c o [distill-bin] useful: 4/392/392 lits-rem: 0 cl-rem: 4 0-depth-assigns: 0 T: 0.00 T-out: N
c o --> Executing strategy token: oracle-vivif-veryfast
c o --> Executing strategy token: must-renumber
c o [oracle-bin] potential pairs: 508 T: 0.0
c o --> Executing strategy token: must-scc-vrepl
c o [scc] new: 0 BP 0M T: 0.00
c o [vrep] vars 0 lits 0 rem-bin-cls 0 rem-long-cls 0 BP 0M T: 0.00
c o [oracle-vivif] lits-rem: 0 learnt-units: 0 T-out: N T-remain: 98.8% T: 0.00
c o [oracle-bin] bin-added: 280 equiv-added: 0 T-out: N T-remain: 99.03% T: 0.00
c o [oracle-vivif] cache usefulness: 78% total T: 0.01
c o [consolidate] mini T: 0.00
c o global_timeout_multiplier: 0.1000
c o [branch] rebuilding order heap for all branchings. Current branching: vsids
c o --> Executing strategy token: scc-vrepl
c o [scc] new: 0 BP 0M T: 0.00
c o [vrep] vars 0 lits 0 rem-bin-cls 0 rem-long-cls 0 BP 0M T: 0.00
c o --> Executing strategy token: sub-impl
c o [impl-sub] bin: 280 T: 0.00 T-out: N w-visit: 670
c o --> Executing strategy token: breakid
c o Executing OCC strategy token(s): 'occ-backw-sub-str,occ-clean-implicit,occ-bve,occ-bva,occ-ternary-res,occ-xor,
c o [occ] mem usage for occur      0 MB
c o [occ] Linked in IRRED BIN by default: 388
c o [occ] Linked in RED   BIN by default: 0
c o [occ] mem usage for occur      0 MB
c o Mem for watch alloc    : 0           MB (0.30      %)
c o Mem for watch array    : 0           MB (0.17      %)
c o Executing OCC strategy token: occ-backw-sub-str
c o [occ-backw-sub-str-long-w-bins] subs: 0 str: 0 tried: 388 0-depth ass: 0 T: 0.00 T-out: N T-r: 98.43%
c o [occ-backw-sub-long-w-long] rem cl: 0 tried: 53/53 (100.0%) T: 0.00 T-out: N T-r: 99.98%
c o [occ-backw-sub-str-long-w-long] sub: 0 str: 0 tried: 159/53 (300.0)  T: 0.00 T-out: N T-r: 99.87%
c o Executing OCC strategy token: occ-clean-implicit
c o Executing OCC strategy token: occ-bve
c o Executing OCC strategy token: occ-bva
c o Executing OCC strategy token: occ-ternary-res
c o [occ-ternary-res] Ternary res-tri: 0 res-bin: 0 sub: 0 str: 0 T: 0.00 T-out: N T-r: 99.99%
c o Executing OCC strategy token: occ-xor
c o --> Executing strategy token: card-find
c o --> Executing strategy token: cl-consolidate
c o Not consolidating memory.
c o --> Executing strategy token: scc-vrepl
c o [scc] new: 0 BP 0M T: 0.00
c o [vrep] vars 0 lits 0 rem-bin-cls 0 rem-long-cls 0 BP 0M T: 0.00
c o --> Executing strategy token: renumber
c o --> Executing strategy token: louvain-comms
c o [consolidate] mini T: 0.00
c o global_timeout_multiplier: 0.1000
c o [branch] rebuilding order heap for all branchings. Current branching: vsids
c o [0m[arjun-simp] Removed set       : 0 new size: 230[0m
c o [0m[arjun-simp] CMS::simplify() with no BVE finished. T: 0.0089[0m
c o [0mWARNING: Turning off gates, because the sampling size is small, so we can just do it. Size: 230[0m
c o --> Executing strategy token: must-scc-vrepl
c o [scc] new: 0 BP 0M T: 0.00
c o [vrep] vars 0 lits 0 rem-bin-cls 0 rem-long-cls 0 BP 0M T: 0.00
c o --> Executing strategy token: clean-cls
c o --> Executing strategy token: sub-impl
c o [impl-sub] bin: 0 T: 0.00 T-out: N w-visit: 670
c o [consolidate] mini T: 0.00
c o global_timeout_multiplier: 0.1000
c o [branch] rebuilding order heap for all branchings. Current branching: vsids
c o [0m[arjun-simp] Removed eq lits: 0 new size: 230[0m
c o [0m[arjun-simp] Removed set       : 0 new size: 230[0m
c o [0m[arjun-simp] get-empties removed: 0 perc: 0.00 total empties now: 7 T: 0.00[0m
c o [0m[arjun-simp] probing all sampling variables[0m
c o [0m[arjun-simp] Removed set       : 0 new size: 230[0m
c o [0m[arjun-simp] Removed eq lits: 0 new size: 230[0m
c o [0m[arjun-simp] probe removed: 0 perc: 0.00 T: 0.00[0m
c o [0m[arjun-simp] Removed eq lits: 0 new size: 230[0m
c o [0m[arjun-simp] Removed set       : 0 new size: 230[0m
c o [0m[arjun-simp] get-empties removed: 0 perc: 0.00 total empties now: 7 T: 0.00[0m
c o [0m[arjun] simplification finished  removed: 99 perc: 30.09 T: 0.01[0m
c o [0m[arjun] Duplicating CNF...[0m
c o [0m[arjun] Duplicated CNF. T: 0.00[0m
c o [0m[arjun] CMS::simplify() with *only* BVE...[0m
c o Executing OCC strategy token(s): 'occ-bve,
c o [occ] mem usage for occur      0 MB
c o [occ] Linked in IRRED BIN by default: 879
c o [occ] Linked in RED   BIN by default: 0
c o [occ] mem usage for occur      0 MB
c o Mem for watch alloc    : 0           MB (0.52      %)
c o Mem for watch array    : 0           MB (0.35      %)
c o Executing OCC strategy token: occ-bve
c o [occ-empty-res] Empty resolvent elimed: 21 T: 0.00 T-out: N
c o [occ-bve] iter v-elim 43
c o cl_inc_rate=0.91, var_dec_rate=1.09 (grow=0)
c o Reduced to 461 vars, 886 cls (grow=0)
c o [occ-bve] iter v-elim 1
c o cl_inc_rate=1.00, var_dec_rate=1.00 (grow=3)
c o Reduced to 460 vars, 887 cls (grow=3)
c o [occ-bve] iter v-elim 0
c o cl_inc_rate=1.00, var_dec_rate=1.00 (grow=4)
c o Reduced to 460 vars, 887 cls (grow=4)
c o [occ-bve] iter v-elim 0
c o cl_inc_rate=1.00, var_dec_rate=1.00 (grow=6)
c o Reduced to 460 vars, 887 cls (grow=6)
c o [occ-bve] iter v-elim 0
c o cl_inc_rate=1.00, var_dec_rate=1.00 (grow=9)
c o Reduced to 460 vars, 887 cls (grow=9)
c o [occ-bve] iter v-elim 0
c o cl_inc_rate=1.00, var_dec_rate=1.00 (grow=13)
c o Reduced to 460 vars, 887 cls (grow=13)
c o [occ-bve] iter v-elim 0
c o cl_inc_rate=1.00, var_dec_rate=1.00 (grow=16)
c o Reduced to 460 vars, 887 cls (grow=16)
c o x n vars       : 460
c o #try to eliminate:    46
c o #var-elim        :    44
c o #T-o: N
c o #T-r: 100.00%
c o #T  : 0.00
c o [occur] 0.00 is overhead
c o [occur] link-in T: 0.00 cleanup T: 0.00
c o [occ-xor-bve] elimed: 0 T: 0.00 T-out: N
c o [consolidate] mini T: 0.00
c o global_timeout_multiplier: 0.1000
c o [branch] rebuilding order heap for all branchings. Current branching: vsids
c o [0m[arjun] CMS::simplify() with *only* BVE finished. T: 0.0007[0m
c o [0m[arjun] Adding fixed clauses time: 0.0001[0m
c o [0m[backward FAST] Start unknown size: 230[0m
c o [0m[31m[arjun] backward round finished. U:  I: 178 T: 0.01[0m
c o [0m[arjun] run_minimize finished T: 0.02[0m
c o --> Executing strategy token: must-scc-vrepl
c o [scc] new: 51 BP 0M T: 0.00
c o [vrep] vars 47 lits 979 rem-bin-cls 289 rem-long-cls 1 BP 0M T: 0.00
c o --> Executing strategy token: full-probe
c o [full-probe]  bin_only: 0 set: 0 repl: 0 T: 0.00 T-out: N T-r: 99.68%
c o --> Executing strategy token: sub-impl
c o [impl-sub] bin: 2 T: 0.00 T-out: N w-visit: 670
c o --> Executing strategy token: sub-cls-with-bin
c o [distill] watch-based irred--  cl tried       53 cl-sh     0 cl-rem    0 lit-rem      0 T: 0.00 T-out: N
c o [distill] watch-based   red--  cl tried        0 cl-sh     0 cl-rem    0 lit-rem      0 T: 0.00 T-out: N
c o --> Executing strategy token: distill-cls-onlyrem
c o [distill-long-irred] cls tried: 53/53 T: 0.00 T-out: N T-r: 99.99%
c o Executing OCC strategy token(s): 'occ-backw-sub,occ-resolv-subs,occ-rem-with-orgates,occ-ternary-res,
c o [occ] mem usage for occur      0 MB
c o [occ] Linked in IRRED BIN by default: 392
c o [occ] Linked in RED   BIN by default: 0
c o Mem for watch alloc    : 0           MB (0.28      %)
c o Mem for watch array    : 0           MB (0.17      %)
c o Executing OCC strategy token: occ-backw-sub
c o [occ-backw-sub-long-w-long] rem cl: 0 tried: 53/53 (100.0%) T: 0.00 T-out: N T-r: 99.98%
c o Executing OCC strategy token: occ-resolv-subs
c o [occ-resolv-subs] removed: 1 checked: 477 T: 0.0
c o Executing OCC strategy token: occ-rem-with-orgates
c o [occ-gates] found:    83 avg-s: 2.0 T: 0.00 T-out: N T-r: 99.71%
c o [occ-gate-based-lit-rem] lit-rem: 1 cl-rem: 0 T: 0.00 T-out: N
c o Executing OCC strategy token: occ-ternary-res
c o [occ-ternary-res] Ternary res-tri: 0 res-bin: 0 sub: 0 str: 0 T: 0.00 T-out: N T-r: 99.99%
c o --> Executing strategy token: must-scc-vrepl
c o [scc] new: 0 BP 0M T: 0.00
c o [vrep] vars 0 lits 0 rem-bin-cls 0 rem-long-cls 0 BP 0M T: 0.00
c o Executing OCC strategy token(s): 'occ-bve,
c o [occ] mem usage for occur      0 MB
c o [occ] Linked in IRRED BIN by default: 392
c o [occ] Linked in RED   BIN by default: 0
c o Mem for watch alloc    : 0           MB (0.29      %)
c o Mem for watch array    : 0           MB (0.17      %)
c o Executing OCC strategy token: occ-bve
c o [occ-empty-res] Empty resolvent elimed: 48 T: 0.00 T-out: N
c o [occ-bve] iter v-elim 11
c o cl_inc_rate=0.87, var_dec_rate=1.06 (grow=0)
c o Reduced to 178 vars, 233 cls (grow=0)
c o x n vars       : 178
c o #try to eliminate:    11
c o #var-elim        :    11
c o #T-o: N
c o #T-r: 100.00%
c o #T  : 0.00
c o [occur] 0.00 is overhead
c o [occur] link-in T: 0.00 cleanup T: 0.00
c o [occ-xor-bve] elimed: 0 T: 0.00 T-out: N
c o --> Executing strategy token: sub-impl
c o [impl-sub] bin: 0 T: 0.00 T-out: N w-visit: 670
c o --> Executing strategy token: distill-cls-onlyrem
c o [distill-long-irred] cls tried: 26/26 T: 0.00 T-out: N T-r: 99.99%
c o --> Executing strategy token: intree-probe
c o [scc] new: 0 BP 0M T: 0.00
c o [vrep] vars 0 lits 0 rem-bin-cls 0 rem-long-cls 0 BP 0M T: 0.00
c o [intree] Set 0 vars hyper-added: 1 trans-irred: 1 trans-red: 0 T: 0.00 T-out: N T-r: -0.00%
c o Executing OCC strategy token(s): 'occ-backw-sub-str,
c o [occ] mem usage for occur      0 MB
c o [occ] Linked in IRRED BIN by default: 206
c o [occ] Linked in RED   BIN by default: 1
c o Mem for watch alloc    : 0           MB (0.25      %)
c o Mem for watch array    : 0           MB (0.17      %)
c o Executing OCC strategy token: occ-backw-sub-str
c o [occ-backw-sub-str-long-w-bins] subs: 0 str: 0 tried: 282 0-depth ass: 0 T: 0.00 T-out: N T-r: 99.31%
c o [occ-backw-sub-long-w-long] rem cl: 0 tried: 26/26 (100.0%) T: 0.00 T-out: N T-r: 99.99%
c o [occ-backw-sub-str-long-w-long] sub: 0 str: 0 tried: 78/26 (300.0)  T: 0.00 T-out: N T-r: 99.94%
c o --> Executing strategy token: sub-str-cls-with-bin
c o [distill] watch-based irred--  cl tried       52 cl-sh     0 cl-rem    0 lit-rem      0 T: 0.00 T-out: N
c o [distill] watch-based   red--  cl tried        0 cl-sh     0 cl-rem    0 lit-rem      0 T: 0.00 T-out: N
c o --> Executing strategy token: clean-cls
c o --> Executing strategy token: distill-cls
c o [distill-long-irred] cls tried: 26/26 T: 0.00 T-out: N T-r: 99.99%
c o [distill-long-irred] cls tried: 26/26 T: 0.00 T-out: N T-r: 99.99%
c o --> Executing strategy token: distill-bins
c o [distill-bin] useful: 0/206/206 lits-rem: 0 cl-rem: 0 0-depth-assigns: 0 T: 0.00 T-out: N
c o [consolidate] mini T: 0.00
c o global_timeout_multiplier: 0.1100
c o [branch] rebuilding order heap for all branchings. Current branching: vsids
c o --> Executing strategy token: must-scc-vrepl
c o [scc] new: 0 BP 0M T: 0.00
c o [vrep] vars 0 lits 0 rem-bin-cls 0 rem-long-cls 0 BP 0M T: 0.00
c o --> Executing strategy token: full-probe
c o [full-probe]  bin_only: 0 set: 0 repl: 0 T: 0.00 T-out: N T-r: 99.88%
c o --> Executing strategy token: sub-impl
c o [impl-sub] bin: 0 T: 0.00 T-out: N w-visit: 670
c o --> Executing strategy token: sub-cls-with-bin
c o [distill] watch-based irred--  cl tried       26 cl-sh     0 cl-rem    0 lit-rem      0 T: 0.00 T-out: N
c o [distill] watch-based   red--  cl tried        0 cl-sh     0 cl-rem    0 lit-rem      0 T: 0.00 T-out: N
c o --> Executing strategy token: distill-cls-onlyrem
c o [distill-long-irred] cls tried: 26/26 T: 0.00 T-out: N T-r: 99.99%
c o Executing OCC strategy token(s): 'occ-backw-sub,occ-resolv-subs,occ-rem-with-orgates,occ-ternary-res,
c o [occ] mem usage for occur      0 MB
c o [occ] Linked in IRRED BIN by default: 206
c o [occ] Linked in RED   BIN by default: 1
c o Mem for watch alloc    : 0           MB (0.25      %)
c o Mem for watch array    : 0           MB (0.17      %)
c o Executing OCC strategy token: occ-backw-sub
c o [occ-backw-sub-long-w-long] rem cl: 0 tried: 26/26 (100.0%) T: 0.00 T-out: N T-r: 99.99%
c o Executing OCC strategy token: occ-resolv-subs
c o [occ-resolv-subs] removed: 0 checked: 112 T: 0.0
c o Executing OCC strategy token: occ-rem-with-orgates
c o [occ-gates] found:     0 avg-s: 0.0 T: 0.00 T-out: N T-r: 99.86%
c o [occ-gate-based-lit-rem] lit-rem: 0 cl-rem: 0 T: 0.00 T-out: N
c o Executing OCC strategy token: occ-ternary-res
c o [occ-ternary-res] Ternary res-tri: 0 res-bin: 0 sub: 0 str: 0 T: 0.00 T-out: N T-r: 99.98%
c o --> Executing strategy token: must-scc-vrepl
c o [scc] new: 0 BP 0M T: 0.00
c o [vrep] vars 0 lits 0 rem-bin-cls 0 rem-long-cls 0 BP 0M T: 0.00
c o Executing OCC strategy token(s): 'occ-bve,
c o [occ] mem usage for occur      0 MB
c o [occ] Linked in IRRED BIN by default: 206
c o [occ] Linked in RED   BIN by default: 1
c o Mem for watch alloc    : 0           MB (0.25      %)
c o Mem for watch array    : 0           MB (0.17      %)
c o Executing OCC strategy token: occ-bve
c o [occ-empty-res] Empty resolvent elimed: 0 T: 0.00 T-out: N
c o [occ-bve] iter v-elim 0
c o cl_inc_rate=1.00, var_dec_rate=1.00 (grow=0)
c o Reduced to 178 vars, 232 cls (grow=0)
c o x n vars       : 178
c o #try to eliminate:     0
c o #var-elim        :     0
c o #T-o: N
c o #T-r: 100.00%
c o #T  : 0.00
c o [occur] 0.00 is overhead
c o [occur] link-in T: 0.00 cleanup T: 0.00
c o [occ-xor-bve] elimed: 0 T: 0.00 T-out: N
c o --> Executing strategy token: sub-impl
c o [impl-sub] bin: 0 T: 0.00 T-out: N w-visit: 670
c o --> Executing strategy token: distill-cls-onlyrem
c o [distill-long-irred] cls tried: 26/26 T: 0.00 T-out: N T-r: 99.99%
c o --> Executing strategy token: intree-probe
c o [scc] new: 0 BP 0M T: 0.00
c o [vrep] vars 0 lits 0 rem-bin-cls 0 rem-long-cls 0 BP 0M T: 0.00
c o [intree] Set 0 vars hyper-added: 0 trans-irred: 0 trans-red: 0 T: 0.00 T-out: N T-r: -0.03%
c o Executing OCC strategy token(s): 'occ-backw-sub-str,
c o [occ] mem usage for occur      0 MB
c o [occ] Linked in IRRED BIN by default: 206
c o [occ] Linked in RED   BIN by default: 1
c o Mem for watch alloc    : 0           MB (0.25      %)
c o Mem for watch array    : 0           MB (0.17      %)
c o Executing OCC strategy token: occ-backw-sub-str
c o [occ-backw-sub-str-long-w-bins] subs: 0 str: 0 tried: 489 0-depth ass: 0 T: 0.00 T-out: N T-r: 99.31%
c o [occ-backw-sub-long-w-long] rem cl: 0 tried: 26/26 (100.0%) T: 0.00 T-out: N T-r: 99.99%
c o [occ-backw-sub-str-long-w-long] sub: 0 str: 0 tried: 78/26 (300.0)  T: 0.00 T-out: N T-r: 99.94%
c o --> Executing strategy token: sub-str-cls-with-bin
c o [distill] watch-based irred--  cl tried       52 cl-sh     0 cl-rem    0 lit-rem      0 T: 0.00 T-out: N
c o [distill] watch-based   red--  cl tried        0 cl-sh     0 cl-rem    0 lit-rem      0 T: 0.00 T-out: N
c o --> Executing strategy token: clean-cls
c o --> Executing strategy token: distill-cls
c o [distill-long-irred] cls tried: 26/26 T: 0.00 T-out: N T-r: 99.99%
c o [distill-long-irred] cls tried: 26/26 T: 0.00 T-out: N T-r: 99.99%
c o --> Executing strategy token: distill-bins
c o [distill-bin] useful: 0/206/206 lits-rem: 0 cl-rem: 0 0-depth-assigns: 0 T: 0.00 T-out: N
c o [consolidate] mini T: 0.00
c o global_timeout_multiplier: 0.1100
c o [branch] rebuilding order heap for all branchings. Current branching: vsids
c o [backbone-simpl] ccnr sols: 10 drop_cands: 265 T: 0.00
c o [backbone-simpl] cadiback called with -- lits: 503 num cls: 283 num vars: 335
c o [backbone-simpl] res: 10 num units added: 0 num eq added: 0 num bins: 0 T: 0.00
c o --> Executing strategy token: must-scc-vrepl
c o [scc] new: 0 BP 0M T: 0.00
c o [vrep] vars 0 lits 0 rem-bin-cls 0 rem-long-cls 0 BP 0M T: 0.00
c o --> Executing strategy token: must-renumber
c o [renumber] T: 0.00
c o [consolidate] mini T: 0.00
c o global_timeout_multiplier: 0.1100
c o [branch] rebuilding order heap for all branchings. Current branching: vsids
c o --> Executing strategy token: oracle-vivif-sparsify
c o --> Executing strategy token: must-renumber
c o [renumber] T: 0.00
c o [oracle-bin] potential pairs: 294 T: 0.0001
c o --> Executing strategy token: must-scc-vrepl
c o [scc] new: 0 BP 0M T: 0.00
c o [vrep] vars 0 lits 0 rem-bin-cls 0 rem-long-cls 0 BP 0M T: 0.00
c o [oracle-vivif] lits-rem: 0 learnt-units: 0 T-out: N T-remain: 99.6224% T: 0.00
c o [oracle-bin] bin-added: 198 equiv-added: 0 T-out: N T-remain: 88.65% T: 0.00
c o [oracle-vivif] cache usefulness: 54% total T: 0.00
c o --> Executing strategy token: sub-impl
c o [impl-sub] bin: 198 T: 0.00 T-out: N w-visit: 356
c o Executing OCC strategy token(s): 'occ-backw-sub,
c o [occ] mem usage for occur      0 MB
c o [occ] Linked in IRRED BIN by default: 206
c o [occ] Linked in RED   BIN by default: 1
c o Mem for watch alloc    : 0           MB (0.13      %)
c o Mem for watch array    : 0           MB (0.09      %)
c o Executing OCC strategy token: occ-backw-sub
c o [occ-backw-sub-long-w-long] rem cl: 0 tried: 26/26 (100.0%) T: 0.00 T-out: N T-r: 99.99%
c o --> Executing strategy token: must-renumber
c o [renumber] T: 0.00
c o [oracle-sparsify] done with 10 % oracle mems:     0 ccnr useful: 100.0% T: 0.0
c o [oracle-sparsify] done with 20 % oracle mems:     0 ccnr useful: 100.0% T: 0.0
c o [oracle-sparsify] done with 30 % oracle mems:     0 ccnr useful: 100.0% T: 0.0
c o [oracle-sparsify] done with 40 % oracle mems:     0 ccnr useful: 100.0% T: 0.0
c o [oracle-sparsify] done with 50 % oracle mems:     0 ccnr useful: 100.0% T: 0.0
c o [oracle-sparsify] done with 60 % oracle mems:     0 ccnr useful: 100.0% T: 0.0
c o [oracle-sparsify] done with 70 % oracle mems:     0 ccnr useful: 100.0% T: 0.0
c o [oracle-sparsify] done with 80 % oracle mems:     0 ccnr useful: 100.0% T: 0.0
c o [oracle-sparsify] done with 90 % oracle mems:     0 ccnr useful: 100.0% T: 0.0
c o [oracle-sparsify] removed: 0 of which bin: 0 tot considered: 232 ccnr useful: 232 oracle uknown: 0 cache useful: 0% learnt-units: 0 T: 0.00 buildT: 0.00
c o [consolidate] mini T: 0.00
c o global_timeout_multiplier: 0.1100
c o [branch] rebuilding order heap for all branchings. Current branching: vsids
c o --> Executing strategy token: must-scc-vrepl
c o [scc] new: 0 BP 0M T: 0.00
c o [vrep] vars 0 lits 0 rem-bin-cls 0 rem-long-cls 0 BP 0M T: 0.00
c o --> Executing strategy token: full-probe
c o [full-probe]  bin_only: 0 set: 0 repl: 0 T: 0.00 T-out: N T-r: 99.88%
c o --> Executing strategy token: sub-impl
c o [impl-sub] bin: 0 T: 0.00 T-out: N w-visit: 356
c o --> Executing strategy token: sub-cls-with-bin
c o [distill] watch-based irred--  cl tried       26 cl-sh     0 cl-rem    0 lit-rem      0 T: 0.00 T-out: N
c o [distill] watch-based   red--  cl tried        0 cl-sh     0 cl-rem    0 lit-rem      0 T: 0.00 T-out: N
c o --> Executing strategy token: distill-cls-onlyrem
c o [distill-long-irred] cls tried: 26/26 T: 0.00 T-out: N T-r: 99.99%
c o Executing OCC strategy token(s): 'occ-backw-sub,occ-resolv-subs,occ-rem-with-orgates,occ-ternary-res,
c o [occ] mem usage for occur      0 MB
c o [occ] Linked in IRRED BIN by default: 206
c o [occ] Linked in RED   BIN by default: 1
c o [occ] mem usage for occur      0 MB
c o Mem for watch alloc    : 0           MB (0.13      %)
c o Mem for watch array    : 0           MB (0.09      %)
c o Executing OCC strategy token: occ-backw-sub
c o [occ-backw-sub-long-w-long] rem cl: 0 tried: 26/26 (100.0%) T: 0.00 T-out: N T-r: 99.99%
c o Executing OCC strategy token: occ-resolv-subs
c o [occ-resolv-subs] removed: 0 checked: 112 T: 0.0
c o Executing OCC strategy token: occ-rem-with-orgates
c o [occ-gates] found:     0 avg-s: 0.0 T: 0.00 T-out: N T-r: 99.86%
c o [occ-gate-based-lit-rem] lit-rem: 0 cl-rem: 0 T: 0.00 T-out: N
c o Executing OCC strategy token: occ-ternary-res
c o [occ-ternary-res] Ternary res-tri: 0 res-bin: 0 sub: 0 str: 0 T: 0.00 T-out: N T-r: 99.98%
c o --> Executing strategy token: must-scc-vrepl
c o [scc] new: 0 BP 0M T: 0.00
c o [vrep] vars 0 lits 0 rem-bin-cls 0 rem-long-cls 0 BP 0M T: 0.00
c o Executing OCC strategy token(s): 'occ-bve,
c o [occ] mem usage for occur      0 MB
c o [occ] Linked in IRRED BIN by default: 206
c o [occ] Linked in RED   BIN by default: 1
c o [occ] mem usage for occur      0 MB
c o Mem for watch alloc    : 0           MB (0.13      %)
c o Mem for watch array    : 0           MB (0.09      %)
c o Executing OCC strategy token: occ-bve
c o [occ-empty-res] Empty resolvent elimed: 0 T: 0.00 T-out: N
c o [occ-bve] iter v-elim 0
c o cl_inc_rate=1.00, var_dec_rate=1.00 (grow=0)
c o Reduced to 178 vars, 232 cls (grow=0)
c o [occ-bve] iter v-elim 0
c o cl_inc_rate=1.00, var_dec_rate=1.00 (grow=3)
c o Reduced to 178 vars, 232 cls (grow=3)
c o [occ-bve] iter v-elim 0
c o cl_inc_rate=1.00, var_dec_rate=1.00 (grow=4)
c o Reduced to 178 vars, 232 cls (grow=4)
c o [occ-bve] iter v-elim 0
c o cl_inc_rate=1.00, var_dec_rate=1.00 (grow=6)
c o Reduced to 178 vars, 232 cls (grow=6)
c o x n vars       : 178
c o #try to eliminate:     0
c o #var-elim        :     0
c o #T-o: N
c o #T-r: 100.00%
c o #T  : 0.00
c o [occur] 0.00 is overhead
c o [occur] link-in T: 0.00 cleanup T: 0.00
c o [occ-xor-bve] elimed: 0 T: 0.00 T-out: N
c o --> Executing strategy token: sub-impl
c o [impl-sub] bin: 0 T: 0.00 T-out: N w-visit: 356
c o --> Executing strategy token: distill-cls-onlyrem
c o [distill-long-irred] cls tried: 26/26 T: 0.00 T-out: N T-r: 99.99%
c o --> Executing strategy token: intree-probe
c o [scc] new: 0 BP 0M T: 0.00
c o [vrep] vars 0 lits 0 rem-bin-cls 0 rem-long-cls 0 BP 0M T: 0.00
c o [intree] Set 0 vars hyper-added: 0 trans-irred: 0 trans-red: 0 T: 0.00 T-out: N T-r: -0.03%
c o Executing OCC strategy token(s): 'occ-backw-sub-str,
c o [occ] mem usage for occur      0 MB
c o [occ] Linked in IRRED BIN by default: 206
c o [occ] Linked in RED   BIN by default: 1
c o [occ] mem usage for occur      0 MB
c o Mem for watch alloc    : 0           MB (0.13      %)
c o Mem for watch array    : 0           MB (0.09      %)
c o Executing OCC strategy token: occ-backw-sub-str
c o [occ-backw-sub-str-long-w-bins] subs: 0 str: 0 tried: 696 0-depth ass: 0 T: 0.00 T-out: N T-r: 99.31%
c o [occ-backw-sub-long-w-long] rem cl: 0 tried: 26/26 (100.0%) T: 0.00 T-out: N T-r: 99.99%
c o [occ-backw-sub-str-long-w-long] sub: 0 str: 0 tried: 78/26 (300.0)  T: 0.00 T-out: N T-r: 99.93%
c o --> Executing strategy token: sub-str-cls-with-bin
c o [distill] watch-based irred--  cl tried       52 cl-sh     0 cl-rem    0 lit-rem      0 T: 0.00 T-out: N
c o [distill] watch-based   red--  cl tried        0 cl-sh     0 cl-rem    0 lit-rem      0 T: 0.00 T-out: N
c o --> Executing strategy token: clean-cls
c o --> Executing strategy token: distill-cls
c o [distill-long-irred] cls tried: 26/26 T: 0.00 T-out: N T-r: 99.99%
c o [distill-long-irred] cls tried: 26/26 T: 0.00 T-out: N T-r: 99.99%
c o --> Executing strategy token: distill-bins
c o [distill-bin] useful: 0/206/206 lits-rem: 0 cl-rem: 0 0-depth-assigns: 0 T: 0.00 T-out: N
c o Executing OCC strategy token(s): 'occ-backw-sub,
c o [occ] mem usage for occur      0 MB
c o [occ] Linked in IRRED BIN by default: 206
c o [occ] Linked in RED   BIN by default: 1
c o [occ] mem usage for occur      0 MB
c o Mem for watch alloc    : 0           MB (0.13      %)
c o Mem for watch array    : 0           MB (0.09      %)
c o Executing OCC strategy token: occ-backw-sub
c o [occ-backw-sub-long-w-long] rem cl: 0 tried: 26/26 (100.0%) T: 0.00 T-out: N T-r: 99.99%
c o [consolidate] mini T: 0.00
c o global_timeout_multiplier: 0.1100
c o [branch] rebuilding order heap for all branchings. Current branching: vsids
c o --> Executing strategy token: must-scc-vrepl
c o [scc] new: 0 BP 0M T: 0.00
c o [vrep] vars 0 lits 0 rem-bin-cls 0 rem-long-cls 0 BP 0M T: 0.00
c o --> Executing strategy token: full-probe
c o [full-probe]  bin_only: 0 set: 0 repl: 0 T: 0.00 T-out: N T-r: 99.87%
c o --> Executing strategy token: sub-impl
c o [impl-sub] bin: 0 T: 0.00 T-out: N w-visit: 356
c o --> Executing strategy token: sub-cls-with-bin
c o [distill] watch-based irred--  cl tried       26 cl-sh     0 cl-rem    0 lit-rem      0 T: 0.00 T-out: N
c o [distill] watch-based   red--  cl tried        0 cl-sh     0 cl-rem    0 lit-rem      0 T: 0.00 T-out: N
c o --> Executing strategy token: distill-cls-onlyrem
c o [distill-long-irred] cls tried: 26/26 T: 0.00 T-out: N T-r: 99.99%
c o Executing OCC strategy token(s): 'occ-backw-sub,occ-resolv-subs,occ-rem-with-orgates,occ-ternary-res,
c o [occ] mem usage for occur      0 MB
c o [occ] Linked in IRRED BIN by default: 206
c o [occ] Linked in RED   BIN by default: 1
c o [occ] mem usage for occur      0 MB
c o Mem for watch alloc    : 0           MB (0.13      %)
c o Mem for watch array    : 0           MB (0.09      %)
c o Executing OCC strategy token: occ-backw-sub
c o [occ-backw-sub-long-w-long] rem cl: 0 tried: 26/26 (100.0%) T: 0.00 T-out: N T-r: 99.99%
c o Executing OCC strategy token: occ-resolv-subs
c o [occ-resolv-subs] removed: 0 checked: 112 T: 0.0
c o Executing OCC strategy token: occ-rem-with-orgates
c o [occ-gates] found:     0 avg-s: 0.0 T: 0.00 T-out: N T-r: 99.86%
c o [occ-gate-based-lit-rem] lit-rem: 0 cl-rem: 0 T: 0.00 T-out: N
c o Executing OCC strategy token: occ-ternary-res
c o [occ-ternary-res] Ternary res-tri: 0 res-bin: 0 sub: 0 str: 0 T: 0.00 T-out: N T-r: 100.00%
c o --> Executing strategy token: must-scc-vrepl
c o [scc] new: 0 BP 0M T: 0.00
c o [vrep] vars 0 lits 0 rem-bin-cls 0 rem-long-cls 0 BP 0M T: 0.00
c o Executing OCC strategy token(s): 'occ-bve,
c o [occ] mem usage for occur      0 MB
c o [occ] Linked in IRRED BIN by default: 206
c o [occ] Linked in RED   BIN by default: 1
c o [occ] mem usage for occur      0 MB
c o Mem for watch alloc    : 0           MB (0.13      %)
c o Mem for watch array    : 0           MB (0.09      %)
c o Executing OCC strategy token: occ-bve
c o [occ-empty-res] Empty resolvent elimed: 0 T: 0.00 T-out: N
c o [occ-bve] iter v-elim 0
c o cl_inc_rate=1.00, var_dec_rate=1.00 (grow=0)
c o Reduced to 178 vars, 232 cls (grow=0)
c o [occ-bve] iter v-elim 0
c o cl_inc_rate=1.00, var_dec_rate=1.00 (grow=3)
c o Reduced to 178 vars, 232 cls (grow=3)
c o [occ-bve] iter v-elim 0
c o cl_inc_rate=1.00, var_dec_rate=1.00 (grow=4)
c o Reduced to 178 vars, 232 cls (grow=4)
c o [occ-bve] iter v-elim 0
c o cl_inc_rate=1.00, var_dec_rate=1.00 (grow=6)
c o Reduced to 178 vars, 232 cls (grow=6)
c o x n vars       : 178
c o #try to eliminate:     0
c o #var-elim        :     0
c o #T-o: N
c o #T-r: 100.00%
c o #T  : 0.00
c o [occur] 0.00 is overhead
c o [occur] link-in T: 0.00 cleanup T: 0.00
c o [occ-xor-bve] elimed: 0 T: 0.00 T-out: N
c o --> Executing strategy token: sub-impl
c o [impl-sub] bin: 0 T: 0.00 T-out: N w-visit: 356
c o --> Executing strategy token: distill-cls-onlyrem
c o [distill-long-irred] cls tried: 26/26 T: 0.00 T-out: N T-r: 99.99%
c o --> Executing strategy token: intree-probe
c o [scc] new: 0 BP 0M T: 0.00
c o [vrep] vars 0 lits 0 rem-bin-cls 0 rem-long-cls 0 BP 0M T: 0.00
c o [intree] Set 0 vars hyper-added: 0 trans-irred: 0 trans-red: 0 T: 0.00 T-out: N T-r: -0.03%
c o Executing OCC strategy token(s): 'occ-backw-sub-str,
c o [occ] mem usage for occur      0 MB
c o [occ] Linked in IRRED BIN by default: 206
c o [occ] Linked in RED   BIN by default: 1
c o [occ] mem usage for occur      0 MB
c o Mem for watch alloc    : 0           MB (0.13      %)
c o Mem for watch array    : 0           MB (0.09      %)
c o Executing OCC strategy token: occ-backw-sub-str
c o [occ-backw-sub-str-long-w-bins] subs: 0 str: 0 tried: 903 0-depth ass: 0 T: 0.00 T-out: N T-r: 99.31%
c o [occ-backw-sub-long-w-long] rem cl: 0 tried: 26/26 (100.0%) T: 0.00 T-out: N T-r: 99.99%
c o [occ-backw-sub-str-long-w-long] sub: 0 str: 0 tried: 78/26 (300.0)  T: 0.00 T-out: N T-r: 99.93%
c o --> Executing strategy token: sub-str-cls-with-bin
c o [distill] watch-based irred--  cl tried       52 cl-sh     0 cl-rem    0 lit-rem      0 T: 0.00 T-out: N
c o [distill] watch-based   red--  cl tried        0 cl-sh     0 cl-rem    0 lit-rem      0 T: 0.00 T-out: N
c o --> Executing strategy token: clean-cls
c o --> Executing strategy token: distill-cls
c o [distill-long-irred] cls tried: 26/26 T: 0.00 T-out: N T-r: 99.99%
c o [distill-long-irred] cls tried: 26/26 T: 0.00 T-out: N T-r: 99.99%
c o --> Executing strategy token: distill-bins
c o [distill-bin] useful: 0/206/206 lits-rem: 0 cl-rem: 0 0-depth-assigns: 0 T: 0.00 T-out: N
c o Executing OCC strategy token(s): 'occ-backw-sub,
c o [occ] mem usage for occur      0 MB
c o [occ] Linked in IRRED BIN by default: 206
c o [occ] Linked in RED   BIN by default: 1
c o [occ] mem usage for occur      0 MB
c o Mem for watch alloc    : 0           MB (0.13      %)
c o Mem for watch array    : 0           MB (0.09      %)
c o Executing OCC strategy token: occ-backw-sub
c o [occ-backw-sub-long-w-long] rem cl: 0 tried: 26/26 (100.0%) T: 0.00 T-out: N T-r: 99.99%
c o [consolidate] mini T: 0.00
c o global_timeout_multiplier: 0.1100
c o [branch] rebuilding order heap for all branchings. Current branching: vsids
c o --> Executing strategy token: oracle-vivif-fast
c o --> Executing strategy token: must-renumber
c o [renumber] T: 0.00
c o [oracle-bin] potential pairs: 294 T: 0.0000
c o --> Executing strategy token: must-scc-vrepl
c o [scc] new: 0 BP 0M T: 0.00
c o [vrep] vars 0 lits 0 rem-bin-cls 0 rem-long-cls 0 BP 0M T: 0.00
c o [oracle-vivif] lits-rem: 0 learnt-units: 0 T-out: N T-remain: 98.9136% T: 0.00
c o [oracle-bin] bin-added: 198 equiv-added: 0 T-out: N T-remain: 88.53% T: 0.00
c o [oracle-vivif] cache usefulness: 54% total T: 0.00
c o --> Executing strategy token: oracle-sparsify-fast
c o --> Executing strategy token: sub-impl
c o [impl-sub] bin: 198 T: 0.00 T-out: N w-visit: 356
c o Executing OCC strategy token(s): 'occ-backw-sub,
c o [occ] mem usage for occur      0 MB
c o [occ] Linked in IRRED BIN by default: 206
c o [occ] Linked in RED   BIN by default: 1
c o [occ] mem usage for occur      0 MB
c o Mem for watch alloc    : 0           MB (0.13      %)
c o Mem for watch array    : 0           MB (0.09      %)
c o Executing OCC strategy token: occ-backw-sub
c o [occ-backw-sub-long-w-long] rem cl: 0 tried: 26/26 (100.0%) T: 0.00 T-out: N T-r: 99.99%
c o --> Executing strategy token: must-renumber
c o [renumber] T: 0.00
c o [oracle-sparsify] done with 10 % oracle mems:     0 ccnr useful: 100.0% T: 0.0
c o [oracle-sparsify] done with 20 % oracle mems:     0 ccnr useful: 100.0% T: 0.0
c o [oracle-sparsify] done with 30 % oracle mems:     0 ccnr useful: 100.0% T: 0.0
c o [oracle-sparsify] done with 40 % oracle mems:     0 ccnr useful: 100.0% T: 0.0
c o [oracle-sparsify] done with 50 % oracle mems:     0 ccnr useful: 100.0% T: 0.0
c o [oracle-sparsify] done with 60 % oracle mems:     0 ccnr useful: 100.0% T: 0.0
c o [oracle-sparsify] done with 70 % oracle mems:     0 ccnr useful: 100.0% T: 0.0
c o [oracle-sparsify] done with 80 % oracle mems:     0 ccnr useful: 100.0% T: 0.0
c o [oracle-sparsify] done with 90 % oracle mems:     0 ccnr useful: 100.0% T: 0.0
c o [oracle-sparsify] removed: 0 of which bin: 0 tot considered: 232 ccnr useful: 232 oracle uknown: 0 cache useful: 0% learnt-units: 0 T: 0.00 buildT: 0.00
c o [consolidate] mini T: 0.00
c o global_timeout_multiplier: 0.1100
c o [branch] rebuilding order heap for all branchings. Current branching: vsids
c o Executing OCC strategy token(s): 'occ-bve,
c o [occ] mem usage for occur      0 MB
c o [occ] Linked in IRRED BIN by default: 206
c o [occ] Linked in RED   BIN by default: 1
c o [occ] mem usage for occur      0 MB
c o Mem for watch alloc    : 0           MB (0.13      %)
c o Mem for watch array    : 0           MB (0.09      %)
c o Executing OCC strategy token: occ-bve
c o [occ-empty-res] Empty resolvent elimed: 0 T: 0.00 T-out: N
c o [occ-bve] iter v-elim 0
c o cl_inc_rate=1.00, var_dec_rate=1.00 (grow=0)
c o Reduced to 178 vars, 232 cls (grow=0)
c o x n vars       : 178
c o #try to eliminate:     0
c o #var-elim        :     0
c o #T-o: N
c o #T-r: 100.00%
c o #T  : 0.00
c o [occur] 0.00 is overhead
c o [occur] link-in T: 0.00 cleanup T: 0.00
c o [occ-xor-bve] elimed: 0 T: 0.00 T-out: N
c o [consolidate] mini T: 0.00
c o global_timeout_multiplier: 0.1100
c o [branch] rebuilding order heap for all branchings. Current branching: vsids
c o --> Executing strategy token: must-scc-vrepl
c o [scc] new: 0 BP 0M T: 0.00
c o [vrep] vars 0 lits 0 rem-bin-cls 0 rem-long-cls 0 BP 0M T: 0.00
c o --> Executing strategy token: must-renumber
c o [renumber] T: 0.00
c o [consolidate] mini T: 0.00
c o global_timeout_multiplier: 0.1100
c o [branch] rebuilding order heap for all branchings. Current branching: vsids
c o [occ] mem usage for occur      0 MB
c o [occ] Linked in IRRED BIN by default: 206
c o [occ] Linked in RED   BIN by default: 1
c o [occ] mem usage for occur      0 MB
c o Mem for watch alloc    : 0           MB (0.13      %)
c o Mem for watch array    : 0           MB (0.09      %)
c o [empty] empty_occ: 3 T: 0.00
c o Executing OCC strategy token(s): 'occ-bve-empty,
c o [occ] mem usage for occur      0 MB
c o [occ] Linked in IRRED BIN by default: 206
c o [occ] Linked in RED   BIN by default: 1
c o [occ] mem usage for occur      0 MB
c o Mem for watch alloc    : 0           MB (0.13      %)
c o Mem for watch array    : 0           MB (0.09      %)
c o Executing OCC strategy token: occ-bve-empty
c o [occ-empty-res] Empty resolvent elimed: 3 T: 0.00 T-out: N
c o --> Executing strategy token: must-renumber
c o [renumber] T: 0.00
c o [consolidate] mini T: 0.00
c o global_timeout_multiplier: 0.1100
c o [branch] rebuilding order heap for all branchings. Current branching: vsids
c o [0m[puura] new_empty_sampl_vars size: 3[0m
c o [get-cnf] Checking for variables mapping to same new var to set AIG definitions...
c o solver orig num vars: 335 solver simp num vars: 175
c o [0m[31m[puura] Done. final vars: 175 final cls: 232 T: 0.01[0m
c o [0m[31m[autarky] Found autarkies: 0 autarky vars: 0 T-out: N T: 0.00[0m
c o --> Executing strategy token: must-scc-vrepl
c o [scc] new: 0 BP 0M T: 0.00
c o [vrep] vars 0 lits 0 rem-bin-cls 0 rem-long-cls 0 BP 0M T: 0.00
c o --> Executing strategy token: full-probe
c o [full-probe]  bin_only: 0 set: 0 repl: 0 T: 0.00 T-out: N T-r: 99.88%
c o --> Executing strategy token: sub-impl
c o [impl-sub] bin: 0 T: 0.00 T-out: N w-visit: 350
c o --> Executing strategy token: sub-cls-with-bin
c o [distill] watch-based irred--  cl tried       26 cl-sh     0 cl-rem    0 lit-rem      0 T: 0.00 T-out: N
c o [distill] watch-based   red--  cl tried        0 cl-sh     0 cl-rem    0 lit-rem      0 T: 0.00 T-out: N
c o --> Executing strategy token: distill-cls-onlyrem
c o [distill-long-irred] cls tried: 26/26 T: 0.00 T-out: N T-r: 99.99%
c o Executing OCC strategy token(s): 'occ-backw-sub,occ-resolv-subs,occ-rem-with-orgates,occ-ternary-res,
c o [occ] mem usage for occur      0 MB
c o [occ] Linked in IRRED BIN by default: 206
c o [occ] Linked in RED   BIN by default: 1
c o Mem for watch alloc    : 0           MB (0.06      %)
c o Mem for watch array    : 0           MB (0.13      %)
c o Executing OCC strategy token: occ-backw-sub
c o [occ-backw-sub-long-w-long] rem cl: 0 tried: 26/26 (100.0%) T: 0.00 T-out: N T-r: 99.99%
c o Executing OCC strategy token: occ-resolv-subs
c o [occ-resolv-subs] removed: 0 checked: 112 T: 0.0
c o Executing OCC strategy token: occ-rem-with-orgates
c o [occ-gates] found:     0 avg-s: 0.0 T: 0.00 T-out: N T-r: 99.86%
c o [occ-gate-based-lit-rem] lit-rem: 0 cl-rem: 0 T: 0.00 T-out: N
c o Executing OCC strategy token: occ-ternary-res
c o [occ-ternary-res] Ternary res-tri: 0 res-bin: 0 sub: 0 str: 0 T: 0.00 T-out: N T-r: 99.98%
c o --> Executing strategy token: must-scc-vrepl
c o [scc] new: 0 BP 0M T: 0.00
c o [vrep] vars 0 lits 0 rem-bin-cls 0 rem-long-cls 0 BP 0M T: 0.00
c o Executing OCC strategy token(s): 'occ-bve,
c o [occ] mem usage for occur      0 MB
c o [occ] Linked in IRRED BIN by default: 206
c o [occ] Linked in RED   BIN by default: 1
c o Mem for watch alloc    : 0           MB (0.06      %)
c o Mem for watch array    : 0           MB (0.13      %)
c o Executing OCC strategy token: occ-bve
c o [occ-empty-res] Empty resolvent elimed: 0 T: 0.00 T-out: N
c o [occ-bve] iter v-elim 0
c o cl_inc_rate=1.00, var_dec_rate=1.00 (grow=0)
c o Reduced to 175 vars, 232 cls (grow=0)
c o x n vars       : 175
c o #try to eliminate:     0
c o #var-elim        :     0
c o #T-o: N
c o #T-r: 100.00%
c o #T  : 0.00
c o [occur] 0.00 is overhead
c o [occur] link-in T: 0.00 cleanup T: 0.00
c o [occ-xor-bve] elimed: 0 T: 0.00 T-out: N
c o --> Executing strategy token: sub-impl
c o [impl-sub] bin: 0 T: 0.00 T-out: N w-visit: 350
c o --> Executing strategy token: distill-cls-onlyrem
c o [distill-long-irred] cls tried: 26/26 T: 0.00 T-out: N T-r: 99.99%
c o --> Executing strategy token: intree-probe
c o [scc] new: 0 BP 0M T: 0.00
c o [vrep] vars 0 lits 0 rem-bin-cls 0 rem-long-cls 0 BP 0M T: 0.00
c o [intree] Set 0 vars hyper-added: 0 trans-irred: 0 trans-red: 0 T: 0.00 T-out: N T-r: 0.01%
c o Executing OCC strategy token(s): 'occ-backw-sub-str,
c o [occ] mem usage for occur      0 MB
c o [occ] Linked in IRRED BIN by default: 206
c o [occ] Linked in RED   BIN by default: 1
c o Mem for watch alloc    : 0           MB (0.06      %)
c o Mem for watch array    : 0           MB (0.13      %)
c o Executing OCC strategy token: occ-backw-sub-str
c o [occ-backw-sub-str-long-w-bins] subs: 0 str: 0 tried: 207 0-depth ass: 0 T: 0.00 T-out: N T-r: 99.31%
c o [occ-backw-sub-long-w-long] rem cl: 0 tried: 26/26 (100.0%) T: 0.00 T-out: N T-r: 99.99%
c o [occ-backw-sub-str-long-w-long] sub: 0 str: 0 tried: 78/26 (300.0)  T: 0.00 T-out: N T-r: 99.93%
c o --> Executing strategy token: sub-str-cls-with-bin
c o [distill] watch-based irred--  cl tried       52 cl-sh     0 cl-rem    0 lit-rem      0 T: 0.00 T-out: N
c o [distill] watch-based   red--  cl tried        0 cl-sh     0 cl-rem    0 lit-rem      0 T: 0.00 T-out: N
c o --> Executing strategy token: clean-cls
c o --> Executing strategy token: distill-cls
c o [distill-long-irred] cls tried: 26/26 T: 0.00 T-out: N T-r: 99.99%
c o [distill-long-irred] cls tried: 26/26 T: 0.00 T-out: N T-r: 99.99%
c o --> Executing strategy token: distill-bins
c o [distill-bin] useful: 0/206/206 lits-rem: 0 cl-rem: 0 0-depth-assigns: 0 T: 0.00 T-out: N
c o [consolidate] mini T: 0.00
c o global_timeout_multiplier: 0.1100
c o [branch] rebuilding order heap for all branchings. Current branching: vsids
c o --> Executing strategy token: oracle-vivif-sparsify
c o --> Executing strategy token: must-renumber
c o [renumber] T: 0.00
c o [oracle-bin] potential pairs: 294 T: 0.0001
c o --> Executing strategy token: must-scc-vrepl
c o [scc] new: 0 BP 0M T: 0.00
c o [vrep] vars 0 lits 0 rem-bin-cls 0 rem-long-cls 0 BP 0M T: 0.00
c o [oracle-vivif] lits-rem: 0 learnt-units: 0 T-out: N T-remain: 99.6390% T: 0.00
c o [oracle-bin] bin-added: 198 equiv-added: 0 T-out: N T-remain: 88.70% T: 0.00
c o [oracle-vivif] cache usefulness: 54% total T: 0.00
c o --> Executing strategy token: sub-impl
c o [impl-sub] bin: 198 T: 0.00 T-out: N w-visit: 350
c o Executing OCC strategy token(s): 'occ-backw-sub,
c o [occ] mem usage for occur      0 MB
c o [occ] Linked in IRRED BIN by default: 206
c o [occ] Linked in RED   BIN by default: 1
c o Mem for watch alloc    : 0           MB (0.10      %)
c o Mem for watch array    : 0           MB (0.09      %)
c o Executing OCC strategy token: occ-backw-sub
c o [occ-backw-sub-long-w-long] rem cl: 0 tried: 26/26 (100.0%) T: 0.00 T-out: N T-r: 99.99%
c o --> Executing strategy token: must-renumber
c o [renumber] T: 0.00
c o [oracle-sparsify] done with 10 % oracle mems:     0 ccnr useful: 100.0% T: 0.0
c o [oracle-sparsify] done with 20 % oracle mems:     0 ccnr useful: 100.0% T: 0.0
c o [oracle-sparsify] done with 30 % oracle mems:     0 ccnr useful: 100.0% T: 0.0
c o [oracle-sparsify] done with 40 % oracle mems:     0 ccnr useful: 100.0% T: 0.0
c o [oracle-sparsify] done with 50 % oracle mems:     0 ccnr useful: 100.0% T: 0.0
c o [oracle-sparsify] done with 60 % oracle mems:     0 ccnr useful: 100.0% T: 0.0
c o [oracle-sparsify] done with 70 % oracle mems:     0 ccnr useful: 100.0% T: 0.0
c o [oracle-sparsify] done with 80 % oracle mems:     0 ccnr useful: 100.0% T: 0.0
c o [oracle-sparsify] done with 90 % oracle mems:     0 ccnr useful: 100.0% T: 0.0
c o [oracle-sparsify] removed: 0 of which bin: 0 tot considered: 232 ccnr useful: 232 oracle uknown: 0 cache useful: 0% learnt-units: 0 T: 0.00 buildT: 0.00
c o [consolidate] mini T: 0.00
c o global_timeout_multiplier: 0.1100
c o [branch] rebuilding order heap for all branchings. Current branching: vsids
c o --> Executing strategy token: must-scc-vrepl
c o [scc] new: 0 BP 0M T: 0.00
c o [vrep] vars 0 lits 0 rem-bin-cls 0 rem-long-cls 0 BP 0M T: 0.00
c o --> Executing strategy token: full-probe
c o [full-probe]  bin_only: 0 set: 0 repl: 0 T: 0.00 T-out: N T-r: 99.88%
c o --> Executing strategy token: sub-impl
c o [impl-sub] bin: 0 T: 0.00 T-out: N w-visit: 350
c o --> Executing strategy token: sub-cls-with-bin
c o [distill] watch-based irred--  cl tried       26 cl-sh     0 cl-rem    0 lit-rem      0 T: 0.00 T-out: N
c o [distill] watch-based   red--  cl tried        0 cl-sh     0 cl-rem    0 lit-rem      0 T: 0.00 T-out: N
c o --> Executing strategy token: distill-cls-onlyrem
c o [distill-long-irred] cls tried: 26/26 T: 0.00 T-out: N T-r: 99.99%
c o Executing OCC strategy token(s): 'occ-backw-sub,occ-resolv-subs,occ-rem-with-orgates,occ-ternary-res,
c o [occ] mem usage for occur      0 MB
c o [occ] Linked in IRRED BIN by default: 206
c o [occ] Linked in RED   BIN by default: 1
c o [occ] mem usage for occur      0 MB
c o Mem for watch alloc    : 0           MB (0.10      %)
c o Mem for watch array    : 0           MB (0.09      %)
c o Executing OCC strategy token: occ-backw-sub
c o [occ-backw-sub-long-w-long] rem cl: 0 tried: 26/26 (100.0%) T: 0.00 T-out: N T-r: 99.99%
c o Executing OCC strategy token: occ-resolv-subs
c o [occ-resolv-subs] removed: 0 checked: 112 T: 0.0
c o Executing OCC strategy token: occ-rem-with-orgates
c o [occ-gates] found:     0 avg-s: 0.0 T: 0.00 T-out: N T-r: 99.86%
c o [occ-gate-based-lit-rem] lit-rem: 0 cl-rem: 0 T: 0.00 T-out: N
c o Executing OCC strategy token: occ-ternary-res
c o [occ-ternary-res] Ternary res-tri: 0 res-bin: 0 sub: 0 str: 0 T: 0.00 T-out: N T-r: 99.98%
c o --> Executing strategy token: must-scc-vrepl
c o [scc] new: 0 BP 0M T: 0.00
c o [vrep] vars 0 lits 0 rem-bin-cls 0 rem-long-cls 0 BP 0M T: 0.00
c o Executing OCC strategy token(s): 'occ-bve,
c o [occ] mem usage for occur      0 MB
c o [occ] Linked in IRRED BIN by default: 206
c o [occ] Linked in RED   BIN by default: 1
c o [occ] mem usage for occur      0 MB
c o Mem for watch alloc    : 0           MB (0.10      %)
c o Mem for watch array    : 0           MB (0.09      %)
c o Executing OCC strategy token: occ-bve
c o [occ-empty-res] Empty resolvent elimed: 0 T: 0.00 T-out: N
c o [occ-bve] iter v-elim 0
c o cl_inc_rate=1.00, var_dec_rate=1.00 (grow=0)
c o Reduced to 175 vars, 232 cls (grow=0)
c o x n vars       : 175
c o #try to eliminate:     0
c o #var-elim        :     0
c o #T-o: N
c o #T-r: 100.00%
c o #T  : 0.00
c o [occur] 0.00 is overhead
c o [occur] link-in T: 0.00 cleanup T: 0.00
c o [occ-xor-bve] elimed: 0 T: 0.00 T-out: N
c o --> Executing strategy token: sub-impl
c o [impl-sub] bin: 0 T: 0.00 T-out: N w-visit: 350
c o --> Executing strategy token: distill-cls-onlyrem
c o [distill-long-irred] cls tried: 26/26 T: 0.00 T-out: N T-r: 99.99%
c o --> Executing strategy token: intree-probe
c o [scc] new: 0 BP 0M T: 0.00
c o [vrep] vars 0 lits 0 rem-bin-cls 0 rem-long-cls 0 BP 0M T: 0.00
c o [intree] Set 0 vars hyper-added: 0 trans-irred: 0 trans-red: 0 T: 0.00 T-out: N T-r: -0.03%
c o Executing OCC strategy token(s): 'occ-backw-sub-str,
c o [occ] mem usage for occur      0 MB
c o [occ] Linked in IRRED BIN by default: 206
c o [occ] Linked in RED   BIN by default: 1
c o [occ] mem usage for occur      0 MB
c o Mem for watch alloc    : 0           MB (0.10      %)
c o Mem for watch array    : 0           MB (0.09      %)
c o Executing OCC strategy token: occ-backw-sub-str
c o [occ-backw-sub-str-long-w-bins] subs: 0 str: 0 tried: 414 0-depth ass: 0 T: 0.00 T-out: N T-r: 99.31%
c o [occ-backw-sub-long-w-long] rem cl: 0 tried: 26/26 (100.0%) T: 0.00 T-out: N T-r: 99.99%
c o [occ-backw-sub-str-long-w-long] sub: 0 str: 0 tried: 78/26 (300.0)  T: 0.00 T-out: N T-r: 99.94%
c o --> Executing strategy token: sub-str-cls-with-bin
c o [distill] watch-based irred--  cl tried       52 cl-sh     0 cl-rem    0 lit-rem      0 T: 0.00 T-out: N
c o [distill] watch-based   red--  cl tried        0 cl-sh     0 cl-rem    0 lit-rem      0 T: 0.00 T-out: N
c o --> Executing strategy token: clean-cls
c o --> Executing strategy token: distill-cls
c o [distill-long-irred] cls tried: 26/26 T: 0.00 T-out: N T-r: 99.99%
c o [distill-long-irred] cls tried: 26/26 T: 0.00 T-out: N T-r: 99.99%
c o --> Executing strategy token: distill-bins
c o [distill-bin] useful: 0/206/206 lits-rem: 0 cl-rem: 0 0-depth-assigns: 0 T: 0.00 T-out: N
c o Executing OCC strategy token(s): 'occ-backw-sub,
c o [occ] mem usage for occur      0 MB
c o [occ] Linked in IRRED BIN by default: 206
c o [occ] Linked in RED   BIN by default: 1
c o [occ] mem usage for occur      0 MB
c o Mem for watch alloc    : 0           MB (0.10      %)
c o Mem for watch array    : 0           MB (0.09      %)
c o Executing OCC strategy token: occ-backw-sub
c o [occ-backw-sub-long-w-long] rem cl: 0 tried: 26/26 (100.0%) T: 0.00 T-out: N T-r: 99.99%
c o [consolidate] mini T: 0.00
c o global_timeout_multiplier: 0.1100
c o [branch] rebuilding order heap for all branchings. Current branching: vsids
c o --> Executing strategy token: oracle-vivif-fast
c o --> Executing strategy token: must-renumber
c o [renumber] T: 0.00
c o [oracle-bin] potential pairs: 294 T: 0.0001
c o --> Executing strategy token: must-scc-vrepl
c o [scc] new: 0 BP 0M T: 0.00
c o [vrep] vars 0 lits 0 rem-bin-cls 0 rem-long-cls 0 BP 0M T: 0.00
c o [oracle-vivif] lits-rem: 0 learnt-units: 0 T-out: N T-remain: 98.9865% T: 0.00
c o [oracle-bin] bin-added: 198 equiv-added: 0 T-out: N T-remain: 88.75% T: 0.00
c o [oracle-vivif] cache usefulness: 55% total T: 0.00
c o --> Executing strategy token: oracle-sparsify-fast
c o --> Executing strategy token: sub-impl
c o [impl-sub] bin: 198 T: 0.00 T-out: N w-visit: 350
c o Executing OCC strategy token(s): 'occ-backw-sub,
c o [occ] mem usage for occur      0 MB
c o [occ] Linked in IRRED BIN by default: 206
c o [occ] Linked in RED   BIN by default: 1
c o [occ] mem usage for occur      0 MB
c o Mem for watch alloc    : 0           MB (0.10      %)
c o Mem for watch array    : 0           MB (0.09      %)
c o Executing OCC strategy token: occ-backw-sub
c o [occ-backw-sub-long-w-long] rem cl: 0 tried: 26/26 (100.0%) T: 0.00 T-out: N T-r: 99.99%
c o --> Executing strategy token: must-renumber
c o [renumber] T: 0.00
c o [oracle-sparsify] done with 10 % oracle mems:     0 ccnr useful: 100.0% T: 0.0
c o [oracle-sparsify] done with 20 % oracle mems:     0 ccnr useful: 100.0% T: 0.0
c o [oracle-sparsify] done with 30 % oracle mems:     0 ccnr useful: 100.0% T: 0.0
c o [oracle-sparsify] done with 40 % oracle mems:     0 ccnr useful: 100.0% T: 0.0
c o [oracle-sparsify] done with 50 % oracle mems:     0 ccnr useful: 100.0% T: 0.0
c o [oracle-sparsify] done with 60 % oracle mems:     0 ccnr useful: 100.0% T: 0.0
c o [oracle-sparsify] done with 70 % oracle mems:     0 ccnr useful: 100.0% T: 0.0
c o [oracle-sparsify] done with 80 % oracle mems:     0 ccnr useful: 100.0% T: 0.0
c o [oracle-sparsify] done with 90 % oracle mems:     0 ccnr useful: 100.0% T: 0.0
c o [oracle-sparsify] removed: 0 of which bin: 0 tot considered: 232 ccnr useful: 232 oracle uknown: 0 cache useful: 0% learnt-units: 0 T: 0.00 buildT: 0.00
c o [consolidate] mini T: 0.00
c o global_timeout_multiplier: 0.1100
c o [branch] rebuilding order heap for all branchings. Current branching: vsids
c o Executing OCC strategy token(s): 'occ-bve,
c o [occ] mem usage for occur      0 MB
c o [occ] Linked in IRRED BIN by default: 206
c o [occ] Linked in RED   BIN by default: 1
c o [occ] mem usage for occur      0 MB
c o Mem for watch alloc    : 0           MB (0.10      %)
c o Mem for watch array    : 0           MB (0.09      %)
c o Executing OCC strategy token: occ-bve
c o [occ-empty-res] Empty resolvent elimed: 0 T: 0.00 T-out: N
c o [occ-bve] iter v-elim 0
c o cl_inc_rate=1.00, var_dec_rate=1.00 (grow=0)
c o Reduced to 175 vars, 232 cls (grow=0)
c o x n vars       : 175
c o #try to eliminate:     0
c o #var-elim        :     0
c o #T-o: N
c o #T-r: 100.00%
c o #T  : 0.00
c o [occur] 0.00 is overhead
c o [occur] link-in T: 0.00 cleanup T: 0.00
c o [occ-xor-bve] elimed: 0 T: 0.00 T-out: N
c o [consolidate] mini T: 0.00
c o global_timeout_multiplier: 0.1100
c o [branch] rebuilding order heap for all branchings. Current branching: vsids
c o --> Executing strategy token: must-scc-vrepl
c o [scc] new: 0 BP 0M T: 0.00
c o [vrep] vars 0 lits 0 rem-bin-cls 0 rem-long-cls 0 BP 0M T: 0.00
c o --> Executing strategy token: must-renumber
c o [renumber] T: 0.00
c o [consolidate] mini T: 0.00
c o global_timeout_multiplier: 0.1100
c o [branch] rebuilding order heap for all branchings. Current branching: vsids
c o [occ] mem usage for occur      0 MB
c o [occ] Linked in IRRED BIN by default: 206
c o [occ] Linked in RED   BIN by default: 1
c o [occ] mem usage for occur      0 MB
c o Mem for watch alloc    : 0           MB (0.10      %)
c o Mem for watch array    : 0           MB (0.09      %)
c o [empty] empty_occ: 0 T: 0.00
c o Executing OCC strategy token(s): 'occ-bve-empty,
c o [occ] mem usage for occur      0 MB
c o [occ] Linked in IRRED BIN by default: 206
c o [occ] Linked in RED   BIN by default: 1
c o [occ] mem usage for occur      0 MB
c o Mem for watch alloc    : 0           MB (0.10      %)
c o Mem for watch array    : 0           MB (0.09      %)
c o Executing OCC strategy token: occ-bve-empty
c o [occ-empty-res] Empty resolvent elimed: 0 T: 0.00 T-out: N
c o --> Executing strategy token: must-renumber
c o [renumber] T: 0.00
c o [consolidate] mini T: 0.00
c o global_timeout_multiplier: 0.1100
c o [branch] rebuilding order heap for all branchings. Current branching: vsids
c o [0m[puura] new_empty_sampl_vars size: 0[0m
c o [get-cnf] Checking for variables mapping to same new var to set AIG definitions...
c o solver orig num vars: 175 solver simp num vars: 175
c o [0m[31m[puura] Done. final vars: 175 final cls: 232 T: 0.01[0m
c o [0m[arjun-sbva] entering SBVA with     vars: 175     cls:   232 opt sampl: 175[0m
c o [0m[arjun-sbva] exited SBVA with       vars: 176     cls:   222[0m
c o [0m[arjun-sbva] K steps remaining: 975.07 T-out: No T: 0.00[0m
c o [0m[extend-gates] Gates added to opt indep: 1 T: 0.00[0m
c o [0m[arjun-extend] Start unknown size: 0[0m
c o [0m[arjun-extend] ccnr. got back sols: 0 erased: 0 T: 0.00[0m
c o [0m[arjun-extend] Extend finished  orig size: 175 final size: 176 Undef: 0 T: 0.00 mem: 9 MB[0m
c o Arjun T: 0.04
c o Found 8 disconnected component(s)
c o [par] Using non-parallel counting
c o ind size: 8 nvars: 8
c o opt ind size: 8 ind size: 8 nvars: 8
c o Sampling set size: 8
c o Opt sampling set size: 8
c o Bin irred/red      10         0         
c o Long irred cls/tri 0          0         
c o Long red cls/tri   0          0         
c o [rst-cube] Num restarts: 0 orig cubes this rst: 1 final cubes this rst: 1 total orig cubes: 1 total final cubes: 1
c o total time so far: 0.04
c o decisions K                    0         -- Kdec/s:     2.88     
c o conflicts                      0            -- confl/s:    0.00     
c o rem lits triedK/rem lits remK  0         0         
c o shrink tried/useful%/lits rem  0         0.0000    0         
c o avg clsz/rem lits avg/finalavg 0.0000    0.0000    0.0000   
c o rdbs/low lbd/rem               0     0      0     
c o looks/look-computes            0/0
c o sat call/sat/unsat/confl/rst  0     0     0     0     0     
c o buddy called /unsat ratio           0     / 0.0000 
c o buddy avg num bin/long cls/vs  0.0000 / 0.0000 / 0.0000
c o buddy max num bin/long cls/vs  0     / 0     / 0    
c o orig cubes/lit-r avg/exten avg 1     / 0.00  / 0.00 
c o cubes orig/symm/final          1     / 0     / 1    
c o cubes resolved/flp-removed     0     / 0    
c o tot restarts                   0    
c o comp sortsK/avg sz             0     / 1.25000000
c o comps recordK/non-reset ratio  0 / 0.69
c o vivif: try/cls/clviv/litsravg  0         0         0         0.00      
c o toplev subs runs/bins/long-cls 0         0         0         0         0         
c o toplevel probes/fail/bprop     0         0         0         
c o Mem used                       0.01 GB
c o cache pollutions call/removed  0/0
c o cache entries K                0
c o MB cache                       4.001
c o cache K (lookup/ stores/ hits/ dels) 0      0      0      0       -- Klookup/s:  2.78     
c o cache miss rate                1.000
c o avg hit/store num vars 0.000 / 5.143
c o 
c o intermediate count: 26
c o [par] Using non-parallel counting
c o ind size: 20 nvars: 20
c o opt ind size: 20 ind size: 20 nvars: 20
c o Sampling set size: 20
c o Opt sampling set size: 20
c o Bin irred/red      24         0         
c o Long irred cls/tri 0          6         
c o Long red cls/tri   0          0         
c o [td] too many/few vars, not running TD
c o [rst-cube] Num restarts: 0 orig cubes this rst: 1 final cubes this rst: 1 total orig cubes: 1 total final cubes: 1
c o total time so far: 0.043
c o decisions K                    0         -- Kdec/s:     34.40    
c o conflicts                      0            -- confl/s:    0.00     
c o rem lits triedK/rem lits remK  0         0         
c o shrink tried/useful%/lits rem  0         0.0000    0         
c o avg clsz/rem lits avg/finalavg 0.0000    0.0000    0.0000   
c o rdbs/low lbd/rem               0     0      0     
c o looks/look-computes            0/0
c o sat call/sat/unsat/confl/rst  0     0     0     0     0     
c o buddy called /unsat ratio           0     / 0.0000 
c o buddy avg num bin/long cls/vs  0.0000 / 0.0000 / 0.0000
c o buddy max num bin/long cls/vs  0     / 0     / 0    
c o orig cubes/lit-r avg/exten avg 1     / 0.00  / 0.00 
c o cubes orig/symm/final          1     / 0     / 1    
c o cubes resolved/flp-removed     0     / 0    
c o tot restarts                   0    
c o comp sortsK/avg sz             0     / 1.15384615
c o comps recordK/non-reset ratio  0 / 0.85
c o vivif: try/cls/clviv/litsravg  0         0         0         0.00      
c o toplev subs runs/bins/long-cls 0         0         0         0         0         
c o toplevel probes/fail/bprop     0         0         0         
c o Mem used                       0.01 GB
c o cache pollutions call/removed  0/0
c o cache entries K                0
c o MB cache                       4.002
c o cache K (lookup/ stores/ hits/ dels) 0      0      0      0       -- Klookup/s:  42.25    
c o cache miss rate                0.714
c o avg hit/store num vars 3.500 / 7.882
c o 
c o intermediate count: 10469
c o [par] Using non-parallel counting
c o ind size: 9 nvars: 9
c o opt ind size: 9 ind size: 9 nvars: 9
c o Sampling set size: 9
c o Opt sampling set size: 9
c o Bin irred/red      11         0         
c o Long irred cls/tri 0          0         
c o Long red cls/tri   0          0         
c o [rst-cube] Num restarts: 0 orig cubes this rst: 1 final cubes this rst: 1 total orig cubes: 1 total final cubes: 1
c o total time so far: 0.043
c o decisions K                    0         -- Kdec/s:     20.73    
c o conflicts                      0            -- confl/s:    0.00     
c o rem lits triedK/rem lits remK  0         0         
c o shrink tried/useful%/lits rem  0         0.0000    0         
c o avg clsz/rem lits avg/finalavg 0.0000    0.0000    0.0000   
c o rdbs/low lbd/rem               0     0      0     
c o looks/look-computes            0/0
c o sat call/sat/unsat/confl/rst  0     0     0     0     0     
c o buddy called /unsat ratio           0     / 0.0000 
c o buddy avg num bin/long cls/vs  0.0000 / 0.0000 / 0.0000
c o buddy max num bin/long cls/vs  0     / 0     / 0    
c o orig cubes/lit-r avg/exten avg 1     / 0.00  / 0.00 
c o cubes orig/symm/final          1     / 0     / 1    
c o cubes resolved/flp-removed     0     / 0    
c o tot restarts                   0    
c o comp sortsK/avg sz             0     / 1.33333333
c o comps recordK/non-reset ratio  0 / 0.59
c o vivif: try/cls/clviv/litsravg  0         0         0         0.00      
c o toplev subs runs/bins/long-cls 0         0         0         0         0         
c o toplevel probes/fail/bprop     0         0         0         
c o Mem used                       0.01 GB
c o cache pollutions call/removed  0/0
c o cache entries K                0
c o MB cache                       4.001
c o cache K (lookup/ stores/ hits/ dels) 0      0      0      0       -- Klookup/s:  16.06    
c o cache miss rate                1.000
c o avg hit/store num vars 0.000 / 5.833
c o 
c o intermediate count: 81
c o [par] Using non-parallel counting
c o ind size: 14 nvars: 14
c o opt ind size: 14 ind size: 14 nvars: 14
c o Sampling set size: 14
c o Opt sampling set size: 14
c o Bin irred/red      23         0         
c o Long irred cls/tri 0          0         
c o Long red cls/tri   0          0         
c o [td] too many/few vars, not running TD
c o [rst-cube] Num restarts: 0 orig cubes this rst: 1 final cubes this rst: 1 total orig cubes: 1 total final cubes: 1
c o total time so far: 0.044
c o decisions K                    0         -- Kdec/s:     15.87    
c o conflicts                      0            -- confl/s:    0.00     
c o rem lits triedK/rem lits remK  0         0         
c o shrink tried/useful%/lits rem  0         0.0000    0         
c o avg clsz/rem lits avg/finalavg 0.0000    0.0000    0.0000   
c o rdbs/low lbd/rem               0     0      0     
c o looks/look-computes            0/0
c o sat call/sat/unsat/confl/rst  0     0     0     0     0     
c o buddy called /unsat ratio           0     / 0.0000 
c o buddy avg num bin/long cls/vs  0.0000 / 0.0000 / 0.0000
c o buddy max num bin/long cls/vs  0     / 0     / 0    
c o orig cubes/lit-r avg/exten avg 1     / 0.00  / 0.00 
c o cubes orig/symm/final          1     / 0     / 1    
c o cubes resolved/flp-removed     0     / 0    
c o tot restarts                   0    
c o comp sortsK/avg sz             0     / 1.60000000
c o comps recordK/non-reset ratio  0 / 0.66
c o vivif: try/cls/clviv/litsravg  0         0         0         0.00      
c o toplev subs runs/bins/long-cls 0         0         0         0         0         
c o toplevel probes/fail/bprop     0         0         0         
c o Mem used                       0.01 GB
c o cache pollutions call/removed  0/0
c o cache entries K                0
c o MB cache                       4.001
c o cache K (lookup/ stores/ hits/ dels) 0      0      0      0       -- Klookup/s:  13.82    
c o cache miss rate                1.000
c o avg hit/store num vars 0.000 / 6.300
c o 
c o intermediate count: 541
c o [par] Using non-parallel counting
c o ind size: 30 nvars: 30
c o opt ind size: 30 ind size: 30 nvars: 30
c o Sampling set size: 30
c o Opt sampling set size: 30
c o Bin irred/red      30         0         
c o Long irred cls/tri 0          9         
c o Long red cls/tri   0          0         
c o [td] nodes: 30 nvars: 30 edges: 49
c o [td] Primal graph   nodes: 30 edges: 49 density: 0.054 edge/var: 1.633
c o [td] min degree heuristic
c o [td] #bags 23, tw 7, elapsed 0.000 s
c o [td] min shortcut heuristic
c o [td] run with 0.0/0.1/0.2 min balance and node_min_expansion in endless loop with varying seed
c o [td] iter 100 width: 6 stepsK remain: 99 T: 0.022
c o [td] at iter 100  Width is small, reducing conf_iters to 225
c o [td] at iter 100 Width is very small, halving steps 
c o [td] iter 200 width: 6 stepsK remain: 24 T: 0.042
c o [td] centroid bag id: 22 bag size: 7
c o [td] centroid bag id: 22 bag size: 7
c o [td] weight: 7.000 nodes: 30 rt/width(=rt): 5.000 rt*conf.td_exp_mult: 5.500 conf.td_exp_mult: 1.100 conf.td_divider: 1000.000 max ord diff: 5
c o [td] decompose time: 0.044
c o [rst-cube] Num restarts: 0 orig cubes this rst: 1 final cubes this rst: 1 total orig cubes: 1 total final cubes: 1
c o total time so far: 0.089
c o decisions K                    0         -- Kdec/s:     0.25     
c o conflicts                      0            -- confl/s:    0.00     
c o rem lits triedK/rem lits remK  0         0         
c o shrink tried/useful%/lits rem  0         0.0000    0         
c o avg clsz/rem lits avg/finalavg 0.0000    0.0000    0.0000   
c o rdbs/low lbd/rem               0     0      0     
c o looks/look-computes            0/0
c o sat call/sat/unsat/confl/rst  0     0     0     0     0     
c o buddy called /unsat ratio           0     / 0.0000 
c o buddy avg num bin/long cls/vs  0.0000 / 0.0000 / 0.0000
c o buddy max num bin/long cls/vs  0     / 0     / 0    
c o orig cubes/lit-r avg/exten avg 1     / 0.00  / 0.00 
c o cubes orig/symm/final          1     / 0     / 1    
c o cubes resolved/flp-removed     0     / 0    
c o tot restarts                   0    
c o comp sortsK/avg sz             0     / 1.37500000
c o comps recordK/non-reset ratio  0 / 0.80
c o vivif: try/cls/clviv/litsravg  0         0         0         0.00      
c o toplev subs runs/bins/long-cls 0         0         0         0         0         
c o toplevel probes/fail/bprop     0         0         0         
c o Mem used                       0.01 GB
c o cache pollutions call/removed  0/0
c o cache entries K                0
c o MB cache                       4.002
c o cache K (lookup/ stores/ hits/ dels) 0      0      0      0       -- Klookup/s:  0.31     
c o cache miss rate                0.786
c o avg hit/store num vars 8.667 / 12.692
c o 
c o intermediate count: 8640073
c o [par] Using non-parallel counting
c o ind size: 3 nvars: 3
c o opt ind size: 3 ind size: 3 nvars: 3
c o Sampling set size: 3
c o Opt sampling set size: 3
c o Bin irred/red      2          0         
c o Long irred cls/tri 0          0         
c o Long red cls/tri   0          0         
c o UIP search time        : 0.00        (0.02      % time)
c o restarts               : 5           (0.40      confls per restart)
c o blocked restarts       : 0           (0.00      per normal restart)
c o time                   : 0.00        
c o decisions              : 9           (0.00      % random)
c o propagations           : 15          (625K      props/s)
c o decisions/conflicts    : 4.50        
c o conflicts              : 2           
c o conf lits non-minim    : 2           (1.00      lit/confl)
c o conf lits final        : 1.00        
c o red which0             : 0           (0.00      % of confl)
c o props/decision         : 0.00        
c o props/conflict         : 0.00        
c o 0-depth assigns        : 3           (100.00    % vars)
c o 0-depth assigns by CNF : 0           (0.00      % vars)
c o reduceDB time          : 0.00        (0.00      % time)
c o OccSimplifier time     : 0.00        (0.00      % time)
c o [occur] 0.00 is overhead
c o [occur] link-in T: 0.00 cleanup T: 0.00
c o [occ-substr] long subBySub: 0 subByStr: 0 lits-rem-str: 0 T: 0.00
c o SCC time               : 0.00        (0.00      % time)
c o vrep replace time      : 0.00        (0.00      % time)
c o vrep tree roots        : 0           
c o vrep trees' crown      : 0           (0.00      leafs/tree)
c o distill long time      : 0.00        (0.00      % time)
c o distill bin time       : 0.00        (0.00      % time)
c o strength cache-irred time: 0.00        (0.00      % time)
c o strength cache-red time: 0.00        (0.00      % time)
c o avg cls in red 0       : 0.00        
c o avg cls in red 1       : 0.00        
c o avg cls in red 2       : 0.00        
c o Conflicts in UIP       : 2           (19.35     confl/time_this_thread)
c o Max Memory (rss) used  : 15396 kB    
c o Total time (this thread): 0.10        
c o intermediate count: 5
c o [par] Using non-parallel counting
c o ind size: 8 nvars: 8
c o opt ind size: 8 ind size: 8 nvars: 8
c o Sampling set size: 8
c o Opt sampling set size: 8
c o Bin irred/red               1          0
c o Long irred cls/tri          1          0
c o Long red cls/tri            0          0
c o [rst-cube] Num restarts: 0 orig cubes this rst: 1 final cubes this rst: 1 total orig cubes: 1 total final cubes: 1
c o total time so far: 0.09
c o decisions K                    0         -- Kdec/s:     11.03    
c o conflicts                      0            -- confl/s:    0.00     
c o rem lits triedK/rem lits remK  0         0         
c o shrink tried/useful%/lits rem  0         0.0000    0         
c o avg clsz/rem lits avg/finalavg 0.0000    0.0000    0.0000   
c o rdbs/low lbd/rem               0     0      0     
c o looks/look-computes            0/0
c o sat call/sat/unsat/confl/rst  0     0     0     0     0     
c o buddy called /unsat ratio           0     / 0.0000 
c o buddy avg num bin/long cls/vs  0.0000 / 0.0000 / 0.0000
c o buddy max num bin/long cls/vs  0     / 0     / 0    
c o orig cubes/lit-r avg/exten avg 1     / 0.00  / 0.00 
c o cubes orig/symm/final          1     / 0     / 1    
c o cubes resolved/flp-removed     0     / 0    
c o tot restarts                   0    
c o comp sortsK/avg sz             0     / 1.00000000
c o comps recordK/non-reset ratio  0 / 0.84
c o vivif: try/cls/clviv/litsravg  0         0         0         0.00      
c o toplev subs runs/bins/long-cls 0         0         0         0         0         
c o toplevel probes/fail/bprop     0         0         0         
c o Mem used                       0.01 GB
c o cache pollutions call/removed  0/0
c o cache entries K                0
c o MB cache                       4.001
c o cache K (lookup/ stores/ hits/ dels) 0      0      0      0       -- Klookup/s:  9.69     
c o cache miss rate                1.000
c o avg hit/store num vars 0.000 / 5.500
c o 
c o intermediate count: 191
c o [par] Using non-parallel counting
c o ind size: 83 nvars: 84
c o opt ind size: 84 ind size: 83 nvars: 84
c o Sampling set size: 83
c o Opt sampling set size: 84
c o Bin irred/red      94         1         
c o Long irred cls/tri 10         1         
c o Long red cls/tri   0          0         
c o [td] nodes: 84 nvars: 84 edges: 129
c o [td] Primal graph   nodes: 84 edges: 129 density: 0.018 edge/var: 1.536
c o [td] min degree heuristic
c o [td] #bags 69, tw 6, elapsed 0.000 s
c o [td] min shortcut heuristic
c o [td] run with 0.0/0.1/0.2 min balance and node_min_expansion in endless loop with varying seed
c o [td] iter 100 width: 5 stepsK remain: 99 T: 0.059
c o [td] at iter 100  Width is small, reducing conf_iters to 225
c o [td] at iter 100 Width is very small, halving steps 
c o [td] iter 200 width: 5 stepsK remain: 24 T: 0.119
c o [td] centroid bag id: 67 bag size: 5
c o [td] centroid bag id: 67 bag size: 5
c o [td] weight: 60.000 nodes: 84 rt/width(=rt): 16.800 rt*conf.td_exp_mult: 18.480 conf.td_exp_mult: 1.100 conf.td_divider: 1000.000 max ord diff: 7
c o [td] decompose time: 0.126
c o [rst-cube] Num restarts: 0 orig cubes this rst: 1 final cubes this rst: 1 total orig cubes: 1 total final cubes: 1
c o total time so far: 0.217
c o decisions K                    0         -- Kdec/s:     0.38     
c o conflicts                      0            -- confl/s:    0.00     
c o rem lits triedK/rem lits remK  0         0         
c o shrink tried/useful%/lits rem  0         0.0000    0         
c o avg clsz/rem lits avg/finalavg 0.0000    0.0000    0.0000   
c o rdbs/low lbd/rem               0     0      0     
c o looks/look-computes            0/0
c o sat call/sat/unsat/confl/rst  0     0     0     0     0     
c o buddy called /unsat ratio           0     / 0.0000 
c o buddy avg num bin/long cls/vs  0.0000 / 0.0000 / 0.0000
c o buddy max num bin/long cls/vs  0     / 0     / 0    
c o orig cubes/lit-r avg/exten avg 1     / 0.00  / 0.00 
c o cubes orig/symm/final          1     / 0     / 1    
c o cubes resolved/flp-removed     0     / 0    
c o tot restarts                   0    
c o comp sortsK/avg sz             0     / 1.54838710
c o comps recordK/non-reset ratio  0 / 0.79
c o vivif: try/cls/clviv/litsravg  0         0         0         0.00      
c o toplev subs runs/bins/long-cls 0         0         0         0         0         
c o toplevel probes/fail/bprop     0         0         0         
c o Mem used                       0.01 GB
c o cache pollutions call/removed  0/0
c o cache entries K                0
c o MB cache                       4.006
c o cache K (lookup/ stores/ hits/ dels) 0      0      0      0       -- Klookup/s:  0.66     
c o cache miss rate                0.578
c o avg hit/store num vars 5.257 / 13.440
c o 
c o intermediate count: 118209548555396256
c o Total time [Arjun+GANAK]: 0.22
s SATISFIABLE
c s type pmc
c s log10-estimate 4.00760341e+01
c s exact arb int 11913356297354938848702958392742675415040
c s pac guarantees epsilon: 0 delta: 0
