c o Ganak SHA1: 0b4881b40126fb5ae8a1b7c9fdd4878afa25b051
c o Arjun SHA1: 0b4881b40126fb5ae8a1b7c9fdd4878afa25b051
c o SBVA SHA1: 0b4881b40126fb5ae8a1b7c9fdd4878afa25b051
c o CMS SHA1: 0b4881b40126fb5ae8a1b7c9fdd4878afa25b051
c o ApproxMC SHA1: 0b4881b40126fb5ae8a1b7c9fdd4878afa25b051
c o Using ideas by JM Lagniez, and Pierre Marquis
c o     from paper: Improving Model Counting [..] IJCAI 2016
c o Using VMTF, picosat, CaDiCaL, and CadiBack code by Armin Biere
c o CMS is MIT licensed
c o Using code from 'When Boolean Satisfiability Meets Gauss-E. in a Simplex Way'
c o       by C.-S. Han and J.-H. Roland Jiang in CAV 2012. Fixes by M. Soos
c o Using CCAnr from 'CCAnr: A Conf. Checking Based Local Search Solver [...]'
c o       by Shaowei Cai, Chuan Luo, and Kaile Su, SAT 2015
c o Using Oracle code from 'Integrating Tree Decompositions [...]'
c o       by Tuukka Korhonen and Matti Jarvisalo, CP 2021
c o Using Graph library by Tuukka Korhonen and Matti Jarvisalo
c o Using Flowcutter by Ben Strasser
c o Ganak compilation env CMAKE_CXX_COMPILER = /usr/bin/c++ | CMAKE_CXX_FLAGS =  -fno-stack-protector -mpopcnt -msse4.2 -mpclmul -Wduplicated-cond -Wduplicated-branches -Wlogical-op -Wrestrict -Wnull-dereference -Wdouble-promotion -Wshadow -Wformat=2 -Wextra-semi -pedantic | COMPILE_DEFINES =  -DNDEBUG -D_FORTIFY_SOURCE=0 -DUSE_ZLIB | BUILD_SHARED_LIBS = OFF | ZLIB_FOUND = TRUE | ENABLE_ASSERTIONS = OFF | 
c o called with: /workspace/cm-packed-continuation/build/application-ganak/ganak --prob 0 --mode 0 --fast /workspace/cm-packed-evidence/feature-oracle/additional-05-0.cnf
c o CNF projection set size: 212
c o --> Executing strategy token: clean-cls
c o --> Executing strategy token: must-scc-vrepl
c o [scc] new: 24 BP 0M T: 0.00
c o [vrep] vars 20 lits 798 rem-bin-cls 88 rem-long-cls 4 BP 0M T: 0.00
c o [consolidate] mini T: 0.00
c o global_timeout_multiplier: 0.1
c o [branch] rebuilding order heap for all branchings. Current branching: vsids
c o [0m[arjun-simp] probing all sampling variables[0m
c o --> Executing strategy token: must-scc-vrepl
c o [scc] new: 7 BP 0M T: 0.00
c o [vrep] vars 7 lits 395 rem-bin-cls 67 rem-long-cls 6 BP 0M T: 0.00
c o [consolidate] mini T: 0.00
c o global_timeout_multiplier: 0.1
c o [branch] rebuilding order heap for all branchings. Current branching: vsids
c o [0m[arjun-simp] Removed set       : 13 new size: 199[0m
c o [0m[arjun-simp] Removed eq lits: 27 new size: 172[0m
c o [0m[arjun-simp] probe removed: 40 perc: 18.87 T: 0.00[0m
c o [0m[arjun-simp] Removed eq lits: 0 new size: 172[0m
c o [0m[arjun-simp] Removed set       : 0 new size: 172[0m
c o [0m[arjun-simp] get-empties removed: 0 perc: 0.00 total empties now: 0 T: 0.00[0m
c o [0m[arjun-simp] CMS::simplify() with no BVE, intree probe...[0m
c o --> Executing strategy token: str-impl
c [impl-str] lit bin: 0 set-var: 0 T: 0.00 T-out: N T-r: 99.83% w-visit: 426
c o --> Executing strategy token: intree-probe
c o [scc] new: 0 BP 0M T: 0.00
c o [vrep] vars 0 lits 0 rem-bin-cls 0 rem-long-cls 0 BP 0M T: 0.00
c o [intree] Set 0 vars hyper-added: 0 trans-irred: 0 trans-red: 0 T: 0.00 T-out: N T-r: -0.13%
c o Executing OCC strategy token(s): 'occ-ternary-res,occ-backw-sub,
c o [occ] mem usage for occur      0 MB
c o [occ] Linked in IRRED BIN by default: 738
c o [occ] Linked in RED   BIN by default: 0
c o [occ] mem usage for occur      0 MB
c o Mem for watch alloc    : 0           MB (0.47      %)
c o Mem for watch array    : 0           MB (0.14      %)
c o Executing OCC strategy token: occ-ternary-res
c o [occ-ternary-res] Ternary res-tri: 31 res-bin: 0 sub: 12 str: 16 T: 0.00 T-out: N T-r: 99.67%
c o Executing OCC strategy token: occ-backw-sub
c o [occ-backw-sub-long-w-long] rem cl: 25 tried: 219/219 (100.0%) T: 0.00 T-out: N T-r: 99.87%
c o --> Executing strategy token: distill-litrem
c [distill-litrem] useful: 95/673/157 lits-rem: 95 0-depth-assigns: 0 T: 0.00 T-out: N
c o --> Executing strategy token: must-distill-cls
c o [distill-long-irred] cls tried: 113/113 T: 0.00 T-out: N T-r: 97.76%
c o [distill-long-irred] cls tried: 103/103 T: 0.00 T-out: N T-r: 97.68%
c o --> Executing strategy token: distill-bins
c o [distill-bin] useful: 317/790/790 lits-rem: 0 cl-rem: 317 0-depth-assigns: 0 T: 0.00 T-out: N
c o --> Executing strategy token: oracle-vivif-veryfast
c o --> Executing strategy token: must-renumber
c o [oracle-bin] potential pairs: 931 T: 0.0
c o --> Executing strategy token: must-scc-vrepl
c o [scc] new: 2 BP 0M T: 0.00
c o [vrep] vars 2 lits 96 rem-bin-cls 11 rem-long-cls 0 BP 0M T: 0.00
c o [oracle-vivif] lits-rem: 6 learnt-units: 0 T-out: N T-remain: 99.3% T: 0.00
c o [oracle-bin] bin-added: 741 equiv-added: 2 T-out: N T-remain: 90.93% T: 0.01
c o [oracle-vivif] cache usefulness: 79% total T: 0.01
c o [consolidate] mini T: 0.00
c o global_timeout_multiplier: 0.1000
c o [branch] rebuilding order heap for all branchings. Current branching: vsids
c o --> Executing strategy token: scc-vrepl
c o [scc] new: 0 BP 0M T: 0.00
c o [vrep] vars 0 lits 0 rem-bin-cls 0 rem-long-cls 0 BP 0M T: 0.00
c o --> Executing strategy token: sub-impl
c o [impl-sub] bin: 353 T: 0.00 T-out: N w-visit: 426
c o --> Executing strategy token: breakid
c o Executing OCC strategy token(s): 'occ-backw-sub-str,occ-clean-implicit,occ-bve,occ-bva,occ-ternary-res,occ-xor,
c o [occ] mem usage for occur      0 MB
c o [occ] Linked in IRRED BIN by default: 474
c o [occ] Linked in RED   BIN by default: 386
c o [occ] mem usage for occur      0 MB
c o Mem for watch alloc    : 0           MB (0.60      %)
c o Mem for watch array    : 0           MB (0.14      %)
c o Executing OCC strategy token: occ-backw-sub-str
c o [occ-backw-sub-str-long-w-bins] subs: 0 str: 0 tried: 860 0-depth ass: 0 T: 0.00 T-out: N T-r: 90.33%
c o [occ-backw-sub-long-w-long] rem cl: 18 tried: 112/112 (100.0%) T: 0.00 T-out: N T-r: 99.95%
c o [occ-backw-sub-str-long-w-long] sub: 0 str: 0 tried: 336/112 (300.0)  T: 0.00 T-out: N T-r: 99.74%
c o Executing OCC strategy token: occ-clean-implicit
c o Executing OCC strategy token: occ-bve
c o Executing OCC strategy token: occ-bva
c o Executing OCC strategy token: occ-ternary-res
c o [occ-ternary-res] Ternary res-tri: 1 res-bin: 0 sub: 0 str: 0 T: 0.00 T-out: N T-r: 99.96%
c o Executing OCC strategy token: occ-xor
c o --> Executing strategy token: card-find
c o --> Executing strategy token: cl-consolidate
c o Not consolidating memory.
c o --> Executing strategy token: scc-vrepl
c o [scc] new: 0 BP 0M T: 0.00
c o [vrep] vars 0 lits 0 rem-bin-cls 0 rem-long-cls 0 BP 0M T: 0.00
c o --> Executing strategy token: renumber
c o --> Executing strategy token: louvain-comms
c o [consolidate] mini T: 0.00
c o global_timeout_multiplier: 0.1000
c o [branch] rebuilding order heap for all branchings. Current branching: vsids
c o [0m[arjun-simp] Removed set       : 0 new size: 172[0m
c o [0m[arjun-simp] CMS::simplify() with no BVE finished. T: 0.0170[0m
c o [0mWARNING: Turning off gates, because the sampling size is small, so we can just do it. Size: 172[0m
c o --> Executing strategy token: must-scc-vrepl
c o [scc] new: 0 BP 0M T: 0.00
c o [vrep] vars 0 lits 0 rem-bin-cls 0 rem-long-cls 0 BP 0M T: 0.00
c o --> Executing strategy token: clean-cls
c o --> Executing strategy token: sub-impl
c o [impl-sub] bin: 0 T: 0.00 T-out: N w-visit: 426
c o [consolidate] mini T: 0.00
c o global_timeout_multiplier: 0.1000
c o [branch] rebuilding order heap for all branchings. Current branching: vsids
c o --> Executing strategy token: must-scc-vrepl
c o [scc] new: 0 BP 0M T: 0.00
c o [vrep] vars 0 lits 0 rem-bin-cls 0 rem-long-cls 0 BP 0M T: 0.00
c o --> Executing strategy token: clean-cls
c o --> Executing strategy token: sub-impl
c o [impl-sub] bin: 0 T: 0.00 T-out: N w-visit: 426
c o [consolidate] mini T: 0.00
c o global_timeout_multiplier: 0.1000
c o [branch] rebuilding order heap for all branchings. Current branching: vsids
c o [0m[arjun-simp] Removed eq lits: 2 new size: 170[0m
c o [0m[arjun-simp] Removed set       : 0 new size: 170[0m
c o [0m[arjun-simp] get-empties removed: 0 perc: 0.00 total empties now: 0 T: 0.00[0m
c o [0m[arjun-simp] probing all sampling variables[0m
c o [0m[arjun-simp] Removed set       : 0 new size: 170[0m
c o [0m[arjun-simp] Removed eq lits: 0 new size: 170[0m
c o [0m[arjun-simp] probe removed: 0 perc: 0.00 T: 0.00[0m
c o [0m[arjun-simp] Removed eq lits: 0 new size: 170[0m
c o [0m[arjun-simp] Removed set       : 0 new size: 170[0m
c o [0m[arjun-simp] get-empties removed: 0 perc: 0.00 total empties now: 0 T: 0.00[0m
c o [0m[arjun] simplification finished  removed: 42 perc: 19.81 T: 0.02[0m
c o [0m[arjun] Duplicating CNF...[0m
c o [0m[arjun] Duplicated CNF. T: 0.00[0m
c o [0m[arjun] CMS::simplify() with *only* BVE...[0m
c o Executing OCC strategy token(s): 'occ-bve,
c o [occ] mem usage for occur      0 MB
c o [occ] Linked in IRRED BIN by default: 1267
c o [occ] Linked in RED   BIN by default: 386
c o [occ] mem usage for occur      0 MB
c o Mem for watch alloc    : 0           MB (0.99      %)
c o Mem for watch array    : 0           MB (0.34      %)
c o Executing OCC strategy token: occ-bve
c o [occ-empty-res] Empty resolvent elimed: 5 T: 0.00 T-out: N
c o [occ-bve] iter v-elim 16
c o cl_inc_rate=0.92, var_dec_rate=1.05 (grow=0)
c o Reduced to 350 vars, 1408 cls (grow=0)
c o [occ-bve] iter v-elim 0
c o cl_inc_rate=1.00, var_dec_rate=1.00 (grow=3)
c o Reduced to 350 vars, 1408 cls (grow=3)
c o [occ-bve] iter v-elim 0
c o cl_inc_rate=1.00, var_dec_rate=1.00 (grow=4)
c o Reduced to 350 vars, 1408 cls (grow=4)
c o [occ-bve] iter v-elim 0
c o cl_inc_rate=1.00, var_dec_rate=1.00 (grow=6)
c o Reduced to 350 vars, 1408 cls (grow=6)
c o [occ-bve] iter v-elim 0
c o cl_inc_rate=1.00, var_dec_rate=1.00 (grow=9)
c o Reduced to 350 vars, 1408 cls (grow=9)
c o [occ-bve] iter v-elim 0
c o cl_inc_rate=1.00, var_dec_rate=1.00 (grow=13)
c o Reduced to 350 vars, 1408 cls (grow=13)
c o [occ-bve] iter v-elim 0
c o cl_inc_rate=1.00, var_dec_rate=1.00 (grow=16)
c o Reduced to 350 vars, 1408 cls (grow=16)
c o x n vars       : 350
c o #try to eliminate:   100
c o #var-elim        :    16
c o #T-o: N
c o #T-r: 99.99%
c o #T  : 0.01
c o [occur] 0.00 is overhead
c o [occur] link-in T: 0.00 cleanup T: 0.00
c o [occ-xor-bve] elimed: 0 T: 0.00 T-out: N
c o [consolidate] mini T: 0.00
c o global_timeout_multiplier: 0.1000
c o [branch] rebuilding order heap for all branchings. Current branching: vsids
c o [0m[arjun] CMS::simplify() with *only* BVE finished. T: 0.0091[0m
c o [0m[arjun] Adding fixed clauses time: 0.0001[0m
c o [0m[backward FAST] Start unknown size: 170[0m
c o [0m[31m[arjun] backward round finished. U:  I: 92 T: 0.01[0m
c o [0m[arjun] run_minimize finished T: 0.04[0m
c o --> Executing strategy token: must-scc-vrepl
c o [scc] new: 37 BP 0M T: 0.00
c o [vrep] vars 29 lits 1173 rem-bin-cls 182 rem-long-cls 12 BP 0M T: 0.00
c o --> Executing strategy token: full-probe
c o [full-probe]  bin_only: 0 set: 0 repl: 0 T: 0.00 T-out: N T-r: 97.19%
c o --> Executing strategy token: sub-impl
c o [impl-sub] bin: 7 T: 0.00 T-out: N w-visit: 426
c o --> Executing strategy token: sub-cls-with-bin
c o [distill] watch-based irred--  cl tried      186 cl-sh     0 cl-rem   41 lit-rem      0 T: 0.00 T-out: N
c o [distill] watch-based   red--  cl tried        0 cl-sh     0 cl-rem    0 lit-rem      0 T: 0.00 T-out: N
c o --> Executing strategy token: distill-cls-onlyrem
c o [distill-long-irred] cls tried: 145/145 T: 0.00 T-out: N T-r: 99.86%
c o Executing OCC strategy token(s): 'occ-backw-sub,occ-resolv-subs,occ-rem-with-orgates,occ-ternary-res,
c o [occ] mem usage for occur      0 MB
c o [occ] Linked in IRRED BIN by default: 740
c o [occ] Linked in RED   BIN by default: 0
c o Mem for watch alloc    : 0           MB (0.44      %)
c o Mem for watch array    : 0           MB (0.17      %)
c o Executing OCC strategy token: occ-backw-sub
c o [occ-backw-sub-long-w-long] rem cl: 16 tried: 135/135 (100.0%) T: 0.00 T-out: N T-r: 99.93%
c o Executing OCC strategy token: occ-resolv-subs
c o [occ-resolv-subs] removed: 56 checked: 7087 T: 0.0
c o Executing OCC strategy token: occ-rem-with-orgates
c o [occ-gates] found:    99 avg-s: 2.0 T: 0.00 T-out: N T-r: 99.44%
c o [occ-gate-based-lit-rem] lit-rem: 39 cl-rem: 0 T: 0.00 T-out: N
c o Executing OCC strategy token: occ-ternary-res
c o [occ-ternary-res] Ternary res-tri: 11 res-bin: 0 sub: 0 str: 0 T: 0.00 T-out: N T-r: 99.89%
c o --> Executing strategy token: must-scc-vrepl
c o [scc] new: 0 BP 0M T: 0.00
c o [vrep] vars 0 lits 0 rem-bin-cls 0 rem-long-cls 0 BP 0M T: 0.00
c o Executing OCC strategy token(s): 'occ-bve,
c o [occ] mem usage for occur      0 MB
c o [occ] Linked in IRRED BIN by default: 689
c o [occ] Linked in RED   BIN by default: 0
c o Mem for watch alloc    : 0           MB (0.46      %)
c o Mem for watch array    : 0           MB (0.17      %)
c o Executing OCC strategy token: occ-bve
c o [occ-empty-res] Empty resolvent elimed: 12 T: 0.00 T-out: N
c o [occ-bve] iter v-elim 41
c o cl_inc_rate=0.78, var_dec_rate=1.35 (grow=0)
c o Reduced to 118 vars, 595 cls (grow=0)
c o x n vars       : 118
c o #try to eliminate:    99
c o #var-elim        :    41
c o #T-o: N
c o #T-r: 100.00%
c o #T  : 0.00
c o [occur] 0.00 is overhead
c o [occur] link-in T: 0.00 cleanup T: 0.00
c o [occ-xor-bve] elimed: 0 T: 0.00 T-out: N
c o --> Executing strategy token: sub-impl
c o [impl-sub] bin: 0 T: 0.00 T-out: N w-visit: 426
c o --> Executing strategy token: distill-cls-onlyrem
c o [distill-long-irred] cls tried: 87/87 T: 0.00 T-out: N T-r: 99.93%
c o --> Executing strategy token: intree-probe
c o [scc] new: 0 BP 0M T: 0.00
c o [vrep] vars 0 lits 0 rem-bin-cls 0 rem-long-cls 0 BP 0M T: 0.00
c o [intree] Set 0 vars hyper-added: 361 trans-irred: 134 trans-red: 152 T: 0.00 T-out: N T-r: 0.17%
c o Executing OCC strategy token(s): 'occ-backw-sub-str,
c o [occ] mem usage for occur      0 MB
c o [occ] Linked in IRRED BIN by default: 379
c o [occ] Linked in RED   BIN by default: 209
c o Mem for watch alloc    : 0           MB (0.51      %)
c o Mem for watch array    : 0           MB (0.17      %)
c o Executing OCC strategy token: occ-backw-sub-str
c o [occ-backw-sub-str-long-w-bins] subs: 10 str: 39 tried: 1895 0-depth ass: 0 T: 0.00 T-out: N T-r: 94.56%
c o [occ-backw-sub-long-w-long] rem cl: 0 tried: 82/82 (100.0%) T: 0.00 T-out: N T-r: 99.95%
c o [occ-backw-sub-str-long-w-long] sub: 0 str: 1 tried: 246/82 (300.0)  T: 0.00 T-out: N T-r: 99.76%
c o [occ-backw-sub-str-w-added-long]  sub: 0 str: 0 0-depth ass: 0 T: 0.00 T-out: N T-r: 100.00%
c o --> Executing strategy token: sub-str-cls-with-bin
c o [distill] watch-based irred--  cl tried      131 cl-sh     0 cl-rem    5 lit-rem      0 T: 0.00 T-out: N
c o [distill] watch-based   red--  cl tried        0 cl-sh     0 cl-rem    0 lit-rem      0 T: 0.00 T-out: N
c o --> Executing strategy token: clean-cls
c o --> Executing strategy token: distill-cls
c o [distill-long-irred] cls tried: 63/63 T: 0.00 T-out: N T-r: 99.96%
c o [distill-long-irred] cls tried: 58/58 T: 0.00 T-out: N T-r: 99.95%
c o --> Executing strategy token: distill-bins
c o [distill-bin] useful: 112/395/395 lits-rem: 0 cl-rem: 112 0-depth-assigns: 0 T: 0.00 T-out: N
c o [consolidate] mini T: 0.00
c o global_timeout_multiplier: 0.1100
c o [branch] rebuilding order heap for all branchings. Current branching: vsids
c o --> Executing strategy token: must-scc-vrepl
c o [scc] new: 0 BP 0M T: 0.00
c o [vrep] vars 0 lits 0 rem-bin-cls 0 rem-long-cls 0 BP 0M T: 0.00
c o --> Executing strategy token: full-probe
c o [full-probe]  bin_only: 0 set: 0 repl: 0 T: 0.00 T-out: N T-r: 98.91%
c o --> Executing strategy token: sub-impl
c o [impl-sub] bin: 2 T: 0.00 T-out: N w-visit: 426
c o --> Executing strategy token: sub-cls-with-bin
c o [distill] watch-based irred--  cl tried       58 cl-sh     0 cl-rem    0 lit-rem      0 T: 0.00 T-out: N
c o [distill] watch-based   red--  cl tried        0 cl-sh     0 cl-rem    0 lit-rem      0 T: 0.00 T-out: N
c o --> Executing strategy token: distill-cls-onlyrem
c o [distill-long-irred] cls tried: 58/58 T: 0.00 T-out: N T-r: 99.97%
c o Executing OCC strategy token(s): 'occ-backw-sub,occ-resolv-subs,occ-rem-with-orgates,occ-ternary-res,
c o [occ] mem usage for occur      0 MB
c o [occ] Linked in IRRED BIN by default: 283
c o [occ] Linked in RED   BIN by default: 195
c o Mem for watch alloc    : 0           MB (0.51      %)
c o Mem for watch array    : 0           MB (0.14      %)
c o Executing OCC strategy token: occ-backw-sub
c o [occ-backw-sub-long-w-long] rem cl: 0 tried: 59/59 (100.0%) T: 0.00 T-out: N T-r: 99.97%
c o Executing OCC strategy token: occ-resolv-subs
c o [occ-resolv-subs] removed: 1 checked: 1544 T: 0.0
c o Executing OCC strategy token: occ-rem-with-orgates
c o [occ-gates] found:    14 avg-s: 2.0 T: 0.00 T-out: N T-r: 99.70%
c o [occ-gate-based-lit-rem] lit-rem: 1 cl-rem: 0 T: 0.00 T-out: N
c o Executing OCC strategy token: occ-ternary-res
c o [occ-ternary-res] Ternary res-tri: 0 res-bin: 0 sub: 0 str: 0 T: 0.00 T-out: N T-r: 99.97%
c o --> Executing strategy token: must-scc-vrepl
c o [scc] new: 0 BP 0M T: 0.00
c o [vrep] vars 0 lits 0 rem-bin-cls 0 rem-long-cls 0 BP 0M T: 0.00
c o Executing OCC strategy token(s): 'occ-bve,
c o [occ] mem usage for occur      0 MB
c o [occ] Linked in IRRED BIN by default: 284
c o [occ] Linked in RED   BIN by default: 195
c o Mem for watch alloc    : 0           MB (0.51      %)
c o Mem for watch array    : 0           MB (0.14      %)
c o Executing OCC strategy token: occ-bve
c o [occ-empty-res] Empty resolvent elimed: 1 T: 0.00 T-out: N
c o [occ-bve] iter v-elim 10
c o cl_inc_rate=0.95, var_dec_rate=1.09 (grow=0)
c o Reduced to 107 vars, 319 cls (grow=0)
c o x n vars       : 107
c o #try to eliminate:    46
c o #var-elim        :    10
c o #T-o: N
c o #T-r: 100.00%
c o #T  : 0.00
c o [occur] 0.00 is overhead
c o [occur] link-in T: 0.00 cleanup T: 0.00
c o [occ-xor-bve] elimed: 0 T: 0.00 T-out: N
c o --> Executing strategy token: sub-impl
c o [impl-sub] bin: 0 T: 0.00 T-out: N w-visit: 426
c o --> Executing strategy token: distill-cls-onlyrem
c o [distill-long-irred] cls tried: 62/62 T: 0.00 T-out: N T-r: 99.96%
c o --> Executing strategy token: intree-probe
c o [scc] new: 0 BP 0M T: 0.00
c o [vrep] vars 0 lits 0 rem-bin-cls 0 rem-long-cls 0 BP 0M T: 0.00
c o [intree] Set 0 vars hyper-added: 56 trans-irred: 7 trans-red: 10 T: 0.00 T-out: N T-r: -0.55%
c o Executing OCC strategy token(s): 'occ-backw-sub-str,
c o [occ] mem usage for occur      0 MB
c o [occ] Linked in IRRED BIN by default: 250
c o [occ] Linked in RED   BIN by default: 178
c o Mem for watch alloc    : 0           MB (0.47      %)
c o Mem for watch array    : 0           MB (0.14      %)
c o Executing OCC strategy token: occ-backw-sub-str
c o [occ-backw-sub-str-long-w-bins] subs: 0 str: 1 tried: 3053 0-depth ass: 0 T: 0.00 T-out: N T-r: 97.81%
c o [occ-backw-sub-long-w-long] rem cl: 0 tried: 62/62 (100.0%) T: 0.00 T-out: N T-r: 99.97%
c o [occ-backw-sub-str-long-w-long] sub: 0 str: 0 tried: 186/62 (300.0)  T: 0.00 T-out: N T-r: 99.81%
c o --> Executing strategy token: sub-str-cls-with-bin
c o [distill] watch-based irred--  cl tried      121 cl-sh     0 cl-rem    1 lit-rem      0 T: 0.00 T-out: N
c o [distill] watch-based   red--  cl tried        0 cl-sh     0 cl-rem    0 lit-rem      0 T: 0.00 T-out: N
c o --> Executing strategy token: clean-cls
c o --> Executing strategy token: distill-cls
c o [distill-long-irred] cls tried: 60/60 T: 0.00 T-out: N T-r: 99.96%
c o [distill-long-irred] cls tried: 59/59 T: 0.00 T-out: N T-r: 99.95%
c o --> Executing strategy token: distill-bins
c o [distill-bin] useful: 6/251/251 lits-rem: 0 cl-rem: 6 0-depth-assigns: 0 T: 0.00 T-out: N
c o [consolidate] mini T: 0.00
c o global_timeout_multiplier: 0.1100
c o [branch] rebuilding order heap for all branchings. Current branching: vsids
c o [backbone-simpl] ccnr sols: 10 drop_cands: 142 T: 0.00
c o [backbone-simpl] cadiback called with -- lits: 755 num cls: 317 num vars: 213
c o [backbone-simpl] res: 10 num units added: 0 num eq added: 0 num bins: 1 T: 0.00
c o --> Executing strategy token: must-scc-vrepl
c o [scc] new: 0 BP 0M T: 0.00
c o [vrep] vars 0 lits 0 rem-bin-cls 0 rem-long-cls 0 BP 0M T: 0.00
c o --> Executing strategy token: must-renumber
c o [renumber] T: 0.00
c o [consolidate] mini T: 0.00
c o global_timeout_multiplier: 0.1100
c o [branch] rebuilding order heap for all branchings. Current branching: vsids
c o --> Executing strategy token: oracle-vivif-sparsify
c o --> Executing strategy token: must-renumber
c o [renumber] T: 0.00
c o [oracle-bin] potential pairs: 465 T: 0.0000
c o --> Executing strategy token: must-scc-vrepl
c o [scc] new: 0 BP 0M T: 0.00
c o [vrep] vars 0 lits 0 rem-bin-cls 0 rem-long-cls 0 BP 0M T: 0.00
c o [oracle-vivif] lits-rem: 3 learnt-units: 0 T-out: N T-remain: 99.6194% T: 0.00
c o [oracle-bin] bin-added: 320 equiv-added: 0 T-out: N T-remain: 77.99% T: 0.00
c o [oracle-vivif] cache usefulness: 70% total T: 0.00
c o --> Executing strategy token: sub-impl
c o [impl-sub] bin: 257 T: 0.00 T-out: N w-visit: 214
c o Executing OCC strategy token(s): 'occ-backw-sub,
c o [occ] mem usage for occur      0 MB
c o [occ] Linked in IRRED BIN by default: 245
c o [occ] Linked in RED   BIN by default: 266
c o Mem for watch alloc    : 0           MB (0.43      %)
c o Mem for watch array    : 0           MB (0.07      %)
c o Executing OCC strategy token: occ-backw-sub
c o [occ-backw-sub-long-w-long] rem cl: 3 tried: 70/70 (100.0%) T: 0.00 T-out: N T-r: 99.96%
c o --> Executing strategy token: must-renumber
c o [renumber] T: 0.00
c o [oracle-sparsify] done with 10 % oracle mems:    53 ccnr useful: 96.8% T: 0.0
c o [oracle-sparsify] done with 20 % oracle mems:   644 ccnr useful: 95.1% T: 0.0
c o [oracle-sparsify] done with 30 % oracle mems:  1294 ccnr useful: 94.6% T: 0.0
c o [oracle-sparsify] done with 40 % oracle mems:  3527 ccnr useful: 91.0% T: 0.0
c o [oracle-sparsify] done with 50 % oracle mems:  3671 ccnr useful: 92.1% T: 0.0
c o [oracle-sparsify] done with 60 % oracle mems:  4155 ccnr useful: 92.3% T: 0.0
c o [oracle-sparsify] done with 70 % oracle mems:  7041 ccnr useful: 89.2% T: 0.0
c o [oracle-sparsify] done with 80 % oracle mems:  7969 ccnr useful: 89.8% T: 0.0
c o [oracle-sparsify] done with 90 % oracle mems:  8800 ccnr useful: 90.1% T: 0.0
c o [oracle-sparsify] removed: 6 of which bin: 3 tot considered: 304 ccnr useful: 274 oracle uknown: 0 cache useful: 0% learnt-units: 0 T: 0.00 buildT: 0.00
c o [consolidate] mini T: 0.00
c o global_timeout_multiplier: 0.1100
c o [branch] rebuilding order heap for all branchings. Current branching: vsids
c o --> Executing strategy token: must-scc-vrepl
c o [scc] new: 0 BP 0M T: 0.00
c o [vrep] vars 0 lits 0 rem-bin-cls 0 rem-long-cls 0 BP 0M T: 0.00
c o --> Executing strategy token: full-probe
c o [full-probe]  bin_only: 0 set: 0 repl: 0 T: 0.00 T-out: N T-r: 99.07%
c o --> Executing strategy token: sub-impl
c o [impl-sub] bin: 0 T: 0.00 T-out: N w-visit: 214
c o --> Executing strategy token: sub-cls-with-bin
c o [distill] watch-based irred--  cl tried       56 cl-sh     0 cl-rem    0 lit-rem      0 T: 0.00 T-out: N
c o [distill] watch-based   red--  cl tried        0 cl-sh     0 cl-rem    0 lit-rem      0 T: 0.00 T-out: N
c o --> Executing strategy token: distill-cls-onlyrem
c o [distill-long-irred] cls tried: 56/56 T: 0.00 T-out: N T-r: 99.97%
c o Executing OCC strategy token(s): 'occ-backw-sub,occ-resolv-subs,occ-rem-with-orgates,occ-ternary-res,
c o [occ] mem usage for occur      0 MB
c o [occ] Linked in IRRED BIN by default: 242
c o [occ] Linked in RED   BIN by default: 269
c o [occ] mem usage for occur      0 MB
c o Mem for watch alloc    : 0           MB (0.43      %)
c o Mem for watch array    : 0           MB (0.07      %)
c o Executing OCC strategy token: occ-backw-sub
c o [occ-backw-sub-long-w-long] rem cl: 0 tried: 67/67 (100.0%) T: 0.00 T-out: N T-r: 99.96%
c o Executing OCC strategy token: occ-resolv-subs
c o [occ-resolv-subs] removed: 0 checked: 1489 T: 0.0
c o Executing OCC strategy token: occ-rem-with-orgates
c o [occ-gates] found:     4 avg-s: 2.0 T: 0.00 T-out: N T-r: 99.70%
c o [occ-gate-based-lit-rem] lit-rem: 0 cl-rem: 0 T: 0.00 T-out: N
c o Executing OCC strategy token: occ-ternary-res
c o [occ-ternary-res] Ternary res-tri: 11 res-bin: 0 sub: 0 str: 0 T: 0.00 T-out: N T-r: 99.92%
c o --> Executing strategy token: must-scc-vrepl
c o [scc] new: 0 BP 0M T: 0.00
c o [vrep] vars 0 lits 0 rem-bin-cls 0 rem-long-cls 0 BP 0M T: 0.00
c o Executing OCC strategy token(s): 'occ-bve,
c o [occ] mem usage for occur      0 MB
c o [occ] Linked in IRRED BIN by default: 242
c o [occ] Linked in RED   BIN by default: 269
c o [occ] mem usage for occur      0 MB
c o Mem for watch alloc    : 0           MB (0.43      %)
c o Mem for watch array    : 0           MB (0.07      %)
c o Executing OCC strategy token: occ-bve
c o [occ-empty-res] Empty resolvent elimed: 0 T: 0.00 T-out: N
c o [occ-bve] iter v-elim 2
c o cl_inc_rate=1.00, var_dec_rate=1.02 (grow=0)
c o Reduced to 105 vars, 298 cls (grow=0)
c o [occ-bve] iter v-elim 1
c o cl_inc_rate=1.00, var_dec_rate=1.01 (grow=3)
c o Reduced to 104 vars, 299 cls (grow=3)
c o x n vars       : 104
c o #try to eliminate:    34
c o #var-elim        :     3
c o #T-o: N
c o #T-r: 100.00%
c o #T  : 0.00
c o [occur] 0.00 is overhead
c o [occur] link-in T: 0.00 cleanup T: 0.00
c o [occ-xor-bve] elimed: 0 T: 0.00 T-out: N
c o --> Executing strategy token: sub-impl
c o [impl-sub] bin: 1 T: 0.00 T-out: N w-visit: 214
c o --> Executing strategy token: distill-cls-onlyrem
c o [distill-long-irred] cls tried: 59/59 T: 0.00 T-out: N T-r: 99.96%
c o --> Executing strategy token: intree-probe
c o [scc] new: 0 BP 0M T: 0.00
c o [vrep] vars 0 lits 0 rem-bin-cls 0 rem-long-cls 0 BP 0M T: 0.00
c o [intree] Set 0 vars hyper-added: 11 trans-irred: 0 trans-red: 85 T: 0.00 T-out: N T-r: -0.25%
c o Executing OCC strategy token(s): 'occ-backw-sub-str,
c o [occ] mem usage for occur      0 MB
c o [occ] Linked in IRRED BIN by default: 240
c o [occ] Linked in RED   BIN by default: 178
c o [occ] mem usage for occur      0 MB
c o Mem for watch alloc    : 0           MB (0.41      %)
c o Mem for watch array    : 0           MB (0.07      %)
c o Executing OCC strategy token: occ-backw-sub-str
c o [occ-backw-sub-str-long-w-bins] subs: 0 str: 0 tried: 4085 0-depth ass: 0 T: 0.00 T-out: N T-r: 97.90%
c o [occ-backw-sub-long-w-long] rem cl: 1 tried: 80/80 (100.0%) T: 0.00 T-out: N T-r: 99.95%
c o [occ-backw-sub-str-long-w-long] sub: 0 str: 0 tried: 240/80 (300.0)  T: 0.00 T-out: N T-r: 99.76%
c o --> Executing strategy token: sub-str-cls-with-bin
c o [distill] watch-based irred--  cl tried      116 cl-sh     0 cl-rem    0 lit-rem      0 T: 0.00 T-out: N
c o [distill] watch-based   red--  cl tried        0 cl-sh     0 cl-rem    0 lit-rem      0 T: 0.00 T-out: N
c o --> Executing strategy token: clean-cls
c o --> Executing strategy token: distill-cls
c o [distill-long-irred] cls tried: 58/58 T: 0.00 T-out: N T-r: 99.96%
c o [distill-long-irred] cls tried: 58/58 T: 0.00 T-out: N T-r: 99.95%
c o --> Executing strategy token: distill-bins
c o [distill-bin] useful: 11/240/240 lits-rem: 0 cl-rem: 11 0-depth-assigns: 0 T: 0.00 T-out: N
c o Executing OCC strategy token(s): 'occ-backw-sub,
c o [occ] mem usage for occur      0 MB
c o [occ] Linked in IRRED BIN by default: 229
c o [occ] Linked in RED   BIN by default: 178
c o [occ] mem usage for occur      0 MB
c o Mem for watch alloc    : 0           MB (0.41      %)
c o Mem for watch array    : 0           MB (0.07      %)
c o Executing OCC strategy token: occ-backw-sub
c o [occ-backw-sub-long-w-long] rem cl: 0 tried: 79/79 (100.0%) T: 0.00 T-out: N T-r: 99.96%
c o [consolidate] mini T: 0.00
c o global_timeout_multiplier: 0.1100
c o [branch] rebuilding order heap for all branchings. Current branching: vsids
c o --> Executing strategy token: must-scc-vrepl
c o [scc] new: 0 BP 0M T: 0.00
c o [vrep] vars 0 lits 0 rem-bin-cls 0 rem-long-cls 0 BP 0M T: 0.00
c o --> Executing strategy token: full-probe
c o [full-probe]  bin_only: 0 set: 0 repl: 0 T: 0.00 T-out: N T-r: 99.16%
c o --> Executing strategy token: sub-impl
c o [impl-sub] bin: 0 T: 0.00 T-out: N w-visit: 214
c o --> Executing strategy token: sub-cls-with-bin
c o [distill] watch-based irred--  cl tried       58 cl-sh     0 cl-rem    0 lit-rem      0 T: 0.00 T-out: N
c o [distill] watch-based   red--  cl tried        0 cl-sh     0 cl-rem    0 lit-rem      0 T: 0.00 T-out: N
c o --> Executing strategy token: distill-cls-onlyrem
c o [distill-long-irred] cls tried: 58/58 T: 0.00 T-out: N T-r: 99.96%
c o Executing OCC strategy token(s): 'occ-backw-sub,occ-resolv-subs,occ-rem-with-orgates,occ-ternary-res,
c o [occ] mem usage for occur      0 MB
c o [occ] Linked in IRRED BIN by default: 229
c o [occ] Linked in RED   BIN by default: 178
c o [occ] mem usage for occur      0 MB
c o Mem for watch alloc    : 0           MB (0.41      %)
c o Mem for watch array    : 0           MB (0.07      %)
c o Executing OCC strategy token: occ-backw-sub
c o [occ-backw-sub-long-w-long] rem cl: 0 tried: 79/79 (100.0%) T: 0.00 T-out: N T-r: 99.96%
c o Executing OCC strategy token: occ-resolv-subs
c o [occ-resolv-subs] removed: 1 checked: 1451 T: 0.0
c o Executing OCC strategy token: occ-rem-with-orgates
c o [occ-gates] found:     3 avg-s: 2.0 T: 0.00 T-out: N T-r: 99.74%
c o [occ-gate-based-lit-rem] lit-rem: 0 cl-rem: 0 T: 0.00 T-out: N
c o Executing OCC strategy token: occ-ternary-res
c o [occ-ternary-res] Ternary res-tri: 11 res-bin: 0 sub: 0 str: 0 T: 0.00 T-out: N T-r: 99.94%
c o --> Executing strategy token: must-scc-vrepl
c o [scc] new: 0 BP 0M T: 0.00
c o [vrep] vars 0 lits 0 rem-bin-cls 0 rem-long-cls 0 BP 0M T: 0.00
c o Executing OCC strategy token(s): 'occ-bve,
c o [occ] mem usage for occur      0 MB
c o [occ] Linked in IRRED BIN by default: 229
c o [occ] Linked in RED   BIN by default: 178
c o [occ] mem usage for occur      0 MB
c o Mem for watch alloc    : 0           MB (0.41      %)
c o Mem for watch array    : 0           MB (0.07      %)
c o Executing OCC strategy token: occ-bve
c o [occ-empty-res] Empty resolvent elimed: 0 T: 0.00 T-out: N
c o [occ-bve] iter v-elim 0
c o cl_inc_rate=1.00, var_dec_rate=1.00 (grow=0)
c o Reduced to 104 vars, 286 cls (grow=0)
c o [occ-bve] iter v-elim 1
c o cl_inc_rate=0.99, var_dec_rate=1.01 (grow=3)
c o Reduced to 103 vars, 284 cls (grow=3)
c o [occ-bve] iter v-elim 3
c o cl_inc_rate=1.03, var_dec_rate=1.03 (grow=4)
c o Reduced to 100 vars, 292 cls (grow=4)
c o x n vars       : 100
c o #try to eliminate:    46
c o #var-elim        :     4
c o #T-o: N
c o #T-r: 100.00%
c o #T  : 0.00
c o [occur] 0.00 is overhead
c o [occur] link-in T: 0.00 cleanup T: 0.00
c o [occ-xor-bve] elimed: 0 T: 0.00 T-out: N
c o --> Executing strategy token: sub-impl
c o [impl-sub] bin: 1 T: 0.00 T-out: N w-visit: 214
c o --> Executing strategy token: distill-cls-onlyrem
c o [distill-long-irred] cls tried: 56/56 T: 0.00 T-out: N T-r: 99.96%
c o --> Executing strategy token: intree-probe
c o [scc] new: 0 BP 0M T: 0.00
c o [vrep] vars 0 lits 0 rem-bin-cls 0 rem-long-cls 0 BP 0M T: 0.00
c o [intree] Set 0 vars hyper-added: 47 trans-irred: 7 trans-red: 6 T: 0.00 T-out: N T-r: -0.26%
c o Executing OCC strategy token(s): 'occ-backw-sub-str,
c o [occ] mem usage for occur      0 MB
c o [occ] Linked in IRRED BIN by default: 232
c o [occ] Linked in RED   BIN by default: 160
c o [occ] mem usage for occur      0 MB
c o Mem for watch alloc    : 0           MB (0.40      %)
c o Mem for watch array    : 0           MB (0.07      %)
c o Executing OCC strategy token: occ-backw-sub-str
c o [occ-backw-sub-str-long-w-bins] subs: 0 str: 0 tried: 5530 0-depth ass: 0 T: 0.00 T-out: N T-r: 98.05%
c o [occ-backw-sub-long-w-long] rem cl: 0 tried: 77/77 (100.0%) T: 0.00 T-out: N T-r: 99.96%
c o [occ-backw-sub-str-long-w-long] sub: 0 str: 0 tried: 231/77 (300.0)  T: 0.00 T-out: N T-r: 99.78%
c o --> Executing strategy token: sub-str-cls-with-bin
c o [distill] watch-based irred--  cl tried      102 cl-sh     0 cl-rem    0 lit-rem      0 T: 0.00 T-out: N
c o [distill] watch-based   red--  cl tried        0 cl-sh     0 cl-rem    0 lit-rem      0 T: 0.00 T-out: N
c o --> Executing strategy token: clean-cls
c o --> Executing strategy token: distill-cls
c o [distill-long-irred] cls tried: 51/51 T: 0.00 T-out: N T-r: 99.96%
c o [distill-long-irred] cls tried: 50/50 T: 0.00 T-out: N T-r: 99.96%
c o --> Executing strategy token: distill-bins
c o [distill-bin] useful: 2/233/233 lits-rem: 0 cl-rem: 2 0-depth-assigns: 0 T: 0.00 T-out: N
c o Executing OCC strategy token(s): 'occ-backw-sub,
c o [occ] mem usage for occur      0 MB
c o [occ] Linked in IRRED BIN by default: 231
c o [occ] Linked in RED   BIN by default: 160
c o [occ] mem usage for occur      0 MB
c o Mem for watch alloc    : 0           MB (0.40      %)
c o Mem for watch array    : 0           MB (0.07      %)
c o Executing OCC strategy token: occ-backw-sub
c o [occ-backw-sub-long-w-long] rem cl: 0 tried: 76/76 (100.0%) T: 0.00 T-out: N T-r: 99.96%
c o [consolidate] mini T: 0.00
c o global_timeout_multiplier: 0.1100
c o [branch] rebuilding order heap for all branchings. Current branching: vsids
c o --> Executing strategy token: oracle-vivif-fast
c o --> Executing strategy token: must-renumber
c o [renumber] T: 0.00
c o [oracle-bin] potential pairs: 454 T: 0.0000
c o --> Executing strategy token: must-scc-vrepl
c o [scc] new: 0 BP 0M T: 0.00
c o [vrep] vars 0 lits 0 rem-bin-cls 0 rem-long-cls 0 BP 0M T: 0.00
c o [oracle-vivif] lits-rem: 0 learnt-units: 0 T-out: N T-remain: 99.0271% T: 0.00
c o [oracle-bin] bin-added: 322 equiv-added: 0 T-out: N T-remain: 79.40% T: 0.00
c o [oracle-vivif] cache usefulness: 69% total T: 0.00
c o --> Executing strategy token: oracle-sparsify-fast
c o --> Executing strategy token: sub-impl
c o [impl-sub] bin: 246 T: 0.00 T-out: N w-visit: 200
c o Executing OCC strategy token(s): 'occ-backw-sub,
c o [occ] mem usage for occur      0 MB
c o [occ] Linked in IRRED BIN by default: 231
c o [occ] Linked in RED   BIN by default: 257
c o [occ] mem usage for occur      0 MB
c o Mem for watch alloc    : 0           MB (0.41      %)
c o Mem for watch array    : 0           MB (0.07      %)
c o Executing OCC strategy token: occ-backw-sub
c o [occ-backw-sub-long-w-long] rem cl: 0 tried: 79/79 (100.0%) T: 0.00 T-out: N T-r: 99.96%
c o --> Executing strategy token: must-renumber
c o [renumber] T: 0.00
c o [oracle-sparsify] done with 10 % oracle mems:   362 ccnr useful: 93.1% T: 0.0
c o [oracle-sparsify] done with 20 % oracle mems:   947 ccnr useful: 91.2% T: 0.0
c o [oracle-sparsify] done with 30 % oracle mems:  1563 ccnr useful: 91.8% T: 0.0
c o [oracle-sparsify] done with 40 % oracle mems:  2565 ccnr useful: 91.2% T: 0.0
c o [oracle-sparsify] done with 50 % oracle mems:  3097 ccnr useful: 91.5% T: 0.0
c o [oracle-sparsify] done with 60 % oracle mems:  3097 ccnr useful: 92.9% T: 0.0
c o [oracle-sparsify] done with 70 % oracle mems:  3097 ccnr useful: 93.9% T: 0.0
c o [oracle-sparsify] done with 80 % oracle mems:  3097 ccnr useful: 94.7% T: 0.0
c o [oracle-sparsify] done with 90 % oracle mems:  3097 ccnr useful: 95.3% T: 0.0
c o [oracle-sparsify] removed: 4 of which bin: 0 tot considered: 281 ccnr useful: 268 oracle uknown: 0 cache useful: 0% learnt-units: 0 T: 0.00 buildT: 0.00
c o [consolidate] mini T: 0.00
c o global_timeout_multiplier: 0.1100
c o [branch] rebuilding order heap for all branchings. Current branching: vsids
c o Executing OCC strategy token(s): 'occ-bve,
c o [occ] mem usage for occur      0 MB
c o [occ] Linked in IRRED BIN by default: 231
c o [occ] Linked in RED   BIN by default: 257
c o [occ] mem usage for occur      0 MB
c o Mem for watch alloc    : 0           MB (0.41      %)
c o Mem for watch array    : 0           MB (0.07      %)
c o Executing OCC strategy token: occ-bve
c o [occ-empty-res] Empty resolvent elimed: 0 T: 0.00 T-out: N
c o [occ-bve] iter v-elim 0
c o cl_inc_rate=1.00, var_dec_rate=1.00 (grow=0)
c o Reduced to 100 vars, 277 cls (grow=0)
c o x n vars       : 100
c o #try to eliminate:     8
c o #var-elim        :     0
c o #T-o: N
c o #T-r: 100.00%
c o #T  : 0.00
c o [occur] 0.00 is overhead
c o [occur] link-in T: 0.00 cleanup T: 0.00
c o [occ-xor-bve] elimed: 0 T: 0.00 T-out: N
c o [consolidate] mini T: 0.00
c o global_timeout_multiplier: 0.1100
c o [branch] rebuilding order heap for all branchings. Current branching: vsids
c o --> Executing strategy token: must-scc-vrepl
c o [scc] new: 0 BP 0M T: 0.00
c o [vrep] vars 0 lits 0 rem-bin-cls 0 rem-long-cls 0 BP 0M T: 0.00
c o --> Executing strategy token: must-renumber
c o [renumber] T: 0.00
c o [consolidate] mini T: 0.00
c o global_timeout_multiplier: 0.1100
c o [branch] rebuilding order heap for all branchings. Current branching: vsids
c o [occ] mem usage for occur      0 MB
c o [occ] Linked in IRRED BIN by default: 231
c o [occ] Linked in RED   BIN by default: 257
c o [occ] mem usage for occur      0 MB
c o Mem for watch alloc    : 0           MB (0.41      %)
c o Mem for watch array    : 0           MB (0.07      %)
c o [empty] empty_occ: 0 T: 0.00
c o Executing OCC strategy token(s): 'occ-bve-empty,
c o [occ] mem usage for occur      0 MB
c o [occ] Linked in IRRED BIN by default: 231
c o [occ] Linked in RED   BIN by default: 257
c o [occ] mem usage for occur      0 MB
c o Mem for watch alloc    : 0           MB (0.41      %)
c o Mem for watch array    : 0           MB (0.07      %)
c o Executing OCC strategy token: occ-bve-empty
c o [occ-empty-res] Empty resolvent elimed: 0 T: 0.00 T-out: N
c o --> Executing strategy token: must-renumber
c o [renumber] T: 0.00
c o [consolidate] mini T: 0.00
c o global_timeout_multiplier: 0.1100
c o [branch] rebuilding order heap for all branchings. Current branching: vsids
c o [0m[puura] new_empty_sampl_vars size: 0[0m
c o [get-cnf] Checking for variables mapping to same new var to set AIG definitions...
c o solver orig num vars: 213 solver simp num vars: 100
c o [0m[31m[puura] Done. final vars: 100 final cls: 277 T: 0.04[0m
c o [0m[31m[autarky] Found autarkies: 0 autarky vars: 0 T-out: N T: 0.00[0m
c o --> Executing strategy token: must-scc-vrepl
c o [scc] new: 0 BP 0M T: 0.00
c o [vrep] vars 0 lits 0 rem-bin-cls 0 rem-long-cls 0 BP 0M T: 0.00
c o --> Executing strategy token: full-probe
c o [full-probe]  bin_only: 0 set: 0 repl: 0 T: 0.00 T-out: N T-r: 99.18%
c o --> Executing strategy token: sub-impl
c o [impl-sub] bin: 0 T: 0.00 T-out: N w-visit: 200
c o --> Executing strategy token: sub-cls-with-bin
c o [distill] watch-based irred--  cl tried       46 cl-sh     0 cl-rem    0 lit-rem      0 T: 0.00 T-out: N
c o [distill] watch-based   red--  cl tried        0 cl-sh     0 cl-rem    0 lit-rem      0 T: 0.00 T-out: N
c o --> Executing strategy token: distill-cls-onlyrem
c o [distill-long-irred] cls tried: 46/46 T: 0.00 T-out: N T-r: 99.97%
c o Executing OCC strategy token(s): 'occ-backw-sub,occ-resolv-subs,occ-rem-with-orgates,occ-ternary-res,
c o [occ] mem usage for occur      0 MB
c o [occ] Linked in IRRED BIN by default: 231
c o [occ] Linked in RED   BIN by default: 257
c o Mem for watch alloc    : 0           MB (0.20      %)
c o Mem for watch array    : 0           MB (0.08      %)
c o Executing OCC strategy token: occ-backw-sub
c o [occ-backw-sub-long-w-long] rem cl: 0 tried: 79/79 (100.0%) T: 0.00 T-out: N T-r: 99.96%
c o Executing OCC strategy token: occ-resolv-subs
c o [occ-resolv-subs] removed: 0 checked: 1466 T: 0.0
c o Executing OCC strategy token: occ-rem-with-orgates
c o [occ-gates] found:     0 avg-s: 0.0 T: 0.00 T-out: N T-r: 99.72%
c o [occ-gate-based-lit-rem] lit-rem: 0 cl-rem: 0 T: 0.00 T-out: N
c o Executing OCC strategy token: occ-ternary-res
c o [occ-ternary-res] Ternary res-tri: 12 res-bin: 0 sub: 0 str: 0 T: 0.00 T-out: N T-r: 99.92%
c o --> Executing strategy token: must-scc-vrepl
c o [scc] new: 0 BP 0M T: 0.00
c o [vrep] vars 0 lits 0 rem-bin-cls 0 rem-long-cls 0 BP 0M T: 0.00
c o Executing OCC strategy token(s): 'occ-bve,
c o [occ] mem usage for occur      0 MB
c o [occ] Linked in IRRED BIN by default: 231
c o [occ] Linked in RED   BIN by default: 257
c o Mem for watch alloc    : 0           MB (0.20      %)
c o Mem for watch array    : 0           MB (0.08      %)
c o Executing OCC strategy token: occ-bve
c o [occ-empty-res] Empty resolvent elimed: 0 T: 0.00 T-out: N
c o [occ-bve] iter v-elim 0
c o cl_inc_rate=1.00, var_dec_rate=1.00 (grow=0)
c o Reduced to 100 vars, 277 cls (grow=0)
c o x n vars       : 100
c o #try to eliminate:     8
c o #var-elim        :     0
c o #T-o: N
c o #T-r: 100.00%
c o #T  : 0.00
c o [occur] 0.00 is overhead
c o [occur] link-in T: 0.00 cleanup T: 0.00
c o [occ-xor-bve] elimed: 0 T: 0.00 T-out: N
c o --> Executing strategy token: sub-impl
c o [impl-sub] bin: 0 T: 0.00 T-out: N w-visit: 200
c o --> Executing strategy token: distill-cls-onlyrem
c o [distill-long-irred] cls tried: 46/46 T: 0.00 T-out: N T-r: 99.96%
c o --> Executing strategy token: intree-probe
c o [scc] new: 0 BP 0M T: 0.00
c o [vrep] vars 0 lits 0 rem-bin-cls 0 rem-long-cls 0 BP 0M T: 0.00
c o [intree] Set 0 vars hyper-added: 2 trans-irred: 0 trans-red: 104 T: 0.00 T-out: N T-r: 0.12%
c o Executing OCC strategy token(s): 'occ-backw-sub-str,
c o [occ] mem usage for occur      0 MB
c o [occ] Linked in IRRED BIN by default: 231
c o [occ] Linked in RED   BIN by default: 155
c o Mem for watch alloc    : 0           MB (0.20      %)
c o Mem for watch array    : 0           MB (0.08      %)
c o Executing OCC strategy token: occ-backw-sub-str
c o [occ-backw-sub-str-long-w-bins] subs: 0 str: 0 tried: 386 0-depth ass: 0 T: 0.00 T-out: N T-r: 98.11%
c o [occ-backw-sub-long-w-long] rem cl: 0 tried: 91/91 (100.0%) T: 0.00 T-out: N T-r: 99.95%
c o [occ-backw-sub-str-long-w-long] sub: 0 str: 0 tried: 273/91 (300.0)  T: 0.00 T-out: N T-r: 99.74%
c o --> Executing strategy token: sub-str-cls-with-bin
c o [distill] watch-based irred--  cl tried       92 cl-sh     0 cl-rem    0 lit-rem      0 T: 0.00 T-out: N
c o [distill] watch-based   red--  cl tried        0 cl-sh     0 cl-rem    0 lit-rem      0 T: 0.00 T-out: N
c o --> Executing strategy token: clean-cls
c o --> Executing strategy token: distill-cls
c o [distill-long-irred] cls tried: 46/46 T: 0.00 T-out: N T-r: 99.97%
c o [distill-long-irred] cls tried: 46/46 T: 0.00 T-out: N T-r: 99.96%
c o --> Executing strategy token: distill-bins
c o [distill-bin] useful: 0/231/231 lits-rem: 0 cl-rem: 0 0-depth-assigns: 0 T: 0.00 T-out: N
c o [consolidate] mini T: 0.00
c o global_timeout_multiplier: 0.1100
c o [branch] rebuilding order heap for all branchings. Current branching: vsids
c o --> Executing strategy token: oracle-vivif-sparsify
c o --> Executing strategy token: must-renumber
c o [renumber] T: 0.00
c o [oracle-bin] potential pairs: 449 T: 0.0000
c o --> Executing strategy token: must-scc-vrepl
c o [scc] new: 0 BP 0M T: 0.00
c o [vrep] vars 0 lits 0 rem-bin-cls 0 rem-long-cls 0 BP 0M T: 0.00
c o [oracle-vivif] lits-rem: 0 learnt-units: 0 T-out: N T-remain: 99.7032% T: 0.00
c o [oracle-bin] bin-added: 322 equiv-added: 0 T-out: N T-remain: 79.50% T: 0.00
c o [oracle-vivif] cache usefulness: 69% total T: 0.00
c o --> Executing strategy token: sub-impl
c o [impl-sub] bin: 246 T: 0.00 T-out: N w-visit: 200
c o Executing OCC strategy token(s): 'occ-backw-sub,
c o [occ] mem usage for occur      0 MB
c o [occ] Linked in IRRED BIN by default: 231
c o [occ] Linked in RED   BIN by default: 253
c o Mem for watch alloc    : 0           MB (0.26      %)
c o Mem for watch array    : 0           MB (0.07      %)
c o Executing OCC strategy token: occ-backw-sub
c o [occ-backw-sub-long-w-long] rem cl: 0 tried: 97/97 (100.0%) T: 0.00 T-out: N T-r: 99.95%
c o --> Executing strategy token: must-renumber
c o [renumber] T: 0.00
c o [oracle-sparsify] done with 10 % oracle mems:     0 ccnr useful: 100.0% T: 0.0
c o [oracle-sparsify] done with 20 % oracle mems:     0 ccnr useful: 100.0% T: 0.0
c o [oracle-sparsify] done with 30 % oracle mems:     0 ccnr useful: 100.0% T: 0.0
c o [oracle-sparsify] done with 40 % oracle mems:     0 ccnr useful: 100.0% T: 0.0
c o [oracle-sparsify] done with 50 % oracle mems:   318 ccnr useful: 99.3% T: 0.0
c o [oracle-sparsify] done with 60 % oracle mems:   846 ccnr useful: 98.8% T: 0.0
c o [oracle-sparsify] done with 70 % oracle mems:   846 ccnr useful: 99.0% T: 0.0
c o [oracle-sparsify] done with 80 % oracle mems:   846 ccnr useful: 99.1% T: 0.0
c o [oracle-sparsify] done with 90 % oracle mems:   846 ccnr useful: 99.2% T: 0.0
c o [oracle-sparsify] removed: 0 of which bin: 0 tot considered: 277 ccnr useful: 275 oracle uknown: 0 cache useful: 0% learnt-units: 0 T: 0.00 buildT: 0.00
c o [consolidate] mini T: 0.00
c o global_timeout_multiplier: 0.1100
c o [branch] rebuilding order heap for all branchings. Current branching: vsids
c o --> Executing strategy token: must-scc-vrepl
c o [scc] new: 0 BP 0M T: 0.00
c o [vrep] vars 0 lits 0 rem-bin-cls 0 rem-long-cls 0 BP 0M T: 0.00
c o --> Executing strategy token: full-probe
c o [full-probe]  bin_only: 0 set: 0 repl: 0 T: 0.00 T-out: N T-r: 99.14%
c o --> Executing strategy token: sub-impl
c o [impl-sub] bin: 0 T: 0.00 T-out: N w-visit: 200
c o --> Executing strategy token: sub-cls-with-bin
c o [distill] watch-based irred--  cl tried       46 cl-sh     0 cl-rem    0 lit-rem      0 T: 0.00 T-out: N
c o [distill] watch-based   red--  cl tried        0 cl-sh     0 cl-rem    0 lit-rem      0 T: 0.00 T-out: N
c o --> Executing strategy token: distill-cls-onlyrem
c o [distill-long-irred] cls tried: 46/46 T: 0.00 T-out: N T-r: 99.97%
c o Executing OCC strategy token(s): 'occ-backw-sub,occ-resolv-subs,occ-rem-with-orgates,occ-ternary-res,
c o [occ] mem usage for occur      0 MB
c o [occ] Linked in IRRED BIN by default: 231
c o [occ] Linked in RED   BIN by default: 253
c o [occ] mem usage for occur      0 MB
c o Mem for watch alloc    : 0           MB (0.26      %)
c o Mem for watch array    : 0           MB (0.07      %)
c o Executing OCC strategy token: occ-backw-sub
c o [occ-backw-sub-long-w-long] rem cl: 0 tried: 97/97 (100.0%) T: 0.00 T-out: N T-r: 99.95%
c o Executing OCC strategy token: occ-resolv-subs
c o [occ-resolv-subs] removed: 0 checked: 1466 T: 0.0
c o Executing OCC strategy token: occ-rem-with-orgates
c o [occ-gates] found:     0 avg-s: 0.0 T: 0.00 T-out: N T-r: 99.72%
c o [occ-gate-based-lit-rem] lit-rem: 0 cl-rem: 0 T: 0.00 T-out: N
c o Executing OCC strategy token: occ-ternary-res
c o [occ-ternary-res] Ternary res-tri: 12 res-bin: 0 sub: 0 str: 0 T: 0.00 T-out: N T-r: 99.92%
c o --> Executing strategy token: must-scc-vrepl
c o [scc] new: 0 BP 0M T: 0.00
c o [vrep] vars 0 lits 0 rem-bin-cls 0 rem-long-cls 0 BP 0M T: 0.00
c o Executing OCC strategy token(s): 'occ-bve,
c o [occ] mem usage for occur      0 MB
c o [occ] Linked in IRRED BIN by default: 231
c o [occ] Linked in RED   BIN by default: 253
c o [occ] mem usage for occur      0 MB
c o Mem for watch alloc    : 0           MB (0.26      %)
c o Mem for watch array    : 0           MB (0.07      %)
c o Executing OCC strategy token: occ-bve
c o [occ-empty-res] Empty resolvent elimed: 0 T: 0.00 T-out: N
c o [occ-bve] iter v-elim 0
c o cl_inc_rate=1.00, var_dec_rate=1.00 (grow=0)
c o Reduced to 100 vars, 277 cls (grow=0)
c o x n vars       : 100
c o #try to eliminate:     8
c o #var-elim        :     0
c o #T-o: N
c o #T-r: 100.00%
c o #T  : 0.00
c o [occur] 0.00 is overhead
c o [occur] link-in T: 0.00 cleanup T: 0.00
c o [occ-xor-bve] elimed: 0 T: 0.00 T-out: N
c o --> Executing strategy token: sub-impl
c o [impl-sub] bin: 0 T: 0.00 T-out: N w-visit: 200
c o --> Executing strategy token: distill-cls-onlyrem
c o [distill-long-irred] cls tried: 46/46 T: 0.00 T-out: N T-r: 99.96%
c o --> Executing strategy token: intree-probe
c o [scc] new: 0 BP 0M T: 0.00
c o [vrep] vars 0 lits 0 rem-bin-cls 0 rem-long-cls 0 BP 0M T: 0.00
c o [intree] Set 0 vars hyper-added: 1 trans-irred: 0 trans-red: 97 T: 0.00 T-out: N T-r: -0.20%
c o Executing OCC strategy token(s): 'occ-backw-sub-str,
c o [occ] mem usage for occur      0 MB
c o [occ] Linked in IRRED BIN by default: 231
c o [occ] Linked in RED   BIN by default: 157
c o [occ] mem usage for occur      0 MB
c o Mem for watch alloc    : 0           MB (0.27      %)
c o Mem for watch array    : 0           MB (0.07      %)
c o Executing OCC strategy token: occ-backw-sub-str
c o [occ-backw-sub-str-long-w-bins] subs: 0 str: 0 tried: 774 0-depth ass: 0 T: 0.00 T-out: N T-r: 98.10%
c o [occ-backw-sub-long-w-long] rem cl: 0 tried: 109/109 (100.0%) T: 0.00 T-out: N T-r: 99.94%
c o [occ-backw-sub-str-long-w-long] sub: 0 str: 0 tried: 327/109 (300.0)  T: 0.00 T-out: N T-r: 99.69%
c o --> Executing strategy token: sub-str-cls-with-bin
c o [distill] watch-based irred--  cl tried       92 cl-sh     0 cl-rem    0 lit-rem      0 T: 0.00 T-out: N
c o [distill] watch-based   red--  cl tried        0 cl-sh     0 cl-rem    0 lit-rem      0 T: 0.00 T-out: N
c o --> Executing strategy token: clean-cls
c o --> Executing strategy token: distill-cls
c o [distill-long-irred] cls tried: 46/46 T: 0.00 T-out: N T-r: 99.96%
c o [distill-long-irred] cls tried: 46/46 T: 0.00 T-out: N T-r: 99.96%
c o --> Executing strategy token: distill-bins
c o [distill-bin] useful: 0/231/231 lits-rem: 0 cl-rem: 0 0-depth-assigns: 0 T: 0.00 T-out: N
c o Executing OCC strategy token(s): 'occ-backw-sub,
c o [occ] mem usage for occur      0 MB
c o [occ] Linked in IRRED BIN by default: 231
c o [occ] Linked in RED   BIN by default: 157
c o [occ] mem usage for occur      0 MB
c o Mem for watch alloc    : 0           MB (0.27      %)
c o Mem for watch array    : 0           MB (0.07      %)
c o Executing OCC strategy token: occ-backw-sub
c o [occ-backw-sub-long-w-long] rem cl: 0 tried: 109/109 (100.0%) T: 0.00 T-out: N T-r: 99.95%
c o [consolidate] mini T: 0.00
c o global_timeout_multiplier: 0.1100
c o [branch] rebuilding order heap for all branchings. Current branching: vsids
c o --> Executing strategy token: oracle-vivif-fast
c o --> Executing strategy token: must-renumber
c o [renumber] T: 0.00
c o [oracle-bin] potential pairs: 449 T: 0.0000
c o --> Executing strategy token: must-scc-vrepl
c o [scc] new: 0 BP 0M T: 0.00
c o [vrep] vars 0 lits 0 rem-bin-cls 0 rem-long-cls 0 BP 0M T: 0.00
c o [oracle-vivif] lits-rem: 0 learnt-units: 0 T-out: N T-remain: 99.0362% T: 0.00
c o [oracle-bin] bin-added: 322 equiv-added: 0 T-out: N T-remain: 79.48% T: 0.00
c o [oracle-vivif] cache usefulness: 68% total T: 0.00
c o --> Executing strategy token: oracle-sparsify-fast
c o --> Executing strategy token: sub-impl
c o [impl-sub] bin: 247 T: 0.00 T-out: N w-visit: 200
c o Executing OCC strategy token(s): 'occ-backw-sub,
c o [occ] mem usage for occur      0 MB
c o [occ] Linked in IRRED BIN by default: 231
c o [occ] Linked in RED   BIN by default: 253
c o [occ] mem usage for occur      0 MB
c o Mem for watch alloc    : 0           MB (0.28      %)
c o Mem for watch array    : 0           MB (0.07      %)
c o Executing OCC strategy token: occ-backw-sub
c o [occ-backw-sub-long-w-long] rem cl: 0 tried: 111/111 (100.0%) T: 0.00 T-out: N T-r: 99.94%
c o --> Executing strategy token: must-renumber
c o [renumber] T: 0.00
c o [oracle-sparsify] done with 10 % oracle mems:     0 ccnr useful: 100.0% T: 0.0
c o [oracle-sparsify] done with 20 % oracle mems:     0 ccnr useful: 100.0% T: 0.0
c o [oracle-sparsify] done with 30 % oracle mems:     0 ccnr useful: 100.0% T: 0.0
c o [oracle-sparsify] done with 40 % oracle mems:     0 ccnr useful: 100.0% T: 0.0
c o [oracle-sparsify] done with 50 % oracle mems:     0 ccnr useful: 100.0% T: 0.0
c o [oracle-sparsify] done with 60 % oracle mems:     0 ccnr useful: 100.0% T: 0.0
c o [oracle-sparsify] done with 70 % oracle mems:     0 ccnr useful: 100.0% T: 0.0
c o [oracle-sparsify] done with 80 % oracle mems:     0 ccnr useful: 100.0% T: 0.0
c o [oracle-sparsify] done with 90 % oracle mems:     0 ccnr useful: 100.0% T: 0.0
c o [oracle-sparsify] removed: 0 of which bin: 0 tot considered: 277 ccnr useful: 277 oracle uknown: 0 cache useful: 0% learnt-units: 0 T: 0.00 buildT: 0.00
c o [consolidate] mini T: 0.00
c o global_timeout_multiplier: 0.1100
c o [branch] rebuilding order heap for all branchings. Current branching: vsids
c o Executing OCC strategy token(s): 'occ-bve,
c o [occ] mem usage for occur      0 MB
c o [occ] Linked in IRRED BIN by default: 231
c o [occ] Linked in RED   BIN by default: 253
c o [occ] mem usage for occur      0 MB
c o Mem for watch alloc    : 0           MB (0.28      %)
c o Mem for watch array    : 0           MB (0.07      %)
c o Executing OCC strategy token: occ-bve
c o [occ-empty-res] Empty resolvent elimed: 0 T: 0.00 T-out: N
c o [occ-bve] iter v-elim 0
c o cl_inc_rate=1.00, var_dec_rate=1.00 (grow=0)
c o Reduced to 100 vars, 277 cls (grow=0)
c o x n vars       : 100
c o #try to eliminate:     8
c o #var-elim        :     0
c o #T-o: N
c o #T-r: 100.00%
c o #T  : 0.00
c o [occur] 0.00 is overhead
c o [occur] link-in T: 0.00 cleanup T: 0.00
c o [occ-xor-bve] elimed: 0 T: 0.00 T-out: N
c o [consolidate] mini T: 0.00
c o global_timeout_multiplier: 0.1100
c o [branch] rebuilding order heap for all branchings. Current branching: vsids
c o --> Executing strategy token: must-scc-vrepl
c o [scc] new: 0 BP 0M T: 0.00
c o [vrep] vars 0 lits 0 rem-bin-cls 0 rem-long-cls 0 BP 0M T: 0.00
c o --> Executing strategy token: must-renumber
c o [renumber] T: 0.00
c o [consolidate] mini T: 0.00
c o global_timeout_multiplier: 0.1100
c o [branch] rebuilding order heap for all branchings. Current branching: vsids
c o [occ] mem usage for occur      0 MB
c o [occ] Linked in IRRED BIN by default: 231
c o [occ] Linked in RED   BIN by default: 253
c o [occ] mem usage for occur      0 MB
c o Mem for watch alloc    : 0           MB (0.28      %)
c o Mem for watch array    : 0           MB (0.07      %)
c o [empty] empty_occ: 0 T: 0.00
c o Executing OCC strategy token(s): 'occ-bve-empty,
c o [occ] mem usage for occur      0 MB
c o [occ] Linked in IRRED BIN by default: 231
c o [occ] Linked in RED   BIN by default: 253
c o [occ] mem usage for occur      0 MB
c o Mem for watch alloc    : 0           MB (0.28      %)
c o Mem for watch array    : 0           MB (0.07      %)
c o Executing OCC strategy token: occ-bve-empty
c o [occ-empty-res] Empty resolvent elimed: 0 T: 0.00 T-out: N
c o --> Executing strategy token: must-renumber
c o [renumber] T: 0.00
c o [consolidate] mini T: 0.00
c o global_timeout_multiplier: 0.1100
c o [branch] rebuilding order heap for all branchings. Current branching: vsids
c o [0m[puura] new_empty_sampl_vars size: 0[0m
c o [get-cnf] Checking for variables mapping to same new var to set AIG definitions...
c o solver orig num vars: 100 solver simp num vars: 100
c o [0m[31m[puura] Done. final vars: 100 final cls: 277 T: 0.01[0m
c o [0m[arjun-sbva] entering SBVA with     vars: 100     cls:   277 opt sampl: 100[0m
c o [0m[arjun-sbva] exited SBVA with       vars: 105     cls:   236[0m
c o [0m[arjun-sbva] K steps remaining: 952.41 T-out: No T: 0.00[0m
c o [0m[extend-gates] Gates added to opt indep: 4 T: 0.00[0m
c o [0m[arjun-extend] Start unknown size: 1[0m
c o [0m[arjun-extend] ccnr. got back sols: 0 erased: 0 T: 0.00[0m
c o [0m[arjun-extend] Extend finished  orig size: 100 final size: 105 Undef: 0 T: 0.00 mem: 7 MB[0m
c o Arjun T: 0.09
c o Found 2 disconnected component(s)
c o [par] Using non-parallel counting
c o ind size: 90 nvars: 103
c o opt ind size: 103 ind size: 90 nvars: 103
c o Sampling set size: 90
c o Opt sampling set size: 103
c o Bin irred/red      184        253       
c o Long irred cls/tri 24         27        
c o Long red cls/tri   8          57        
c o [td] nodes: 103 nvars: 103 edges: 485
c o [td] Primal graph   nodes: 103 edges: 485 density: 0.046 edge/var: 4.709
c o [td] min degree heuristic
c o [td] #bags 75, tw 18, elapsed 0.000 s
c o [td] min shortcut heuristic
c o [td] run with 0.0/0.1/0.2 min balance and node_min_expansion in endless loop with varying seed
c o [td] iter 100 width: 17 stepsK remain: 99 T: 0.182
c o [td] at iter 100 Width is very small, halving steps 
c o [td] iter 200 width: 17 stepsK remain: 24 T: 0.364
c o [td] iter 300 width: 17 stepsK remain: 23 T: 0.550
c o [td] iter 400 width: 17 stepsK remain: 22 T: 0.729
c o [td] iter 500 width: 17 stepsK remain: 22 T: 0.914
c o [td] iter 600 width: 17 stepsK remain: 21 T: 1.099
c o [td] iter 700 width: 17 stepsK remain: 20 T: 1.282
c o [td] iter 800 width: 17 stepsK remain: 19 T: 1.465
c o [td] centroid bag id: 66 bag size: 13
c o [td] centroid bag id: 66 bag size: 13
c o [td] weight: 7.000 nodes: 103 rt/width(=rt): 6.059 rt*conf.td_exp_mult: 6.665 conf.td_exp_mult: 1.100 conf.td_divider: 1000.000 max ord diff: 10
c o [td] decompose time: 1.651
c o [rst-cube] Num restarts: 0 orig cubes this rst: 1 final cubes this rst: 1 total orig cubes: 1 total final cubes: 1
c o total time so far: 1.747
c o decisions K                    0         -- Kdec/s:     0.04     
c o conflicts                      0            -- confl/s:    0.00     
c o rem lits triedK/rem lits remK  0         0         
c o shrink tried/useful%/lits rem  0         0.0000    0         
c o avg clsz/rem lits avg/finalavg 0.0000    0.0000    0.0000   
c o rdbs/low lbd/rem               0     0      0     
c o looks/look-computes            0/0
c o sat call/sat/unsat/confl/rst  0     0     0     0     0     
c o buddy called /unsat ratio           0     / 0.0000 
c o buddy avg num bin/long cls/vs  0.0000 / 0.0000 / 0.0000
c o buddy max num bin/long cls/vs  0     / 0     / 0    
c o orig cubes/lit-r avg/exten avg 1     / 0.00  / 0.00 
c o cubes orig/symm/final          1     / 0     / 1    
c o cubes resolved/flp-removed     0     / 0    
c o tot restarts                   0    
c o comp sortsK/avg sz             0     / 1.08823529
c o comps recordK/non-reset ratio  0 / 0.86
c o vivif: try/cls/clviv/litsravg  0         0         0         0.00      
c o toplev subs runs/bins/long-cls 0         0         0         0         0         
c o toplevel probes/fail/bprop     0         0         0         
c o Mem used                       0.01 GB
c o cache pollutions call/removed  0/0
c o cache entries K                0
c o MB cache                       4.009
c o cache K (lookup/ stores/ hits/ dels) 0      0      0      0       -- Klookup/s:  0.06     
c o cache miss rate                0.698
c o avg hit/store num vars 2.562 / 15.961
c o 
c o intermediate count: 15338532
c o [par] Using non-parallel counting
c o ind size: 2 nvars: 2
c o opt ind size: 2 ind size: 2 nvars: 2
c o Sampling set size: 2
c o Opt sampling set size: 2
c o Bin irred/red      1          0         
c o Long irred cls/tri 0          0         
c o Long red cls/tri   0          0         
c o UIP search time        : 0.00        (0.00      % time)
c o restarts               : 4           (0.50      confls per restart)
c o blocked restarts       : 0           (0.00      per normal restart)
c o time                   : 0.00        
c o decisions              : 5           (0.00      % random)
c o propagations           : 8           (0         props/s)
c o decisions/conflicts    : 2.50        
c o conflicts              : 2           
c o conf lits non-minim    : 1           (0.50      lit/confl)
c o conf lits final        : 0.50        
c o red which0             : 0           (0.00      % of confl)
c o props/decision         : 0.00        
c o props/conflict         : 0.00        
c o 0-depth assigns        : 2           (100.00    % vars)
c o 0-depth assigns by CNF : 0           (0.00      % vars)
c o reduceDB time          : 0.00        (0.00      % time)
c o OccSimplifier time     : 0.00        (0.00      % time)
c o [occur] 0.00 is overhead
c o [occur] link-in T: 0.00 cleanup T: 0.00
c o [occ-substr] long subBySub: 0 subByStr: 0 lits-rem-str: 0 T: 0.00
c o SCC time               : 0.00        (0.00      % time)
c o vrep replace time      : 0.00        (0.00      % time)
c o vrep tree roots        : 0           
c o vrep trees' crown      : 0           (0.00      leafs/tree)
c o distill long time      : 0.00        (0.00      % time)
c o distill bin time       : 0.00        (0.00      % time)
c o strength cache-irred time: 0.00        (0.00      % time)
c o strength cache-red time: 0.00        (0.00      % time)
c o avg cls in red 0       : 0.00        
c o avg cls in red 1       : 0.00        
c o avg cls in red 2       : 0.00        
c o Conflicts in UIP       : 2           (1.14      confl/time_this_thread)
c o Max Memory (rss) used  : 11276 kB    
c o Total time (this thread): 1.76        
c o intermediate count: 3
c o Total time [Arjun+GANAK]: 1.75
s SATISFIABLE
c s type pmc
c s log10-estimate 7.66290505e+00
c s exact arb int 46015596
c s pac guarantees epsilon: 0 delta: 0
