c o Ganak SHA1: 0b4881b40126fb5ae8a1b7c9fdd4878afa25b051
c o Arjun SHA1: 0b4881b40126fb5ae8a1b7c9fdd4878afa25b051
c o SBVA SHA1: 0b4881b40126fb5ae8a1b7c9fdd4878afa25b051
c o CMS SHA1: 0b4881b40126fb5ae8a1b7c9fdd4878afa25b051
c o ApproxMC SHA1: 0b4881b40126fb5ae8a1b7c9fdd4878afa25b051
c o Using ideas by JM Lagniez, and Pierre Marquis
c o     from paper: Improving Model Counting [..] IJCAI 2016
c o Using VMTF, picosat, CaDiCaL, and CadiBack code by Armin Biere
c o CMS is MIT licensed
c o Using code from 'When Boolean Satisfiability Meets Gauss-E. in a Simplex Way'
c o       by C.-S. Han and J.-H. Roland Jiang in CAV 2012. Fixes by M. Soos
c o Using CCAnr from 'CCAnr: A Conf. Checking Based Local Search Solver [...]'
c o       by Shaowei Cai, Chuan Luo, and Kaile Su, SAT 2015
c o Using Oracle code from 'Integrating Tree Decompositions [...]'
c o       by Tuukka Korhonen and Matti Jarvisalo, CP 2021
c o Using Graph library by Tuukka Korhonen and Matti Jarvisalo
c o Using Flowcutter by Ben Strasser
c o Ganak compilation env CMAKE_CXX_COMPILER = /usr/bin/c++ | CMAKE_CXX_FLAGS =  -fno-stack-protector -mpopcnt -msse4.2 -mpclmul -Wduplicated-cond -Wduplicated-branches -Wlogical-op -Wrestrict -Wnull-dereference -Wdouble-promotion -Wshadow -Wformat=2 -Wextra-semi -pedantic | COMPILE_DEFINES =  -DNDEBUG -D_FORTIFY_SOURCE=0 -DUSE_ZLIB | BUILD_SHARED_LIBS = OFF | ZLIB_FOUND = TRUE | ENABLE_ASSERTIONS = OFF | 
c o called with: /workspace/cm-packed-continuation/build/application-ganak/ganak --prob 0 --mode 0 --fast /workspace/cm-packed-evidence/feature-oracle/additional-09-4.cnf
c o CNF projection set size: 366
c o --> Executing strategy token: clean-cls
c o --> Executing strategy token: must-scc-vrepl
c o [scc] new: 3 BP 0M T: 0.00
c o [vrep] vars 3 lits 48 rem-bin-cls 12 rem-long-cls 0 BP 0M T: 0.00
c o [consolidate] mini T: 0.00
c o global_timeout_multiplier: 0.1
c o [branch] rebuilding order heap for all branchings. Current branching: vsids
c o [0m[arjun-simp] probing all sampling variables[0m
c o --> Executing strategy token: must-scc-vrepl
c o [scc] new: 0 BP 0M T: 0.00
c o [vrep] vars 0 lits 0 rem-bin-cls 0 rem-long-cls 0 BP 0M T: 0.00
c o [consolidate] mini T: 0.00
c o global_timeout_multiplier: 0.1
c o [branch] rebuilding order heap for all branchings. Current branching: vsids
c o [0m[arjun-simp] Removed set       : 25 new size: 341[0m
c o [0m[arjun-simp] Removed eq lits: 3 new size: 338[0m
c o [0m[arjun-simp] probe removed: 28 perc: 7.65 T: 0.00[0m
c o [0m[arjun-simp] Removed eq lits: 0 new size: 338[0m
c o [0m[arjun-simp] Removed set       : 0 new size: 338[0m
c o [0m[arjun-simp] get-empties removed: 5 perc: 1.48 total empties now: 5 T: 0.00[0m
c o [0m[arjun-simp] CMS::simplify() with no BVE, intree probe...[0m
c o --> Executing strategy token: str-impl
c [impl-str] lit bin: 0 set-var: 0 T: 0.00 T-out: N T-r: 99.97% w-visit: 732
c o --> Executing strategy token: intree-probe
c o [scc] new: 0 BP 0M T: 0.00
c o [vrep] vars 0 lits 0 rem-bin-cls 0 rem-long-cls 0 BP 0M T: 0.00
c o [intree] Set 0 vars hyper-added: 0 trans-irred: 0 trans-red: 0 T: 0.00 T-out: N T-r: -0.00%
c o Executing OCC strategy token(s): 'occ-ternary-res,occ-backw-sub,
c o [occ] mem usage for occur      0 MB
c o [occ] Linked in IRRED BIN by default: 128
c o [occ] Linked in RED   BIN by default: 0
c o [occ] mem usage for occur      0 MB
c o Mem for watch alloc    : 0           MB (0.21      %)
c o Mem for watch array    : 0           MB (0.24      %)
c o Executing OCC strategy token: occ-ternary-res
c o [occ-ternary-res] Ternary res-tri: 0 res-bin: 0 sub: 0 str: 0 T: 0.00 T-out: N T-r: 99.94%
c o Executing OCC strategy token: occ-backw-sub
c o [occ-backw-sub-long-w-long] rem cl: 1 tried: 198/198 (100.0%) T: 0.00 T-out: N T-r: 99.87%
c o --> Executing strategy token: distill-litrem
c [distill-litrem] useful: 4/935/197 lits-rem: 4 0-depth-assigns: 0 T: 0.00 T-out: N
c o --> Executing strategy token: must-distill-cls
c o [distill-long-irred] cls tried: 197/197 T: 0.00 T-out: N T-r: 99.17%
c o [distill-long-irred] cls tried: 197/197 T: 0.00 T-out: N T-r: 98.98%
c o --> Executing strategy token: distill-bins
c o [distill-bin] useful: 0/128/128 lits-rem: 0 cl-rem: 0 0-depth-assigns: 0 T: 0.00 T-out: N
c o --> Executing strategy token: oracle-vivif-veryfast
c o --> Executing strategy token: must-renumber
c o [oracle-bin] potential pairs: 9162 T: 0.0
c o --> Executing strategy token: must-scc-vrepl
c o [scc] new: 0 BP 0M T: 0.00
c o [vrep] vars 0 lits 0 rem-bin-cls 0 rem-long-cls 0 BP 0M T: 0.00
c o [oracle-vivif] lits-rem: 0 learnt-units: 0 T-out: N T-remain: 95.0% T: 0.01
c o [oracle-bin] bin-added: 128 equiv-added: 0 T-out: N T-remain: 90.86% T: 0.01
c o [oracle-vivif] cache usefulness: 95% total T: 0.02
c o [consolidate] mini T: 0.00
c o global_timeout_multiplier: 0.1000
c o [branch] rebuilding order heap for all branchings. Current branching: vsids
c o --> Executing strategy token: scc-vrepl
c o [scc] new: 0 BP 0M T: 0.00
c o [vrep] vars 0 lits 0 rem-bin-cls 0 rem-long-cls 0 BP 0M T: 0.00
c o --> Executing strategy token: sub-impl
c o [impl-sub] bin: 128 T: 0.00 T-out: N w-visit: 732
c o --> Executing strategy token: breakid
c o Executing OCC strategy token(s): 'occ-backw-sub-str,occ-clean-implicit,occ-bve,occ-bva,occ-ternary-res,occ-xor,
c o [occ] mem usage for occur      0 MB
c o [occ] Linked in IRRED BIN by default: 128
c o [occ] Linked in RED   BIN by default: 0
c o [occ] mem usage for occur      0 MB
c o Mem for watch alloc    : 0           MB (0.18      %)
c o Mem for watch array    : 0           MB (0.19      %)
c o Executing OCC strategy token: occ-backw-sub-str
c o [occ-backw-sub-str-long-w-bins] subs: 0 str: 0 tried: 128 0-depth ass: 0 T: 0.00 T-out: N T-r: 98.71%
c o [occ-backw-sub-long-w-long] rem cl: 2 tried: 197/197 (100.0%) T: 0.00 T-out: N T-r: 99.88%
c o [occ-backw-sub-str-long-w-long] sub: 0 str: 0 tried: 591/197 (300.0)  T: 0.00 T-out: N T-r: 99.34%
c o Executing OCC strategy token: occ-clean-implicit
c o Executing OCC strategy token: occ-bve
c o Executing OCC strategy token: occ-bva
c o Executing OCC strategy token: occ-ternary-res
c o [occ-ternary-res] Ternary res-tri: 0 res-bin: 0 sub: 0 str: 0 T: 0.00 T-out: N T-r: 99.94%
c o Executing OCC strategy token: occ-xor
c o --> Executing strategy token: card-find
c o --> Executing strategy token: cl-consolidate
c o Not consolidating memory.
c o --> Executing strategy token: scc-vrepl
c o [scc] new: 0 BP 0M T: 0.00
c o [vrep] vars 0 lits 0 rem-bin-cls 0 rem-long-cls 0 BP 0M T: 0.00
c o --> Executing strategy token: renumber
c o --> Executing strategy token: louvain-comms
c o [consolidate] mini T: 0.00
c o global_timeout_multiplier: 0.1000
c o [branch] rebuilding order heap for all branchings. Current branching: vsids
c o [0m[arjun-simp] Removed set       : 0 new size: 333[0m
c o [0m[arjun-simp] CMS::simplify() with no BVE finished. T: 0.0260[0m
c o [0mWARNING: Turning off gates, because the sampling size is small, so we can just do it. Size: 333[0m
c o --> Executing strategy token: must-scc-vrepl
c o [scc] new: 0 BP 0M T: 0.00
c o [vrep] vars 0 lits 0 rem-bin-cls 0 rem-long-cls 0 BP 0M T: 0.00
c o --> Executing strategy token: clean-cls
c o --> Executing strategy token: sub-impl
c o [impl-sub] bin: 0 T: 0.00 T-out: N w-visit: 732
c o [consolidate] mini T: 0.00
c o global_timeout_multiplier: 0.1000
c o [branch] rebuilding order heap for all branchings. Current branching: vsids
c o [0m[arjun-simp] Removed eq lits: 0 new size: 333[0m
c o [0m[arjun-simp] Removed set       : 0 new size: 333[0m
c o [0m[arjun-simp] get-empties removed: 0 perc: 0.00 total empties now: 5 T: 0.00[0m
c o [0m[arjun-simp] probing all sampling variables[0m
c o [0m[arjun-simp] Removed set       : 0 new size: 333[0m
c o [0m[arjun-simp] Removed eq lits: 0 new size: 333[0m
c o [0m[arjun-simp] probe removed: 0 perc: 0.00 T: 0.00[0m
c o [0m[arjun-simp] Removed eq lits: 0 new size: 333[0m
c o [0m[arjun-simp] Removed set       : 0 new size: 333[0m
c o [0m[arjun-simp] get-empties removed: 0 perc: 0.00 total empties now: 5 T: 0.00[0m
c o [0m[arjun] simplification finished  removed: 33 perc: 9.02 T: 0.03[0m
c o [0m[arjun] Duplicating CNF...[0m
c o [0m[arjun] Duplicated CNF. T: 0.00[0m
c o [0m[arjun] CMS::simplify() with *only* BVE...[0m
c o Executing OCC strategy token(s): 'occ-bve,
c o [occ] mem usage for occur      0 MB
c o [occ] Linked in IRRED BIN by default: 262
c o [occ] Linked in RED   BIN by default: 0
c o [occ] mem usage for occur      0 MB
c o Mem for watch alloc    : 0           MB (0.34      %)
c o Mem for watch array    : 0           MB (0.52      %)
c o Executing OCC strategy token: occ-bve
c o [occ-empty-res] Empty resolvent elimed: 10 T: 0.00 T-out: N
c o [occ-bve] iter v-elim 3
c o cl_inc_rate=0.99, var_dec_rate=1.00 (grow=0)
c o Reduced to 666 vars, 647 cls (grow=0)
c o [occ-bve] iter v-elim 0
c o cl_inc_rate=1.00, var_dec_rate=1.00 (grow=3)
c o Reduced to 666 vars, 647 cls (grow=3)
c o [occ-bve] iter v-elim 0
c o cl_inc_rate=1.00, var_dec_rate=1.00 (grow=4)
c o Reduced to 666 vars, 647 cls (grow=4)
c o [occ-bve] iter v-elim 0
c o cl_inc_rate=1.00, var_dec_rate=1.00 (grow=6)
c o Reduced to 666 vars, 647 cls (grow=6)
c o [occ-bve] iter v-elim 0
c o cl_inc_rate=1.00, var_dec_rate=1.00 (grow=9)
c o Reduced to 666 vars, 647 cls (grow=9)
c o [occ-bve] iter v-elim 0
c o cl_inc_rate=1.00, var_dec_rate=1.00 (grow=13)
c o Reduced to 666 vars, 647 cls (grow=13)
c o [occ-bve] iter v-elim 0
c o cl_inc_rate=1.00, var_dec_rate=1.00 (grow=16)
c o Reduced to 666 vars, 647 cls (grow=16)
c o x n vars       : 666
c o #try to eliminate:     3
c o #var-elim        :     3
c o #T-o: N
c o #T-r: 100.00%
c o #T  : 0.00
c o [occur] 0.00 is overhead
c o [occur] link-in T: 0.00 cleanup T: 0.00
c o [occ-xor-bve] elimed: 0 T: 0.00 T-out: N
c o [consolidate] mini T: 0.00
c o global_timeout_multiplier: 0.1000
c o [branch] rebuilding order heap for all branchings. Current branching: vsids
c o [0m[arjun] CMS::simplify() with *only* BVE finished. T: 0.0004[0m
c o [0m[arjun] Adding fixed clauses time: 0.0002[0m
c o [0m[backward FAST] Start unknown size: 333[0m
c o [0m[31m[arjun] backward round finished. U:  I: 324 T: 0.02[0m
c o [0m[arjun] run_minimize finished T: 0.04[0m
c o --> Executing strategy token: must-scc-vrepl
c o [scc] new: 3 BP 0M T: 0.00
c o [vrep] vars 3 lits 60 rem-bin-cls 18 rem-long-cls 0 BP 0M T: 0.00
c o --> Executing strategy token: full-probe
c o [full-probe]  bin_only: 0 set: 0 repl: 0 T: 0.00 T-out: N T-r: 99.75%
c o --> Executing strategy token: sub-impl
c o [impl-sub] bin: 0 T: 0.00 T-out: N w-visit: 732
c o --> Executing strategy token: sub-cls-with-bin
c o [distill] watch-based irred--  cl tried      198 cl-sh     0 cl-rem    0 lit-rem      0 T: 0.00 T-out: N
c o [distill] watch-based   red--  cl tried        0 cl-sh     0 cl-rem    0 lit-rem      0 T: 0.00 T-out: N
c o --> Executing strategy token: distill-cls-onlyrem
c o [distill-long-irred] cls tried: 198/198 T: 0.00 T-out: N T-r: 99.95%
c o Executing OCC strategy token(s): 'occ-backw-sub,occ-resolv-subs,occ-rem-with-orgates,occ-ternary-res,
c o [occ] mem usage for occur      0 MB
c o [occ] Linked in IRRED BIN by default: 128
c o [occ] Linked in RED   BIN by default: 0
c o Mem for watch alloc    : 0           MB (0.16      %)
c o Mem for watch array    : 0           MB (0.26      %)
c o Executing OCC strategy token: occ-backw-sub
c o [occ-backw-sub-long-w-long] rem cl: 1 tried: 198/198 (100.0%) T: 0.00 T-out: N T-r: 99.87%
c o Executing OCC strategy token: occ-resolv-subs
c o [occ-resolv-subs] removed: 0 checked: 535 T: 0.0
c o Executing OCC strategy token: occ-rem-with-orgates
c o [occ-gates] found:    24 avg-s: 2.0 T: 0.00 T-out: N T-r: 99.70%
c o [occ-gate-based-lit-rem] lit-rem: 0 cl-rem: 0 T: 0.00 T-out: N
c o Executing OCC strategy token: occ-ternary-res
c o [occ-ternary-res] Ternary res-tri: 0 res-bin: 0 sub: 0 str: 0 T: 0.00 T-out: N T-r: 99.94%
c o --> Executing strategy token: must-scc-vrepl
c o [scc] new: 0 BP 0M T: 0.00
c o [vrep] vars 0 lits 0 rem-bin-cls 0 rem-long-cls 0 BP 0M T: 0.00
c o Executing OCC strategy token(s): 'occ-bve,
c o [occ] mem usage for occur      0 MB
c o [occ] Linked in IRRED BIN by default: 128
c o [occ] Linked in RED   BIN by default: 0
c o Mem for watch alloc    : 0           MB (0.17      %)
c o Mem for watch array    : 0           MB (0.26      %)
c o Executing OCC strategy token: occ-bve
c o [occ-empty-res] Empty resolvent elimed: 7 T: 0.00 T-out: N
c o [occ-bve] iter v-elim 7
c o cl_inc_rate=0.89, var_dec_rate=1.02 (grow=0)
c o Reduced to 324 vars, 198 cls (grow=0)
c o x n vars       : 324
c o #try to eliminate:     7
c o #var-elim        :     7
c o #T-o: N
c o #T-r: 100.00%
c o #T  : 0.00
c o [occur] 0.00 is overhead
c o [occur] link-in T: 0.00 cleanup T: 0.00
c o [occ-xor-bve] elimed: 0 T: 0.00 T-out: N
c o --> Executing strategy token: sub-impl
c o [impl-sub] bin: 0 T: 0.00 T-out: N w-visit: 732
c o --> Executing strategy token: distill-cls-onlyrem
c o [distill-long-irred] cls tried: 187/187 T: 0.00 T-out: N T-r: 99.96%
c o --> Executing strategy token: intree-probe
c o [scc] new: 0 BP 0M T: 0.00
c o [vrep] vars 0 lits 0 rem-bin-cls 0 rem-long-cls 0 BP 0M T: 0.00
c o [intree] Set 0 vars hyper-added: 0 trans-irred: 0 trans-red: 0 T: 0.00 T-out: N T-r: -0.05%
c o Executing OCC strategy token(s): 'occ-backw-sub-str,
c o [occ] mem usage for occur      0 MB
c o [occ] Linked in IRRED BIN by default: 11
c o [occ] Linked in RED   BIN by default: 0
c o Mem for watch alloc    : 0           MB (0.16      %)
c o Mem for watch array    : 0           MB (0.26      %)
c o Executing OCC strategy token: occ-backw-sub-str
c o [occ-backw-sub-str-long-w-bins] subs: 0 str: 0 tried: 39 0-depth ass: 0 T: 0.00 T-out: N T-r: 99.94%
c o [occ-backw-sub-long-w-long] rem cl: 0 tried: 187/187 (100.0%) T: 0.00 T-out: N T-r: 99.90%
c o [occ-backw-sub-str-long-w-long] sub: 1 str: 1 tried: 561/187 (300.0)  T: 0.00 T-out: N T-r: 99.41%
c o --> Executing strategy token: sub-str-cls-with-bin
c o [distill] watch-based irred--  cl tried      372 cl-sh     0 cl-rem    0 lit-rem      0 T: 0.00 T-out: N
c o [distill] watch-based   red--  cl tried        0 cl-sh     0 cl-rem    0 lit-rem      0 T: 0.00 T-out: N
c o --> Executing strategy token: clean-cls
c o --> Executing strategy token: distill-cls
c o [distill-long-irred] cls tried: 186/186 T: 0.00 T-out: N T-r: 99.96%
c o [distill-long-irred] cls tried: 186/186 T: 0.00 T-out: N T-r: 99.95%
c o --> Executing strategy token: distill-bins
c o [distill-bin] useful: 0/11/11 lits-rem: 0 cl-rem: 0 0-depth-assigns: 0 T: 0.00 T-out: N
c o [consolidate] mini T: 0.00
c o global_timeout_multiplier: 0.1100
c o [branch] rebuilding order heap for all branchings. Current branching: vsids
c o --> Executing strategy token: must-scc-vrepl
c o [scc] new: 0 BP 0M T: 0.00
c o [vrep] vars 0 lits 0 rem-bin-cls 0 rem-long-cls 0 BP 0M T: 0.00
c o --> Executing strategy token: full-probe
c o [full-probe]  bin_only: 0 set: 0 repl: 0 T: 0.00 T-out: N T-r: 99.80%
c o --> Executing strategy token: sub-impl
c o [impl-sub] bin: 0 T: 0.00 T-out: N w-visit: 732
c o --> Executing strategy token: sub-cls-with-bin
c o [distill] watch-based irred--  cl tried      186 cl-sh     0 cl-rem    0 lit-rem      0 T: 0.00 T-out: N
c o [distill] watch-based   red--  cl tried        0 cl-sh     0 cl-rem    0 lit-rem      0 T: 0.00 T-out: N
c o --> Executing strategy token: distill-cls-onlyrem
c o [distill-long-irred] cls tried: 186/186 T: 0.00 T-out: N T-r: 99.96%
c o Executing OCC strategy token(s): 'occ-backw-sub,occ-resolv-subs,occ-rem-with-orgates,occ-ternary-res,
c o [occ] mem usage for occur      0 MB
c o [occ] Linked in IRRED BIN by default: 11
c o [occ] Linked in RED   BIN by default: 0
c o Mem for watch alloc    : 0           MB (0.16      %)
c o Mem for watch array    : 0           MB (0.19      %)
c o Executing OCC strategy token: occ-backw-sub
c o [occ-backw-sub-long-w-long] rem cl: 0 tried: 186/186 (100.0%) T: 0.00 T-out: N T-r: 99.90%
c o Executing OCC strategy token: occ-resolv-subs
c o [occ-resolv-subs] removed: 0 checked: 452 T: 0.0
c o Executing OCC strategy token: occ-rem-with-orgates
c o [occ-gates] found:     0 avg-s: 0.0 T: 0.00 T-out: N T-r: 99.79%
c o [occ-gate-based-lit-rem] lit-rem: 0 cl-rem: 0 T: 0.00 T-out: N
c o Executing OCC strategy token: occ-ternary-res
c o [occ-ternary-res] Ternary res-tri: 0 res-bin: 0 sub: 0 str: 0 T: 0.00 T-out: N T-r: 99.98%
c o --> Executing strategy token: must-scc-vrepl
c o [scc] new: 0 BP 0M T: 0.00
c o [vrep] vars 0 lits 0 rem-bin-cls 0 rem-long-cls 0 BP 0M T: 0.00
c o Executing OCC strategy token(s): 'occ-bve,
c o [occ] mem usage for occur      0 MB
c o [occ] Linked in IRRED BIN by default: 11
c o [occ] Linked in RED   BIN by default: 0
c o Mem for watch alloc    : 0           MB (0.16      %)
c o Mem for watch array    : 0           MB (0.19      %)
c o Executing OCC strategy token: occ-bve
c o [occ-empty-res] Empty resolvent elimed: 0 T: 0.00 T-out: N
c o [occ-bve] iter v-elim 0
c o cl_inc_rate=1.00, var_dec_rate=1.00 (grow=0)
c o Reduced to 324 vars, 197 cls (grow=0)
c o x n vars       : 324
c o #try to eliminate:     0
c o #var-elim        :     0
c o #T-o: N
c o #T-r: 100.00%
c o #T  : 0.00
c o [occur] 0.00 is overhead
c o [occur] link-in T: 0.00 cleanup T: 0.00
c o [occ-xor-bve] elimed: 0 T: 0.00 T-out: N
c o --> Executing strategy token: sub-impl
c o [impl-sub] bin: 0 T: 0.00 T-out: N w-visit: 732
c o --> Executing strategy token: distill-cls-onlyrem
c o [distill-long-irred] cls tried: 186/186 T: 0.00 T-out: N T-r: 99.96%
c o --> Executing strategy token: intree-probe
c o [scc] new: 0 BP 0M T: 0.00
c o [vrep] vars 0 lits 0 rem-bin-cls 0 rem-long-cls 0 BP 0M T: 0.00
c o [intree] Set 0 vars hyper-added: 0 trans-irred: 0 trans-red: 0 T: 0.00 T-out: N T-r: -0.11%
c o Executing OCC strategy token(s): 'occ-backw-sub-str,
c o [occ] mem usage for occur      0 MB
c o [occ] Linked in IRRED BIN by default: 11
c o [occ] Linked in RED   BIN by default: 0
c o Mem for watch alloc    : 0           MB (0.16      %)
c o Mem for watch array    : 0           MB (0.19      %)
c o Executing OCC strategy token: occ-backw-sub-str
c o [occ-backw-sub-str-long-w-bins] subs: 0 str: 0 tried: 50 0-depth ass: 0 T: 0.00 T-out: N T-r: 99.94%
c o [occ-backw-sub-long-w-long] rem cl: 0 tried: 186/186 (100.0%) T: 0.00 T-out: N T-r: 99.90%
c o [occ-backw-sub-str-long-w-long] sub: 0 str: 0 tried: 558/186 (300.0)  T: 0.00 T-out: N T-r: 99.42%
c o --> Executing strategy token: sub-str-cls-with-bin
c o [distill] watch-based irred--  cl tried      372 cl-sh     0 cl-rem    0 lit-rem      0 T: 0.00 T-out: N
c o [distill] watch-based   red--  cl tried        0 cl-sh     0 cl-rem    0 lit-rem      0 T: 0.00 T-out: N
c o --> Executing strategy token: clean-cls
c o --> Executing strategy token: distill-cls
c o [distill-long-irred] cls tried: 186/186 T: 0.00 T-out: N T-r: 99.96%
c o [distill-long-irred] cls tried: 186/186 T: 0.00 T-out: N T-r: 99.95%
c o --> Executing strategy token: distill-bins
c o [distill-bin] useful: 0/11/11 lits-rem: 0 cl-rem: 0 0-depth-assigns: 0 T: 0.00 T-out: N
c o [consolidate] mini T: 0.00
c o global_timeout_multiplier: 0.1100
c o [branch] rebuilding order heap for all branchings. Current branching: vsids
c o [backbone-simpl] ccnr sols: 10 drop_cands: 338 T: 0.00
c o [backbone-simpl] cadiback called with -- lits: 1025 num cls: 222 num vars: 366
c o [backbone-simpl] res: 10 num units added: 0 num eq added: 0 num bins: 0 T: 0.00
c o --> Executing strategy token: must-scc-vrepl
c o [scc] new: 0 BP 0M T: 0.00
c o [vrep] vars 0 lits 0 rem-bin-cls 0 rem-long-cls 0 BP 0M T: 0.00
c o --> Executing strategy token: must-renumber
c o [renumber] T: 0.00
c o [consolidate] mini T: 0.00
c o global_timeout_multiplier: 0.1100
c o [branch] rebuilding order heap for all branchings. Current branching: vsids
c o --> Executing strategy token: oracle-vivif-sparsify
c o --> Executing strategy token: must-renumber
c o [renumber] T: 0.00
c o [oracle-bin] potential pairs: 4353 T: 0.0002
c o --> Executing strategy token: must-scc-vrepl
c o [scc] new: 0 BP 0M T: 0.00
c o [vrep] vars 0 lits 0 rem-bin-cls 0 rem-long-cls 0 BP 0M T: 0.00
c o [oracle-vivif] lits-rem: 0 learnt-units: 0 T-out: N T-remain: 93.2651% T: 0.01
c o [oracle-bin] bin-added: 11 equiv-added: 0 T-out: N T-remain: 58.58% T: 0.01
c o [oracle-vivif] cache usefulness: 92% total T: 0.01
c o --> Executing strategy token: sub-impl
c o [impl-sub] bin: 11 T: 0.00 T-out: N w-visit: 648
c o Executing OCC strategy token(s): 'occ-backw-sub,
c o [occ] mem usage for occur      0 MB
c o [occ] Linked in IRRED BIN by default: 11
c o [occ] Linked in RED   BIN by default: 0
c o Mem for watch alloc    : 0           MB (0.15      %)
c o Mem for watch array    : 0           MB (0.16      %)
c o Executing OCC strategy token: occ-backw-sub
c o [occ-backw-sub-long-w-long] rem cl: 0 tried: 187/187 (100.0%) T: 0.00 T-out: N T-r: 99.87%
c o --> Executing strategy token: must-renumber
c o [renumber] T: 0.00
c o [oracle-sparsify] done with 10 % oracle mems:     0 ccnr useful: 100.0% T: 0.0
c o [oracle-sparsify] done with 20 % oracle mems:     0 ccnr useful: 100.0% T: 0.0
c o [oracle-sparsify] done with 30 % oracle mems:     0 ccnr useful: 100.0% T: 0.0
c o [oracle-sparsify] done with 40 % oracle mems:   125 ccnr useful: 98.7% T: 0.0
c o [oracle-sparsify] done with 50 % oracle mems:   125 ccnr useful: 99.0% T: 0.0
c o [oracle-sparsify] done with 60 % oracle mems:   125 ccnr useful: 99.2% T: 0.0
c o [oracle-sparsify] done with 70 % oracle mems:   125 ccnr useful: 99.3% T: 0.0
c o [oracle-sparsify] done with 80 % oracle mems:   125 ccnr useful: 99.4% T: 0.0
c o [oracle-sparsify] done with 90 % oracle mems:   125 ccnr useful: 99.4% T: 0.0
c o [oracle-sparsify] removed: 1 of which bin: 0 tot considered: 197 ccnr useful: 196 oracle uknown: 0 cache useful: 0% learnt-units: 0 T: 0.00 buildT: 0.00
c o [consolidate] mini T: 0.00
c o global_timeout_multiplier: 0.1100
c o [branch] rebuilding order heap for all branchings. Current branching: vsids
c o --> Executing strategy token: must-scc-vrepl
c o [scc] new: 0 BP 0M T: 0.00
c o [vrep] vars 0 lits 0 rem-bin-cls 0 rem-long-cls 0 BP 0M T: 0.00
c o --> Executing strategy token: full-probe
c o [full-probe]  bin_only: 0 set: 0 repl: 0 T: 0.00 T-out: N T-r: 99.80%
c o --> Executing strategy token: sub-impl
c o [impl-sub] bin: 0 T: 0.00 T-out: N w-visit: 648
c o --> Executing strategy token: sub-cls-with-bin
c o [distill] watch-based irred--  cl tried      185 cl-sh     0 cl-rem    0 lit-rem      0 T: 0.00 T-out: N
c o [distill] watch-based   red--  cl tried        0 cl-sh     0 cl-rem    0 lit-rem      0 T: 0.00 T-out: N
c o --> Executing strategy token: distill-cls-onlyrem
c o [distill-long-irred] cls tried: 185/185 T: 0.00 T-out: N T-r: 99.96%
c o Executing OCC strategy token(s): 'occ-backw-sub,occ-resolv-subs,occ-rem-with-orgates,occ-ternary-res,
c o [occ] mem usage for occur      0 MB
c o [occ] Linked in IRRED BIN by default: 11
c o [occ] Linked in RED   BIN by default: 0
c o [occ] mem usage for occur      0 MB
c o Mem for watch alloc    : 0           MB (0.15      %)
c o Mem for watch array    : 0           MB (0.16      %)
c o Executing OCC strategy token: occ-backw-sub
c o [occ-backw-sub-long-w-long] rem cl: 0 tried: 187/187 (100.0%) T: 0.00 T-out: N T-r: 99.92%
c o Executing OCC strategy token: occ-resolv-subs
c o [occ-resolv-subs] removed: 0 checked: 449 T: 0.0
c o Executing OCC strategy token: occ-rem-with-orgates
c o [occ-gates] found:     0 avg-s: 0.0 T: 0.00 T-out: N T-r: 99.79%
c o [occ-gate-based-lit-rem] lit-rem: 0 cl-rem: 0 T: 0.00 T-out: N
c o Executing OCC strategy token: occ-ternary-res
c o [occ-ternary-res] Ternary res-tri: 0 res-bin: 0 sub: 0 str: 0 T: 0.00 T-out: N T-r: 99.95%
c o --> Executing strategy token: must-scc-vrepl
c o [scc] new: 0 BP 0M T: 0.00
c o [vrep] vars 0 lits 0 rem-bin-cls 0 rem-long-cls 0 BP 0M T: 0.00
c o Executing OCC strategy token(s): 'occ-bve,
c o [occ] mem usage for occur      0 MB
c o [occ] Linked in IRRED BIN by default: 11
c o [occ] Linked in RED   BIN by default: 0
c o [occ] mem usage for occur      0 MB
c o Mem for watch alloc    : 0           MB (0.15      %)
c o Mem for watch array    : 0           MB (0.16      %)
c o Executing OCC strategy token: occ-bve
c o [occ-empty-res] Empty resolvent elimed: 0 T: 0.00 T-out: N
c o [occ-bve] iter v-elim 0
c o cl_inc_rate=1.00, var_dec_rate=1.00 (grow=0)
c o Reduced to 324 vars, 196 cls (grow=0)
c o [occ-bve] iter v-elim 0
c o cl_inc_rate=1.00, var_dec_rate=1.00 (grow=3)
c o Reduced to 324 vars, 196 cls (grow=3)
c o [occ-bve] iter v-elim 0
c o cl_inc_rate=1.00, var_dec_rate=1.00 (grow=4)
c o Reduced to 324 vars, 196 cls (grow=4)
c o [occ-bve] iter v-elim 0
c o cl_inc_rate=1.00, var_dec_rate=1.00 (grow=6)
c o Reduced to 324 vars, 196 cls (grow=6)
c o x n vars       : 324
c o #try to eliminate:     0
c o #var-elim        :     0
c o #T-o: N
c o #T-r: 100.00%
c o #T  : 0.00
c o [occur] 0.00 is overhead
c o [occur] link-in T: 0.00 cleanup T: 0.00
c o [occ-xor-bve] elimed: 0 T: 0.00 T-out: N
c o --> Executing strategy token: sub-impl
c o [impl-sub] bin: 0 T: 0.00 T-out: N w-visit: 648
c o --> Executing strategy token: distill-cls-onlyrem
c o [distill-long-irred] cls tried: 185/185 T: 0.00 T-out: N T-r: 99.96%
c o --> Executing strategy token: intree-probe
c o [scc] new: 0 BP 0M T: 0.00
c o [vrep] vars 0 lits 0 rem-bin-cls 0 rem-long-cls 0 BP 0M T: 0.00
c o [intree] Set 0 vars hyper-added: 0 trans-irred: 0 trans-red: 0 T: 0.00 T-out: N T-r: -0.10%
c o Executing OCC strategy token(s): 'occ-backw-sub-str,
c o [occ] mem usage for occur      0 MB
c o [occ] Linked in IRRED BIN by default: 11
c o [occ] Linked in RED   BIN by default: 0
c o [occ] mem usage for occur      0 MB
c o Mem for watch alloc    : 0           MB (0.15      %)
c o Mem for watch array    : 0           MB (0.16      %)
c o Executing OCC strategy token: occ-backw-sub-str
c o [occ-backw-sub-str-long-w-bins] subs: 0 str: 0 tried: 61 0-depth ass: 0 T: 0.00 T-out: N T-r: 99.95%
c o [occ-backw-sub-long-w-long] rem cl: 0 tried: 187/187 (100.0%) T: 0.00 T-out: N T-r: 99.92%
c o [occ-backw-sub-str-long-w-long] sub: 0 str: 0 tried: 561/187 (300.0)  T: 0.00 T-out: N T-r: 99.50%
c o --> Executing strategy token: sub-str-cls-with-bin
c o [distill] watch-based irred--  cl tried      370 cl-sh     0 cl-rem    0 lit-rem      0 T: 0.00 T-out: N
c o [distill] watch-based   red--  cl tried        0 cl-sh     0 cl-rem    0 lit-rem      0 T: 0.00 T-out: N
c o --> Executing strategy token: clean-cls
c o --> Executing strategy token: distill-cls
c o [distill-long-irred] cls tried: 185/185 T: 0.00 T-out: N T-r: 99.96%
c o [distill-long-irred] cls tried: 185/185 T: 0.00 T-out: N T-r: 99.95%
c o --> Executing strategy token: distill-bins
c o [distill-bin] useful: 0/11/11 lits-rem: 0 cl-rem: 0 0-depth-assigns: 0 T: 0.00 T-out: N
c o Executing OCC strategy token(s): 'occ-backw-sub,
c o [occ] mem usage for occur      0 MB
c o [occ] Linked in IRRED BIN by default: 11
c o [occ] Linked in RED   BIN by default: 0
c o [occ] mem usage for occur      0 MB
c o Mem for watch alloc    : 0           MB (0.15      %)
c o Mem for watch array    : 0           MB (0.16      %)
c o Executing OCC strategy token: occ-backw-sub
c o [occ-backw-sub-long-w-long] rem cl: 0 tried: 187/187 (100.0%) T: 0.00 T-out: N T-r: 99.92%
c o [consolidate] mini T: 0.00
c o global_timeout_multiplier: 0.1100
c o [branch] rebuilding order heap for all branchings. Current branching: vsids
c o --> Executing strategy token: must-scc-vrepl
c o [scc] new: 0 BP 0M T: 0.00
c o [vrep] vars 0 lits 0 rem-bin-cls 0 rem-long-cls 0 BP 0M T: 0.00
c o --> Executing strategy token: full-probe
c o [full-probe]  bin_only: 0 set: 0 repl: 0 T: 0.00 T-out: N T-r: 99.79%
c o --> Executing strategy token: sub-impl
c o [impl-sub] bin: 0 T: 0.00 T-out: N w-visit: 648
c o --> Executing strategy token: sub-cls-with-bin
c o [distill] watch-based irred--  cl tried      185 cl-sh     0 cl-rem    0 lit-rem      0 T: 0.00 T-out: N
c o [distill] watch-based   red--  cl tried        0 cl-sh     0 cl-rem    0 lit-rem      0 T: 0.00 T-out: N
c o --> Executing strategy token: distill-cls-onlyrem
c o [distill-long-irred] cls tried: 185/185 T: 0.00 T-out: N T-r: 99.95%
c o Executing OCC strategy token(s): 'occ-backw-sub,occ-resolv-subs,occ-rem-with-orgates,occ-ternary-res,
c o [occ] mem usage for occur      0 MB
c o [occ] Linked in IRRED BIN by default: 11
c o [occ] Linked in RED   BIN by default: 0
c o [occ] mem usage for occur      0 MB
c o Mem for watch alloc    : 0           MB (0.15      %)
c o Mem for watch array    : 0           MB (0.16      %)
c o Executing OCC strategy token: occ-backw-sub
c o [occ-backw-sub-long-w-long] rem cl: 0 tried: 187/187 (100.0%) T: 0.00 T-out: N T-r: 99.92%
c o Executing OCC strategy token: occ-resolv-subs
c o [occ-resolv-subs] removed: 0 checked: 449 T: 0.0
c o Executing OCC strategy token: occ-rem-with-orgates
c o [occ-gates] found:     0 avg-s: 0.0 T: 0.00 T-out: N T-r: 99.79%
c o [occ-gate-based-lit-rem] lit-rem: 0 cl-rem: 0 T: 0.00 T-out: N
c o Executing OCC strategy token: occ-ternary-res
c o [occ-ternary-res] Ternary res-tri: 0 res-bin: 0 sub: 0 str: 0 T: 0.00 T-out: N T-r: 99.98%
c o --> Executing strategy token: must-scc-vrepl
c o [scc] new: 0 BP 0M T: 0.00
c o [vrep] vars 0 lits 0 rem-bin-cls 0 rem-long-cls 0 BP 0M T: 0.00
c o Executing OCC strategy token(s): 'occ-bve,
c o [occ] mem usage for occur      0 MB
c o [occ] Linked in IRRED BIN by default: 11
c o [occ] Linked in RED   BIN by default: 0
c o [occ] mem usage for occur      0 MB
c o Mem for watch alloc    : 0           MB (0.15      %)
c o Mem for watch array    : 0           MB (0.16      %)
c o Executing OCC strategy token: occ-bve
c o [occ-empty-res] Empty resolvent elimed: 0 T: 0.00 T-out: N
c o [occ-bve] iter v-elim 0
c o cl_inc_rate=1.00, var_dec_rate=1.00 (grow=0)
c o Reduced to 324 vars, 196 cls (grow=0)
c o [occ-bve] iter v-elim 0
c o cl_inc_rate=1.00, var_dec_rate=1.00 (grow=3)
c o Reduced to 324 vars, 196 cls (grow=3)
c o [occ-bve] iter v-elim 0
c o cl_inc_rate=1.00, var_dec_rate=1.00 (grow=4)
c o Reduced to 324 vars, 196 cls (grow=4)
c o [occ-bve] iter v-elim 0
c o cl_inc_rate=1.00, var_dec_rate=1.00 (grow=6)
c o Reduced to 324 vars, 196 cls (grow=6)
c o x n vars       : 324
c o #try to eliminate:     0
c o #var-elim        :     0
c o #T-o: N
c o #T-r: 100.00%
c o #T  : 0.00
c o [occur] 0.00 is overhead
c o [occur] link-in T: 0.00 cleanup T: 0.00
c o [occ-xor-bve] elimed: 0 T: 0.00 T-out: N
c o --> Executing strategy token: sub-impl
c o [impl-sub] bin: 0 T: 0.00 T-out: N w-visit: 648
c o --> Executing strategy token: distill-cls-onlyrem
c o [distill-long-irred] cls tried: 185/185 T: 0.00 T-out: N T-r: 99.96%
c o --> Executing strategy token: intree-probe
c o [scc] new: 0 BP 0M T: 0.00
c o [vrep] vars 0 lits 0 rem-bin-cls 0 rem-long-cls 0 BP 0M T: 0.00
c o [intree] Set 0 vars hyper-added: 0 trans-irred: 0 trans-red: 0 T: 0.00 T-out: N T-r: -0.10%
c o Executing OCC strategy token(s): 'occ-backw-sub-str,
c o [occ] mem usage for occur      0 MB
c o [occ] Linked in IRRED BIN by default: 11
c o [occ] Linked in RED   BIN by default: 0
c o [occ] mem usage for occur      0 MB
c o Mem for watch alloc    : 0           MB (0.15      %)
c o Mem for watch array    : 0           MB (0.16      %)
c o Executing OCC strategy token: occ-backw-sub-str
c o [occ-backw-sub-str-long-w-bins] subs: 0 str: 0 tried: 72 0-depth ass: 0 T: 0.00 T-out: N T-r: 99.95%
c o [occ-backw-sub-long-w-long] rem cl: 0 tried: 187/187 (100.0%) T: 0.00 T-out: N T-r: 99.92%
c o [occ-backw-sub-str-long-w-long] sub: 0 str: 0 tried: 561/187 (300.0)  T: 0.00 T-out: N T-r: 99.50%
c o --> Executing strategy token: sub-str-cls-with-bin
c o [distill] watch-based irred--  cl tried      370 cl-sh     0 cl-rem    0 lit-rem      0 T: 0.00 T-out: N
c o [distill] watch-based   red--  cl tried        0 cl-sh     0 cl-rem    0 lit-rem      0 T: 0.00 T-out: N
c o --> Executing strategy token: clean-cls
c o --> Executing strategy token: distill-cls
c o [distill-long-irred] cls tried: 185/185 T: 0.00 T-out: N T-r: 99.96%
c o [distill-long-irred] cls tried: 185/185 T: 0.00 T-out: N T-r: 99.95%
c o --> Executing strategy token: distill-bins
c o [distill-bin] useful: 0/11/11 lits-rem: 0 cl-rem: 0 0-depth-assigns: 0 T: 0.00 T-out: N
c o Executing OCC strategy token(s): 'occ-backw-sub,
c o [occ] mem usage for occur      0 MB
c o [occ] Linked in IRRED BIN by default: 11
c o [occ] Linked in RED   BIN by default: 0
c o [occ] mem usage for occur      0 MB
c o Mem for watch alloc    : 0           MB (0.15      %)
c o Mem for watch array    : 0           MB (0.16      %)
c o Executing OCC strategy token: occ-backw-sub
c o [occ-backw-sub-long-w-long] rem cl: 0 tried: 187/187 (100.0%) T: 0.00 T-out: N T-r: 99.92%
c o [consolidate] mini T: 0.00
c o global_timeout_multiplier: 0.1100
c o [branch] rebuilding order heap for all branchings. Current branching: vsids
c o --> Executing strategy token: oracle-vivif-fast
c o --> Executing strategy token: must-renumber
c o [renumber] T: 0.00
c o [oracle-bin] potential pairs: 4349 T: 0.0002
c o --> Executing strategy token: must-scc-vrepl
c o [scc] new: 0 BP 0M T: 0.00
c o [vrep] vars 0 lits 0 rem-bin-cls 0 rem-long-cls 0 BP 0M T: 0.00
c o [oracle-vivif] lits-rem: 0 learnt-units: 0 T-out: N T-remain: 78.1717% T: 0.01
c o [oracle-bin] bin-added: 11 equiv-added: 0 T-out: N T-remain: 66.95% T: 0.00
c o [oracle-vivif] cache usefulness: 92% total T: 0.01
c o --> Executing strategy token: oracle-sparsify-fast
c o --> Executing strategy token: sub-impl
c o [impl-sub] bin: 11 T: 0.00 T-out: N w-visit: 648
c o Executing OCC strategy token(s): 'occ-backw-sub,
c o [occ] mem usage for occur      0 MB
c o [occ] Linked in IRRED BIN by default: 11
c o [occ] Linked in RED   BIN by default: 0
c o [occ] mem usage for occur      0 MB
c o Mem for watch alloc    : 0           MB (0.15      %)
c o Mem for watch array    : 0           MB (0.16      %)
c o Executing OCC strategy token: occ-backw-sub
c o [occ-backw-sub-long-w-long] rem cl: 0 tried: 188/188 (100.0%) T: 0.00 T-out: N T-r: 99.92%
c o --> Executing strategy token: must-renumber
c o [renumber] T: 0.00
c o [oracle-sparsify] done with 10 % oracle mems:     0 ccnr useful: 100.0% T: 0.0
c o [oracle-sparsify] done with 20 % oracle mems:     0 ccnr useful: 100.0% T: 0.0
c o [oracle-sparsify] done with 30 % oracle mems:     0 ccnr useful: 100.0% T: 0.0
c o [oracle-sparsify] done with 40 % oracle mems:     0 ccnr useful: 100.0% T: 0.0
c o [oracle-sparsify] done with 50 % oracle mems:     0 ccnr useful: 100.0% T: 0.0
c o [oracle-sparsify] done with 60 % oracle mems:     0 ccnr useful: 100.0% T: 0.0
c o [oracle-sparsify] done with 70 % oracle mems:     0 ccnr useful: 100.0% T: 0.0
c o [oracle-sparsify] done with 80 % oracle mems:     0 ccnr useful: 100.0% T: 0.0
c o [oracle-sparsify] done with 90 % oracle mems:     0 ccnr useful: 100.0% T: 0.0
c o [oracle-sparsify] removed: 0 of which bin: 0 tot considered: 196 ccnr useful: 196 oracle uknown: 0 cache useful: 0% learnt-units: 0 T: 0.00 buildT: 0.00
c o [consolidate] mini T: 0.00
c o global_timeout_multiplier: 0.1100
c o [branch] rebuilding order heap for all branchings. Current branching: vsids
c o Executing OCC strategy token(s): 'occ-bve,
c o [occ] mem usage for occur      0 MB
c o [occ] Linked in IRRED BIN by default: 11
c o [occ] Linked in RED   BIN by default: 0
c o [occ] mem usage for occur      0 MB
c o Mem for watch alloc    : 0           MB (0.15      %)
c o Mem for watch array    : 0           MB (0.16      %)
c o Executing OCC strategy token: occ-bve
c o [occ-empty-res] Empty resolvent elimed: 0 T: 0.00 T-out: N
c o [occ-bve] iter v-elim 0
c o cl_inc_rate=1.00, var_dec_rate=1.00 (grow=0)
c o Reduced to 324 vars, 196 cls (grow=0)
c o x n vars       : 324
c o #try to eliminate:     0
c o #var-elim        :     0
c o #T-o: N
c o #T-r: 100.00%
c o #T  : 0.00
c o [occur] 0.00 is overhead
c o [occur] link-in T: 0.00 cleanup T: 0.00
c o [occ-xor-bve] elimed: 0 T: 0.00 T-out: N
c o [consolidate] mini T: 0.00
c o global_timeout_multiplier: 0.1100
c o [branch] rebuilding order heap for all branchings. Current branching: vsids
c o --> Executing strategy token: must-scc-vrepl
c o [scc] new: 0 BP 0M T: 0.00
c o [vrep] vars 0 lits 0 rem-bin-cls 0 rem-long-cls 0 BP 0M T: 0.00
c o --> Executing strategy token: must-renumber
c o [renumber] T: 0.00
c o [consolidate] mini T: 0.00
c o global_timeout_multiplier: 0.1100
c o [branch] rebuilding order heap for all branchings. Current branching: vsids
c o [occ] mem usage for occur      0 MB
c o [occ] Linked in IRRED BIN by default: 11
c o [occ] Linked in RED   BIN by default: 0
c o [occ] mem usage for occur      0 MB
c o Mem for watch alloc    : 0           MB (0.15      %)
c o Mem for watch array    : 0           MB (0.16      %)
c o [empty] empty_occ: 3 T: 0.00
c o Executing OCC strategy token(s): 'occ-bve-empty,
c o [occ] mem usage for occur      0 MB
c o [occ] Linked in IRRED BIN by default: 11
c o [occ] Linked in RED   BIN by default: 0
c o [occ] mem usage for occur      0 MB
c o Mem for watch alloc    : 0           MB (0.15      %)
c o Mem for watch array    : 0           MB (0.16      %)
c o Executing OCC strategy token: occ-bve-empty
c o [occ-empty-res] Empty resolvent elimed: 3 T: 0.00 T-out: N
c o --> Executing strategy token: must-renumber
c o [renumber] T: 0.00
c o [consolidate] mini T: 0.00
c o global_timeout_multiplier: 0.1100
c o [branch] rebuilding order heap for all branchings. Current branching: vsids
c o [0m[puura] new_empty_sampl_vars size: 3[0m
c o [get-cnf] Checking for variables mapping to same new var to set AIG definitions...
c o solver orig num vars: 366 solver simp num vars: 321
c o [0m[31m[puura] Done. final vars: 321 final cls: 196 T: 0.03[0m
c o [0m[31m[autarky] Found autarkies: 0 autarky vars: 0 T-out: N T: 0.00[0m
c o --> Executing strategy token: must-scc-vrepl
c o [scc] new: 0 BP 0M T: 0.00
c o [vrep] vars 0 lits 0 rem-bin-cls 0 rem-long-cls 0 BP 0M T: 0.00
c o --> Executing strategy token: full-probe
c o [full-probe]  bin_only: 0 set: 0 repl: 0 T: 0.00 T-out: N T-r: 99.80%
c o --> Executing strategy token: sub-impl
c o [impl-sub] bin: 0 T: 0.00 T-out: N w-visit: 642
c o --> Executing strategy token: sub-cls-with-bin
c o [distill] watch-based irred--  cl tried      185 cl-sh     0 cl-rem    0 lit-rem      0 T: 0.00 T-out: N
c o [distill] watch-based   red--  cl tried        0 cl-sh     0 cl-rem    0 lit-rem      0 T: 0.00 T-out: N
c o --> Executing strategy token: distill-cls-onlyrem
c o [distill-long-irred] cls tried: 185/185 T: 0.00 T-out: N T-r: 99.95%
c o Executing OCC strategy token(s): 'occ-backw-sub,occ-resolv-subs,occ-rem-with-orgates,occ-ternary-res,
c o [occ] mem usage for occur      0 MB
c o [occ] Linked in IRRED BIN by default: 11
c o [occ] Linked in RED   BIN by default: 0
c o Mem for watch alloc    : 0           MB (0.12      %)
c o Mem for watch array    : 0           MB (0.17      %)
c o Executing OCC strategy token: occ-backw-sub
c o [occ-backw-sub-long-w-long] rem cl: 0 tried: 188/188 (100.0%) T: 0.00 T-out: N T-r: 99.91%
c o Executing OCC strategy token: occ-resolv-subs
c o [occ-resolv-subs] removed: 0 checked: 449 T: 0.0
c o Executing OCC strategy token: occ-rem-with-orgates
c o [occ-gates] found:     0 avg-s: 0.0 T: 0.00 T-out: N T-r: 99.79%
c o [occ-gate-based-lit-rem] lit-rem: 0 cl-rem: 0 T: 0.00 T-out: N
c o Executing OCC strategy token: occ-ternary-res
c o [occ-ternary-res] Ternary res-tri: 0 res-bin: 0 sub: 0 str: 0 T: 0.00 T-out: N T-r: 99.95%
c o --> Executing strategy token: must-scc-vrepl
c o [scc] new: 0 BP 0M T: 0.00
c o [vrep] vars 0 lits 0 rem-bin-cls 0 rem-long-cls 0 BP 0M T: 0.00
c o Executing OCC strategy token(s): 'occ-bve,
c o [occ] mem usage for occur      0 MB
c o [occ] Linked in IRRED BIN by default: 11
c o [occ] Linked in RED   BIN by default: 0
c o Mem for watch alloc    : 0           MB (0.12      %)
c o Mem for watch array    : 0           MB (0.17      %)
c o Executing OCC strategy token: occ-bve
c o [occ-empty-res] Empty resolvent elimed: 0 T: 0.00 T-out: N
c o [occ-bve] iter v-elim 0
c o cl_inc_rate=1.00, var_dec_rate=1.00 (grow=0)
c o Reduced to 321 vars, 196 cls (grow=0)
c o x n vars       : 321
c o #try to eliminate:     0
c o #var-elim        :     0
c o #T-o: N
c o #T-r: 100.00%
c o #T  : 0.00
c o [occur] 0.00 is overhead
c o [occur] link-in T: 0.00 cleanup T: 0.00
c o [occ-xor-bve] elimed: 0 T: 0.00 T-out: N
c o --> Executing strategy token: sub-impl
c o [impl-sub] bin: 0 T: 0.00 T-out: N w-visit: 642
c o --> Executing strategy token: distill-cls-onlyrem
c o [distill-long-irred] cls tried: 185/185 T: 0.00 T-out: N T-r: 99.95%
c o --> Executing strategy token: intree-probe
c o [scc] new: 0 BP 0M T: 0.00
c o [vrep] vars 0 lits 0 rem-bin-cls 0 rem-long-cls 0 BP 0M T: 0.00
c o [intree] Set 0 vars hyper-added: 0 trans-irred: 0 trans-red: 0 T: 0.00 T-out: N T-r: -0.05%
c o Executing OCC strategy token(s): 'occ-backw-sub-str,
c o [occ] mem usage for occur      0 MB
c o [occ] Linked in IRRED BIN by default: 11
c o [occ] Linked in RED   BIN by default: 0
c o Mem for watch alloc    : 0           MB (0.12      %)
c o Mem for watch array    : 0           MB (0.17      %)
c o Executing OCC strategy token: occ-backw-sub-str
c o [occ-backw-sub-str-long-w-bins] subs: 0 str: 0 tried: 11 0-depth ass: 0 T: 0.00 T-out: N T-r: 99.95%
c o [occ-backw-sub-long-w-long] rem cl: 0 tried: 188/188 (100.0%) T: 0.00 T-out: N T-r: 99.91%
c o [occ-backw-sub-str-long-w-long] sub: 0 str: 0 tried: 564/188 (300.0)  T: 0.00 T-out: N T-r: 99.48%
c o --> Executing strategy token: sub-str-cls-with-bin
c o [distill] watch-based irred--  cl tried      370 cl-sh     0 cl-rem    0 lit-rem      0 T: 0.00 T-out: N
c o [distill] watch-based   red--  cl tried        0 cl-sh     0 cl-rem    0 lit-rem      0 T: 0.00 T-out: N
c o --> Executing strategy token: clean-cls
c o --> Executing strategy token: distill-cls
c o [distill-long-irred] cls tried: 185/185 T: 0.00 T-out: N T-r: 99.95%
c o [distill-long-irred] cls tried: 185/185 T: 0.00 T-out: N T-r: 99.95%
c o --> Executing strategy token: distill-bins
c o [distill-bin] useful: 0/11/11 lits-rem: 0 cl-rem: 0 0-depth-assigns: 0 T: 0.00 T-out: N
c o [consolidate] mini T: 0.00
c o global_timeout_multiplier: 0.1100
c o [branch] rebuilding order heap for all branchings. Current branching: vsids
c o --> Executing strategy token: oracle-vivif-sparsify
c o --> Executing strategy token: must-renumber
c o [renumber] T: 0.00
c o [oracle-bin] potential pairs: 4349 T: 0.0002
c o --> Executing strategy token: must-scc-vrepl
c o [scc] new: 0 BP 0M T: 0.00
c o [vrep] vars 0 lits 0 rem-bin-cls 0 rem-long-cls 0 BP 0M T: 0.00
c o [oracle-vivif] lits-rem: 0 learnt-units: 0 T-out: N T-remain: 93.3256% T: 0.01
c o [oracle-bin] bin-added: 11 equiv-added: 0 T-out: N T-remain: 58.26% T: 0.01
c o [oracle-vivif] cache usefulness: 92% total T: 0.01
c o --> Executing strategy token: sub-impl
c o [impl-sub] bin: 11 T: 0.00 T-out: N w-visit: 642
c o Executing OCC strategy token(s): 'occ-backw-sub,
c o [occ] mem usage for occur      0 MB
c o [occ] Linked in IRRED BIN by default: 11
c o [occ] Linked in RED   BIN by default: 0
c o Mem for watch alloc    : 0           MB (0.12      %)
c o Mem for watch array    : 0           MB (0.16      %)
c o Executing OCC strategy token: occ-backw-sub
c o [occ-backw-sub-long-w-long] rem cl: 0 tried: 190/190 (100.0%) T: 0.00 T-out: N T-r: 99.85%
c o --> Executing strategy token: must-renumber
c o [renumber] T: 0.00
c o [oracle-sparsify] done with 10 % oracle mems:     0 ccnr useful: 100.0% T: 0.0
c o [oracle-sparsify] done with 20 % oracle mems:     0 ccnr useful: 100.0% T: 0.0
c o [oracle-sparsify] done with 30 % oracle mems:     0 ccnr useful: 100.0% T: 0.0
c o [oracle-sparsify] done with 40 % oracle mems:     0 ccnr useful: 100.0% T: 0.0
c o [oracle-sparsify] done with 50 % oracle mems:     0 ccnr useful: 100.0% T: 0.0
c o [oracle-sparsify] done with 60 % oracle mems:     0 ccnr useful: 100.0% T: 0.0
c o [oracle-sparsify] done with 70 % oracle mems:     0 ccnr useful: 100.0% T: 0.0
c o [oracle-sparsify] done with 80 % oracle mems:     0 ccnr useful: 100.0% T: 0.0
c o [oracle-sparsify] done with 90 % oracle mems:     0 ccnr useful: 100.0% T: 0.0
c o [oracle-sparsify] removed: 0 of which bin: 0 tot considered: 196 ccnr useful: 196 oracle uknown: 0 cache useful: 0% learnt-units: 0 T: 0.00 buildT: 0.00
c o [consolidate] mini T: 0.00
c o global_timeout_multiplier: 0.1100
c o [branch] rebuilding order heap for all branchings. Current branching: vsids
c o --> Executing strategy token: must-scc-vrepl
c o [scc] new: 0 BP 0M T: 0.00
c o [vrep] vars 0 lits 0 rem-bin-cls 0 rem-long-cls 0 BP 0M T: 0.00
c o --> Executing strategy token: full-probe
c o [full-probe]  bin_only: 0 set: 0 repl: 0 T: 0.00 T-out: N T-r: 99.80%
c o --> Executing strategy token: sub-impl
c o [impl-sub] bin: 0 T: 0.00 T-out: N w-visit: 642
c o --> Executing strategy token: sub-cls-with-bin
c o [distill] watch-based irred--  cl tried      185 cl-sh     0 cl-rem    0 lit-rem      0 T: 0.00 T-out: N
c o [distill] watch-based   red--  cl tried        0 cl-sh     0 cl-rem    0 lit-rem      0 T: 0.00 T-out: N
c o --> Executing strategy token: distill-cls-onlyrem
c o [distill-long-irred] cls tried: 185/185 T: 0.00 T-out: N T-r: 99.96%
c o Executing OCC strategy token(s): 'occ-backw-sub,occ-resolv-subs,occ-rem-with-orgates,occ-ternary-res,
c o [occ] mem usage for occur      0 MB
c o [occ] Linked in IRRED BIN by default: 11
c o [occ] Linked in RED   BIN by default: 0
c o [occ] mem usage for occur      0 MB
c o Mem for watch alloc    : 0           MB (0.12      %)
c o Mem for watch array    : 0           MB (0.16      %)
c o Executing OCC strategy token: occ-backw-sub
c o [occ-backw-sub-long-w-long] rem cl: 0 tried: 190/190 (100.0%) T: 0.00 T-out: N T-r: 99.91%
c o Executing OCC strategy token: occ-resolv-subs
c o [occ-resolv-subs] removed: 0 checked: 449 T: 0.0
c o Executing OCC strategy token: occ-rem-with-orgates
c o [occ-gates] found:     0 avg-s: 0.0 T: 0.00 T-out: N T-r: 99.79%
c o [occ-gate-based-lit-rem] lit-rem: 0 cl-rem: 0 T: 0.00 T-out: N
c o Executing OCC strategy token: occ-ternary-res
c o [occ-ternary-res] Ternary res-tri: 0 res-bin: 0 sub: 0 str: 0 T: 0.00 T-out: N T-r: 99.95%
c o --> Executing strategy token: must-scc-vrepl
c o [scc] new: 0 BP 0M T: 0.00
c o [vrep] vars 0 lits 0 rem-bin-cls 0 rem-long-cls 0 BP 0M T: 0.00
c o Executing OCC strategy token(s): 'occ-bve,
c o [occ] mem usage for occur      0 MB
c o [occ] Linked in IRRED BIN by default: 11
c o [occ] Linked in RED   BIN by default: 0
c o [occ] mem usage for occur      0 MB
c o Mem for watch alloc    : 0           MB (0.12      %)
c o Mem for watch array    : 0           MB (0.16      %)
c o Executing OCC strategy token: occ-bve
c o [occ-empty-res] Empty resolvent elimed: 0 T: 0.00 T-out: N
c o [occ-bve] iter v-elim 0
c o cl_inc_rate=1.00, var_dec_rate=1.00 (grow=0)
c o Reduced to 321 vars, 196 cls (grow=0)
c o x n vars       : 321
c o #try to eliminate:     0
c o #var-elim        :     0
c o #T-o: N
c o #T-r: 100.00%
c o #T  : 0.00
c o [occur] 0.00 is overhead
c o [occur] link-in T: 0.00 cleanup T: 0.00
c o [occ-xor-bve] elimed: 0 T: 0.00 T-out: N
c o --> Executing strategy token: sub-impl
c o [impl-sub] bin: 0 T: 0.00 T-out: N w-visit: 642
c o --> Executing strategy token: distill-cls-onlyrem
c o [distill-long-irred] cls tried: 185/185 T: 0.00 T-out: N T-r: 99.95%
c o --> Executing strategy token: intree-probe
c o [scc] new: 0 BP 0M T: 0.00
c o [vrep] vars 0 lits 0 rem-bin-cls 0 rem-long-cls 0 BP 0M T: 0.00
c o [intree] Set 0 vars hyper-added: 0 trans-irred: 0 trans-red: 0 T: 0.00 T-out: N T-r: -0.12%
c o Executing OCC strategy token(s): 'occ-backw-sub-str,
c o [occ] mem usage for occur      0 MB
c o [occ] Linked in IRRED BIN by default: 11
c o [occ] Linked in RED   BIN by default: 0
c o [occ] mem usage for occur      0 MB
c o Mem for watch alloc    : 0           MB (0.12      %)
c o Mem for watch array    : 0           MB (0.16      %)
c o Executing OCC strategy token: occ-backw-sub-str
c o [occ-backw-sub-str-long-w-bins] subs: 0 str: 0 tried: 22 0-depth ass: 0 T: 0.00 T-out: N T-r: 99.95%
c o [occ-backw-sub-long-w-long] rem cl: 0 tried: 190/190 (100.0%) T: 0.00 T-out: N T-r: 99.91%
c o [occ-backw-sub-str-long-w-long] sub: 0 str: 0 tried: 570/190 (300.0)  T: 0.00 T-out: N T-r: 99.48%
c o --> Executing strategy token: sub-str-cls-with-bin
c o [distill] watch-based irred--  cl tried      370 cl-sh     0 cl-rem    0 lit-rem      0 T: 0.00 T-out: N
c o [distill] watch-based   red--  cl tried        0 cl-sh     0 cl-rem    0 lit-rem      0 T: 0.00 T-out: N
c o --> Executing strategy token: clean-cls
c o --> Executing strategy token: distill-cls
c o [distill-long-irred] cls tried: 185/185 T: 0.00 T-out: N T-r: 99.95%
c o [distill-long-irred] cls tried: 185/185 T: 0.00 T-out: N T-r: 99.95%
c o --> Executing strategy token: distill-bins
c o [distill-bin] useful: 0/11/11 lits-rem: 0 cl-rem: 0 0-depth-assigns: 0 T: 0.00 T-out: N
c o Executing OCC strategy token(s): 'occ-backw-sub,
c o [occ] mem usage for occur      0 MB
c o [occ] Linked in IRRED BIN by default: 11
c o [occ] Linked in RED   BIN by default: 0
c o [occ] mem usage for occur      0 MB
c o Mem for watch alloc    : 0           MB (0.12      %)
c o Mem for watch array    : 0           MB (0.16      %)
c o Executing OCC strategy token: occ-backw-sub
c o [occ-backw-sub-long-w-long] rem cl: 0 tried: 190/190 (100.0%) T: 0.00 T-out: N T-r: 99.91%
c o [consolidate] mini T: 0.00
c o global_timeout_multiplier: 0.1100
c o [branch] rebuilding order heap for all branchings. Current branching: vsids
c o --> Executing strategy token: oracle-vivif-fast
c o --> Executing strategy token: must-renumber
c o [renumber] T: 0.00
c o [oracle-bin] potential pairs: 4349 T: 0.0002
c o --> Executing strategy token: must-scc-vrepl
c o [scc] new: 0 BP 0M T: 0.00
c o [vrep] vars 0 lits 0 rem-bin-cls 0 rem-long-cls 0 BP 0M T: 0.00
c o [oracle-vivif] lits-rem: 0 learnt-units: 0 T-out: N T-remain: 80.3273% T: 0.00
c o [oracle-bin] bin-added: 11 equiv-added: 0 T-out: N T-remain: 70.77% T: 0.00
c o [oracle-vivif] cache usefulness: 93% total T: 0.01
c o --> Executing strategy token: oracle-sparsify-fast
c o --> Executing strategy token: sub-impl
c o [impl-sub] bin: 11 T: 0.00 T-out: N w-visit: 642
c o Executing OCC strategy token(s): 'occ-backw-sub,
c o [occ] mem usage for occur      0 MB
c o [occ] Linked in IRRED BIN by default: 11
c o [occ] Linked in RED   BIN by default: 0
c o [occ] mem usage for occur      0 MB
c o Mem for watch alloc    : 0           MB (0.12      %)
c o Mem for watch array    : 0           MB (0.16      %)
c o Executing OCC strategy token: occ-backw-sub
c o [occ-backw-sub-long-w-long] rem cl: 0 tried: 191/191 (100.0%) T: 0.00 T-out: N T-r: 99.91%
c o --> Executing strategy token: must-renumber
c o [renumber] T: 0.00
c o [oracle-sparsify] done with 10 % oracle mems:     0 ccnr useful: 100.0% T: 0.0
c o [oracle-sparsify] done with 20 % oracle mems:     0 ccnr useful: 100.0% T: 0.0
c o [oracle-sparsify] done with 30 % oracle mems:     0 ccnr useful: 100.0% T: 0.0
c o [oracle-sparsify] done with 40 % oracle mems:     0 ccnr useful: 100.0% T: 0.0
c o [oracle-sparsify] done with 50 % oracle mems:     0 ccnr useful: 100.0% T: 0.0
c o [oracle-sparsify] done with 60 % oracle mems:     0 ccnr useful: 100.0% T: 0.0
c o [oracle-sparsify] done with 70 % oracle mems:     0 ccnr useful: 100.0% T: 0.0
c o [oracle-sparsify] done with 80 % oracle mems:     0 ccnr useful: 100.0% T: 0.0
c o [oracle-sparsify] done with 90 % oracle mems:     0 ccnr useful: 100.0% T: 0.0
c o [oracle-sparsify] removed: 0 of which bin: 0 tot considered: 196 ccnr useful: 196 oracle uknown: 0 cache useful: 0% learnt-units: 0 T: 0.00 buildT: 0.00
c o [consolidate] mini T: 0.00
c o global_timeout_multiplier: 0.1100
c o [branch] rebuilding order heap for all branchings. Current branching: vsids
c o Executing OCC strategy token(s): 'occ-bve,
c o [occ] mem usage for occur      0 MB
c o [occ] Linked in IRRED BIN by default: 11
c o [occ] Linked in RED   BIN by default: 0
c o [occ] mem usage for occur      0 MB
c o Mem for watch alloc    : 0           MB (0.12      %)
c o Mem for watch array    : 0           MB (0.16      %)
c o Executing OCC strategy token: occ-bve
c o [occ-empty-res] Empty resolvent elimed: 0 T: 0.00 T-out: N
c o [occ-bve] iter v-elim 0
c o cl_inc_rate=1.00, var_dec_rate=1.00 (grow=0)
c o Reduced to 321 vars, 196 cls (grow=0)
c o x n vars       : 321
c o #try to eliminate:     0
c o #var-elim        :     0
c o #T-o: N
c o #T-r: 100.00%
c o #T  : 0.00
c o [occur] 0.00 is overhead
c o [occur] link-in T: 0.00 cleanup T: 0.00
c o [occ-xor-bve] elimed: 0 T: 0.00 T-out: N
c o [consolidate] mini T: 0.00
c o global_timeout_multiplier: 0.1100
c o [branch] rebuilding order heap for all branchings. Current branching: vsids
c o --> Executing strategy token: must-scc-vrepl
c o [scc] new: 0 BP 0M T: 0.00
c o [vrep] vars 0 lits 0 rem-bin-cls 0 rem-long-cls 0 BP 0M T: 0.00
c o --> Executing strategy token: must-renumber
c o [renumber] T: 0.00
c o [consolidate] mini T: 0.00
c o global_timeout_multiplier: 0.1100
c o [branch] rebuilding order heap for all branchings. Current branching: vsids
c o [occ] mem usage for occur      0 MB
c o [occ] Linked in IRRED BIN by default: 11
c o [occ] Linked in RED   BIN by default: 0
c o [occ] mem usage for occur      0 MB
c o Mem for watch alloc    : 0           MB (0.12      %)
c o Mem for watch array    : 0           MB (0.16      %)
c o [empty] empty_occ: 0 T: 0.00
c o Executing OCC strategy token(s): 'occ-bve-empty,
c o [occ] mem usage for occur      0 MB
c o [occ] Linked in IRRED BIN by default: 11
c o [occ] Linked in RED   BIN by default: 0
c o [occ] mem usage for occur      0 MB
c o Mem for watch alloc    : 0           MB (0.12      %)
c o Mem for watch array    : 0           MB (0.16      %)
c o Executing OCC strategy token: occ-bve-empty
c o [occ-empty-res] Empty resolvent elimed: 0 T: 0.00 T-out: N
c o --> Executing strategy token: must-renumber
c o [renumber] T: 0.00
c o [consolidate] mini T: 0.00
c o global_timeout_multiplier: 0.1100
c o [branch] rebuilding order heap for all branchings. Current branching: vsids
c o [0m[puura] new_empty_sampl_vars size: 0[0m
c o [get-cnf] Checking for variables mapping to same new var to set AIG definitions...
c o solver orig num vars: 321 solver simp num vars: 321
c o [0m[31m[puura] Done. final vars: 321 final cls: 196 T: 0.03[0m
c o [0m[arjun-sbva] entering SBVA with     vars: 321     cls:   196 opt sampl: 321[0m
c o [0m[arjun-sbva] exited SBVA with       vars: 322     cls:   194[0m
c o [0m[arjun-sbva] K steps remaining: 976.18 T-out: No T: 0.00[0m
c o Arjun T: 0.11
c o Found 2 disconnected component(s)
c o [par] Using non-parallel counting
c o ind size: 315 nvars: 316
c o opt ind size: 316 ind size: 315 nvars: 316
c o Sampling set size: 315
c o Opt sampling set size: 316
c o Bin irred/red      13         0         
c o Long irred cls/tri 162        18        
c o Long red cls/tri   6          0         
c o [td] nodes: 316 nvars: 316 edges: 4332
c o [td] Primal graph   nodes: 316 edges: 4332 density: 0.043 edge/var: 13.709
c o [td] min degree heuristic
c o [td] #bags 128, tw 73, elapsed 0.002 s
c o [td] min shortcut heuristic
c o [td] run with 0.0/0.1/0.2 min balance and node_min_expansion in endless loop with varying seed
c o [td] iter 100 width: 72 stepsK remain: 96 T: 3.516
c o [td] iter 200 width: 72 stepsK remain: 93 T: 6.861
c o [td] iter 300 width: 72 stepsK remain: 89 T: 10.348
c o [td] iter 400 width: 72 stepsK remain: 86 T: 14.014
c o [td] iter 500 width: 72 stepsK remain: 83 T: 17.574
