c o Ganak SHA1: 0b4881b40126fb5ae8a1b7c9fdd4878afa25b051
c o Arjun SHA1: 0b4881b40126fb5ae8a1b7c9fdd4878afa25b051
c o SBVA SHA1: 0b4881b40126fb5ae8a1b7c9fdd4878afa25b051
c o CMS SHA1: 0b4881b40126fb5ae8a1b7c9fdd4878afa25b051
c o ApproxMC SHA1: 0b4881b40126fb5ae8a1b7c9fdd4878afa25b051
c o Using ideas by JM Lagniez, and Pierre Marquis
c o     from paper: Improving Model Counting [..] IJCAI 2016
c o Using VMTF, picosat, CaDiCaL, and CadiBack code by Armin Biere
c o CMS is MIT licensed
c o Using code from 'When Boolean Satisfiability Meets Gauss-E. in a Simplex Way'
c o       by C.-S. Han and J.-H. Roland Jiang in CAV 2012. Fixes by M. Soos
c o Using CCAnr from 'CCAnr: A Conf. Checking Based Local Search Solver [...]'
c o       by Shaowei Cai, Chuan Luo, and Kaile Su, SAT 2015
c o Using Oracle code from 'Integrating Tree Decompositions [...]'
c o       by Tuukka Korhonen and Matti Jarvisalo, CP 2021
c o Using Graph library by Tuukka Korhonen and Matti Jarvisalo
c o Using Flowcutter by Ben Strasser
c o Ganak compilation env CMAKE_CXX_COMPILER = /usr/bin/c++ | CMAKE_CXX_FLAGS =  -fno-stack-protector -mpopcnt -msse4.2 -mpclmul -Wduplicated-cond -Wduplicated-branches -Wlogical-op -Wrestrict -Wnull-dereference -Wdouble-promotion -Wshadow -Wformat=2 -Wextra-semi -pedantic | COMPILE_DEFINES =  -DNDEBUG -D_FORTIFY_SOURCE=0 -DUSE_ZLIB | BUILD_SHARED_LIBS = OFF | ZLIB_FOUND = TRUE | ENABLE_ASSERTIONS = OFF | 
c o called with: /workspace/cm-packed-continuation/build/application-ganak/ganak --prob 0 --mode 0 --fast /workspace/cm-packed-evidence/feature-oracle/additional-02-4.cnf
c o CNF projection set size: 179
c o --> Executing strategy token: clean-cls
c o --> Executing strategy token: must-scc-vrepl
c o [scc] new: 16 BP 0M T: 0.00
c o [vrep] vars 16 lits 208 rem-bin-cls 64 rem-long-cls 0 BP 0M T: 0.00
c o [consolidate] mini T: 0.00
c o global_timeout_multiplier: 0.1
c o [branch] rebuilding order heap for all branchings. Current branching: vsids
c o [0m[arjun-simp] probing all sampling variables[0m
c o --> Executing strategy token: must-scc-vrepl
c o [scc] new: 0 BP 0M T: 0.00
c o [vrep] vars 0 lits 0 rem-bin-cls 0 rem-long-cls 0 BP 0M T: 0.00
c o [consolidate] mini T: 0.00
c o global_timeout_multiplier: 0.1
c o [branch] rebuilding order heap for all branchings. Current branching: vsids
c o [0m[arjun-simp] Removed set       : 48 new size: 131[0m
c o [0m[arjun-simp] Removed eq lits: 16 new size: 115[0m
c o [0m[arjun-simp] probe removed: 64 perc: 35.75 T: 0.00[0m
c o [0m[arjun-simp] Removed eq lits: 0 new size: 115[0m
c o [0m[arjun-simp] Removed set       : 0 new size: 115[0m
c o [0m[arjun-simp] get-empties removed: 32 perc: 27.83 total empties now: 32 T: 0.00[0m
c o [0m[arjun-simp] CMS::simplify() with no BVE, intree probe...[0m
c o --> Executing strategy token: str-impl
c [impl-str] lit bin: 0 set-var: 0 T: 0.00 T-out: N T-r: 99.96% w-visit: 358
c o --> Executing strategy token: intree-probe
c o [scc] new: 0 BP 0M T: 0.00
c o [vrep] vars 0 lits 0 rem-bin-cls 0 rem-long-cls 0 BP 0M T: 0.00
c o [intree] Set 0 vars hyper-added: 0 trans-irred: 0 trans-red: 0 T: 0.00 T-out: N T-r: -0.00%
c o Executing OCC strategy token(s): 'occ-ternary-res,occ-backw-sub,
c o [occ] mem usage for occur      0 MB
c o [occ] Linked in IRRED BIN by default: 157
c o [occ] Linked in RED   BIN by default: 0
c o [occ] mem usage for occur      0 MB
c o Mem for watch alloc    : 0           MB (0.08      %)
c o Mem for watch array    : 0           MB (0.12      %)
c o Executing OCC strategy token: occ-ternary-res
c o [occ-ternary-res] Ternary res-tri: 0 res-bin: 0 sub: 0 str: 0 T: 0.00 T-out: N T-r: 100.00%
c o Executing OCC strategy token: occ-backw-sub
c o [occ-backw-sub-long-w-long] rem cl: 0 tried: 17/17 (100.0%) T: 0.00 T-out: N T-r: 99.99%
c o --> Executing strategy token: distill-litrem
c [distill-litrem] useful: 0/82/17 lits-rem: 0 0-depth-assigns: 0 T: 0.00 T-out: N
c o --> Executing strategy token: must-distill-cls
c o [distill-long-irred] cls tried: 17/17 T: 0.00 T-out: N T-r: 99.96%
c o [distill-long-irred] cls tried: 17/17 T: 0.00 T-out: N T-r: 99.96%
c o --> Executing strategy token: distill-bins
c o [distill-bin] useful: 0/157/157 lits-rem: 0 cl-rem: 0 0-depth-assigns: 0 T: 0.00 T-out: N
c o --> Executing strategy token: oracle-vivif-veryfast
c o --> Executing strategy token: must-renumber
c o [oracle-bin] potential pairs: 226 T: 0.0
c o --> Executing strategy token: must-scc-vrepl
c o [scc] new: 0 BP 0M T: 0.00
c o [vrep] vars 0 lits 0 rem-bin-cls 0 rem-long-cls 0 BP 0M T: 0.00
c o [oracle-vivif] lits-rem: 0 learnt-units: 0 T-out: N T-remain: 99.8% T: 0.00
c o [oracle-bin] bin-added: 127 equiv-added: 0 T-out: N T-remain: 99.80% T: 0.00
c o [oracle-vivif] cache usefulness: 79% total T: 0.00
c o [consolidate] mini T: 0.00
c o global_timeout_multiplier: 0.1000
c o [branch] rebuilding order heap for all branchings. Current branching: vsids
c o --> Executing strategy token: scc-vrepl
c o [scc] new: 0 BP 0M T: 0.00
c o [vrep] vars 0 lits 0 rem-bin-cls 0 rem-long-cls 0 BP 0M T: 0.00
c o --> Executing strategy token: sub-impl
c o [impl-sub] bin: 127 T: 0.00 T-out: N w-visit: 358
c o --> Executing strategy token: breakid
c o Executing OCC strategy token(s): 'occ-backw-sub-str,occ-clean-implicit,occ-bve,occ-bva,occ-ternary-res,occ-xor,
c o [occ] mem usage for occur      0 MB
c o [occ] Linked in IRRED BIN by default: 157
c o [occ] Linked in RED   BIN by default: 0
c o [occ] mem usage for occur      0 MB
c o Mem for watch alloc    : 0           MB (0.10      %)
c o Mem for watch array    : 0           MB (0.10      %)
c o Executing OCC strategy token: occ-backw-sub-str
c o [occ-backw-sub-str-long-w-bins] subs: 0 str: 0 tried: 157 0-depth ass: 0 T: 0.00 T-out: N T-r: 99.31%
c o [occ-backw-sub-long-w-long] rem cl: 0 tried: 17/17 (100.0%) T: 0.00 T-out: N T-r: 99.99%
c o [occ-backw-sub-str-long-w-long] sub: 0 str: 0 tried: 51/17 (300.0)  T: 0.00 T-out: N T-r: 99.96%
c o Executing OCC strategy token: occ-clean-implicit
c o Executing OCC strategy token: occ-bve
c o Executing OCC strategy token: occ-bva
c o Executing OCC strategy token: occ-ternary-res
c o [occ-ternary-res] Ternary res-tri: 0 res-bin: 0 sub: 0 str: 0 T: 0.00 T-out: N T-r: 100.00%
c o Executing OCC strategy token: occ-xor
c o --> Executing strategy token: card-find
c o --> Executing strategy token: cl-consolidate
c o Not consolidating memory.
c o --> Executing strategy token: scc-vrepl
c o [scc] new: 0 BP 0M T: 0.00
c o [vrep] vars 0 lits 0 rem-bin-cls 0 rem-long-cls 0 BP 0M T: 0.00
c o --> Executing strategy token: renumber
c o --> Executing strategy token: louvain-comms
c o [consolidate] mini T: 0.00
c o global_timeout_multiplier: 0.1000
c o [branch] rebuilding order heap for all branchings. Current branching: vsids
c o [0m[arjun-simp] Removed set       : 0 new size: 83[0m
c o [0m[arjun-simp] CMS::simplify() with no BVE finished. T: 0.0036[0m
c o [0mWARNING: Turning off gates, because the sampling size is small, so we can just do it. Size: 83[0m
c o --> Executing strategy token: must-scc-vrepl
c o [scc] new: 0 BP 0M T: 0.00
c o [vrep] vars 0 lits 0 rem-bin-cls 0 rem-long-cls 0 BP 0M T: 0.00
c o --> Executing strategy token: clean-cls
c o --> Executing strategy token: sub-impl
c o [impl-sub] bin: 0 T: 0.00 T-out: N w-visit: 358
c o [consolidate] mini T: 0.00
c o global_timeout_multiplier: 0.1000
c o [branch] rebuilding order heap for all branchings. Current branching: vsids
c o [0m[arjun-simp] Removed eq lits: 0 new size: 83[0m
c o [0m[arjun-simp] Removed set       : 0 new size: 83[0m
c o [0m[arjun-simp] get-empties removed: 0 perc: 0.00 total empties now: 32 T: 0.00[0m
c o [0m[arjun-simp] probing all sampling variables[0m
c o [0m[arjun-simp] Removed set       : 0 new size: 83[0m
c o [0m[arjun-simp] Removed eq lits: 0 new size: 83[0m
c o [0m[arjun-simp] probe removed: 0 perc: 0.00 T: 0.00[0m
c o [0m[arjun-simp] Removed eq lits: 0 new size: 83[0m
c o [0m[arjun-simp] Removed set       : 0 new size: 83[0m
c o [0m[arjun-simp] get-empties removed: 0 perc: 0.00 total empties now: 32 T: 0.00[0m
c o [0m[arjun] simplification finished  removed: 96 perc: 53.63 T: 0.01[0m
c o [0m[arjun] Duplicating CNF...[0m
c o [0m[arjun] Duplicated CNF. T: 0.00[0m
c o [0m[arjun] CMS::simplify() with *only* BVE...[0m
c o Executing OCC strategy token(s): 'occ-bve,
c o [occ] mem usage for occur      0 MB
c o [occ] Linked in IRRED BIN by default: 346
c o [occ] Linked in RED   BIN by default: 0
c o [occ] mem usage for occur      0 MB
c o Mem for watch alloc    : 0           MB (0.16      %)
c o Mem for watch array    : 0           MB (0.29      %)
c o Executing OCC strategy token: occ-bve
c o [occ-empty-res] Empty resolvent elimed: 71 T: 0.00 T-out: N
c o [occ-bve] iter v-elim 9
c o cl_inc_rate=0.95, var_dec_rate=1.05 (grow=0)
c o Reduced to 166 vars, 348 cls (grow=0)
c o [occ-bve] iter v-elim 0
c o cl_inc_rate=1.00, var_dec_rate=1.00 (grow=3)
c o Reduced to 166 vars, 348 cls (grow=3)
c o [occ-bve] iter v-elim 0
c o cl_inc_rate=1.00, var_dec_rate=1.00 (grow=4)
c o Reduced to 166 vars, 348 cls (grow=4)
c o [occ-bve] iter v-elim 0
c o cl_inc_rate=1.00, var_dec_rate=1.00 (grow=6)
c o Reduced to 166 vars, 348 cls (grow=6)
c o [occ-bve] iter v-elim 0
c o cl_inc_rate=1.00, var_dec_rate=1.00 (grow=9)
c o Reduced to 166 vars, 348 cls (grow=9)
c o [occ-bve] iter v-elim 0
c o cl_inc_rate=1.00, var_dec_rate=1.00 (grow=13)
c o Reduced to 166 vars, 348 cls (grow=13)
c o [occ-bve] iter v-elim 0
c o cl_inc_rate=1.00, var_dec_rate=1.00 (grow=16)
c o Reduced to 166 vars, 348 cls (grow=16)
c o x n vars       : 166
c o #try to eliminate:     9
c o #var-elim        :     9
c o #T-o: N
c o #T-r: 100.00%
c o #T  : 0.00
c o [occur] 0.00 is overhead
c o [occur] link-in T: 0.00 cleanup T: 0.00
c o [occ-xor-bve] elimed: 0 T: 0.00 T-out: N
c o [consolidate] mini T: 0.00
c o global_timeout_multiplier: 0.1000
c o [branch] rebuilding order heap for all branchings. Current branching: vsids
c o [0m[arjun] CMS::simplify() with *only* BVE finished. T: 0.0008[0m
c o [0m[arjun] Adding fixed clauses time: 0.0002[0m
c o [0m[backward FAST] Start unknown size: 83[0m
c o [0m[31m[arjun] backward round finished. U:  I: 67 T: 0.00[0m
c o [0m[arjun] run_minimize finished T: 0.01[0m
c o --> Executing strategy token: must-scc-vrepl
c o [scc] new: 16 BP 0M T: 0.00
c o [vrep] vars 16 lits 281 rem-bin-cls 96 rem-long-cls 0 BP 0M T: 0.00
c o --> Executing strategy token: full-probe
c o [full-probe]  bin_only: 0 set: 0 repl: 0 T: 0.00 T-out: N T-r: 99.89%
c o --> Executing strategy token: sub-impl
c o [impl-sub] bin: 0 T: 0.00 T-out: N w-visit: 358
c o --> Executing strategy token: sub-cls-with-bin
c o [distill] watch-based irred--  cl tried       17 cl-sh     0 cl-rem    0 lit-rem      0 T: 0.00 T-out: N
c o [distill] watch-based   red--  cl tried        0 cl-sh     0 cl-rem    0 lit-rem      0 T: 0.00 T-out: N
c o --> Executing strategy token: distill-cls-onlyrem
c o [distill-long-irred] cls tried: 17/17 T: 0.00 T-out: N T-r: 100.00%
c o Executing OCC strategy token(s): 'occ-backw-sub,occ-resolv-subs,occ-rem-with-orgates,occ-ternary-res,
c o [occ] mem usage for occur      0 MB
c o [occ] Linked in IRRED BIN by default: 157
c o [occ] Linked in RED   BIN by default: 0
c o Mem for watch alloc    : 0           MB (0.08      %)
c o Mem for watch array    : 0           MB (0.15      %)
c o Executing OCC strategy token: occ-backw-sub
c o [occ-backw-sub-long-w-long] rem cl: 0 tried: 17/17 (100.0%) T: 0.00 T-out: N T-r: 99.99%
c o Executing OCC strategy token: occ-resolv-subs
c o [occ-resolv-subs] removed: 0 checked: 65 T: 0.0
c o Executing OCC strategy token: occ-rem-with-orgates
c o [occ-gates] found:    36 avg-s: 2.0 T: 0.00 T-out: N T-r: 99.89%
c o [occ-gate-based-lit-rem] lit-rem: 0 cl-rem: 0 T: 0.00 T-out: N
c o Executing OCC strategy token: occ-ternary-res
c o [occ-ternary-res] Ternary res-tri: 0 res-bin: 0 sub: 0 str: 0 T: 0.00 T-out: N T-r: 100.00%
c o --> Executing strategy token: must-scc-vrepl
c o [scc] new: 0 BP 0M T: 0.00
c o [vrep] vars 0 lits 0 rem-bin-cls 0 rem-long-cls 0 BP 0M T: 0.00
c o Executing OCC strategy token(s): 'occ-bve,
c o [occ] mem usage for occur      0 MB
c o [occ] Linked in IRRED BIN by default: 157
c o [occ] Linked in RED   BIN by default: 0
c o Mem for watch alloc    : 0           MB (0.08      %)
c o Mem for watch array    : 0           MB (0.15      %)
c o Executing OCC strategy token: occ-bve
c o [occ-empty-res] Empty resolvent elimed: 48 T: 0.00 T-out: N
c o [occ-bve] iter v-elim 0
c o cl_inc_rate=1.00, var_dec_rate=1.00 (grow=0)
c o Reduced to 67 vars, 102 cls (grow=0)
c o x n vars       : 67
c o #try to eliminate:     0
c o #var-elim        :     0
c o #T-o: N
c o #T-r: 100.00%
c o #T  : 0.00
c o [occur] 0.00 is overhead
c o [occur] link-in T: 0.00 cleanup T: 0.00
c o [occ-xor-bve] elimed: 0 T: 0.00 T-out: N
c o --> Executing strategy token: sub-impl
c o [impl-sub] bin: 0 T: 0.00 T-out: N w-visit: 358
c o --> Executing strategy token: distill-cls-onlyrem
c o [distill-long-irred] cls tried: 1/1 T: 0.00 T-out: N T-r: 100.00%
c o --> Executing strategy token: intree-probe
c o [scc] new: 0 BP 0M T: 0.00
c o [vrep] vars 0 lits 0 rem-bin-cls 0 rem-long-cls 0 BP 0M T: 0.00
c o [intree] Set 0 vars hyper-added: 0 trans-irred: 0 trans-red: 0 T: 0.00 T-out: N T-r: 0.00%
c o Executing OCC strategy token(s): 'occ-backw-sub-str,
c o [occ] mem usage for occur      0 MB
c o [occ] Linked in IRRED BIN by default: 101
c o [occ] Linked in RED   BIN by default: 0
c o Mem for watch alloc    : 0           MB (0.07      %)
c o Mem for watch array    : 0           MB (0.15      %)
c o Executing OCC strategy token: occ-backw-sub-str
c o [occ-backw-sub-str-long-w-bins] subs: 0 str: 0 tried: 101 0-depth ass: 0 T: 0.00 T-out: N T-r: 99.66%
c o [occ-backw-sub-long-w-long] rem cl: 0 tried: 1/1 (100.0%) T: 0.00 T-out: N T-r: 100.00%
c o [occ-backw-sub-str-long-w-long] sub: 0 str: 0 tried: 3/1 (300.0)  T: 0.00 T-out: N T-r: 100.00%
c o --> Executing strategy token: sub-str-cls-with-bin
c o [distill] watch-based irred--  cl tried        2 cl-sh     0 cl-rem    0 lit-rem      0 T: 0.00 T-out: N
c o [distill] watch-based   red--  cl tried        0 cl-sh     0 cl-rem    0 lit-rem      0 T: 0.00 T-out: N
c o --> Executing strategy token: clean-cls
c o --> Executing strategy token: distill-cls
c o [distill-long-irred] cls tried: 1/1 T: 0.00 T-out: N T-r: 100.00%
c o [distill-long-irred] cls tried: 1/1 T: 0.00 T-out: N T-r: 100.00%
c o --> Executing strategy token: distill-bins
c o [distill-bin] useful: 0/101/101 lits-rem: 0 cl-rem: 0 0-depth-assigns: 0 T: 0.00 T-out: N
c o [consolidate] mini T: 0.00
c o global_timeout_multiplier: 0.1100
c o [branch] rebuilding order heap for all branchings. Current branching: vsids
c o --> Executing strategy token: must-scc-vrepl
c o [scc] new: 0 BP 0M T: 0.00
c o [vrep] vars 0 lits 0 rem-bin-cls 0 rem-long-cls 0 BP 0M T: 0.00
c o --> Executing strategy token: full-probe
c o [full-probe]  bin_only: 0 set: 0 repl: 0 T: 0.00 T-out: N T-r: 99.95%
c o --> Executing strategy token: sub-impl
c o [impl-sub] bin: 0 T: 0.00 T-out: N w-visit: 358
c o --> Executing strategy token: sub-cls-with-bin
c o [distill] watch-based irred--  cl tried        1 cl-sh     0 cl-rem    0 lit-rem      0 T: 0.00 T-out: N
c o [distill] watch-based   red--  cl tried        0 cl-sh     0 cl-rem    0 lit-rem      0 T: 0.00 T-out: N
c o --> Executing strategy token: distill-cls-onlyrem
c o [distill-long-irred] cls tried: 1/1 T: 0.00 T-out: N T-r: 100.00%
c o Executing OCC strategy token(s): 'occ-backw-sub,occ-resolv-subs,occ-rem-with-orgates,occ-ternary-res,
c o [occ] mem usage for occur      0 MB
c o [occ] Linked in IRRED BIN by default: 101
c o [occ] Linked in RED   BIN by default: 0
c o Mem for watch alloc    : 0           MB (0.07      %)
c o Mem for watch array    : 0           MB (0.10      %)
c o Executing OCC strategy token: occ-backw-sub
c o [occ-backw-sub-long-w-long] rem cl: 0 tried: 1/1 (100.0%) T: 0.00 T-out: N T-r: 100.00%
c o Executing OCC strategy token: occ-resolv-subs
c o [occ-resolv-subs] removed: 0 checked: 20 T: 0.0
c o Executing OCC strategy token: occ-rem-with-orgates
c o [occ-gates] found:     0 avg-s: 0.0 T: 0.00 T-out: N T-r: 99.94%
c o [occ-gate-based-lit-rem] lit-rem: 0 cl-rem: 0 T: 0.00 T-out: N
c o Executing OCC strategy token: occ-ternary-res
c o [occ-ternary-res] Ternary res-tri: 0 res-bin: 0 sub: 0 str: 0 T: 0.00 T-out: N T-r: 100.00%
c o --> Executing strategy token: must-scc-vrepl
c o [scc] new: 0 BP 0M T: 0.00
c o [vrep] vars 0 lits 0 rem-bin-cls 0 rem-long-cls 0 BP 0M T: 0.00
c o Executing OCC strategy token(s): 'occ-bve,
c o [occ] mem usage for occur      0 MB
c o [occ] Linked in IRRED BIN by default: 101
c o [occ] Linked in RED   BIN by default: 0
c o Mem for watch alloc    : 0           MB (0.07      %)
c o Mem for watch array    : 0           MB (0.10      %)
c o Executing OCC strategy token: occ-bve
c o [occ-empty-res] Empty resolvent elimed: 0 T: 0.00 T-out: N
c o [occ-bve] iter v-elim 0
c o cl_inc_rate=1.00, var_dec_rate=1.00 (grow=0)
c o Reduced to 67 vars, 102 cls (grow=0)
c o x n vars       : 67
c o #try to eliminate:     0
c o #var-elim        :     0
c o #T-o: N
c o #T-r: 100.00%
c o #T  : 0.00
c o [occur] 0.00 is overhead
c o [occur] link-in T: 0.00 cleanup T: 0.00
c o [occ-xor-bve] elimed: 0 T: 0.00 T-out: N
c o --> Executing strategy token: sub-impl
c o [impl-sub] bin: 0 T: 0.00 T-out: N w-visit: 358
c o --> Executing strategy token: distill-cls-onlyrem
c o [distill-long-irred] cls tried: 1/1 T: 0.00 T-out: N T-r: 100.00%
c o --> Executing strategy token: intree-probe
c o [scc] new: 0 BP 0M T: 0.00
c o [vrep] vars 0 lits 0 rem-bin-cls 0 rem-long-cls 0 BP 0M T: 0.00
c o [intree] Set 0 vars hyper-added: 0 trans-irred: 0 trans-red: 0 T: 0.00 T-out: N T-r: -0.00%
c o Executing OCC strategy token(s): 'occ-backw-sub-str,
c o [occ] mem usage for occur      0 MB
c o [occ] Linked in IRRED BIN by default: 101
c o [occ] Linked in RED   BIN by default: 0
c o Mem for watch alloc    : 0           MB (0.07      %)
c o Mem for watch array    : 0           MB (0.10      %)
c o Executing OCC strategy token: occ-backw-sub-str
c o [occ-backw-sub-str-long-w-bins] subs: 0 str: 0 tried: 202 0-depth ass: 0 T: 0.00 T-out: N T-r: 99.66%
c o [occ-backw-sub-long-w-long] rem cl: 0 tried: 1/1 (100.0%) T: 0.00 T-out: N T-r: 100.00%
c o [occ-backw-sub-str-long-w-long] sub: 0 str: 0 tried: 3/1 (300.0)  T: 0.00 T-out: N T-r: 100.00%
c o --> Executing strategy token: sub-str-cls-with-bin
c o [distill] watch-based irred--  cl tried        2 cl-sh     0 cl-rem    0 lit-rem      0 T: 0.00 T-out: N
c o [distill] watch-based   red--  cl tried        0 cl-sh     0 cl-rem    0 lit-rem      0 T: 0.00 T-out: N
c o --> Executing strategy token: clean-cls
c o --> Executing strategy token: distill-cls
c o [distill-long-irred] cls tried: 1/1 T: 0.00 T-out: N T-r: 100.00%
c o [distill-long-irred] cls tried: 1/1 T: 0.00 T-out: N T-r: 100.00%
c o --> Executing strategy token: distill-bins
c o [distill-bin] useful: 0/101/101 lits-rem: 0 cl-rem: 0 0-depth-assigns: 0 T: 0.00 T-out: N
c o [consolidate] mini T: 0.00
c o global_timeout_multiplier: 0.1100
c o [branch] rebuilding order heap for all branchings. Current branching: vsids
c o [backbone-simpl] ccnr sols: 10 drop_cands: 116 T: 0.00
c o [backbone-simpl] cadiback called with -- lits: 214 num cls: 150 num vars: 179
c o [backbone-simpl] res: 10 num units added: 0 num eq added: 0 num bins: 0 T: 0.00
c o --> Executing strategy token: must-scc-vrepl
c o [scc] new: 0 BP 0M T: 0.00
c o [vrep] vars 0 lits 0 rem-bin-cls 0 rem-long-cls 0 BP 0M T: 0.00
c o --> Executing strategy token: must-renumber
c o [renumber] T: 0.00
c o [consolidate] mini T: 0.00
c o global_timeout_multiplier: 0.1100
c o [branch] rebuilding order heap for all branchings. Current branching: vsids
c o --> Executing strategy token: oracle-vivif-sparsify
c o --> Executing strategy token: must-renumber
c o [renumber] T: 0.00
c o [oracle-bin] potential pairs: 167 T: 0.0000
c o --> Executing strategy token: must-scc-vrepl
c o [scc] new: 0 BP 0M T: 0.00
c o [vrep] vars 0 lits 0 rem-bin-cls 0 rem-long-cls 0 BP 0M T: 0.00
c o [oracle-vivif] lits-rem: 0 learnt-units: 0 T-out: N T-remain: 99.9741% T: 0.00
c o [oracle-bin] bin-added: 101 equiv-added: 0 T-out: N T-remain: 97.84% T: 0.00
c o [oracle-vivif] cache usefulness: 62% total T: 0.00
c o --> Executing strategy token: sub-impl
c o [impl-sub] bin: 101 T: 0.00 T-out: N w-visit: 134
c o Executing OCC strategy token(s): 'occ-backw-sub,
c o [occ] mem usage for occur      0 MB
c o [occ] Linked in IRRED BIN by default: 101
c o [occ] Linked in RED   BIN by default: 0
c o Mem for watch alloc    : 0           MB (0.06      %)
c o Mem for watch array    : 0           MB (0.04      %)
c o Executing OCC strategy token: occ-backw-sub
c o [occ-backw-sub-long-w-long] rem cl: 0 tried: 1/1 (100.0%) T: 0.00 T-out: N T-r: 100.00%
c o --> Executing strategy token: must-renumber
c o [renumber] T: 0.00
c o [oracle-sparsify] done with 10 % oracle mems:     0 ccnr useful: 100.0% T: 0.0
c o [oracle-sparsify] done with 20 % oracle mems:     0 ccnr useful: 100.0% T: 0.0
c o [oracle-sparsify] done with 30 % oracle mems:     0 ccnr useful: 100.0% T: 0.0
c o [oracle-sparsify] done with 40 % oracle mems:     0 ccnr useful: 100.0% T: 0.0
c o [oracle-sparsify] done with 50 % oracle mems:     0 ccnr useful: 100.0% T: 0.0
c o [oracle-sparsify] done with 60 % oracle mems:     0 ccnr useful: 100.0% T: 0.0
c o [oracle-sparsify] done with 70 % oracle mems:     0 ccnr useful: 100.0% T: 0.0
c o [oracle-sparsify] done with 80 % oracle mems:     0 ccnr useful: 100.0% T: 0.0
c o [oracle-sparsify] done with 90 % oracle mems:     0 ccnr useful: 100.0% T: 0.0
c o [oracle-sparsify] removed: 0 of which bin: 0 tot considered: 102 ccnr useful: 102 oracle uknown: 0 cache useful: 0% learnt-units: 0 T: 0.00 buildT: 0.00
c o [consolidate] mini T: 0.00
c o global_timeout_multiplier: 0.1100
c o [branch] rebuilding order heap for all branchings. Current branching: vsids
c o --> Executing strategy token: must-scc-vrepl
c o [scc] new: 0 BP 0M T: 0.00
c o [vrep] vars 0 lits 0 rem-bin-cls 0 rem-long-cls 0 BP 0M T: 0.00
c o --> Executing strategy token: full-probe
c o [full-probe]  bin_only: 0 set: 0 repl: 0 T: 0.00 T-out: N T-r: 99.95%
c o --> Executing strategy token: sub-impl
c o [impl-sub] bin: 0 T: 0.00 T-out: N w-visit: 134
c o --> Executing strategy token: sub-cls-with-bin
c o [distill] watch-based irred--  cl tried        1 cl-sh     0 cl-rem    0 lit-rem      0 T: 0.00 T-out: N
c o [distill] watch-based   red--  cl tried        0 cl-sh     0 cl-rem    0 lit-rem      0 T: 0.00 T-out: N
c o --> Executing strategy token: distill-cls-onlyrem
c o [distill-long-irred] cls tried: 1/1 T: 0.00 T-out: N T-r: 100.00%
c o Executing OCC strategy token(s): 'occ-backw-sub,occ-resolv-subs,occ-rem-with-orgates,occ-ternary-res,
c o [occ] mem usage for occur      0 MB
c o [occ] Linked in IRRED BIN by default: 101
c o [occ] Linked in RED   BIN by default: 0
c o [occ] mem usage for occur      0 MB
c o Mem for watch alloc    : 0           MB (0.06      %)
c o Mem for watch array    : 0           MB (0.04      %)
c o Executing OCC strategy token: occ-backw-sub
c o [occ-backw-sub-long-w-long] rem cl: 0 tried: 1/1 (100.0%) T: 0.00 T-out: N T-r: 100.00%
c o Executing OCC strategy token: occ-resolv-subs
c o [occ-resolv-subs] removed: 0 checked: 20 T: 0.0
c o Executing OCC strategy token: occ-rem-with-orgates
c o [occ-gates] found:     0 avg-s: 0.0 T: 0.00 T-out: N T-r: 99.94%
c o [occ-gate-based-lit-rem] lit-rem: 0 cl-rem: 0 T: 0.00 T-out: N
c o Executing OCC strategy token: occ-ternary-res
c o [occ-ternary-res] Ternary res-tri: 0 res-bin: 0 sub: 0 str: 0 T: 0.00 T-out: N T-r: 100.00%
c o --> Executing strategy token: must-scc-vrepl
c o [scc] new: 0 BP 0M T: 0.00
c o [vrep] vars 0 lits 0 rem-bin-cls 0 rem-long-cls 0 BP 0M T: 0.00
c o Executing OCC strategy token(s): 'occ-bve,
c o [occ] mem usage for occur      0 MB
c o [occ] Linked in IRRED BIN by default: 101
c o [occ] Linked in RED   BIN by default: 0
c o [occ] mem usage for occur      0 MB
c o Mem for watch alloc    : 0           MB (0.06      %)
c o Mem for watch array    : 0           MB (0.04      %)
c o Executing OCC strategy token: occ-bve
c o [occ-empty-res] Empty resolvent elimed: 0 T: 0.00 T-out: N
c o [occ-bve] iter v-elim 0
c o cl_inc_rate=1.00, var_dec_rate=1.00 (grow=0)
c o Reduced to 67 vars, 102 cls (grow=0)
c o [occ-bve] iter v-elim 0
c o cl_inc_rate=1.00, var_dec_rate=1.00 (grow=3)
c o Reduced to 67 vars, 102 cls (grow=3)
c o [occ-bve] iter v-elim 0
c o cl_inc_rate=1.00, var_dec_rate=1.00 (grow=4)
c o Reduced to 67 vars, 102 cls (grow=4)
c o [occ-bve] iter v-elim 0
c o cl_inc_rate=1.00, var_dec_rate=1.00 (grow=6)
c o Reduced to 67 vars, 102 cls (grow=6)
c o x n vars       : 67
c o #try to eliminate:     0
c o #var-elim        :     0
c o #T-o: N
c o #T-r: 100.00%
c o #T  : 0.00
c o [occur] 0.00 is overhead
c o [occur] link-in T: 0.00 cleanup T: 0.00
c o [occ-xor-bve] elimed: 0 T: 0.00 T-out: N
c o --> Executing strategy token: sub-impl
c o [impl-sub] bin: 0 T: 0.00 T-out: N w-visit: 134
c o --> Executing strategy token: distill-cls-onlyrem
c o [distill-long-irred] cls tried: 1/1 T: 0.00 T-out: N T-r: 100.00%
c o --> Executing strategy token: intree-probe
c o [scc] new: 0 BP 0M T: 0.00
c o [vrep] vars 0 lits 0 rem-bin-cls 0 rem-long-cls 0 BP 0M T: 0.00
c o [intree] Set 0 vars hyper-added: 0 trans-irred: 0 trans-red: 0 T: 0.00 T-out: N T-r: -0.00%
c o Executing OCC strategy token(s): 'occ-backw-sub-str,
c o [occ] mem usage for occur      0 MB
c o [occ] Linked in IRRED BIN by default: 101
c o [occ] Linked in RED   BIN by default: 0
c o [occ] mem usage for occur      0 MB
c o Mem for watch alloc    : 0           MB (0.06      %)
c o Mem for watch array    : 0           MB (0.04      %)
c o Executing OCC strategy token: occ-backw-sub-str
c o [occ-backw-sub-str-long-w-bins] subs: 0 str: 0 tried: 303 0-depth ass: 0 T: 0.00 T-out: N T-r: 99.66%
c o [occ-backw-sub-long-w-long] rem cl: 0 tried: 1/1 (100.0%) T: 0.00 T-out: N T-r: 100.00%
c o [occ-backw-sub-str-long-w-long] sub: 0 str: 0 tried: 3/1 (300.0)  T: 0.00 T-out: N T-r: 100.00%
c o --> Executing strategy token: sub-str-cls-with-bin
c o [distill] watch-based irred--  cl tried        2 cl-sh     0 cl-rem    0 lit-rem      0 T: 0.00 T-out: N
c o [distill] watch-based   red--  cl tried        0 cl-sh     0 cl-rem    0 lit-rem      0 T: 0.00 T-out: N
c o --> Executing strategy token: clean-cls
c o --> Executing strategy token: distill-cls
c o [distill-long-irred] cls tried: 1/1 T: 0.00 T-out: N T-r: 100.00%
c o [distill-long-irred] cls tried: 1/1 T: 0.00 T-out: N T-r: 100.00%
c o --> Executing strategy token: distill-bins
c o [distill-bin] useful: 0/101/101 lits-rem: 0 cl-rem: 0 0-depth-assigns: 0 T: 0.00 T-out: N
c o Executing OCC strategy token(s): 'occ-backw-sub,
c o [occ] mem usage for occur      0 MB
c o [occ] Linked in IRRED BIN by default: 101
c o [occ] Linked in RED   BIN by default: 0
c o [occ] mem usage for occur      0 MB
c o Mem for watch alloc    : 0           MB (0.06      %)
c o Mem for watch array    : 0           MB (0.04      %)
c o Executing OCC strategy token: occ-backw-sub
c o [occ-backw-sub-long-w-long] rem cl: 0 tried: 1/1 (100.0%) T: 0.00 T-out: N T-r: 100.00%
c o [consolidate] mini T: 0.00
c o global_timeout_multiplier: 0.1100
c o [branch] rebuilding order heap for all branchings. Current branching: vsids
c o --> Executing strategy token: must-scc-vrepl
c o [scc] new: 0 BP 0M T: 0.00
c o [vrep] vars 0 lits 0 rem-bin-cls 0 rem-long-cls 0 BP 0M T: 0.00
c o --> Executing strategy token: full-probe
c o [full-probe]  bin_only: 0 set: 0 repl: 0 T: 0.00 T-out: N T-r: 99.95%
c o --> Executing strategy token: sub-impl
c o [impl-sub] bin: 0 T: 0.00 T-out: N w-visit: 134
c o --> Executing strategy token: sub-cls-with-bin
c o [distill] watch-based irred--  cl tried        1 cl-sh     0 cl-rem    0 lit-rem      0 T: 0.00 T-out: N
c o [distill] watch-based   red--  cl tried        0 cl-sh     0 cl-rem    0 lit-rem      0 T: 0.00 T-out: N
c o --> Executing strategy token: distill-cls-onlyrem
c o [distill-long-irred] cls tried: 1/1 T: 0.00 T-out: N T-r: 100.00%
c o Executing OCC strategy token(s): 'occ-backw-sub,occ-resolv-subs,occ-rem-with-orgates,occ-ternary-res,
c o [occ] mem usage for occur      0 MB
c o [occ] Linked in IRRED BIN by default: 101
c o [occ] Linked in RED   BIN by default: 0
c o [occ] mem usage for occur      0 MB
c o Mem for watch alloc    : 0           MB (0.06      %)
c o Mem for watch array    : 0           MB (0.04      %)
c o Executing OCC strategy token: occ-backw-sub
c o [occ-backw-sub-long-w-long] rem cl: 0 tried: 1/1 (100.0%) T: 0.00 T-out: N T-r: 100.00%
c o Executing OCC strategy token: occ-resolv-subs
c o [occ-resolv-subs] removed: 0 checked: 20 T: 0.0
c o Executing OCC strategy token: occ-rem-with-orgates
c o [occ-gates] found:     0 avg-s: 0.0 T: 0.00 T-out: N T-r: 99.94%
c o [occ-gate-based-lit-rem] lit-rem: 0 cl-rem: 0 T: 0.00 T-out: N
c o Executing OCC strategy token: occ-ternary-res
c o [occ-ternary-res] Ternary res-tri: 0 res-bin: 0 sub: 0 str: 0 T: 0.00 T-out: N T-r: 100.00%
c o --> Executing strategy token: must-scc-vrepl
c o [scc] new: 0 BP 0M T: 0.00
c o [vrep] vars 0 lits 0 rem-bin-cls 0 rem-long-cls 0 BP 0M T: 0.00
c o Executing OCC strategy token(s): 'occ-bve,
c o [occ] mem usage for occur      0 MB
c o [occ] Linked in IRRED BIN by default: 101
c o [occ] Linked in RED   BIN by default: 0
c o [occ] mem usage for occur      0 MB
c o Mem for watch alloc    : 0           MB (0.06      %)
c o Mem for watch array    : 0           MB (0.04      %)
c o Executing OCC strategy token: occ-bve
c o [occ-empty-res] Empty resolvent elimed: 0 T: 0.00 T-out: N
c o [occ-bve] iter v-elim 0
c o cl_inc_rate=1.00, var_dec_rate=1.00 (grow=0)
c o Reduced to 67 vars, 102 cls (grow=0)
c o [occ-bve] iter v-elim 0
c o cl_inc_rate=1.00, var_dec_rate=1.00 (grow=3)
c o Reduced to 67 vars, 102 cls (grow=3)
c o [occ-bve] iter v-elim 0
c o cl_inc_rate=1.00, var_dec_rate=1.00 (grow=4)
c o Reduced to 67 vars, 102 cls (grow=4)
c o [occ-bve] iter v-elim 0
c o cl_inc_rate=1.00, var_dec_rate=1.00 (grow=6)
c o Reduced to 67 vars, 102 cls (grow=6)
c o x n vars       : 67
c o #try to eliminate:     0
c o #var-elim        :     0
c o #T-o: N
c o #T-r: 100.00%
c o #T  : 0.00
c o [occur] 0.00 is overhead
c o [occur] link-in T: 0.00 cleanup T: 0.00
c o [occ-xor-bve] elimed: 0 T: 0.00 T-out: N
c o --> Executing strategy token: sub-impl
c o [impl-sub] bin: 0 T: 0.00 T-out: N w-visit: 134
c o --> Executing strategy token: distill-cls-onlyrem
c o [distill-long-irred] cls tried: 1/1 T: 0.00 T-out: N T-r: 100.00%
c o --> Executing strategy token: intree-probe
c o [scc] new: 0 BP 0M T: 0.00
c o [vrep] vars 0 lits 0 rem-bin-cls 0 rem-long-cls 0 BP 0M T: 0.00
c o [intree] Set 0 vars hyper-added: 0 trans-irred: 0 trans-red: 0 T: 0.00 T-out: N T-r: -0.00%
c o Executing OCC strategy token(s): 'occ-backw-sub-str,
c o [occ] mem usage for occur      0 MB
c o [occ] Linked in IRRED BIN by default: 101
c o [occ] Linked in RED   BIN by default: 0
c o [occ] mem usage for occur      0 MB
c o Mem for watch alloc    : 0           MB (0.06      %)
c o Mem for watch array    : 0           MB (0.04      %)
c o Executing OCC strategy token: occ-backw-sub-str
c o [occ-backw-sub-str-long-w-bins] subs: 0 str: 0 tried: 404 0-depth ass: 0 T: 0.00 T-out: N T-r: 99.66%
c o [occ-backw-sub-long-w-long] rem cl: 0 tried: 1/1 (100.0%) T: 0.00 T-out: N T-r: 100.00%
c o [occ-backw-sub-str-long-w-long] sub: 0 str: 0 tried: 3/1 (300.0)  T: 0.00 T-out: N T-r: 100.00%
c o --> Executing strategy token: sub-str-cls-with-bin
c o [distill] watch-based irred--  cl tried        2 cl-sh     0 cl-rem    0 lit-rem      0 T: 0.00 T-out: N
c o [distill] watch-based   red--  cl tried        0 cl-sh     0 cl-rem    0 lit-rem      0 T: 0.00 T-out: N
c o --> Executing strategy token: clean-cls
c o --> Executing strategy token: distill-cls
c o [distill-long-irred] cls tried: 1/1 T: 0.00 T-out: N T-r: 100.00%
c o [distill-long-irred] cls tried: 1/1 T: 0.00 T-out: N T-r: 100.00%
c o --> Executing strategy token: distill-bins
c o [distill-bin] useful: 0/101/101 lits-rem: 0 cl-rem: 0 0-depth-assigns: 0 T: 0.00 T-out: N
c o Executing OCC strategy token(s): 'occ-backw-sub,
c o [occ] mem usage for occur      0 MB
c o [occ] Linked in IRRED BIN by default: 101
c o [occ] Linked in RED   BIN by default: 0
c o [occ] mem usage for occur      0 MB
c o Mem for watch alloc    : 0           MB (0.06      %)
c o Mem for watch array    : 0           MB (0.04      %)
c o Executing OCC strategy token: occ-backw-sub
c o [occ-backw-sub-long-w-long] rem cl: 0 tried: 1/1 (100.0%) T: 0.00 T-out: N T-r: 100.00%
c o [consolidate] mini T: 0.00
c o global_timeout_multiplier: 0.1100
c o [branch] rebuilding order heap for all branchings. Current branching: vsids
c o --> Executing strategy token: oracle-vivif-fast
c o --> Executing strategy token: must-renumber
c o [renumber] T: 0.00
c o [oracle-bin] potential pairs: 167 T: 0.0000
c o --> Executing strategy token: must-scc-vrepl
c o [scc] new: 0 BP 0M T: 0.00
c o [vrep] vars 0 lits 0 rem-bin-cls 0 rem-long-cls 0 BP 0M T: 0.00
c o [oracle-vivif] lits-rem: 0 learnt-units: 0 T-out: N T-remain: 99.9223% T: 0.00
c o [oracle-bin] bin-added: 101 equiv-added: 0 T-out: N T-remain: 97.86% T: 0.00
c o [oracle-vivif] cache usefulness: 62% total T: 0.00
c o --> Executing strategy token: oracle-sparsify-fast
c o --> Executing strategy token: sub-impl
c o [impl-sub] bin: 101 T: 0.00 T-out: N w-visit: 134
c o Executing OCC strategy token(s): 'occ-backw-sub,
c o [occ] mem usage for occur      0 MB
c o [occ] Linked in IRRED BIN by default: 101
c o [occ] Linked in RED   BIN by default: 0
c o [occ] mem usage for occur      0 MB
c o Mem for watch alloc    : 0           MB (0.06      %)
c o Mem for watch array    : 0           MB (0.04      %)
c o Executing OCC strategy token: occ-backw-sub
c o [occ-backw-sub-long-w-long] rem cl: 0 tried: 1/1 (100.0%) T: 0.00 T-out: N T-r: 100.00%
c o --> Executing strategy token: must-renumber
c o [renumber] T: 0.00
c o [oracle-sparsify] done with 10 % oracle mems:     0 ccnr useful: 100.0% T: 0.0
c o [oracle-sparsify] done with 20 % oracle mems:     0 ccnr useful: 100.0% T: 0.0
c o [oracle-sparsify] done with 30 % oracle mems:     0 ccnr useful: 100.0% T: 0.0
c o [oracle-sparsify] done with 40 % oracle mems:     0 ccnr useful: 100.0% T: 0.0
c o [oracle-sparsify] done with 50 % oracle mems:     0 ccnr useful: 100.0% T: 0.0
c o [oracle-sparsify] done with 60 % oracle mems:     0 ccnr useful: 100.0% T: 0.0
c o [oracle-sparsify] done with 70 % oracle mems:     0 ccnr useful: 100.0% T: 0.0
c o [oracle-sparsify] done with 80 % oracle mems:     0 ccnr useful: 100.0% T: 0.0
c o [oracle-sparsify] done with 90 % oracle mems:     0 ccnr useful: 100.0% T: 0.0
c o [oracle-sparsify] removed: 0 of which bin: 0 tot considered: 102 ccnr useful: 102 oracle uknown: 0 cache useful: 0% learnt-units: 0 T: 0.00 buildT: 0.00
c o [consolidate] mini T: 0.00
c o global_timeout_multiplier: 0.1100
c o [branch] rebuilding order heap for all branchings. Current branching: vsids
c o Executing OCC strategy token(s): 'occ-bve,
c o [occ] mem usage for occur      0 MB
c o [occ] Linked in IRRED BIN by default: 101
c o [occ] Linked in RED   BIN by default: 0
c o [occ] mem usage for occur      0 MB
c o Mem for watch alloc    : 0           MB (0.06      %)
c o Mem for watch array    : 0           MB (0.04      %)
c o Executing OCC strategy token: occ-bve
c o [occ-empty-res] Empty resolvent elimed: 0 T: 0.00 T-out: N
c o [occ-bve] iter v-elim 0
c o cl_inc_rate=1.00, var_dec_rate=1.00 (grow=0)
c o Reduced to 67 vars, 102 cls (grow=0)
c o x n vars       : 67
c o #try to eliminate:     0
c o #var-elim        :     0
c o #T-o: N
c o #T-r: 100.00%
c o #T  : 0.00
c o [occur] 0.00 is overhead
c o [occur] link-in T: 0.00 cleanup T: 0.00
c o [occ-xor-bve] elimed: 0 T: 0.00 T-out: N
c o [consolidate] mini T: 0.00
c o global_timeout_multiplier: 0.1100
c o [branch] rebuilding order heap for all branchings. Current branching: vsids
c o --> Executing strategy token: must-scc-vrepl
c o [scc] new: 0 BP 0M T: 0.00
c o [vrep] vars 0 lits 0 rem-bin-cls 0 rem-long-cls 0 BP 0M T: 0.00
c o --> Executing strategy token: must-renumber
c o [renumber] T: 0.00
c o [consolidate] mini T: 0.00
c o global_timeout_multiplier: 0.1100
c o [branch] rebuilding order heap for all branchings. Current branching: vsids
c o [occ] mem usage for occur      0 MB
c o [occ] Linked in IRRED BIN by default: 101
c o [occ] Linked in RED   BIN by default: 0
c o [occ] mem usage for occur      0 MB
c o Mem for watch alloc    : 0           MB (0.06      %)
c o Mem for watch array    : 0           MB (0.04      %)
c o [empty] empty_occ: 2 T: 0.00
c o Executing OCC strategy token(s): 'occ-bve-empty,
c o [occ] mem usage for occur      0 MB
c o [occ] Linked in IRRED BIN by default: 101
c o [occ] Linked in RED   BIN by default: 0
c o [occ] mem usage for occur      0 MB
c o Mem for watch alloc    : 0           MB (0.06      %)
c o Mem for watch array    : 0           MB (0.04      %)
c o Executing OCC strategy token: occ-bve-empty
c o [occ-empty-res] Empty resolvent elimed: 2 T: 0.00 T-out: N
c o --> Executing strategy token: must-renumber
c o [renumber] T: 0.00
c o [consolidate] mini T: 0.00
c o global_timeout_multiplier: 0.1100
c o [branch] rebuilding order heap for all branchings. Current branching: vsids
c o [0m[puura] new_empty_sampl_vars size: 2[0m
c o [get-cnf] Checking for variables mapping to same new var to set AIG definitions...
c o solver orig num vars: 179 solver simp num vars: 65
c o [0m[31m[puura] Done. final vars: 65 final cls: 102 T: 0.00[0m
c o [0m[31m[autarky] Found autarkies: 0 autarky vars: 0 T-out: N T: 0.00[0m
c o --> Executing strategy token: must-scc-vrepl
c o [scc] new: 0 BP 0M T: 0.00
c o [vrep] vars 0 lits 0 rem-bin-cls 0 rem-long-cls 0 BP 0M T: 0.00
c o --> Executing strategy token: full-probe
c o [full-probe]  bin_only: 0 set: 0 repl: 0 T: 0.00 T-out: N T-r: 99.96%
c o --> Executing strategy token: sub-impl
c o [impl-sub] bin: 0 T: 0.00 T-out: N w-visit: 130
c o --> Executing strategy token: sub-cls-with-bin
c o [distill] watch-based irred--  cl tried        1 cl-sh     0 cl-rem    0 lit-rem      0 T: 0.00 T-out: N
c o [distill] watch-based   red--  cl tried        0 cl-sh     0 cl-rem    0 lit-rem      0 T: 0.00 T-out: N
c o --> Executing strategy token: distill-cls-onlyrem
c o [distill-long-irred] cls tried: 1/1 T: 0.00 T-out: N T-r: 100.00%
c o Executing OCC strategy token(s): 'occ-backw-sub,occ-resolv-subs,occ-rem-with-orgates,occ-ternary-res,
c o [occ] mem usage for occur      0 MB
c o [occ] Linked in IRRED BIN by default: 101
c o [occ] Linked in RED   BIN by default: 0
c o Mem for watch alloc    : 0           MB (0.03      %)
c o Mem for watch array    : 0           MB (0.05      %)
c o Executing OCC strategy token: occ-backw-sub
c o [occ-backw-sub-long-w-long] rem cl: 0 tried: 1/1 (100.0%) T: 0.00 T-out: N T-r: 100.00%
c o Executing OCC strategy token: occ-resolv-subs
c o [occ-resolv-subs] removed: 0 checked: 20 T: 0.0
c o Executing OCC strategy token: occ-rem-with-orgates
c o [occ-gates] found:     0 avg-s: 0.0 T: 0.00 T-out: N T-r: 99.94%
c o [occ-gate-based-lit-rem] lit-rem: 0 cl-rem: 0 T: 0.00 T-out: N
c o Executing OCC strategy token: occ-ternary-res
c o [occ-ternary-res] Ternary res-tri: 0 res-bin: 0 sub: 0 str: 0 T: 0.00 T-out: N T-r: 100.00%
c o --> Executing strategy token: must-scc-vrepl
c o [scc] new: 0 BP 0M T: 0.00
c o [vrep] vars 0 lits 0 rem-bin-cls 0 rem-long-cls 0 BP 0M T: 0.00
c o Executing OCC strategy token(s): 'occ-bve,
c o [occ] mem usage for occur      0 MB
c o [occ] Linked in IRRED BIN by default: 101
c o [occ] Linked in RED   BIN by default: 0
c o Mem for watch alloc    : 0           MB (0.03      %)
c o Mem for watch array    : 0           MB (0.05      %)
c o Executing OCC strategy token: occ-bve
c o [occ-empty-res] Empty resolvent elimed: 0 T: 0.00 T-out: N
c o [occ-bve] iter v-elim 0
c o cl_inc_rate=1.00, var_dec_rate=1.00 (grow=0)
c o Reduced to 65 vars, 102 cls (grow=0)
c o x n vars       : 65
c o #try to eliminate:     0
c o #var-elim        :     0
c o #T-o: N
c o #T-r: 100.00%
c o #T  : 0.00
c o [occur] 0.00 is overhead
c o [occur] link-in T: 0.00 cleanup T: 0.00
c o [occ-xor-bve] elimed: 0 T: 0.00 T-out: N
c o --> Executing strategy token: sub-impl
c o [impl-sub] bin: 0 T: 0.00 T-out: N w-visit: 130
c o --> Executing strategy token: distill-cls-onlyrem
c o [distill-long-irred] cls tried: 1/1 T: 0.00 T-out: N T-r: 100.00%
c o --> Executing strategy token: intree-probe
c o [scc] new: 0 BP 0M T: 0.00
c o [vrep] vars 0 lits 0 rem-bin-cls 0 rem-long-cls 0 BP 0M T: 0.00
c o [intree] Set 0 vars hyper-added: 0 trans-irred: 0 trans-red: 0 T: 0.00 T-out: N T-r: 0.01%
c o Executing OCC strategy token(s): 'occ-backw-sub-str,
c o [occ] mem usage for occur      0 MB
c o [occ] Linked in IRRED BIN by default: 101
c o [occ] Linked in RED   BIN by default: 0
c o Mem for watch alloc    : 0           MB (0.03      %)
c o Mem for watch array    : 0           MB (0.05      %)
c o Executing OCC strategy token: occ-backw-sub-str
c o [occ-backw-sub-str-long-w-bins] subs: 0 str: 0 tried: 101 0-depth ass: 0 T: 0.00 T-out: N T-r: 99.66%
c o [occ-backw-sub-long-w-long] rem cl: 0 tried: 1/1 (100.0%) T: 0.00 T-out: N T-r: 100.00%
c o [occ-backw-sub-str-long-w-long] sub: 0 str: 0 tried: 3/1 (300.0)  T: 0.00 T-out: N T-r: 100.00%
c o --> Executing strategy token: sub-str-cls-with-bin
c o [distill] watch-based irred--  cl tried        2 cl-sh     0 cl-rem    0 lit-rem      0 T: 0.00 T-out: N
c o [distill] watch-based   red--  cl tried        0 cl-sh     0 cl-rem    0 lit-rem      0 T: 0.00 T-out: N
c o --> Executing strategy token: clean-cls
c o --> Executing strategy token: distill-cls
c o [distill-long-irred] cls tried: 1/1 T: 0.00 T-out: N T-r: 100.00%
c o [distill-long-irred] cls tried: 1/1 T: 0.00 T-out: N T-r: 100.00%
c o --> Executing strategy token: distill-bins
c o [distill-bin] useful: 0/101/101 lits-rem: 0 cl-rem: 0 0-depth-assigns: 0 T: 0.00 T-out: N
c o [consolidate] mini T: 0.00
c o global_timeout_multiplier: 0.1100
c o [branch] rebuilding order heap for all branchings. Current branching: vsids
c o --> Executing strategy token: oracle-vivif-sparsify
c o --> Executing strategy token: must-renumber
c o [renumber] T: 0.00
c o [oracle-bin] potential pairs: 167 T: 0.0000
c o --> Executing strategy token: must-scc-vrepl
c o [scc] new: 0 BP 0M T: 0.00
c o [vrep] vars 0 lits 0 rem-bin-cls 0 rem-long-cls 0 BP 0M T: 0.00
c o [oracle-vivif] lits-rem: 0 learnt-units: 0 T-out: N T-remain: 99.9748% T: 0.00
c o [oracle-bin] bin-added: 101 equiv-added: 0 T-out: N T-remain: 97.90% T: 0.00
c o [oracle-vivif] cache usefulness: 62% total T: 0.00
c o --> Executing strategy token: sub-impl
c o [impl-sub] bin: 101 T: 0.00 T-out: N w-visit: 130
c o Executing OCC strategy token(s): 'occ-backw-sub,
c o [occ] mem usage for occur      0 MB
c o [occ] Linked in IRRED BIN by default: 101
c o [occ] Linked in RED   BIN by default: 0
c o Mem for watch alloc    : 0           MB (0.05      %)
c o Mem for watch array    : 0           MB (0.04      %)
c o Executing OCC strategy token: occ-backw-sub
c o [occ-backw-sub-long-w-long] rem cl: 0 tried: 1/1 (100.0%) T: 0.00 T-out: N T-r: 100.00%
c o --> Executing strategy token: must-renumber
c o [renumber] T: 0.00
c o [oracle-sparsify] done with 10 % oracle mems:     0 ccnr useful: 100.0% T: 0.0
c o [oracle-sparsify] done with 20 % oracle mems:     0 ccnr useful: 100.0% T: 0.0
c o [oracle-sparsify] done with 30 % oracle mems:     0 ccnr useful: 100.0% T: 0.0
c o [oracle-sparsify] done with 40 % oracle mems:     0 ccnr useful: 100.0% T: 0.0
c o [oracle-sparsify] done with 50 % oracle mems:     0 ccnr useful: 100.0% T: 0.0
c o [oracle-sparsify] done with 60 % oracle mems:     0 ccnr useful: 100.0% T: 0.0
c o [oracle-sparsify] done with 70 % oracle mems:     0 ccnr useful: 100.0% T: 0.0
c o [oracle-sparsify] done with 80 % oracle mems:     0 ccnr useful: 100.0% T: 0.0
c o [oracle-sparsify] done with 90 % oracle mems:     0 ccnr useful: 100.0% T: 0.0
c o [oracle-sparsify] removed: 0 of which bin: 0 tot considered: 102 ccnr useful: 102 oracle uknown: 0 cache useful: 0% learnt-units: 0 T: 0.00 buildT: 0.00
c o [consolidate] mini T: 0.00
c o global_timeout_multiplier: 0.1100
c o [branch] rebuilding order heap for all branchings. Current branching: vsids
c o --> Executing strategy token: must-scc-vrepl
c o [scc] new: 0 BP 0M T: 0.00
c o [vrep] vars 0 lits 0 rem-bin-cls 0 rem-long-cls 0 BP 0M T: 0.00
c o --> Executing strategy token: full-probe
c o [full-probe]  bin_only: 0 set: 0 repl: 0 T: 0.00 T-out: N T-r: 99.95%
c o --> Executing strategy token: sub-impl
c o [impl-sub] bin: 0 T: 0.00 T-out: N w-visit: 130
c o --> Executing strategy token: sub-cls-with-bin
c o [distill] watch-based irred--  cl tried        1 cl-sh     0 cl-rem    0 lit-rem      0 T: 0.00 T-out: N
c o [distill] watch-based   red--  cl tried        0 cl-sh     0 cl-rem    0 lit-rem      0 T: 0.00 T-out: N
c o --> Executing strategy token: distill-cls-onlyrem
c o [distill-long-irred] cls tried: 1/1 T: 0.00 T-out: N T-r: 100.00%
c o Executing OCC strategy token(s): 'occ-backw-sub,occ-resolv-subs,occ-rem-with-orgates,occ-ternary-res,
c o [occ] mem usage for occur      0 MB
c o [occ] Linked in IRRED BIN by default: 101
c o [occ] Linked in RED   BIN by default: 0
c o [occ] mem usage for occur      0 MB
c o Mem for watch alloc    : 0           MB (0.05      %)
c o Mem for watch array    : 0           MB (0.04      %)
c o Executing OCC strategy token: occ-backw-sub
c o [occ-backw-sub-long-w-long] rem cl: 0 tried: 1/1 (100.0%) T: 0.00 T-out: N T-r: 100.00%
c o Executing OCC strategy token: occ-resolv-subs
c o [occ-resolv-subs] removed: 0 checked: 20 T: 0.0
c o Executing OCC strategy token: occ-rem-with-orgates
c o [occ-gates] found:     0 avg-s: 0.0 T: 0.00 T-out: N T-r: 99.94%
c o [occ-gate-based-lit-rem] lit-rem: 0 cl-rem: 0 T: 0.00 T-out: N
c o Executing OCC strategy token: occ-ternary-res
c o [occ-ternary-res] Ternary res-tri: 0 res-bin: 0 sub: 0 str: 0 T: 0.00 T-out: N T-r: 100.00%
c o --> Executing strategy token: must-scc-vrepl
c o [scc] new: 0 BP 0M T: 0.00
c o [vrep] vars 0 lits 0 rem-bin-cls 0 rem-long-cls 0 BP 0M T: 0.00
c o Executing OCC strategy token(s): 'occ-bve,
c o [occ] mem usage for occur      0 MB
c o [occ] Linked in IRRED BIN by default: 101
c o [occ] Linked in RED   BIN by default: 0
c o [occ] mem usage for occur      0 MB
c o Mem for watch alloc    : 0           MB (0.05      %)
c o Mem for watch array    : 0           MB (0.04      %)
c o Executing OCC strategy token: occ-bve
c o [occ-empty-res] Empty resolvent elimed: 0 T: 0.00 T-out: N
c o [occ-bve] iter v-elim 0
c o cl_inc_rate=1.00, var_dec_rate=1.00 (grow=0)
c o Reduced to 65 vars, 102 cls (grow=0)
c o x n vars       : 65
c o #try to eliminate:     0
c o #var-elim        :     0
c o #T-o: N
c o #T-r: 100.00%
c o #T  : 0.00
c o [occur] 0.00 is overhead
c o [occur] link-in T: 0.00 cleanup T: 0.00
c o [occ-xor-bve] elimed: 0 T: 0.00 T-out: N
c o --> Executing strategy token: sub-impl
c o [impl-sub] bin: 0 T: 0.00 T-out: N w-visit: 130
c o --> Executing strategy token: distill-cls-onlyrem
c o [distill-long-irred] cls tried: 1/1 T: 0.00 T-out: N T-r: 100.00%
c o --> Executing strategy token: intree-probe
c o [scc] new: 0 BP 0M T: 0.00
c o [vrep] vars 0 lits 0 rem-bin-cls 0 rem-long-cls 0 BP 0M T: 0.00
c o [intree] Set 0 vars hyper-added: 0 trans-irred: 0 trans-red: 0 T: 0.00 T-out: N T-r: -0.00%
c o Executing OCC strategy token(s): 'occ-backw-sub-str,
c o [occ] mem usage for occur      0 MB
c o [occ] Linked in IRRED BIN by default: 101
c o [occ] Linked in RED   BIN by default: 0
c o [occ] mem usage for occur      0 MB
c o Mem for watch alloc    : 0           MB (0.05      %)
c o Mem for watch array    : 0           MB (0.04      %)
c o Executing OCC strategy token: occ-backw-sub-str
c o [occ-backw-sub-str-long-w-bins] subs: 0 str: 0 tried: 202 0-depth ass: 0 T: 0.00 T-out: N T-r: 99.66%
c o [occ-backw-sub-long-w-long] rem cl: 0 tried: 1/1 (100.0%) T: 0.00 T-out: N T-r: 100.00%
c o [occ-backw-sub-str-long-w-long] sub: 0 str: 0 tried: 3/1 (300.0)  T: 0.00 T-out: N T-r: 100.00%
c o --> Executing strategy token: sub-str-cls-with-bin
c o [distill] watch-based irred--  cl tried        2 cl-sh     0 cl-rem    0 lit-rem      0 T: 0.00 T-out: N
c o [distill] watch-based   red--  cl tried        0 cl-sh     0 cl-rem    0 lit-rem      0 T: 0.00 T-out: N
c o --> Executing strategy token: clean-cls
c o --> Executing strategy token: distill-cls
c o [distill-long-irred] cls tried: 1/1 T: 0.00 T-out: N T-r: 100.00%
c o [distill-long-irred] cls tried: 1/1 T: 0.00 T-out: N T-r: 100.00%
c o --> Executing strategy token: distill-bins
c o [distill-bin] useful: 0/101/101 lits-rem: 0 cl-rem: 0 0-depth-assigns: 0 T: 0.00 T-out: N
c o Executing OCC strategy token(s): 'occ-backw-sub,
c o [occ] mem usage for occur      0 MB
c o [occ] Linked in IRRED BIN by default: 101
c o [occ] Linked in RED   BIN by default: 0
c o [occ] mem usage for occur      0 MB
c o Mem for watch alloc    : 0           MB (0.05      %)
c o Mem for watch array    : 0           MB (0.04      %)
c o Executing OCC strategy token: occ-backw-sub
c o [occ-backw-sub-long-w-long] rem cl: 0 tried: 1/1 (100.0%) T: 0.00 T-out: N T-r: 100.00%
c o [consolidate] mini T: 0.00
c o global_timeout_multiplier: 0.1100
c o [branch] rebuilding order heap for all branchings. Current branching: vsids
c o --> Executing strategy token: oracle-vivif-fast
c o --> Executing strategy token: must-renumber
c o [renumber] T: 0.00
c o [oracle-bin] potential pairs: 167 T: 0.0000
c o --> Executing strategy token: must-scc-vrepl
c o [scc] new: 0 BP 0M T: 0.00
c o [vrep] vars 0 lits 0 rem-bin-cls 0 rem-long-cls 0 BP 0M T: 0.00
c o [oracle-vivif] lits-rem: 0 learnt-units: 0 T-out: N T-remain: 99.9245% T: 0.00
c o [oracle-bin] bin-added: 101 equiv-added: 0 T-out: N T-remain: 97.90% T: 0.00
c o [oracle-vivif] cache usefulness: 62% total T: 0.00
c o --> Executing strategy token: oracle-sparsify-fast
c o --> Executing strategy token: sub-impl
c o [impl-sub] bin: 101 T: 0.00 T-out: N w-visit: 130
c o Executing OCC strategy token(s): 'occ-backw-sub,
c o [occ] mem usage for occur      0 MB
c o [occ] Linked in IRRED BIN by default: 101
c o [occ] Linked in RED   BIN by default: 0
c o [occ] mem usage for occur      0 MB
c o Mem for watch alloc    : 0           MB (0.05      %)
c o Mem for watch array    : 0           MB (0.04      %)
c o Executing OCC strategy token: occ-backw-sub
c o [occ-backw-sub-long-w-long] rem cl: 0 tried: 1/1 (100.0%) T: 0.00 T-out: N T-r: 100.00%
c o --> Executing strategy token: must-renumber
c o [renumber] T: 0.00
c o [oracle-sparsify] done with 10 % oracle mems:     0 ccnr useful: 100.0% T: 0.0
c o [oracle-sparsify] done with 20 % oracle mems:     0 ccnr useful: 100.0% T: 0.0
c o [oracle-sparsify] done with 30 % oracle mems:     0 ccnr useful: 100.0% T: 0.0
c o [oracle-sparsify] done with 40 % oracle mems:     0 ccnr useful: 100.0% T: 0.0
c o [oracle-sparsify] done with 50 % oracle mems:     0 ccnr useful: 100.0% T: 0.0
c o [oracle-sparsify] done with 60 % oracle mems:     0 ccnr useful: 100.0% T: 0.0
c o [oracle-sparsify] done with 70 % oracle mems:     0 ccnr useful: 100.0% T: 0.0
c o [oracle-sparsify] done with 80 % oracle mems:     0 ccnr useful: 100.0% T: 0.0
c o [oracle-sparsify] done with 90 % oracle mems:     0 ccnr useful: 100.0% T: 0.0
c o [oracle-sparsify] removed: 0 of which bin: 0 tot considered: 102 ccnr useful: 102 oracle uknown: 0 cache useful: 0% learnt-units: 0 T: 0.00 buildT: 0.00
c o [consolidate] mini T: 0.00
c o global_timeout_multiplier: 0.1100
c o [branch] rebuilding order heap for all branchings. Current branching: vsids
c o Executing OCC strategy token(s): 'occ-bve,
c o [occ] mem usage for occur      0 MB
c o [occ] Linked in IRRED BIN by default: 101
c o [occ] Linked in RED   BIN by default: 0
c o [occ] mem usage for occur      0 MB
c o Mem for watch alloc    : 0           MB (0.05      %)
c o Mem for watch array    : 0           MB (0.04      %)
c o Executing OCC strategy token: occ-bve
c o [occ-empty-res] Empty resolvent elimed: 0 T: 0.00 T-out: N
c o [occ-bve] iter v-elim 0
c o cl_inc_rate=1.00, var_dec_rate=1.00 (grow=0)
c o Reduced to 65 vars, 102 cls (grow=0)
c o x n vars       : 65
c o #try to eliminate:     0
c o #var-elim        :     0
c o #T-o: N
c o #T-r: 100.00%
c o #T  : 0.00
c o [occur] 0.00 is overhead
c o [occur] link-in T: 0.00 cleanup T: 0.00
c o [occ-xor-bve] elimed: 0 T: 0.00 T-out: N
c o [consolidate] mini T: 0.00
c o global_timeout_multiplier: 0.1100
c o [branch] rebuilding order heap for all branchings. Current branching: vsids
c o --> Executing strategy token: must-scc-vrepl
c o [scc] new: 0 BP 0M T: 0.00
c o [vrep] vars 0 lits 0 rem-bin-cls 0 rem-long-cls 0 BP 0M T: 0.00
c o --> Executing strategy token: must-renumber
c o [renumber] T: 0.00
c o [consolidate] mini T: 0.00
c o global_timeout_multiplier: 0.1100
c o [branch] rebuilding order heap for all branchings. Current branching: vsids
c o [occ] mem usage for occur      0 MB
c o [occ] Linked in IRRED BIN by default: 101
c o [occ] Linked in RED   BIN by default: 0
c o [occ] mem usage for occur      0 MB
c o Mem for watch alloc    : 0           MB (0.05      %)
c o Mem for watch array    : 0           MB (0.04      %)
c o [empty] empty_occ: 0 T: 0.00
c o Executing OCC strategy token(s): 'occ-bve-empty,
c o [occ] mem usage for occur      0 MB
c o [occ] Linked in IRRED BIN by default: 101
c o [occ] Linked in RED   BIN by default: 0
c o [occ] mem usage for occur      0 MB
c o Mem for watch alloc    : 0           MB (0.05      %)
c o Mem for watch array    : 0           MB (0.04      %)
c o Executing OCC strategy token: occ-bve-empty
c o [occ-empty-res] Empty resolvent elimed: 0 T: 0.00 T-out: N
c o --> Executing strategy token: must-renumber
c o [renumber] T: 0.00
c o [consolidate] mini T: 0.00
c o global_timeout_multiplier: 0.1100
c o [branch] rebuilding order heap for all branchings. Current branching: vsids
c o [0m[puura] new_empty_sampl_vars size: 0[0m
c o [get-cnf] Checking for variables mapping to same new var to set AIG definitions...
c o solver orig num vars: 65 solver simp num vars: 65
c o [0m[31m[puura] Done. final vars: 65 final cls: 102 T: 0.00[0m
c o [0m[arjun-sbva] entering SBVA with     vars: 65      cls:   102 opt sampl: 65[0m
c o [0m[arjun-sbva] exited SBVA with       vars: 65      cls:   102[0m
c o [0m[arjun-sbva] K steps remaining: 978.92 T-out: No T: 0.00[0m
c o Arjun T: 0.01
c o Found 12 disconnected component(s)
c o [par] Using non-parallel counting
c o ind size: 12 nvars: 12
c o opt ind size: 12 ind size: 12 nvars: 12
c o Sampling set size: 12
c o Opt sampling set size: 12
c o Bin irred/red      26         0         
c o Long irred cls/tri 0          0         
c o Long red cls/tri   0          0         
c o [td] too many/few vars, not running TD
c o [rst-cube] Num restarts: 0 orig cubes this rst: 1 final cubes this rst: 1 total orig cubes: 1 total final cubes: 1
c o total time so far: 0.02
c o decisions K                    0         -- Kdec/s:     0.00     
c o conflicts                      0            -- confl/s:    0.00     
c o rem lits triedK/rem lits remK  0         0         
c o shrink tried/useful%/lits rem  0         0.0000    0         
c o avg clsz/rem lits avg/finalavg 0.0000    0.0000    0.0000   
c o rdbs/low lbd/rem               0     0      0     
c o looks/look-computes            0/0
c o sat call/sat/unsat/confl/rst  0     0     0     0     0     
c o buddy called /unsat ratio           0     / 0.0000 
c o buddy avg num bin/long cls/vs  0.0000 / 0.0000 / 0.0000
c o buddy max num bin/long cls/vs  0     / 0     / 0    
c o orig cubes/lit-r avg/exten avg 1     / 0.00  / 0.00 
c o cubes orig/symm/final          1     / 0     / 1    
c o cubes resolved/flp-removed     0     / 0    
c o tot restarts                   0    
c o comp sortsK/avg sz             0     / 1.00000000
c o comps recordK/non-reset ratio  0 / 0.68
c o vivif: try/cls/clviv/litsravg  0         0         0         0.00      
c o toplev subs runs/bins/long-cls 0         0         0         0         0         
c o toplevel probes/fail/bprop     0         0         0         
c o Mem used                       0.01 GB
c o cache pollutions call/removed  0/0
c o cache entries K                0
c o MB cache                       4.001
c o cache K (lookup/ stores/ hits/ dels) 0      0      0      0       -- Klookup/s:  0.00     
c o cache miss rate                1.000
c o avg hit/store num vars 0.000 / 7.000
c o 
c o intermediate count: 114
c o [par] Using non-parallel counting
c o ind size: 8 nvars: 8
c o opt ind size: 8 ind size: 8 nvars: 8
c o Sampling set size: 8
c o Opt sampling set size: 8
c o Bin irred/red      28         0         
c o Long irred cls/tri 0          0         
c o Long red cls/tri   0          0         
c o [rst-cube] Num restarts: 0 orig cubes this rst: 1 final cubes this rst: 1 total orig cubes: 1 total final cubes: 1
c o total time so far: 0.017
c o decisions K                    0         -- Kdec/s:     41.42    
c o conflicts                      0            -- confl/s:    0.00     
c o rem lits triedK/rem lits remK  0         0         
c o shrink tried/useful%/lits rem  0         0.0000    0         
c o avg clsz/rem lits avg/finalavg 0.0000    0.0000    0.0000   
c o rdbs/low lbd/rem               0     0      0     
c o looks/look-computes            0/0
c o sat call/sat/unsat/confl/rst  0     0     0     0     0     
c o buddy called /unsat ratio           0     / 0.0000 
c o buddy avg num bin/long cls/vs  0.0000 / 0.0000 / 0.0000
c o buddy max num bin/long cls/vs  0     / 0     / 0    
c o orig cubes/lit-r avg/exten avg 1     / 0.00  / 0.00 
c o cubes orig/symm/final          1     / 0     / 1    
c o cubes resolved/flp-removed     0     / 0    
c o tot restarts                   0    
c o comp sortsK/avg sz             0     / 1.00000000
c o comps recordK/non-reset ratio  0 / 0.78
c o vivif: try/cls/clviv/litsravg  0         0         0         0.00      
c o toplev subs runs/bins/long-cls 0         0         0         0         0         
c o toplevel probes/fail/bprop     0         0         0         
c o Mem used                       0.01 GB
c o cache pollutions call/removed  0/0
c o cache entries K                0
c o MB cache                       4.001
c o cache K (lookup/ stores/ hits/ dels) 0      0      0      0       -- Klookup/s:  33.49    
c o cache miss rate                1.000
c o avg hit/store num vars 0.000 / 5.667
c o 
c o intermediate count: 9
c o [par] Using non-parallel counting
c o ind size: 2 nvars: 2
c o opt ind size: 2 ind size: 2 nvars: 2
c o Sampling set size: 2
c o Opt sampling set size: 2
c o Bin irred/red      1          0         
c o Long irred cls/tri 0          0         
c o Long red cls/tri   0          0         
c o UIP search time        : 0.00        (0.02      % time)
c o restarts               : 4           (0.50      confls per restart)
c o blocked restarts       : 0           (0.00      per normal restart)
c o time                   : 0.00        
c o decisions              : 5           (0.00      % random)
c o propagations           : 8           (999K      props/s)
c o decisions/conflicts    : 2.50        
c o conflicts              : 2           
c o conf lits non-minim    : 1           (0.50      lit/confl)
c o conf lits final        : 0.50        
c o red which0             : 0           (0.00      % of confl)
c o props/decision         : 0.00        
c o props/conflict         : 0.00        
c o 0-depth assigns        : 2           (100.00    % vars)
c o 0-depth assigns by CNF : 0           (0.00      % vars)
c o reduceDB time          : 0.00        (0.00      % time)
c o OccSimplifier time     : 0.00        (0.00      % time)
c o [occur] 0.00 is overhead
c o [occur] link-in T: 0.00 cleanup T: 0.00
c o [occ-substr] long subBySub: 0 subByStr: 0 lits-rem-str: 0 T: 0.00
c o SCC time               : 0.00        (0.00      % time)
c o vrep replace time      : 0.00        (0.00      % time)
c o vrep tree roots        : 0           
c o vrep trees' crown      : 0           (0.00      leafs/tree)
c o distill long time      : 0.00        (0.00      % time)
c o distill bin time       : 0.00        (0.00      % time)
c o strength cache-irred time: 0.00        (0.00      % time)
c o strength cache-red time: 0.00        (0.00      % time)
c o avg cls in red 0       : 0.00        
c o avg cls in red 1       : 0.00        
c o avg cls in red 2       : 0.00        
c o Conflicts in UIP       : 2           (61.99     confl/time_this_thread)
c o Max Memory (rss) used  : 13196 kB    
c o Total time (this thread): 0.03        
c o intermediate count: 3
c o [par] Using non-parallel counting
c o ind size: 2 nvars: 2
c o opt ind size: 2 ind size: 2 nvars: 2
c o Sampling set size: 2
c o Opt sampling set size: 2
c o Bin irred/red               1          0
c o Long irred cls/tri          0          0
c o Long red cls/tri            0          0
c o UIP search time        : 0.00        (0.02      % time)
c o restarts               : 4           (0.50      confls per restart)
c o blocked restarts       : 0           (0.00      per normal restart)
c o time                   : 0.00        
c o decisions              : 5           (0.00      % random)
c o propagations           : 8           (1142K     props/s)
c o decisions/conflicts    : 2.50        
c o conflicts              : 2           
c o conf lits non-minim    : 1           (0.50      lit/confl)
c o conf lits final        : 0.50        
c o red which0             : 0           (0.00      % of confl)
c o props/decision         : 0.00        
c o props/conflict         : 0.00        
c o 0-depth assigns        : 2           (100.00    % vars)
c o 0-depth assigns by CNF : 0           (0.00      % vars)
c o reduceDB time          : 0.00        (0.00      % time)
c o OccSimplifier time     : 0.00        (0.00      % time)
c o [occur] 0.00 is overhead
c o [occur] link-in T: 0.00 cleanup T: 0.00
c o [occ-substr] long subBySub: 0 subByStr: 0 lits-rem-str: 0 T: 0.00
c o SCC time               : 0.00        (0.00      % time)
c o vrep replace time      : 0.00        (0.00      % time)
c o vrep tree roots        : 0           
c o vrep trees' crown      : 0           (0.00      leafs/tree)
c o distill long time      : 0.00        (0.00      % time)
c o distill bin time       : 0.00        (0.00      % time)
c o strength cache-irred time: 0.00        (0.00      % time)
c o strength cache-red time: 0.00        (0.00      % time)
c o avg cls in red 0       : 0.00        
c o avg cls in red 1       : 0.00        
c o avg cls in red 2       : 0.00        
c o Conflicts in UIP       : 2           (61.54     confl/time_this_thread)
c o Max Memory (rss) used  : 13196 kB    
c o Total time (this thread): 0.03        
c o intermediate count: 3
c o [par] Using non-parallel counting
c o ind size: 4 nvars: 4
c o opt ind size: 4 ind size: 4 nvars: 4
c o Sampling set size: 4
c o Opt sampling set size: 4
c o Bin irred/red               6          0
c o Long irred cls/tri          0          0
c o Long red cls/tri            0          0
c o UIP search time        : 0.00        (0.02      % time)
c o restarts               : 6           (0.83      confls per restart)
c o blocked restarts       : 0           (0.00      per normal restart)
c o time                   : 0.00        
c o decisions              : 17          (0.00      % random)
c o propagations           : 27          (5399K     props/s)
c o decisions/conflicts    : 3.40        
c o conflicts              : 5           
c o conf lits non-minim    : 9           (1.80      lit/confl)
c o conf lits final        : 1.60        
c o red which0             : 1           (20.00     % of confl)
c o props/decision         : 0.00        
c o props/conflict         : 0.00        
c o 0-depth assigns        : 4           (100.00    % vars)
c o 0-depth assigns by CNF : 0           (0.00      % vars)
c o reduceDB time          : 0.00        (0.00      % time)
c o OccSimplifier time     : 0.00        (0.00      % time)
c o [occur] 0.00 is overhead
c o [occur] link-in T: 0.00 cleanup T: 0.00
c o [occ-substr] long subBySub: 0 subByStr: 0 lits-rem-str: 0 T: 0.00
c o SCC time               : 0.00        (0.00      % time)
c o vrep replace time      : 0.00        (0.00      % time)
c o vrep tree roots        : 0           
c o vrep trees' crown      : 0           (0.00      leafs/tree)
c o distill long time      : 0.00        (0.00      % time)
c o distill bin time       : 0.00        (0.00      % time)
c o strength cache-irred time: 0.00        (0.00      % time)
c o strength cache-red time: 0.00        (0.00      % time)
c o avg cls in red 0       : 0.80        
c o avg cls in red 1       : 0.00        
c o avg cls in red 2       : 0.00        
c o Conflicts in UIP       : 5           (152.68    confl/time_this_thread)
c o Max Memory (rss) used  : 13196 kB    
c o Total time (this thread): 0.03        
c o intermediate count: 5
c o [par] Using non-parallel counting
c o ind size: 3 nvars: 3
c o opt ind size: 3 ind size: 3 nvars: 3
c o Sampling set size: 3
c o Opt sampling set size: 3
c o Bin irred/red               3          0
c o Long irred cls/tri          0          0
c o Long red cls/tri            0          0
c o UIP search time        : 0.00        (0.00      % time)
c o restarts               : 5           (0.60      confls per restart)
c o blocked restarts       : 0           (0.00      per normal restart)
c o time                   : 0.00        
c o decisions              : 10          (0.00      % random)
c o propagations           : 16          (0         props/s)
c o decisions/conflicts    : 3.33        
c o conflicts              : 3           
c o conf lits non-minim    : 3           (1.00      lit/confl)
c o conf lits final        : 1.00        
c o red which0             : 0           (0.00      % of confl)
c o props/decision         : 0.00        
c o props/conflict         : 0.00        
c o 0-depth assigns        : 3           (100.00    % vars)
c o 0-depth assigns by CNF : 0           (0.00      % vars)
c o reduceDB time          : 0.00        (0.00      % time)
c o OccSimplifier time     : 0.00        (0.00      % time)
c o [occur] 0.00 is overhead
c o [occur] link-in T: 0.00 cleanup T: 0.00
c o [occ-substr] long subBySub: 0 subByStr: 0 lits-rem-str: 0 T: 0.00
c o SCC time               : 0.00        (0.00      % time)
c o vrep replace time      : 0.00        (0.00      % time)
c o vrep tree roots        : 0           
c o vrep trees' crown      : 0           (0.00      leafs/tree)
c o distill long time      : 0.00        (0.00      % time)
c o distill bin time       : 0.00        (0.00      % time)
c o strength cache-irred time: 0.00        (0.00      % time)
c o strength cache-red time: 0.00        (0.00      % time)
c o avg cls in red 0       : 0.00        
c o avg cls in red 1       : 0.00        
c o avg cls in red 2       : 0.00        
c o Conflicts in UIP       : 3           (90.96     confl/time_this_thread)
c o Max Memory (rss) used  : 13196 kB    
c o Total time (this thread): 0.03        
c o intermediate count: 4
c o [par] Using non-parallel counting
c o ind size: 4 nvars: 4
c o opt ind size: 4 ind size: 4 nvars: 4
c o Sampling set size: 4
c o Opt sampling set size: 4
c o Bin irred/red               4          0
c o Long irred cls/tri          0          0
c o Long red cls/tri            0          0
c o UIP search time        : 0.00        (0.00      % time)
c o restarts               : 7           (0.57      confls per restart)
c o blocked restarts       : 0           (0.00      per normal restart)
c o time                   : 0.00        
c o decisions              : 16          (0.00      % random)
c o propagations           : 28          (0         props/s)
c o decisions/conflicts    : 4.00        
c o conflicts              : 4           
c o conf lits non-minim    : 5           (1.25      lit/confl)
c o conf lits final        : 1.25        
c o red which0             : 0           (0.00      % of confl)
c o props/decision         : 0.00        
c o props/conflict         : 0.00        
c o 0-depth assigns        : 4           (100.00    % vars)
c o 0-depth assigns by CNF : 0           (0.00      % vars)
c o reduceDB time          : 0.00        (0.00      % time)
c o OccSimplifier time     : 0.00        (0.00      % time)
c o [occur] 0.00 is overhead
c o [occur] link-in T: 0.00 cleanup T: 0.00
c o [occ-substr] long subBySub: 0 subByStr: 0 lits-rem-str: 0 T: 0.00
c o SCC time               : 0.00        (0.00      % time)
c o vrep replace time      : 0.00        (0.00      % time)
c o vrep tree roots        : 0           
c o vrep trees' crown      : 0           (0.00      leafs/tree)
c o distill long time      : 0.00        (0.00      % time)
c o distill bin time       : 0.00        (0.00      % time)
c o strength cache-irred time: 0.00        (0.00      % time)
c o strength cache-red time: 0.00        (0.00      % time)
c o avg cls in red 0       : 0.00        
c o avg cls in red 1       : 0.00        
c o avg cls in red 2       : 0.00        
c o Conflicts in UIP       : 4           (120.35    confl/time_this_thread)
c o Max Memory (rss) used  : 13196 kB    
c o Total time (this thread): 0.03        
c o intermediate count: 7
c o [par] Using non-parallel counting
c o ind size: 2 nvars: 2
c o opt ind size: 2 ind size: 2 nvars: 2
c o Sampling set size: 2
c o Opt sampling set size: 2
c o Bin irred/red               1          0
c o Long irred cls/tri          0          0
c o Long red cls/tri            0          0
c o UIP search time        : 0.00        (0.00      % time)
c o restarts               : 4           (0.50      confls per restart)
c o blocked restarts       : 0           (0.00      per normal restart)
c o time                   : 0.00        
c o decisions              : 5           (0.00      % random)
c o propagations           : 8           (0         props/s)
c o decisions/conflicts    : 2.50        
c o conflicts              : 2           
c o conf lits non-minim    : 1           (0.50      lit/confl)
c o conf lits final        : 0.50        
c o red which0             : 0           (0.00      % of confl)
c o props/decision         : 0.00        
c o props/conflict         : 0.00        
c o 0-depth assigns        : 2           (100.00    % vars)
c o 0-depth assigns by CNF : 0           (0.00      % vars)
c o reduceDB time          : 0.00        (0.00      % time)
c o OccSimplifier time     : 0.00        (0.00      % time)
c o [occur] 0.00 is overhead
c o [occur] link-in T: 0.00 cleanup T: 0.00
c o [occ-substr] long subBySub: 0 subByStr: 0 lits-rem-str: 0 T: 0.00
c o SCC time               : 0.00        (0.00      % time)
c o vrep replace time      : 0.00        (0.00      % time)
c o vrep tree roots        : 0           
c o vrep trees' crown      : 0           (0.00      leafs/tree)
c o distill long time      : 0.00        (0.00      % time)
c o distill bin time       : 0.00        (0.00      % time)
c o strength cache-irred time: 0.00        (0.00      % time)
c o strength cache-red time: 0.00        (0.00      % time)
c o avg cls in red 0       : 0.00        
c o avg cls in red 1       : 0.00        
c o avg cls in red 2       : 0.00        
c o Conflicts in UIP       : 2           (59.78     confl/time_this_thread)
c o Max Memory (rss) used  : 13196 kB    
c o Total time (this thread): 0.03        
c o intermediate count: 3
c o [par] Using non-parallel counting
c o ind size: 8 nvars: 8
c o opt ind size: 8 ind size: 8 nvars: 8
c o Sampling set size: 8
c o Opt sampling set size: 8
c o Bin irred/red              18          0
c o Long irred cls/tri          0          0
c o Long red cls/tri            0          0
c o [rst-cube] Num restarts: 0 orig cubes this rst: 1 final cubes this rst: 1 total orig cubes: 1 total final cubes: 1
c o total time so far: 0.02
c o decisions K                    0         -- Kdec/s:     12.61    
c o conflicts                      0            -- confl/s:    0.00     
c o rem lits triedK/rem lits remK  0         0         
c o shrink tried/useful%/lits rem  0         0.0000    0         
c o avg clsz/rem lits avg/finalavg 0.0000    0.0000    0.0000   
c o rdbs/low lbd/rem               0     0      0     
c o looks/look-computes            0/0
c o sat call/sat/unsat/confl/rst  0     0     0     0     0     
c o buddy called /unsat ratio           0     / 0.0000 
c o buddy avg num bin/long cls/vs  0.0000 / 0.0000 / 0.0000
c o buddy max num bin/long cls/vs  0     / 0     / 0    
c o orig cubes/lit-r avg/exten avg 1     / 0.00  / 0.00 
c o cubes orig/symm/final          1     / 0     / 1    
c o cubes resolved/flp-removed     0     / 0    
c o tot restarts                   0    
c o comp sortsK/avg sz             0     / 1.00000000
c o comps recordK/non-reset ratio  0 / 0.69
c o vivif: try/cls/clviv/litsravg  0         0         0         0.00      
c o toplev subs runs/bins/long-cls 0         0         0         0         0         
c o toplevel probes/fail/bprop     0         0         0         
c o Mem used                       0.01 GB
c o cache pollutions call/removed  0/0
c o cache entries K                0
c o MB cache                       4.001
c o cache K (lookup/ stores/ hits/ dels) 0      0      0      0       -- Klookup/s:  10.87    
c o cache miss rate                1.000
c o avg hit/store num vars 0.000 / 5.000
c o 
c o intermediate count: 9
c o [par] Using non-parallel counting
c o ind size: 5 nvars: 5
c o opt ind size: 5 ind size: 5 nvars: 5
c o Sampling set size: 5
c o Opt sampling set size: 5
c o Bin irred/red      10         0         
c o Long irred cls/tri 0          0         
c o Long red cls/tri   0          0         
c o UIP search time        : 0.00        (0.08      % time)
c o restarts               : 7           (0.86      confls per restart)
c o blocked restarts       : 0           (0.00      per normal restart)
c o time                   : 0.00        
c o decisions              : 24          (0.00      % random)
c o propagations           : 39          (1444K     props/s)
c o decisions/conflicts    : 4.00        
c o conflicts              : 6           
c o conf lits non-minim    : 14          (2.33      lit/confl)
c o conf lits final        : 1.83        
c o red which0             : 0           (0.00      % of confl)
c o props/decision         : 0.00        
c o props/conflict         : 0.00        
c o 0-depth assigns        : 5           (100.00    % vars)
c o 0-depth assigns by CNF : 0           (0.00      % vars)
c o reduceDB time          : 0.00        (0.00      % time)
c o OccSimplifier time     : 0.00        (0.00      % time)
c o [occur] 0.00 is overhead
c o [occur] link-in T: 0.00 cleanup T: 0.00
c o [occ-substr] long subBySub: 0 subByStr: 0 lits-rem-str: 0 T: 0.00
c o SCC time               : 0.00        (0.00      % time)
c o vrep replace time      : 0.00        (0.00      % time)
c o vrep tree roots        : 0           
c o vrep trees' crown      : 0           (0.00      leafs/tree)
c o distill long time      : 0.00        (0.00      % time)
c o distill bin time       : 0.00        (0.00      % time)
c o strength cache-irred time: 0.00        (0.00      % time)
c o strength cache-red time: 0.00        (0.00      % time)
c o avg cls in red 0       : 0.00        
c o avg cls in red 1       : 0.83        
c o avg cls in red 2       : 0.00        
c o Conflicts in UIP       : 6           (174.79    confl/time_this_thread)
c o Max Memory (rss) used  : 13196 kB    
c o Total time (this thread): 0.03        
c o intermediate count: 6
c o [par] Using non-parallel counting
c o ind size: 3 nvars: 3
c o opt ind size: 3 ind size: 3 nvars: 3
c o Sampling set size: 3
c o Opt sampling set size: 3
c o Bin irred/red               3          0
c o Long irred cls/tri          0          0
c o Long red cls/tri            0          0
c o UIP search time        : 0.00        (0.05      % time)
c o restarts               : 5           (0.60      confls per restart)
c o blocked restarts       : 0           (0.00      per normal restart)
c o time                   : 0.00        
c o decisions              : 10          (0.00      % random)
c o propagations           : 16          (842K      props/s)
c o decisions/conflicts    : 3.33        
c o conflicts              : 3           
c o conf lits non-minim    : 3           (1.00      lit/confl)
c o conf lits final        : 1.00        
c o red which0             : 0           (0.00      % of confl)
c o props/decision         : 0.00        
c o props/conflict         : 0.00        
c o 0-depth assigns        : 3           (100.00    % vars)
c o 0-depth assigns by CNF : 0           (0.00      % vars)
c o reduceDB time          : 0.00        (0.00      % time)
c o OccSimplifier time     : 0.00        (0.00      % time)
c o [occur] 0.00 is overhead
c o [occur] link-in T: 0.00 cleanup T: 0.00
c o [occ-substr] long subBySub: 0 subByStr: 0 lits-rem-str: 0 T: 0.00
c o SCC time               : 0.00        (0.00      % time)
c o vrep replace time      : 0.00        (0.00      % time)
c o vrep tree roots        : 0           
c o vrep trees' crown      : 0           (0.00      leafs/tree)
c o distill long time      : 0.00        (0.00      % time)
c o distill bin time       : 0.00        (0.00      % time)
c o strength cache-irred time: 0.00        (0.00      % time)
c o strength cache-red time: 0.00        (0.00      % time)
c o avg cls in red 0       : 0.00        
c o avg cls in red 1       : 0.00        
c o avg cls in red 2       : 0.00        
c o Conflicts in UIP       : 3           (86.80     confl/time_this_thread)
c o Max Memory (rss) used  : 13196 kB    
c o Total time (this thread): 0.03        
c o intermediate count: 4
c o [par] Using non-parallel counting
c o ind size: 12 nvars: 12
c o opt ind size: 12 ind size: 12 nvars: 12
c o Sampling set size: 12
c o Opt sampling set size: 12
c o Bin irred/red               0          0
c o Long irred cls/tri          1          0
c o Long red cls/tri            0          0
c o [td] too many/few vars, not running TD
c o [rst-cube] Num restarts: 0 orig cubes this rst: 1 final cubes this rst: 1 total orig cubes: 1 total final cubes: 1
c o total time so far: 0.02
c o decisions K                    0         -- Kdec/s:     20.37    
c o conflicts                      0            -- confl/s:    0.00     
c o rem lits triedK/rem lits remK  0         0         
c o shrink tried/useful%/lits rem  0         0.0000    0         
c o avg clsz/rem lits avg/finalavg 0.0000    0.0000    0.0000   
c o rdbs/low lbd/rem               0     0      0     
c o looks/look-computes            0/0
c o sat call/sat/unsat/confl/rst  0     0     0     0     0     
c o buddy called /unsat ratio           0     / 0.0000 
c o buddy avg num bin/long cls/vs  0.0000 / 0.0000 / 0.0000
c o buddy max num bin/long cls/vs  0     / 0     / 0    
c o orig cubes/lit-r avg/exten avg 1     / 0.00  / 0.00 
c o cubes orig/symm/final          1     / 0     / 1    
c o cubes resolved/flp-removed     0     / 0    
c o tot restarts                   0    
c o comp sortsK/avg sz             0     / 1.00000000
c o comps recordK/non-reset ratio  0 / 0.92
c o vivif: try/cls/clviv/litsravg  0         0         0         0.00      
c o toplev subs runs/bins/long-cls 0         0         0         0         0         
c o toplevel probes/fail/bprop     0         0         0         
c o Mem used                       0.01 GB
c o cache pollutions call/removed  0/0
c o cache entries K                0
c o MB cache                       4.001
c o cache K (lookup/ stores/ hits/ dels) 0      0      0      0       -- Klookup/s:  19.00    
c o cache miss rate                1.000
c o avg hit/store num vars 0.000 / 7.769
c o 
c o intermediate count: 4095
c o Total time [Arjun+GANAK]: 0.02
s SATISFIABLE
c s type pmc
c s log10-estimate 2.27703667e+01
c s exact arb int 58934102002479031910400
c s pac guarantees epsilon: 0 delta: 0
