{"case": "additional-01", "method": "bucket_min_fill", "repeat": 0, "status": "refused"}
{"case": "additional-01", "method": "array_min_fill", "repeat": 0, "status": "refused"}
{"case": "additional-01", "method": "cudd_natural", "repeat": 0, "status": "complete"}
{"case": "additional-01", "method": "cudd_dynamic", "repeat": 0, "status": "complete"}
{"case": "additional-01", "method": "simplified_bucket", "repeat": 0, "status": "refused"}
{"case": "additional-01", "method": "simplified_bucket", "repeat": 1, "status": "refused"}
{"case": "additional-01", "method": "cudd_dynamic", "repeat": 1, "status": "complete"}
{"case": "additional-01", "method": "cudd_natural", "repeat": 1, "status": "complete"}
{"case": "additional-01", "method": "array_min_fill", "repeat": 1, "status": "refused"}
{"case": "additional-01", "method": "bucket_min_fill", "repeat": 1, "status": "refused"}
{"case": "additional-01", "method": "bucket_min_fill", "repeat": 2, "status": "refused"}
{"case": "additional-01", "method": "array_min_fill", "repeat": 2, "status": "refused"}
{"case": "additional-01", "method": "cudd_natural", "repeat": 2, "status": "complete"}
{"case": "additional-01", "method": "cudd_dynamic", "repeat": 2, "status": "complete"}
{"case": "additional-01", "method": "simplified_bucket", "repeat": 2, "status": "refused"}
{"case": "additional-02", "method": "bucket_min_fill", "repeat": 0, "status": "complete"}
{"case": "additional-02", "method": "array_min_fill", "repeat": 0, "status": "complete"}
{"case": "additional-02", "method": "cudd_natural", "repeat": 0, "status": "complete"}
{"case": "additional-02", "method": "cudd_dynamic", "repeat": 0, "status": "complete"}
{"case": "additional-02", "method": "simplified_bucket", "repeat": 0, "status": "complete"}
{"case": "additional-02", "method": "simplified_bucket", "repeat": 1, "status": "complete"}
{"case": "additional-02", "method": "cudd_dynamic", "repeat": 1, "status": "complete"}
{"case": "additional-02", "method": "cudd_natural", "repeat": 1, "status": "complete"}
{"case": "additional-02", "method": "array_min_fill", "repeat": 1, "status": "complete"}
{"case": "additional-02", "method": "bucket_min_fill", "repeat": 1, "status": "complete"}
{"case": "additional-02", "method": "bucket_min_fill", "repeat": 2, "status": "complete"}
{"case": "additional-02", "method": "array_min_fill", "repeat": 2, "status": "complete"}
{"case": "additional-02", "method": "cudd_natural", "repeat": 2, "status": "complete"}
{"case": "additional-02", "method": "cudd_dynamic", "repeat": 2, "status": "complete"}
{"case": "additional-02", "method": "simplified_bucket", "repeat": 2, "status": "complete"}
{"case": "additional-03", "method": "bucket_min_fill", "repeat": 0, "status": "refused"}
{"case": "additional-03", "method": "array_min_fill", "repeat": 0, "status": "refused"}
{"case": "additional-03", "method": "cudd_natural", "repeat": 0, "status": "complete"}
{"case": "additional-03", "method": "cudd_dynamic", "repeat": 0, "status": "complete"}
{"case": "additional-03", "method": "simplified_bucket", "repeat": 0, "status": "refused"}
{"case": "additional-03", "method": "simplified_bucket", "repeat": 1, "status": "refused"}
{"case": "additional-03", "method": "cudd_dynamic", "repeat": 1, "status": "complete"}
{"case": "additional-03", "method": "cudd_natural", "repeat": 1, "status": "complete"}
{"case": "additional-03", "method": "array_min_fill", "repeat": 1, "status": "refused"}
{"case": "additional-03", "method": "bucket_min_fill", "repeat": 1, "status": "refused"}
{"case": "additional-03", "method": "bucket_min_fill", "repeat": 2, "status": "refused"}
{"case": "additional-03", "method": "array_min_fill", "repeat": 2, "status": "refused"}
{"case": "additional-03", "method": "cudd_natural", "repeat": 2, "status": "complete"}
{"case": "additional-03", "method": "cudd_dynamic", "repeat": 2, "status": "complete"}
{"case": "additional-03", "method": "simplified_bucket", "repeat": 2, "status": "refused"}
{"case": "additional-04", "method": "bucket_min_fill", "repeat": 0, "status": "refused"}
{"case": "additional-04", "method": "array_min_fill", "repeat": 0, "status": "refused"}
{"case": "additional-04", "method": "cudd_natural", "repeat": 0, "status": "failed"}
{"case": "additional-04", "method": "cudd_dynamic", "repeat": 0, "status": "complete"}
{"case": "additional-04", "method": "simplified_bucket", "repeat": 0, "status": "refused"}
{"case": "additional-04", "method": "simplified_bucket", "repeat": 1, "status": "refused"}
{"case": "additional-04", "method": "cudd_dynamic", "repeat": 1, "status": "complete"}
{"case": "additional-04", "method": "cudd_natural", "repeat": 1, "status": "failed"}
{"case": "additional-04", "method": "array_min_fill", "repeat": 1, "status": "refused"}
{"case": "additional-04", "method": "bucket_min_fill", "repeat": 1, "status": "refused"}
{"case": "additional-04", "method": "bucket_min_fill", "repeat": 2, "status": "refused"}
{"case": "additional-04", "method": "array_min_fill", "repeat": 2, "status": "refused"}
{"case": "additional-04", "method": "cudd_natural", "repeat": 2, "status": "failed"}
{"case": "additional-04", "method": "cudd_dynamic", "repeat": 2, "status": "complete"}
{"case": "additional-04", "method": "simplified_bucket", "repeat": 2, "status": "refused"}
{"case": "additional-05", "method": "bucket_min_fill", "repeat": 0, "status": "refused"}
{"case": "additional-05", "method": "array_min_fill", "repeat": 0, "status": "refused"}
{"case": "additional-05", "method": "cudd_natural", "repeat": 0, "status": "failed"}
{"case": "additional-05", "method": "cudd_dynamic", "repeat": 0, "status": "timeout"}
{"case": "additional-05", "method": "simplified_bucket", "repeat": 0, "status": "refused"}
{"case": "additional-05", "method": "simplified_bucket", "repeat": 1, "status": "refused"}
{"case": "additional-05", "method": "cudd_dynamic", "repeat": 1, "status": "timeout"}
{"case": "additional-05", "method": "cudd_natural", "repeat": 1, "status": "failed"}
{"case": "additional-05", "method": "array_min_fill", "repeat": 1, "status": "refused"}
{"case": "additional-05", "method": "bucket_min_fill", "repeat": 1, "status": "refused"}
{"case": "additional-05", "method": "bucket_min_fill", "repeat": 2, "status": "refused"}
{"case": "additional-05", "method": "array_min_fill", "repeat": 2, "status": "refused"}
{"case": "additional-05", "method": "cudd_natural", "repeat": 2, "status": "failed"}
{"case": "additional-05", "method": "cudd_dynamic", "repeat": 2, "status": "timeout"}
{"case": "additional-05", "method": "simplified_bucket", "repeat": 2, "status": "refused"}
{"case": "additional-06", "method": "bucket_min_fill", "repeat": 0, "status": "refused"}
{"case": "additional-06", "method": "array_min_fill", "repeat": 0, "status": "refused"}
{"case": "additional-06", "method": "cudd_natural", "repeat": 0, "status": "failed"}
{"case": "additional-06", "method": "cudd_dynamic", "repeat": 0, "status": "timeout"}
{"case": "additional-06", "method": "simplified_bucket", "repeat": 0, "status": "refused"}
{"case": "additional-06", "method": "simplified_bucket", "repeat": 1, "status": "refused"}
{"case": "additional-06", "method": "cudd_dynamic", "repeat": 1, "status": "timeout"}
{"case": "additional-06", "method": "cudd_natural", "repeat": 1, "status": "failed"}
{"case": "additional-06", "method": "array_min_fill", "repeat": 1, "status": "refused"}
{"case": "additional-06", "method": "bucket_min_fill", "repeat": 1, "status": "refused"}
{"case": "additional-06", "method": "bucket_min_fill", "repeat": 2, "status": "refused"}
{"case": "additional-06", "method": "array_min_fill", "repeat": 2, "status": "refused"}
{"case": "additional-06", "method": "cudd_natural", "repeat": 2, "status": "timeout"}
{"case": "additional-06", "method": "cudd_dynamic", "repeat": 2, "status": "timeout"}
{"case": "additional-06", "method": "simplified_bucket", "repeat": 2, "status": "refused"}
{"case": "additional-07", "method": "bucket_min_fill", "repeat": 0, "status": "refused"}
{"case": "additional-07", "method": "array_min_fill", "repeat": 0, "status": "refused"}
{"case": "additional-07", "method": "cudd_natural", "repeat": 0, "status": "failed"}
{"case": "additional-07", "method": "cudd_dynamic", "repeat": 0, "status": "timeout"}
{"case": "additional-07", "method": "simplified_bucket", "repeat": 0, "status": "refused"}
{"case": "additional-07", "method": "simplified_bucket", "repeat": 1, "status": "refused"}
{"case": "additional-07", "method": "cudd_dynamic", "repeat": 1, "status": "timeout"}
{"case": "additional-07", "method": "cudd_natural", "repeat": 1, "status": "failed"}
{"case": "additional-07", "method": "array_min_fill", "repeat": 1, "status": "refused"}
{"case": "additional-07", "method": "bucket_min_fill", "repeat": 1, "status": "refused"}
{"case": "additional-07", "method": "bucket_min_fill", "repeat": 2, "status": "refused"}
{"case": "additional-07", "method": "array_min_fill", "repeat": 2, "status": "refused"}
{"case": "additional-07", "method": "cudd_natural", "repeat": 2, "status": "failed"}
{"case": "additional-07", "method": "cudd_dynamic", "repeat": 2, "status": "timeout"}
{"case": "additional-07", "method": "simplified_bucket", "repeat": 2, "status": "refused"}
{"case": "additional-08", "method": "bucket_min_fill", "repeat": 0, "status": "refused"}
{"case": "additional-08", "method": "array_min_fill", "repeat": 0, "status": "refused"}
{"case": "additional-08", "method": "cudd_natural", "repeat": 0, "status": "complete"}
{"case": "additional-08", "method": "cudd_dynamic", "repeat": 0, "status": "complete"}
{"case": "additional-08", "method": "simplified_bucket", "repeat": 0, "status": "refused"}
{"case": "additional-08", "method": "simplified_bucket", "repeat": 1, "status": "refused"}
{"case": "additional-08", "method": "cudd_dynamic", "repeat": 1, "status": "complete"}
{"case": "additional-08", "method": "cudd_natural", "repeat": 1, "status": "complete"}
{"case": "additional-08", "method": "array_min_fill", "repeat": 1, "status": "refused"}
{"case": "additional-08", "method": "bucket_min_fill", "repeat": 1, "status": "refused"}
{"case": "additional-08", "method": "bucket_min_fill", "repeat": 2, "status": "refused"}
{"case": "additional-08", "method": "array_min_fill", "repeat": 2, "status": "refused"}
{"case": "additional-08", "method": "cudd_natural", "repeat": 2, "status": "complete"}
{"case": "additional-08", "method": "cudd_dynamic", "repeat": 2, "status": "complete"}
{"case": "additional-08", "method": "simplified_bucket", "repeat": 2, "status": "refused"}
{"case": "additional-09", "method": "bucket_min_fill", "repeat": 0, "status": "refused"}
{"case": "additional-09", "method": "array_min_fill", "repeat": 0, "status": "refused"}
{"case": "additional-09", "method": "cudd_natural", "repeat": 0, "status": "failed"}
{"case": "additional-09", "method": "cudd_dynamic", "repeat": 0, "status": "timeout"}
{"case": "additional-09", "method": "simplified_bucket", "repeat": 0, "status": "refused"}
{"case": "additional-09", "method": "simplified_bucket", "repeat": 1, "status": "refused"}
{"case": "additional-09", "method": "cudd_dynamic", "repeat": 1, "status": "timeout"}
{"case": "additional-09", "method": "cudd_natural", "repeat": 1, "status": "failed"}
{"case": "additional-09", "method": "array_min_fill", "repeat": 1, "status": "refused"}
{"case": "additional-09", "method": "bucket_min_fill", "repeat": 1, "status": "refused"}
{"case": "additional-09", "method": "bucket_min_fill", "repeat": 2, "status": "refused"}
{"case": "additional-09", "method": "array_min_fill", "repeat": 2, "status": "refused"}
{"case": "additional-09", "method": "cudd_natural", "repeat": 2, "status": "failed"}
{"case": "additional-09", "method": "cudd_dynamic", "repeat": 2, "status": "timeout"}
{"case": "additional-09", "method": "simplified_bucket", "repeat": 2, "status": "refused"}
