{"case": "additional-03", "method": "g3", "repeat": 0, "wall_s": 0.2646749261766672, "status": "complete", "satisfiable": false, "elapsed_ns": 65545502}
{"case": "additional-03", "method": "m22", "repeat": 0, "wall_s": 0.2646441049873829, "status": "complete", "satisfiable": false, "elapsed_ns": 47843308}
{"case": "additional-05", "method": "g3", "repeat": 0, "wall_s": 0.26500632520765066, "status": "complete", "satisfiable": true, "elapsed_ns": 26206477}
{"case": "additional-05", "method": "m22", "repeat": 0, "wall_s": 0.2147812321782112, "status": "complete", "satisfiable": true, "elapsed_ns": 10851557}
{"case": "additional-06", "method": "g3", "repeat": 0, "wall_s": 0.21477137226611376, "status": "complete", "satisfiable": true, "elapsed_ns": 9546571}
{"case": "additional-06", "method": "m22", "repeat": 0, "wall_s": 0.21509394003078341, "status": "complete", "satisfiable": true, "elapsed_ns": 9204432}
{"case": "additional-09", "method": "g3", "repeat": 0, "wall_s": 0.2646581162698567, "status": "complete", "satisfiable": false, "elapsed_ns": 33025343}
{"case": "additional-09", "method": "m22", "repeat": 0, "wall_s": 0.2646679449826479, "status": "complete", "satisfiable": false, "elapsed_ns": 32264092}
{"case": "independent-01", "method": "bucket_natural", "repeat": 0, "wall_s": 0.21454103477299213, "status": "refused", "reason": "input clause width exceeds limit", "admission_ns": 4319848}
{"case": "independent-01", "method": "bucket_min_fill", "repeat": 0, "wall_s": 0.21460684714838862, "status": "refused", "reason": "input clause width exceeds limit", "admission_ns": 4328458}
{"case": "independent-01", "method": "array_min_fill", "repeat": 0, "wall_s": 0.21473988005891442, "status": "refused", "reason": "input clause width exceeds limit", "admission_ns": 4321788}
{"case": "independent-01", "method": "cudd_natural", "repeat": 0, "wall_s": 29.88121023820713, "status": "failed", "exit_code": 1}
{"case": "independent-01", "method": "cudd_dynamic", "repeat": 0, "wall_s": 1.5689166318625212, "status": "complete", "setup_ns": 1304902845, "query_ns": 6835536, "warm_ns": 5850249, "cleanup_ns": 11437013, "total_ns": 1323175394, "peak_rss_bytes": 58707968}
{"case": "independent-01", "method": "cudd_dynamic", "repeat": 1, "wall_s": 1.5170521042309701, "status": "complete", "setup_ns": 1290130530, "query_ns": 6686972, "warm_ns": 5893481, "cleanup_ns": 11697500, "total_ns": 1308515002, "peak_rss_bytes": 58744832}
{"case": "independent-01", "method": "cudd_natural", "repeat": 1, "wall_s": 29.932174591347575, "status": "failed", "exit_code": 1}
{"case": "independent-01", "method": "array_min_fill", "repeat": 1, "wall_s": 0.21472776029258966, "status": "refused", "reason": "input clause width exceeds limit", "admission_ns": 4320318}
{"case": "independent-01", "method": "bucket_min_fill", "repeat": 1, "wall_s": 0.21458020713180304, "status": "refused", "reason": "input clause width exceeds limit", "admission_ns": 4313268}
{"case": "independent-01", "method": "bucket_natural", "repeat": 1, "wall_s": 0.21467431914061308, "status": "refused", "reason": "input clause width exceeds limit", "admission_ns": 4333248}
{"case": "independent-01", "method": "bucket_natural", "repeat": 2, "wall_s": 0.214465853292495, "status": "refused", "reason": "input clause width exceeds limit", "admission_ns": 4327358}
{"case": "independent-01", "method": "bucket_min_fill", "repeat": 2, "wall_s": 0.21464207768440247, "status": "refused", "reason": "input clause width exceeds limit", "admission_ns": 4311458}
{"case": "independent-01", "method": "array_min_fill", "repeat": 2, "wall_s": 0.21467346930876374, "status": "refused", "reason": "input clause width exceeds limit", "admission_ns": 4340589}
{"case": "independent-01", "method": "cudd_natural", "repeat": 2, "wall_s": 30.031558748334646, "status": "timeout", "limit_s": 30}
{"case": "independent-01", "method": "cudd_dynamic", "repeat": 2, "wall_s": 1.5166320018470287, "status": "complete", "setup_ns": 1295128827, "query_ns": 6753745, "warm_ns": 5851340, "cleanup_ns": 11890645, "total_ns": 1313773217, "peak_rss_bytes": 58638336}
{"case": "independent-02", "method": "bucket_natural", "repeat": 0, "wall_s": 0.21462559839710593, "status": "refused", "reason": "input clause width exceeds limit", "admission_ns": 8663977}
{"case": "independent-02", "method": "bucket_min_fill", "repeat": 0, "wall_s": 0.21466295793652534, "status": "refused", "reason": "input clause width exceeds limit", "admission_ns": 8579105}
{"case": "independent-02", "method": "array_min_fill", "repeat": 0, "wall_s": 0.21452580485492945, "status": "refused", "reason": "input clause width exceeds limit", "admission_ns": 8860122}
{"case": "independent-02", "method": "cudd_natural", "repeat": 0, "wall_s": 30.036457791924477, "status": "timeout", "limit_s": 30}
{"case": "independent-02", "method": "cudd_dynamic", "repeat": 0, "wall_s": 29.310145375784487, "status": "complete", "setup_ns": 28958455531, "query_ns": 68549854, "warm_ns": 29085205, "cleanup_ns": 15866124, "total_ns": 29042871509, "peak_rss_bytes": 62836736}
{"case": "independent-02", "method": "cudd_dynamic", "repeat": 1, "wall_s": 29.461838752031326, "status": "complete", "setup_ns": 29130337290, "query_ns": 65641124, "warm_ns": 28936241, "cleanup_ns": 12508632, "total_ns": 29208487046, "peak_rss_bytes": 62832640}
{"case": "independent-02", "method": "cudd_natural", "repeat": 1, "wall_s": 30.033392248209566, "status": "timeout", "limit_s": 30}
{"case": "independent-02", "method": "array_min_fill", "repeat": 1, "wall_s": 0.21471827011555433, "status": "refused", "reason": "input clause width exceeds limit", "admission_ns": 8754289}
{"case": "independent-02", "method": "bucket_min_fill", "repeat": 1, "wall_s": 0.21462124725803733, "status": "refused", "reason": "input clause width exceeds limit", "admission_ns": 8669047}
{"case": "independent-02", "method": "bucket_natural", "repeat": 1, "wall_s": 0.21469088969752192, "status": "refused", "reason": "input clause width exceeds limit", "admission_ns": 8764490}
{"case": "independent-02", "method": "bucket_natural", "repeat": 2, "wall_s": 0.21474738093093038, "status": "refused", "reason": "input clause width exceeds limit", "admission_ns": 8815061}
{"case": "independent-02", "method": "bucket_min_fill", "repeat": 2, "wall_s": 0.21468559931963682, "status": "refused", "reason": "input clause width exceeds limit", "admission_ns": 8595005}
{"case": "independent-02", "method": "array_min_fill", "repeat": 2, "wall_s": 0.21477589197456837, "status": "refused", "reason": "input clause width exceeds limit", "admission_ns": 8817401}
{"case": "independent-02", "method": "cudd_natural", "repeat": 2, "wall_s": 30.0365822147578, "status": "timeout", "limit_s": 30}
{"case": "independent-02", "method": "cudd_dynamic", "repeat": 2, "wall_s": 29.612505330704153, "status": "complete", "setup_ns": 29286114448, "query_ns": 66601831, "warm_ns": 28686024, "cleanup_ns": 15156274, "total_ns": 29367872553, "peak_rss_bytes": 62803968}
{"case": "independent-03", "method": "bucket_natural", "repeat": 0, "wall_s": 0.21453540492802858, "status": "refused", "reason": "input clause width exceeds limit", "admission_ns": 13727655}
{"case": "independent-03", "method": "bucket_min_fill", "repeat": 0, "wall_s": 0.21453123539686203, "status": "refused", "reason": "input clause width exceeds limit", "admission_ns": 13450828}
{"case": "independent-03", "method": "array_min_fill", "repeat": 0, "wall_s": 0.21457481617107987, "status": "refused", "reason": "input clause width exceeds limit", "admission_ns": 13557721}
{"case": "independent-03", "method": "cudd_natural", "repeat": 0, "wall_s": 30.034586919937283, "status": "timeout", "limit_s": 30}
{"case": "independent-03", "method": "cudd_dynamic", "repeat": 0, "wall_s": 30.009895535185933, "status": "timeout", "limit_s": 30}
{"case": "independent-03", "method": "cudd_dynamic", "repeat": 1, "wall_s": 30.00997167825699, "status": "timeout", "limit_s": 30}
{"case": "independent-03", "method": "cudd_natural", "repeat": 1, "wall_s": 30.036861813161522, "status": "timeout", "limit_s": 30}
{"case": "independent-03", "method": "array_min_fill", "repeat": 1, "wall_s": 0.2147751310840249, "status": "refused", "reason": "input clause width exceeds limit", "admission_ns": 13481179}
{"case": "independent-03", "method": "bucket_min_fill", "repeat": 1, "wall_s": 0.2145538260228932, "status": "refused", "reason": "input clause width exceeds limit", "admission_ns": 13353775}
{"case": "independent-03", "method": "bucket_natural", "repeat": 1, "wall_s": 0.21466980874538422, "status": "refused", "reason": "input clause width exceeds limit", "admission_ns": 13347115}
{"case": "independent-03", "method": "bucket_natural", "repeat": 2, "wall_s": 0.21451259357854724, "status": "refused", "reason": "input clause width exceeds limit", "admission_ns": 13254123}
{"case": "independent-03", "method": "bucket_min_fill", "repeat": 2, "wall_s": 0.2146395482122898, "status": "refused", "reason": "input clause width exceeds limit", "admission_ns": 13415366}
{"case": "independent-03", "method": "array_min_fill", "repeat": 2, "wall_s": 0.21468590898439288, "status": "refused", "reason": "input clause width exceeds limit", "admission_ns": 13303273}
{"case": "independent-03", "method": "cudd_natural", "repeat": 2, "wall_s": 30.03416640870273, "status": "timeout", "limit_s": 30}
{"case": "independent-03", "method": "cudd_dynamic", "repeat": 2, "wall_s": 30.009725209791213, "status": "timeout", "limit_s": 30}
{"case": "independent-07", "method": "bucket_natural", "repeat": 0, "wall_s": 0.26478559896349907, "status": "refused", "reason": "input clause width exceeds limit", "admission_ns": 52919907}
{"case": "independent-07", "method": "bucket_min_fill", "repeat": 0, "wall_s": 0.26484466111287475, "status": "refused", "reason": "input clause width exceeds limit", "admission_ns": 52480235}
{"case": "independent-07", "method": "array_min_fill", "repeat": 0, "wall_s": 0.2647816389799118, "status": "refused", "reason": "input clause width exceeds limit", "admission_ns": 53589145}
{"case": "independent-07", "method": "cudd_natural", "repeat": 0, "wall_s": 5.874972885008901, "status": "failed", "exit_code": 1}
{"case": "independent-07", "method": "cudd_dynamic", "repeat": 0, "wall_s": 30.009558856021613, "status": "timeout", "limit_s": 30}
{"case": "independent-07", "method": "cudd_dynamic", "repeat": 1, "wall_s": 30.00992968585342, "status": "timeout", "limit_s": 30}
{"case": "independent-07", "method": "cudd_natural", "repeat": 1, "wall_s": 6.075269861146808, "status": "failed", "exit_code": 1}
{"case": "independent-07", "method": "array_min_fill", "repeat": 1, "wall_s": 0.2647787188179791, "status": "refused", "reason": "input clause width exceeds limit", "admission_ns": 53040960}
{"case": "independent-07", "method": "bucket_min_fill", "repeat": 1, "wall_s": 0.2648847117088735, "status": "refused", "reason": "input clause width exceeds limit", "admission_ns": 53033620}
{"case": "independent-07", "method": "bucket_natural", "repeat": 1, "wall_s": 0.2657684050500393, "status": "refused", "reason": "input clause width exceeds limit", "admission_ns": 52995749}
{"case": "independent-07", "method": "bucket_natural", "repeat": 2, "wall_s": 0.26471763709560037, "status": "refused", "reason": "input clause width exceeds limit", "admission_ns": 54181871}
{"case": "independent-07", "method": "bucket_min_fill", "repeat": 2, "wall_s": 0.26489380188286304, "status": "refused", "reason": "input clause width exceeds limit", "admission_ns": 53685458}
{"case": "independent-07", "method": "array_min_fill", "repeat": 2, "wall_s": 0.26491721300408244, "status": "refused", "reason": "input clause width exceeds limit", "admission_ns": 52789574}
{"case": "independent-07", "method": "cudd_natural", "repeat": 2, "wall_s": 6.025951331946999, "status": "failed", "exit_code": 1}
{"case": "independent-07", "method": "cudd_dynamic", "repeat": 2, "wall_s": 30.009448014199734, "status": "timeout", "limit_s": 30}
{"case": "independent-08", "method": "bucket_natural", "repeat": 0, "wall_s": 0.21480100182816386, "status": "refused", "reason": "basis width exceeds limit", "admission_ns": 2335424}
{"case": "independent-08", "method": "bucket_min_fill", "repeat": 0, "wall_s": 0.21487443521618843, "status": "refused", "reason": "basis width exceeds limit", "admission_ns": 2225551}
{"case": "independent-08", "method": "array_min_fill", "repeat": 0, "wall_s": 0.2147361496463418, "status": "refused", "reason": "basis width exceeds limit", "admission_ns": 2349914}
{"case": "independent-08", "method": "cudd_natural", "repeat": 0, "wall_s": 26.167225983925164, "status": "failed", "exit_code": 1}
{"case": "independent-08", "method": "cudd_dynamic", "repeat": 0, "wall_s": 30.01318823779002, "status": "timeout", "limit_s": 30}
{"case": "independent-08", "method": "cudd_dynamic", "repeat": 1, "wall_s": 30.01305439416319, "status": "timeout", "limit_s": 30}
{"case": "independent-08", "method": "cudd_natural", "repeat": 1, "wall_s": 24.514808944426477, "status": "failed", "exit_code": 1}
{"case": "independent-08", "method": "array_min_fill", "repeat": 1, "wall_s": 0.21458164602518082, "status": "refused", "reason": "basis width exceeds limit", "admission_ns": 2190320}
{"case": "independent-08", "method": "bucket_min_fill", "repeat": 1, "wall_s": 0.2147047882899642, "status": "refused", "reason": "basis width exceeds limit", "admission_ns": 2175630}
{"case": "independent-08", "method": "bucket_natural", "repeat": 1, "wall_s": 0.21477832086384296, "status": "refused", "reason": "basis width exceeds limit", "admission_ns": 2180380}
{"case": "independent-08", "method": "bucket_natural", "repeat": 2, "wall_s": 0.21508789900690317, "status": "refused", "reason": "basis width exceeds limit", "admission_ns": 2259472}
{"case": "independent-08", "method": "bucket_min_fill", "repeat": 2, "wall_s": 0.21478438982740045, "status": "refused", "reason": "basis width exceeds limit", "admission_ns": 2161799}
{"case": "independent-08", "method": "array_min_fill", "repeat": 2, "wall_s": 0.21473862882703543, "status": "refused", "reason": "basis width exceeds limit", "admission_ns": 2162549}
{"case": "independent-08", "method": "cudd_natural", "repeat": 2, "wall_s": 24.021342243999243, "status": "failed", "exit_code": 1}
{"case": "independent-08", "method": "cudd_dynamic", "repeat": 2, "wall_s": 30.012882308103144, "status": "timeout", "limit_s": 30}
{"case": "independent-09", "method": "bucket_natural", "repeat": 0, "wall_s": 0.214710989035666, "status": "refused", "reason": "basis width exceeds limit", "admission_ns": 2326583}
{"case": "independent-09", "method": "bucket_min_fill", "repeat": 0, "wall_s": 0.21473844908177853, "status": "refused", "reason": "basis width exceeds limit", "admission_ns": 2248172}
{"case": "independent-09", "method": "array_min_fill", "repeat": 0, "wall_s": 0.2148075308650732, "status": "refused", "reason": "basis width exceeds limit", "admission_ns": 2286892}
{"case": "independent-09", "method": "cudd_natural", "repeat": 0, "wall_s": 23.96014882810414, "status": "failed", "exit_code": 1}
{"case": "independent-09", "method": "cudd_dynamic", "repeat": 0, "wall_s": 30.009816185571253, "status": "timeout", "limit_s": 30}
{"case": "independent-09", "method": "cudd_dynamic", "repeat": 1, "wall_s": 30.01004572212696, "status": "timeout", "limit_s": 30}
{"case": "independent-09", "method": "cudd_natural", "repeat": 1, "wall_s": 23.619554252829403, "status": "failed", "exit_code": 1}
{"case": "independent-09", "method": "array_min_fill", "repeat": 1, "wall_s": 0.21470032865181565, "status": "refused", "reason": "basis width exceeds limit", "admission_ns": 2258372}
{"case": "independent-09", "method": "bucket_min_fill", "repeat": 1, "wall_s": 0.21459860634058714, "status": "refused", "reason": "basis width exceeds limit", "admission_ns": 2226241}
{"case": "independent-09", "method": "bucket_natural", "repeat": 1, "wall_s": 0.2147024879232049, "status": "refused", "reason": "basis width exceeds limit", "admission_ns": 2240471}
{"case": "independent-09", "method": "bucket_natural", "repeat": 2, "wall_s": 0.21475099911913276, "status": "refused", "reason": "basis width exceeds limit", "admission_ns": 2348415}
{"case": "independent-09", "method": "bucket_min_fill", "repeat": 2, "wall_s": 0.21457668533548713, "status": "refused", "reason": "basis width exceeds limit", "admission_ns": 2265022}
{"case": "independent-09", "method": "array_min_fill", "repeat": 2, "wall_s": 0.21463798684999347, "status": "refused", "reason": "basis width exceeds limit", "admission_ns": 2270343}
{"case": "independent-09", "method": "cudd_natural", "repeat": 2, "wall_s": 23.92110292892903, "status": "failed", "exit_code": 1}
{"case": "independent-09", "method": "cudd_dynamic", "repeat": 2, "wall_s": 30.01003456208855, "status": "timeout", "limit_s": 30}
