{"case": "independent-01", "method": "bucket_min_fill", "repeat": 0, "status": "refused"}
{"case": "independent-01", "method": "array_min_fill", "repeat": 0, "status": "refused"}
{"case": "independent-01", "method": "cudd_natural", "repeat": 0, "status": "timeout"}
{"case": "independent-01", "method": "cudd_dynamic", "repeat": 0, "status": "complete"}
{"case": "independent-01", "method": "simplified_bucket", "repeat": 0, "status": "refused"}
{"case": "independent-01", "method": "simplified_bucket", "repeat": 1, "status": "refused"}
{"case": "independent-01", "method": "cudd_dynamic", "repeat": 1, "status": "complete"}
{"case": "independent-01", "method": "cudd_natural", "repeat": 1, "status": "timeout"}
{"case": "independent-01", "method": "array_min_fill", "repeat": 1, "status": "refused"}
{"case": "independent-01", "method": "bucket_min_fill", "repeat": 1, "status": "refused"}
{"case": "independent-01", "method": "bucket_min_fill", "repeat": 2, "status": "refused"}
{"case": "independent-01", "method": "array_min_fill", "repeat": 2, "status": "refused"}
{"case": "independent-01", "method": "cudd_natural", "repeat": 2, "status": "timeout"}
{"case": "independent-01", "method": "cudd_dynamic", "repeat": 2, "status": "complete"}
{"case": "independent-01", "method": "simplified_bucket", "repeat": 2, "status": "refused"}
{"case": "independent-02", "method": "bucket_min_fill", "repeat": 0, "status": "refused"}
{"case": "independent-02", "method": "array_min_fill", "repeat": 0, "status": "refused"}
{"case": "independent-02", "method": "cudd_natural", "repeat": 0, "status": "timeout"}
{"case": "independent-02", "method": "cudd_dynamic", "repeat": 0, "status": "complete"}
{"case": "independent-02", "method": "simplified_bucket", "repeat": 0, "status": "refused"}
{"case": "independent-02", "method": "simplified_bucket", "repeat": 1, "status": "refused"}
{"case": "independent-02", "method": "cudd_dynamic", "repeat": 1, "status": "complete"}
{"case": "independent-02", "method": "cudd_natural", "repeat": 1, "status": "timeout"}
{"case": "independent-02", "method": "array_min_fill", "repeat": 1, "status": "refused"}
{"case": "independent-02", "method": "bucket_min_fill", "repeat": 1, "status": "refused"}
{"case": "independent-02", "method": "bucket_min_fill", "repeat": 2, "status": "refused"}
{"case": "independent-02", "method": "array_min_fill", "repeat": 2, "status": "refused"}
{"case": "independent-02", "method": "cudd_natural", "repeat": 2, "status": "timeout"}
{"case": "independent-02", "method": "cudd_dynamic", "repeat": 2, "status": "complete"}
{"case": "independent-02", "method": "simplified_bucket", "repeat": 2, "status": "refused"}
{"case": "independent-03", "method": "bucket_min_fill", "repeat": 0, "status": "refused"}
{"case": "independent-03", "method": "array_min_fill", "repeat": 0, "status": "refused"}
{"case": "independent-03", "method": "cudd_natural", "repeat": 0, "status": "timeout"}
{"case": "independent-03", "method": "cudd_dynamic", "repeat": 0, "status": "timeout"}
{"case": "independent-03", "method": "simplified_bucket", "repeat": 0, "status": "refused"}
{"case": "independent-03", "method": "simplified_bucket", "repeat": 1, "status": "refused"}
{"case": "independent-03", "method": "cudd_dynamic", "repeat": 1, "status": "timeout"}
{"case": "independent-03", "method": "cudd_natural", "repeat": 1, "status": "timeout"}
{"case": "independent-03", "method": "array_min_fill", "repeat": 1, "status": "refused"}
{"case": "independent-03", "method": "bucket_min_fill", "repeat": 1, "status": "refused"}
{"case": "independent-03", "method": "bucket_min_fill", "repeat": 2, "status": "refused"}
{"case": "independent-03", "method": "array_min_fill", "repeat": 2, "status": "refused"}
{"case": "independent-03", "method": "cudd_natural", "repeat": 2, "status": "timeout"}
{"case": "independent-03", "method": "cudd_dynamic", "repeat": 2, "status": "timeout"}
{"case": "independent-03", "method": "simplified_bucket", "repeat": 2, "status": "refused"}
{"case": "independent-07", "method": "bucket_min_fill", "repeat": 0, "status": "refused"}
{"case": "independent-07", "method": "array_min_fill", "repeat": 0, "status": "refused"}
{"case": "independent-07", "method": "cudd_natural", "repeat": 0, "status": "failed"}
{"case": "independent-07", "method": "cudd_dynamic", "repeat": 0, "status": "timeout"}
{"case": "independent-07", "method": "simplified_bucket", "repeat": 0, "status": "refused"}
{"case": "independent-07", "method": "simplified_bucket", "repeat": 1, "status": "refused"}
{"case": "independent-07", "method": "cudd_dynamic", "repeat": 1, "status": "timeout"}
{"case": "independent-07", "method": "cudd_natural", "repeat": 1, "status": "failed"}
{"case": "independent-07", "method": "array_min_fill", "repeat": 1, "status": "refused"}
{"case": "independent-07", "method": "bucket_min_fill", "repeat": 1, "status": "refused"}
{"case": "independent-07", "method": "bucket_min_fill", "repeat": 2, "status": "refused"}
{"case": "independent-07", "method": "array_min_fill", "repeat": 2, "status": "refused"}
{"case": "independent-07", "method": "cudd_natural", "repeat": 2, "status": "failed"}
{"case": "independent-07", "method": "cudd_dynamic", "repeat": 2, "status": "timeout"}
{"case": "independent-07", "method": "simplified_bucket", "repeat": 2, "status": "refused"}
{"case": "independent-08", "method": "bucket_min_fill", "repeat": 0, "status": "refused"}
{"case": "independent-08", "method": "array_min_fill", "repeat": 0, "status": "refused"}
{"case": "independent-08", "method": "cudd_natural", "repeat": 0, "status": "timeout"}
{"case": "independent-08", "method": "cudd_dynamic", "repeat": 0, "status": "timeout"}
{"case": "independent-08", "method": "simplified_bucket", "repeat": 0, "status": "refused"}
{"case": "independent-08", "method": "simplified_bucket", "repeat": 1, "status": "refused"}
{"case": "independent-08", "method": "cudd_dynamic", "repeat": 1, "status": "timeout"}
{"case": "independent-08", "method": "cudd_natural", "repeat": 1, "status": "failed"}
{"case": "independent-08", "method": "array_min_fill", "repeat": 1, "status": "refused"}
{"case": "independent-08", "method": "bucket_min_fill", "repeat": 1, "status": "refused"}
{"case": "independent-08", "method": "bucket_min_fill", "repeat": 2, "status": "refused"}
{"case": "independent-08", "method": "array_min_fill", "repeat": 2, "status": "refused"}
{"case": "independent-08", "method": "cudd_natural", "repeat": 2, "status": "failed"}
{"case": "independent-08", "method": "cudd_dynamic", "repeat": 2, "status": "timeout"}
{"case": "independent-08", "method": "simplified_bucket", "repeat": 2, "status": "refused"}
{"case": "independent-09", "method": "bucket_min_fill", "repeat": 0, "status": "refused"}
{"case": "independent-09", "method": "array_min_fill", "repeat": 0, "status": "refused"}
{"case": "independent-09", "method": "cudd_natural", "repeat": 0, "status": "failed"}
{"case": "independent-09", "method": "cudd_dynamic", "repeat": 0, "status": "timeout"}
{"case": "independent-09", "method": "simplified_bucket", "repeat": 0, "status": "refused"}
{"case": "independent-09", "method": "simplified_bucket", "repeat": 1, "status": "refused"}
{"case": "independent-09", "method": "cudd_dynamic", "repeat": 1, "status": "timeout"}
{"case": "independent-09", "method": "cudd_natural", "repeat": 1, "status": "failed"}
{"case": "independent-09", "method": "array_min_fill", "repeat": 1, "status": "refused"}
{"case": "independent-09", "method": "bucket_min_fill", "repeat": 1, "status": "refused"}
{"case": "independent-09", "method": "bucket_min_fill", "repeat": 2, "status": "refused"}
{"case": "independent-09", "method": "array_min_fill", "repeat": 2, "status": "refused"}
{"case": "independent-09", "method": "cudd_natural", "repeat": 2, "status": "failed"}
{"case": "independent-09", "method": "cudd_dynamic", "repeat": 2, "status": "timeout"}
{"case": "independent-09", "method": "simplified_bucket", "repeat": 2, "status": "refused"}
