c [D4] Competition version
c [INITIAL INPUT] [4m[32mStatistics about the input formula[0m
c [INITIAL INPUT] Number of variables: 432
c [INITIAL INPUT] Number of clauses: 1374
c [INITIAL INPUT] Number of unit clauses: 8
c [INITIAL INPUT] Number of binary clauses: 127
c [INITIAL INPUT] Number of ternary clauses: 861
c [INITIAL INPUT] Number of clauses larger than 3: 378
c [INITIAL INPUT] Number of literals: 4444
c
c [D4] Run the projected model counter
c [PREPROC MANAGER] Option PreprocManager: preproc(basic) input type(dimacs cnf)
c [MAIN PREPROCESSED INPUT] [4m[32mStatistics about the preprocessed formula[0m
c [PREPROCESSED INPUT] Number of variables: 432
c [PREPROCESSED INPUT] Number of clauses: 1374
c [PREPROCESSED INPUT] Number of unit clauses: 8
c [PREPROCESSED INPUT] Number of binary clauses: 127
c [PREPROCESSED INPUT] Number of ternary clauses: 861
c [PREPROCESSED INPUT] Number of clauses larger than 3: 378
c [PREPROCESSED INPUT] Number of literals: 4444
c
c
c [PROJECTED VARIABLES] list: 5 6 7 8 9 10 11 12 13 14 15 16 17 18 19 20 124 125 126 127 128 129 130 131 132 133 134 135 136 137 138 139 227 228 229 230 231 232 233 234 235 236 237 238 239 240 241 242 330 331 332 333 334 335 336 337 338 339 340 341 342 343 344 345 432 
c
c [DPLL STYLE METHOD] Option DPLL-style Method: exploit-model(1) 
c [WRAPPER SOLVER] Option Solver: solver name(glucose cnf)
c [GLUCOSE SOLVER] Init phase
c [SPEC MANAGER] Option Formula Manager: update mode(dynamicBlockedSimp)
c [SPEC MANAGER] DYN with blocked clause elimination
c [SPEC MANAGER] Number of clauses removed at the beginning: 182
c [MODE] Projected we can only use the classical heuristic
c [BRANCHING HEURISTIC] Option Branching Heuristic: scoring method(vsads) phase heuristic(polarity) reverse phase (0) freq-decay (2048) branching heuristic (classic)
c [CACHE CLEANING MANAGER]  Option CacheCleaningManager: cleaning strategy(none) 
c [BUCKET MANAGER]  Option BucketManager: storage(not-touched)  representation(clause)  size_first_page(4294967296) size_additional_page(536870912)
c [CACHE LIST CONSTRUCTOR]
c [OPERATION MANAGER] Operator option: operator type(counting)
c
c [DPLL STYLE METHOD] Exploitation models: 1
c Warm start process (11): 27/29
c --------------------------------------------------------------------------------------------------------
c |        time|     #posHit|     #negHit|      memory|      #split|     mem(MB)|  #dec. Node|     #models|
c --------------------------------------------------------------------------------------------------------
c |        0.38|        5920|        8644|     3228894|         444|     4128.80|        8201|           0|
time: 0.103564/6.19998e-05  number: 16378/6
c |        0.77|       11986|       17318|     6660635|         927|     4129.57|       16393|           0|
time: 0.209335/6.19998e-05  number: 32762/6
c |        1.16|       17963|       26015|    10190028|        1431|     4130.21|       24585|           0|
time: 0.315843/6.19998e-05  number: 49146/6
c |        1.56|       23913|       34721|    13725508|        1941|     4130.86|       32780|           0|
time: 0.423214/6.19998e-05  number: 65530/6
c |        1.95|       29970|       43425|    17247084|        2454|     4131.50|       40972|           0|
time: 0.528689/6.19998e-05  number: 81914/6
c |        2.35|       35859|       52124|    20698722|        2961|     4132.15|       49164|           0|
time: 0.633872/6.19998e-05  number: 98298/6
c |        2.72|       41916|       60783|    23951550|        3429|     4132.92|       57355|           0|
time: 0.738085/0.00129129  number: 114551/137
c |        3.12|       48080|       69482|    27396975|        3942|     4133.57|       65543|           0|
time: 0.847451/0.00134755  number: 130929/143
c |        3.52|       54253|       78186|    30905195|        4449|     4134.21|       73738|           0|
time: 0.95734/0.00136949  number: 147311/145
c |        3.93|       60620|       86888|    34483966|        4959|     4134.97|       81930|           0|
time: 1.06756/0.00136949  number: 163695/145
c |        4.33|       66938|       95607|    38082156|        5487|     4135.61|       90120|           0|
time: 1.17806/0.00136949  number: 180079/145
c |        4.74|       73182|      104326|    41672899|        6021|     4136.25|       98308|           0|
time: 1.2889/0.00136949  number: 196463/145
c |        5.13|       79076|      112996|    45065499|        6495|     4137.03|      106503|           0|
time: 1.39654/0.00258447  number: 212724/268
c |        5.51|       84967|      121661|    48451860|        6969|     4137.66|      114695|           0|
time: 1.50465/0.00313331  number: 229053/323
c |        5.90|       90987|      130336|    51885243|        7452|     4138.31|      122885|           0|
time: 1.61408/0.00333167  number: 245419/341
c |        6.29|       96742|      139042|    55288517|        7962|     4138.95|      131081|           0|
time: 1.7221/0.00372172  number: 261766/378
c |        6.68|      102585|      147749|    58642521|        8475|     4139.73|      139274|           0|
time: 1.82914/0.00381757  number: 278141/387
c |        7.06|      108763|      156431|    62018687|        8973|     4140.37|      147461|           0|
time: 1.93811/0.00381757  number: 294525/387
c |        7.46|      114996|      165127|    65502636|        9471|     4141.02|      155657|           0|
time: 2.0481/0.00381757  number: 310909/387
c |        7.86|      121167|      173845|    69111833|        9993|     4141.66|      163853|           0|
time: 2.15967/0.00381757  number: 327293/387
c |        8.26|      127389|      182543|    72706659|       10509|     4142.43|      172037|           0|
time: 2.27075/0.00381757  number: 343677/387
c |        8.66|      133581|      191258|    76288007|       11025|     4143.07|      180234|           0|
time: 2.3816/0.00381757  number: 360061/387
c |        9.06|      139830|      199958|    79841483|       11532|     4143.72|      188427|           0|
time: 2.49285/0.00381757  number: 376445/387
c |        9.47|      145971|      208678|    83497621|       12066|     4144.36|      196613|           0|
time: 2.60462/0.00381757  number: 392829/387
c |        9.85|      152017|      217350|    86935234|       12546|     4145.01|      204806|           0|
time: 2.71333/0.00401403  number: 409193/407
c |       10.24|      158133|      226001|    90334446|       13005|     4145.78|      212999|           0|
time: 2.82208/0.0049944  number: 425467/517
c |       10.63|      164335|      234651|    93751729|       13461|     4146.43|      221190|           0|
time: 2.93171/0.0049944  number: 441851/517
c |       11.02|      170776|      243325|    97267761|       13944|     4147.07|      229382|           0|
time: 3.04259/0.00501825  number: 458233/519
c |       11.41|      176767|      252015|   100732978|       14439|     4147.71|      237577|           0|
time: 3.15197/0.00501825  number: 474617/519
c |       11.80|      182888|      260688|   104099482|       14925|     4148.36|      245764|           0|
time: 3.25998/0.00502969  number: 491000/520
c |       12.19|      188784|      269385|   107610394|       15429|     4149.13|      253958|           0|
time: 3.37132/0.00556756  number: 507328/576
c |       12.59|      194878|      278076|   111107465|       15924|     4149.78|      262153|           0|
time: 3.48396/0.00599195  number: 523668/620
c |       12.99|      200948|      286754|   114559765|       16416|     4150.55|      270340|           0|
time: 3.59493/0.00703336  number: 539936/736
c |       13.39|      207399|      295425|   118027892|       16896|     4151.32|      278532|           0|
time: 3.70737/0.00713063  number: 556310/746
c |       13.78|      213544|      304081|   121375647|       17358|     4151.96|      286726|           0|
time: 3.81747/0.00751496  number: 572651/789
c |       14.17|      219742|      312758|   124813569|       17841|     4152.61|      294917|           0|
time: 3.92794/0.00776292  number: 589007/817
c |       14.56|      225947|      321429|   128237815|       18318|     4153.25|      303112|           0|
time: 4.03869/0.00809671  number: 605354/854
c |       14.96|      232170|      330133|   131718788|       18825|     4154.03|      311309|           0|
time: 4.1499/0.00830556  number: 621716/876
c |       15.36|      238416|      338845|   135186321|       19350|     4154.67|      319495|           0|
time: 4.26037/0.00841905  number: 638088/888
c |       15.76|      244823|      347553|   138609375|       19863|     4155.32|      327691|           0|
time: 4.36977/0.00841905  number: 654472/888
c |       16.16|      250676|      356280|   142098589|       20403|     4155.96|      335878|           0|
time: 4.48119/0.00847722  number: 670850/894
c |       16.55|      256974|      364987|   145499870|       20919|     4156.61|      344071|           0|
time: 4.5912/0.00847722  number: 687234/894
c |       16.94|      263288|      373689|   148909632|       21429|     4157.38|      352261|           0|
time: 4.69996/0.00847722  number: 703618/894
c |       17.33|      268969|      382407|   152352243|       21954|     4158.02|      360454|           0|
time: 4.80952/0.00847722  number: 720002/894
c |       17.73|      275575|      391117|   155795186|       22470|     4158.67|      368650|           0|
time: 4.91906/0.00847722  number: 736386/894
c |       18.12|      281646|      399817|   159203118|       22980|     4159.31|      376840|           0|
time: 5.02906/0.00847722  number: 752770/894
c |       18.51|      287847|      408523|   162620498|       23490|     4160.09|      385033|           0|
time: 5.13856/0.00847722  number: 769154/894
c |       18.91|      294481|      417218|   166057837|       24000|     4160.73|      393221|           0|
time: 5.24961/0.00847722  number: 785538/894
c |       19.31|      300173|      425950|   169538454|       24540|     4161.38|      401410|           0|
time: 5.35924/0.00887014  number: 801888/928
c |       19.70|      306357|      434643|   172925839|       25038|     4162.15|      409606|           0|
time: 5.46949/0.00890828  number: 818268/932
c |       20.10|      312291|      443347|   176379662|       25551|     4162.79|      417799|           0|
time: 5.5792/0.00890828  number: 834652/932
c |       20.50|      318701|      452046|   179823479|       26055|     4163.44|      425992|           0|
time: 5.69036/0.00890828  number: 851036/932
c |       20.89|      324661|      460756|   183305279|       26571|     4164.08|      434186|           0|
time: 5.80031/0.00909711  number: 867402/950
c |       21.28|      330943|      469440|   186728869|       27069|     4164.86|      442372|           0|
time: 5.90992/0.00909711  number: 883786/950
c |       21.67|      337137|      478148|   190221934|       27579|     4165.50|      450571|           0|
time: 6.01966/0.00926305  number: 900151/969
c |       22.06|      341820|      486876|   193677348|       28116|     4166.14|      458761|           0|
time: 6.12644/0.00943662  number: 916519/985
c |       22.45|      347950|      495545|   196943433|       28596|     4166.92|      466950|           0|
time: 6.2358/0.00943662  number: 932903/985
c |       22.82|      354506|      504217|   200242887|       29079|     4167.56|      475141|           0|
time: 6.34218/0.00943662  number: 949287/985
c |       23.20|      360575|      512899|   203523745|       29562|     4168.21|      483338|           0|
time: 6.44851/0.00943662  number: 965671/985
c |       23.57|      366978|      521564|   206771106|       30036|     4168.85|      491528|           0|
time: 6.55535/0.00943662  number: 982055/985
c |       23.95|      373458|      530223|   209986772|       30504|     4169.62|      499721|           0|
time: 6.66241/0.00943662  number: 998439/985
c |       24.33|      378954|      538915|   213281588|       31008|     4170.27|      507910|           0|
time: 6.77005/0.00943662  number: 1014823/985
c |       24.70|      385495|      547579|   216518552|       31476|     4170.91|      516103|           0|
time: 6.87704/0.00943662  number: 1031207/985
c --------------------------------------------------------------------------------------------------------
c |        time|     #posHit|     #negHit|      memory|      #split|     mem(MB)|  #dec. Node|     #models|
c --------------------------------------------------------------------------------------------------------
c |       25.08|      391992|      556244|   219783977|       31953|     4171.69|      524294|           0|
time: 6.98408/0.00943662  number: 1047591/985
c |       25.47|      398048|      564934|   223112167|       32448|     4172.33|      532489|           0|
time: 7.09096/0.00943662  number: 1063975/985
c |       25.84|      404799|      573596|   226373529|       32919|     4173.23|      540678|           0|
time: 7.19724/0.00943662  number: 1080359/985
c |       26.22|      410745|      582274|   229659280|       33408|     4173.87|      548868|           0|
time: 7.30326/0.00943662  number: 1096743/985
c |       26.60|      416635|      590955|   232955738|       33894|     4174.64|      557061|           0|
time: 7.41015/0.00943662  number: 1113127/985
c |       26.98|      423077|      599604|   236284276|       34350|     4175.29|      565256|           0|
time: 7.51858/0.00943662  number: 1129511/985
c |       27.37|      429626|      608275|   239861832|       34827|     4175.93|      573449|           0|
time: 7.62884/0.00943662  number: 1145895/985
c |       27.77|      436195|      616948|   243473843|       35313|     4176.71|      581637|           0|
time: 7.74081/0.00943662  number: 1162279/985
c |       28.17|      442659|      625641|   247175108|       35814|     4177.35|      589829|           0|
time: 7.8526/0.00943662  number: 1178663/985
c |       28.58|      449135|      634341|   250880326|       36315|     4178.00|      598028|           0|
time: 7.96399/0.00943662  number: 1195047/985
c |       28.98|      455661|      643026|   254570431|       36816|     4178.77|      606212|           0|
time: 8.07627/0.00943662  number: 1211431/985
c |       29.37|      462392|      651658|   258056788|       37248|     4179.41|      614410|           0|
time: 8.1864/0.00943662  number: 1227815/985
c |       29.76|      469087|      660294|   261597003|       37698|     4180.06|      622598|           0|
time: 8.2969/0.00943662  number: 1244199/985
c |       30.15|      475759|      668948|   265170637|       38157|     4180.83|      630793|           0|
time: 8.40792/0.00943662  number: 1260583/985
c |       30.55|      482378|      677603|   268766765|       38622|     4181.48|      638982|           0|
time: 8.51908/0.00943662  number: 1276967/985
c |       30.95|      489010|      686265|   272380710|       39096|     4182.12|      647172|           0|
time: 8.63036/0.00943662  number: 1293351/985
c |       31.34|      495606|      694934|   276003362|       39567|     4182.89|      655368|           0|
time: 8.74012/0.00943662  number: 1309735/985
c |       31.74|      502219|      703601|   279630978|       40044|     4183.54|      663559|           0|
time: 8.85011/0.00943662  number: 1326119/985
c |       32.14|      508780|      712283|   283292928|       40530|     4184.18|      671754|           0|
time: 8.96079/0.00943662  number: 1342503/985
c |       32.54|      515368|      720959|   286950453|       41016|     4184.96|      679944|           0|
time: 9.07194/0.00943662  number: 1358887/985
c |       32.94|      521926|      729636|   290612703|       41502|     4185.60|      688134|           0|
time: 9.18348/0.00943662  number: 1375271/985
c |       33.35|      528512|      738318|   294273196|       41991|     4186.25|      696330|           0|
time: 9.2952/0.00943662  number: 1391655/985
c |       33.75|      535077|      746994|   297930058|       42477|     4187.02|      704519|           0|
time: 9.40712/0.00943662  number: 1408039/985
c |       34.15|      541654|      755670|   301590062|       42963|     4187.66|      712708|           0|
time: 9.52002/0.00943662  number: 1424423/985
c |       34.56|      548174|      764363|   305251431|       43464|     4188.31|      720901|           0|
time: 9.63112/0.00943662  number: 1440807/985
c |       34.96|      554708|      773061|   308913048|       43965|     4189.08|      729097|           0|
time: 9.74231/0.00943662  number: 1457191/985
c |       35.36|      561214|      781750|   312571868|       44466|     4189.73|      737285|           0|
time: 9.85356/0.00943662  number: 1473575/985
c |       35.77|      567726|      790448|   316237245|       44967|     4190.50|      745481|           0|
time: 9.96627/0.00943662  number: 1489959/985
c |       36.17|      574259|      799139|   319897326|       45471|     4191.14|      753671|           0|
time: 10.0776/0.00943662  number: 1506343/985
c |       36.57|      580778|      807830|   323554896|       45972|     4191.79|      761860|           0|
time: 10.1879/0.00943662  number: 1522727/985
c |       36.97|      587269|      816528|   327191976|       46473|     4192.56|      770057|           0|
time: 10.3037/0.00943662  number: 1539111/985
c |       37.37|      593814|      825218|   330810630|       46974|     4193.21|      778245|           0|
time: 10.414/0.00943662  number: 1555495/985
c |       37.77|      600323|      833917|   334434352|       47475|     4193.98|      786443|           0|
time: 10.5249/0.00943662  number: 1571879/985
c |       38.17|      606868|      842604|   337992729|       47979|     4194.62|      794628|           0|
time: 10.6357/0.00943662  number: 1588263/985
c |       38.57|      613378|      851302|   341485800|       48480|     4195.40|      802824|           0|
time: 10.7455/0.00943662  number: 1604647/985
c |       38.96|      619884|      859992|   345062288|       48981|     4196.04|      811013|           0|
time: 10.8564/0.00943662  number: 1621031/985
c |       39.34|      626352|      868610|   348171510|       49404|     4196.82|      819207|           0|
time: 10.9647/0.00950147  number: 1637407/993
c |       39.70|      632480|      877194|   351041393|       49800|     4197.46|      827397|           0|
time: 11.0699/0.00950147  number: 1653791/993
c |       40.07|      639342|      885804|   354009804|       50211|     4198.11|      835594|           0|
time: 11.1771/0.00950147  number: 1670175/993
c |       40.44|      645484|      894394|   356893932|       50613|     4198.88|      843782|           0|
time: 11.2821/0.00950147  number: 1686559/993
c |       40.80|      651818|      902993|   359809457|       51021|     4199.52|      851972|           0|
time: 11.3884/0.00950147  number: 1702943/993
c |       41.16|      657583|      911589|   362693837|       51426|     4200.30|      860165|           0|
time: 11.4934/0.00950147  number: 1719327/993
c |       41.53|      664325|      920192|   365614989|       51837|     4200.94|      868357|           0|
time: 11.5984/0.00950147  number: 1735711/993
c |       41.90|      671333|      928815|   368607842|       52260|     4201.71|      876555|           0|
time: 11.7051/0.00950147  number: 1752095/993
c |       42.29|      678466|      937460|   371695684|       52719|     4202.36|      884742|           0|
time: 11.8145/0.00950147  number: 1768479/993
c |       42.67|      685216|      946115|   374813728|       53184|     4203.13|      892932|           0|
time: 11.9233/0.00950147  number: 1784863/993
c |       43.05|      691818|      954765|   377889419|       53640|     4203.78|      901127|           0|
time: 12.0315/0.00950147  number: 1801247/993
c |       43.43|      697708|      963410|   380948285|       54093|     4204.55|      909319|           0|
time: 12.1387/0.00950147  number: 1817631/993
c |       43.82|      703816|      972051|   384106794|       54543|     4205.20|      917510|           0|
time: 12.2481/0.00950147  number: 1834015/993
c |       44.23|      710790|      980694|   387480247|       54993|     4205.97|      925703|           0|
time: 12.3617/0.00950147  number: 1850399/993
c |       44.62|      717851|      989324|   390828399|       55431|     4206.61|      933894|           0|
time: 12.4737/0.00950147  number: 1866783/993
c |       45.03|      725025|      997947|   394243258|       55863|     4207.39|      942085|           0|
time: 12.5888/0.00950147  number: 1883167/993
c |       45.44|      732207|     1006594|   397732949|       56319|     4208.16|      950278|           0|
time: 12.7051/0.00950147  number: 1899551/993
c |       45.86|      739274|     1015246|   401232653|       56778|     4208.80|      958471|           0|
time: 12.821/0.00950147  number: 1915935/993
c |       46.27|      746326|     1023884|   404697981|       57222|     4209.58|      966664|           0|
time: 12.9365/0.00950147  number: 1932319/993
c |       46.68|      753429|     1032519|   408159592|       57669|     4210.22|      974853|           0|
time: 13.0526/0.00950147  number: 1948703/993
c |       47.10|      760541|     1041171|   411665442|       58128|     4211.00|      983044|           0|
time: 13.1679/0.00950147  number: 1965087/993
c |       47.51|      767784|     1049815|   415147355|       58578|     4211.77|      991239|           0|
time: 13.2842/0.00950147  number: 1981471/993
c |       47.94|      775144|     1058452|   418616029|       59025|     4212.42|      999428|           0|
time: 13.402/0.00950147  number: 1997855/993
c |       48.36|      782485|     1067108|   422131824|       59487|     4213.19|     1007623|           0|
time: 13.5197/0.00950147  number: 2014239/993
c |       48.78|      789766|     1075761|   425639425|       59946|     4213.84|     1015816|           0|
time: 13.6365/0.00950147  number: 2030623/993
c |       49.19|      797205|     1084378|   429047179|       60375|     4214.61|     1024004|           0|
time: 13.7513/0.00950147  number: 2047007/993
c |       49.60|      804706|     1093011|   432493893|       60816|     4215.38|     1032197|           0|
time: 13.868/0.00950147  number: 2063391/993
c |       50.01|      812266|     1101650|   435964662|       61263|     4216.03|     1040388|           0|
time: 13.9836/0.00950147  number: 2079775/993
c --------------------------------------------------------------------------------------------------------
c |        time|     #posHit|     #negHit|      memory|      #split|     mem(MB)|  #dec. Node|     #models|
c --------------------------------------------------------------------------------------------------------
c |       50.42|      819827|     1110316|   439531610|       61737|     4216.80|     1048582|           0|
time: 14.099/0.00950147  number: 2096159/993
c |       50.84|      827373|     1118993|   443140599|       62217|     4217.45|     1056777|           0|
time: 14.2155/0.00950147  number: 2112543/993
c |       51.26|      834927|     1127663|   446745993|       62700|     4218.22|     1064966|           0|
time: 14.3313/0.00950147  number: 2128927/993
c |       51.68|      842478|     1136336|   450353297|       63180|     4218.99|     1073158|           0|
time: 14.4466/0.00950147  number: 2145311/993
c |       52.09|      850023|     1145013|   453964504|       63663|     4219.64|     1081352|           0|
time: 14.5624/0.00950147  number: 2161695/993
c |       52.52|      857577|     1153684|   457574025|       64143|     4220.41|     1089542|           0|
time: 14.6776/0.00950147  number: 2178079/993
c |       52.93|      865127|     1162357|   461182402|       64626|     4221.18|     1097734|           0|
time: 14.7927/0.00950147  number: 2194463/993
c |       53.35|      872680|     1171028|   464779115|       65103|     4221.83|     1105927|           0|
time: 14.9076/0.00950147  number: 2210847/993
c |       53.77|      880240|     1179694|   468370192|       65580|     4223.10|     1114116|           0|
time: 15.0236/0.00950147  number: 2227231/993
c |       54.18|      887792|     1188367|   471969466|       66057|     4223.88|     1122312|           0|
time: 15.1395/0.00950147  number: 2243615/993
c |       54.60|      895344|     1197038|   475574043|       66540|     4224.52|     1130501|           0|
time: 15.2553/0.00950147  number: 2259999/993
c |       55.03|      902895|     1205710|   479178214|       67020|     4225.29|     1138692|           0|
time: 15.3725/0.00950147  number: 2276383/993
c |       55.45|      910448|     1214382|   482782183|       67500|     4226.07|     1146884|           0|
time: 15.4894/0.00950147  number: 2292767/993
c |       55.87|      918000|     1223054|   486378731|       67977|     4226.71|     1155079|           0|
time: 15.6059/0.00950147  number: 2309151/993
c |       56.28|      925557|     1231723|   489966112|       68451|     4227.48|     1163273|           0|
time: 15.7215/0.00950147  number: 2325535/993
c |       56.70|      933120|     1240386|   493545160|       68925|     4228.26|     1171461|           0|
time: 15.8368/0.00950147  number: 2341919/993
c |       57.12|      940680|     1249052|   497133565|       69402|     4229.03|     1179653|           0|
time: 15.9529/0.00950147  number: 2358303/993
c |       57.54|      948240|     1257718|   500718653|       69876|     4229.68|     1187844|           0|
time: 16.0692/0.00950147  number: 2374687/993
c |       57.96|      955799|     1266385|   504306053|       70350|     4230.45|     1196037|           0|
time: 16.1856/0.00950147  number: 2391071/993
c |       58.38|      963358|     1275051|   507891701|       70824|     4231.22|     1204228|           0|
time: 16.3016/0.00950147  number: 2407455/993
c |       58.81|      970920|     1283716|   511474916|       71298|     4231.87|     1212421|           0|
time: 16.4268/0.00950147  number: 2423839/993
c |       59.23|      978483|     1292380|   515054506|       71769|     4232.64|     1220612|           0|
time: 16.5432/0.00950147  number: 2440223/993
c |       59.65|      986037|     1301051|   518641759|       72243|     4233.41|     1228810|           0|
time: 16.6592/0.00950147  number: 2456607/993
c |       60.07|      993606|     1309710|   522215623|       72714|     4234.19|     1236997|           0|
time: 16.776/0.00950147  number: 2472991/993
c |       60.49|     1001168|     1318374|   525795682|       73188|     4234.83|     1245188|           0|
time: 16.8922/0.00950147  number: 2489375/993
c |       60.91|     1008728|     1327041|   529378307|       73659|     4235.61|     1253383|           0|
time: 17.0093/0.00950147  number: 2505759/993
c |       61.34|     1016255|     1335731|   533065613|       74157|     4236.38|     1261575|           0|
time: 17.1262/0.00950147  number: 2522143/993
c |       61.77|     1023780|     1344424|   536767417|       74658|     4237.15|     1269767|           0|
time: 17.243/0.00950147  number: 2538527/993
c |       62.20|     1031305|     1353115|   540468023|       75162|     4237.80|     1277956|           0|
time: 17.3594/0.00950147  number: 2554911/993
c |       62.63|     1038822|     1361815|   544177134|       75663|     4238.57|     1286155|           0|
time: 17.476/0.00950147  number: 2571295/993
c |       63.06|     1046352|     1370502|   547874205|       76164|     4239.34|     1294340|           0|
time: 17.593/0.00950147  number: 2587679/993
c |       63.48|     1053869|     1379201|   551580742|       76665|     4240.12|     1302537|           0|
time: 17.7101/0.00950147  number: 2604063/993
c |       63.92|     1061397|     1387891|   555283070|       77166|     4240.76|     1310726|           0|
time: 17.8364/0.00950147  number: 2620447/993
c |       64.35|     1068917|     1396588|   558989988|       77667|     4241.54|     1318922|           0|
time: 17.9538/0.00950147  number: 2636831/993
c |       64.78|     1076441|     1405280|   562690317|       78171|     4242.31|     1327112|           0|
time: 18.0706/0.00950147  number: 2653215/993
c |       65.21|     1083967|     1413970|   566387472|       78672|     4243.08|     1335300|           0|
time: 18.1886/0.00950147  number: 2669599/993
c |       65.64|     1091490|     1422665|   570090771|       79173|     4243.73|     1343494|           0|
time: 18.3065/0.00950147  number: 2685983/993
c |       66.07|     1099016|     1431356|   573789179|       79674|     4244.50|     1351683|           0|
time: 18.4236/0.00950147  number: 2702367/993
c |       66.50|     1106536|     1440053|   577498159|       80175|     4245.27|     1359879|           0|
time: 18.539/0.00950147  number: 2718751/993
c |       66.93|     1114060|     1448745|   581200706|       80676|     4246.05|     1368069|           0|
time: 18.6558/0.00950147  number: 2735135/993
c |       67.36|     1121584|     1457438|   584899396|       81180|     4246.82|     1376261|           0|
time: 18.7733/0.00950147  number: 2751519/993
c |       67.79|     1129105|     1466134|   588604648|       81681|     4247.47|     1384455|           0|
time: 18.8908/0.00950147  number: 2767903/993
c |       68.22|     1136630|     1474826|   592308528|       82182|     4248.24|     1392646|           0|
time: 19.0081/0.00950147  number: 2784287/993
c |       68.65|     1144155|     1483518|   596010225|       82683|     4249.02|     1400836|           0|
time: 19.1254/0.00950147  number: 2800671/993
c |       69.08|     1151676|     1492213|   599714091|       83184|     4249.79|     1409029|           0|
time: 19.2422/0.00950147  number: 2817055/993
c |       69.51|     1159202|     1500904|   603415981|       83688|     4250.56|     1417219|           0|
time: 19.3581/0.00950147  number: 2833439/993
c |       69.93|     1166724|     1509598|   607119628|       84189|     4251.21|     1425411|           0|
time: 19.4748/0.00950147  number: 2849823/993
c |       70.36|     1174247|     1518293|   610826425|       84690|     4251.98|     1433605|           0|
time: 19.5918/0.00950147  number: 2866207/993
c |       70.79|     1181772|     1526985|   614528105|       85191|     4252.75|     1441795|           0|
time: 19.7093/0.00950147  number: 2882591/993
c |       71.23|     1189292|     1535682|   618233927|       85692|     4253.53|     1449991|           0|
time: 19.8257/0.00950147  number: 2898975/993
c |       71.66|     1196817|     1544373|   621939536|       86196|     4254.30|     1458180|           0|
time: 19.9426/0.00950147  number: 2915359/993
c |       72.08|     1204333|     1553073|   625647176|       86697|     4254.95|     1466378|           0|
time: 20.0582/0.00950147  number: 2931743/993
c |       72.51|     1211863|     1561761|   629347817|       87198|     4255.72|     1474565|           0|
time: 20.1739/0.00950147  number: 2948127/993
c |       72.94|     1219381|     1570459|   633053838|       87699|     4256.49|     1482761|           0|
time: 20.2896/0.00950147  number: 2964511/993
c |       73.36|     1226911|     1579147|   636749955|       88200|     4257.27|     1490948|           0|
time: 20.4066/0.00950147  number: 2980895/993
c |       73.80|     1234435|     1587839|   640450863|       88701|     4258.04|     1499138|           0|
time: 20.5245/0.00950147  number: 2997279/993
c |       74.24|     1241951|     1596540|   644161332|       89205|     4258.82|     1507338|           0|
time: 20.6443/0.00950147  number: 3013663/993
c |       74.66|     1249480|     1605228|   647859482|       89706|     4259.46|     1515524|           0|
time: 20.7603/0.00950147  number: 3030047/993
c |       75.10|     1257001|     1613924|   651561849|       90207|     4260.23|     1523719|           0|
time: 20.8768/0.00950147  number: 3046431/993
c |       75.53|     1264527|     1622615|   655261603|       90708|     4261.01|     1531908|           0|
time: 20.9933/0.00950147  number: 3062815/993
c |       75.95|     1272044|     1631314|   658967032|       91209|     4261.78|     1540105|           0|
time: 21.1098/0.00950147  number: 3079199/993
c |       76.38|     1279571|     1640004|   662667618|       91713|     4262.55|     1548294|           0|
time: 21.2256/0.00950147  number: 3095583/993
c |       76.81|     1287094|     1648698|   666372273|       92211|     4263.33|     1556487|           0|
time: 21.3419/0.00950147  number: 3111967/993
c |       77.24|     1294632|     1657380|   670047208|       92706|     4263.98|     1564676|           0|
time: 21.4589/0.00950147  number: 3128351/993
c --------------------------------------------------------------------------------------------------------
c |        time|     #posHit|     #negHit|      memory|      #split|     mem(MB)|  #dec. Node|     #models|
c --------------------------------------------------------------------------------------------------------
c |       77.68|     1302165|     1666066|   673727313|       93198|     4264.75|     1572868|           0|
time: 21.581/0.00950147  number: 3144735/993
c |       78.11|     1309700|     1674751|   677405365|       93693|     4265.52|     1581059|           0|
time: 21.6972/0.00950147  number: 3161119/993
c |       78.55|     1317231|     1683438|   681088291|       94188|     4266.30|     1589252|           0|
time: 21.8148/0.00950147  number: 3177503/993
c |       78.97|     1324765|     1692124|   684770514|       94680|     4267.07|     1597444|           0|
time: 21.9322/0.00950147  number: 3193887/993
c |       79.40|     1332300|     1700809|   688447699|       95175|     4267.84|     1605635|           0|
time: 22.0491/0.00950147  number: 3210271/993
c |       79.85|     1339829|     1709499|   692129234|       95667|     4268.49|     1613833|           0|
time: 22.1796/0.00950147  number: 3226655/993
c |       80.27|     1347370|     1718179|   695800761|       96159|     4269.26|     1622022|           0|
time: 22.2956/0.00950147  number: 3243039/993
c |       80.70|     1354905|     1726863|   699474404|       96651|     4270.04|     1630214|           0|
time: 22.4133/0.00950147  number: 3259423/993
c |       81.14|     1362442|     1735547|   703149299|       97143|     4270.81|     1638407|           0|
time: 22.5312/0.00950147  number: 3275807/993
c |       81.57|     1369982|     1744227|   706820620|       97632|     4271.58|     1646595|           0|
time: 22.6501/0.00950147  number: 3292191/993
c |       82.00|     1377519|     1752911|   710497918|       98124|     4272.36|     1654788|           0|
time: 22.7674/0.00950147  number: 3308575/993
c |       82.39|     1383352|     1761572|   713781662|       98594|     4273.00|     1662981|           0|
time: 22.8771/0.012599  number: 3324666/1286
c |       82.79|     1388128|     1770284|   717175284|       99113|     4269.73|     1671175|           0|
time: 22.9912/0.0156126  number: 3340809/1527
c |       83.18|     1393317|     1778990|   720522910|       99629|     4270.38|     1679366|           0|
time: 23.1057/0.0161848  number: 3357141/1579
c |       83.55|     1398691|     1787613|   723474004|      100058|     4271.15|     1687559|           0|
time: 23.2131/0.0163374  number: 3373513/1591
c |       83.92|     1404344|     1796223|   726389157|      100475|     4271.92|     1695751|           0|
time: 23.3204/0.0164137  number: 3389891/1597
c |       84.30|     1409535|     1804915|   729547613|      100973|     4272.70|     1703944|           0|
time: 23.4316/0.0171538  number: 3406205/1667
c |       84.68|     1415477|     1813556|   732646823|      101420|     4273.47|     1712140|           0|
time: 23.5413/0.0171538  number: 3422589/1667
c |       85.04|     1421078|     1822139|   735355145|      101813|     4274.11|     1720329|           0|
time: 23.6451/0.0172072  number: 3438968/1672
c |       85.39|     1426835|     1830721|   738102374|      102203|     4274.89|     1728520|           0|
time: 23.7486/0.0172072  number: 3455352/1672
c |       85.73|     1432228|     1839319|   740868587|      102614|     4275.66|     1736710|           0|
time: 23.8525/0.0175047  number: 3471704/1704
c |       86.11|     1438189|     1847961|   743945661|      103061|     4276.43|     1744905|           0|
time: 23.9622/0.017581  number: 3488081/1711
c |       86.45|     1443793|     1856529|   746574340|      103439|     4277.21|     1753093|           0|
time: 24.065/0.017581  number: 3504465/1711
c |       86.80|     1449411|     1865124|   749399710|      103844|     4277.85|     1761285|           0|
time: 24.1711/0.017581  number: 3520849/1711
c |       87.15|     1454754|     1873713|   752124869|      104237|     4278.62|     1769478|           0|
time: 24.276/0.017581  number: 3537233/1711
c |       87.52|     1460682|     1882334|   755084139|      104669|     4279.40|     1777670|           0|
time: 24.3846/0.017581  number: 3553617/1711
c |       87.91|     1466563|     1891010|   758354369|      105149|     4280.17|     1785864|           0|
time: 24.4967/0.017581  number: 3570001/1711
c |       88.30|     1472131|     1899659|   761498302|      105608|     4280.95|     1794055|           0|
time: 24.607/0.017581  number: 3586385/1711
c |       88.70|     1478039|     1908351|   764883993|      106109|     4281.59|     1802246|           0|
time: 24.7222/0.017581  number: 3602769/1711
c |       89.10|     1484168|     1917025|   768187401|      106592|     4282.36|     1810438|           0|
time: 24.8359/0.017581  number: 3619153/1711
c |       89.50|     1490183|     1925684|   771404370|      107057|     4283.14|     1818629|           0|
time: 24.9472/0.0176268  number: 3635533/1715
c |       89.89|     1496318|     1934351|   774671221|      107531|     4283.91|     1826823|           0|
time: 25.0599/0.0176268  number: 3651917/1715
c |       90.27|     1502537|     1942994|   777802606|      107981|     4284.68|     1835018|           0|
time: 25.1697/0.0176268  number: 3668301/1715
c |       90.67|     1508569|     1951661|   781097486|      108461|     4285.46|     1843205|           0|
time: 25.2827/0.0176649  number: 3684682/1718
c |       91.06|     1514718|     1960327|   784368236|      108935|     4286.10|     1851396|           0|
time: 25.3955/0.0176649  number: 3701066/1718
c |       91.46|     1521074|     1969009|   787727500|      109421|     4286.88|     1859591|           0|
time: 25.5102/0.0176649  number: 3717450/1718
c |       91.87|     1527237|     1977715|   791201404|      109934|     4287.80|     1867785|           0|
time: 25.6252/0.0179091  number: 3733822/1730
c |       92.26|     1533629|     1986384|   794536832|      110417|     4288.57|     1875972|           0|
time: 25.7385/0.0179091  number: 3750206/1730
c |       92.62|     1539858|     1994986|   797441809|      110822|     4289.22|     1884167|           0|
time: 25.8446/0.0179091  number: 3766590/1730
c |       92.95|     1545805|     2003533|   800057973|      111176|     4289.99|     1892360|           0|
time: 25.9477/0.0179091  number: 3782974/1730
c |       93.30|     1551702|     2012102|   802811757|      111554|     4290.77|     1900550|           0|
time: 26.0514/0.0179091  number: 3799358/1730
c |       93.63|     1557204|     2020664|   805468243|      111923|     4291.54|     1908745|           0|
time: 26.154/0.0179854  number: 3815737/1735
c |       93.97|     1563253|     2029225|   808191293|      112295|     4292.18|     1916934|           0|
time: 26.2574/0.0179854  number: 3832121/1735
c |       94.31|     1568820|     2037785|   810856950|      112664|     4292.96|     1925126|           0|
time: 26.3587/0.0179854  number: 3848505/1735
c |       94.66|     1574621|     2046380|   813738442|      113063|     4293.73|     1933322|           0|
time: 26.4646/0.0179854  number: 3864889/1735
c |       95.02|     1580539|     2054963|   816576468|      113459|     4294.51|     1941508|           0|
time: 26.5696/0.0179854  number: 3881273/1735
c |       95.37|     1586687|     2063554|   819451847|      113858|     4295.15|     1949700|           0|
time: 26.676/0.0179854  number: 3897657/1735
c |       95.71|     1592589|     2072115|   822127567|      114224|     4295.93|     1957895|           0|
time: 26.7793/0.0179854  number: 3914041/1735
c |       96.07|     1598309|     2080703|   824967678|      114623|     4296.70|     1966085|           0|
time: 26.8853/0.0179854  number: 3930425/1735
c |       96.41|     1604320|     2089279|   827736167|      115004|     4297.47|     1974279|           0|
time: 26.9885/0.0179854  number: 3946809/1735
c |       96.77|     1609943|     2097896|   830750896|      115427|     4298.12|     1982473|           0|
time: 27.0967/0.0179854  number: 3963193/1735
c |       97.15|     1615831|     2106496|   833660553|      115835|     4298.89|     1990666|           0|
time: 27.2036/0.0179854  number: 3979577/1735
c |       97.50|     1621747|     2115084|   836521178|      116234|     4299.66|     1998854|           0|
time: 27.3097/0.0179854  number: 3995961/1735
c |       97.85|     1627682|     2123665|   839321977|      116624|     4300.44|     2007046|           0|
time: 27.415/0.0179854  number: 4012345/1735
c |       98.19|     1633428|     2132241|   842092798|      117005|     4301.21|     2015238|           0|
time: 27.5191/0.0179854  number: 4028729/1735
c |       98.54|     1639198|     2140830|   844942763|      117401|     4301.98|     2023432|           0|
time: 27.6253/0.0179854  number: 4045113/1735
c |       98.90|     1644620|     2149435|   847886009|      117815|     4302.63|     2031622|           0|
time: 27.7323/0.0179854  number: 4061497/1735
c |       99.26|     1650332|     2158030|   850794393|      118223|     4303.40|     2039811|           0|
time: 27.8404/0.0179854  number: 4077881/1735
c |       99.61|     1656083|     2166600|   853528147|      118598|     4304.18|     2048005|           0|
time: 27.9434/0.0179854  number: 4094265/1735
c |       99.95|     1661789|     2175180|   856323245|      118985|     4304.95|     2056200|           0|
time: 28.0497/0.0179854  number: 4110649/1735
c |      100.29|     1667606|     2183731|   858983999|      119345|     4305.59|     2064389|           0|
time: 28.1529/0.0179854  number: 4127033/1735
c |      100.62|     1673533|     2192270|   861565801|      119693|     4306.37|     2072580|           0|
time: 28.255/0.0179854  number: 4143417/1735
c |      100.93|     1679318|     2200770|   863905318|      119999|     4307.14|     2080773|           0|
time: 28.3531/0.0179854  number: 4159801/1735
c |      101.25|     1685488|     2209283|   866330913|      120320|     4307.91|     2088966|           0|
time: 28.4534/0.0179854  number: 4176185/1735
c --------------------------------------------------------------------------------------------------------
c |        time|     #posHit|     #negHit|      memory|      #split|     mem(MB)|  #dec. Node|     #models|
c --------------------------------------------------------------------------------------------------------
c |      101.57|     1691538|     2217799|   868775470|      120644|     4308.56|     2097159|           0|
time: 28.554/0.0179854  number: 4192569/1735
c |      101.90|     1697492|     2226342|   871386043|      120995|     4309.33|     2105349|           0|
time: 28.6567/0.0179854  number: 4208953/1735
c |      102.23|     1703654|     2234875|   873946458|      121337|     4310.11|     2113541|           0|
time: 28.7586/0.0179854  number: 4225337/1735
c |      102.57|     1709607|     2243435|   876646484|      121706|     4310.88|     2121732|           0|
time: 28.8612/0.0179854  number: 4241721/1735
c |      102.92|     1715307|     2252014|   879454602|      122093|     4311.52|     2129924|           0|
time: 28.9668/0.0179854  number: 4258105/1735
c |      103.26|     1721227|     2260570|   882105964|      122453|     4312.30|     2138121|           0|
time: 29.0715/0.0179854  number: 4274489/1735
c |      103.59|     1727260|     2269101|   884650639|      122795|     4313.07|     2146310|           0|
time: 29.1745/0.0179854  number: 4290873/1735
c |      103.96|     1733323|     2277729|   887710467|      123227|     4313.84|     2154506|           0|
time: 29.2822/0.0179854  number: 4307257/1735
c |      104.35|     1739437|     2286406|   891062854|      123713|     4314.62|     2162697|           0|
time: 29.3959/0.0179854  number: 4323641/1735
c |      104.75|     1745485|     2295096|   894494849|      124211|     4315.39|     2170889|           0|
time: 29.5089/0.0179854  number: 4340025/1735
c |      105.14|     1751649|     2303771|   897854769|      124697|     4316.16|     2179077|           0|
time: 29.6213/0.0179854  number: 4356409/1735
c |      105.53|     1757815|     2312444|   901195106|      125180|     4316.81|     2187268|           0|
time: 29.7334/0.0179854  number: 4372793/1735
c |      105.93|     1764008|     2321112|   904469718|      125651|     4317.58|     2195464|           0|
time: 29.8615/0.0179854  number: 4389177/1735
c |      106.31|     1769950|     2329752|   907616236|      126101|     4318.36|     2203654|           0|
time: 29.9707/0.0179854  number: 4405561/1735
c |      106.67|     1776129|     2338376|   910669201|      126533|     4319.13|     2211846|           0|
time: 30.0791/0.0179854  number: 4421945/1735
c |      107.05|     1782261|     2347006|   913762576|      126974|     4319.90|     2220036|           0|
time: 30.1886/0.0179854  number: 4438329/1735
c |      107.42|     1788351|     2355637|   916856508|      127412|     4320.68|     2228228|           0|
time: 30.2978/0.0179854  number: 4454713/1735
c |      107.79|     1794402|     2364277|   919994130|      127859|     4321.32|     2236421|           0|
time: 30.4074/0.0179854  number: 4471097/1735
c |      108.17|     1800321|     2372928|   923190498|      128318|     4322.09|     2244613|           0|
time: 30.5183/0.0179854  number: 4487481/1735
c |      108.55|     1806455|     2381564|   926304249|      128762|     4322.87|     2252807|           0|
time: 30.6288/0.0179854  number: 4503865/1735
c |      108.92|     1812452|     2390209|   929465038|      129212|     4323.64|     2261001|           0|
time: 30.7392/0.0179854  number: 4520249/1735
c |      109.31|     1818513|     2398874|   932768533|      129689|     4324.41|     2269189|           0|
time: 30.851/0.0179854  number: 4536633/1735
c |      109.71|     1824440|     2407549|   936114272|      130172|     4325.19|     2277380|           0|
time: 30.9637/0.0179854  number: 4553017/1735
c |      110.09|     1830420|     2416218|   939403541|      130649|     4325.96|     2285574|           0|
time: 31.0749/0.0179854  number: 4569401/1735
c |      110.48|     1836473|     2424885|   942685910|      131120|     4327.65|     2293769|           0|
time: 31.1867/0.0179854  number: 4585785/1735
c |      110.87|     1842567|     2433543|   945941296|      131588|     4328.43|     2301958|           0|
time: 31.2974/0.0179854  number: 4602169/1735
c |      111.25|     1848742|     2442200|   949198727|      132056|     4329.20|     2310148|           0|
time: 31.4085/0.0179854  number: 4618553/1735
c |      111.63|     1854672|     2450868|   952477832|      132530|     4329.97|     2318341|           0|
time: 31.5208/0.0179854  number: 4634937/1735
c |      112.03|     1860820|     2459549|   955854331|      133019|     4330.75|     2326533|           0|
time: 31.634/0.0179854  number: 4651321/1735
c |      112.43|     1866926|     2468239|   959278116|      133517|     4331.39|     2334726|           0|
time: 31.7473/0.0179854  number: 4667705/1735
c |      112.82|     1872976|     2476923|   962684306|      134012|     4332.16|     2342915|           0|
time: 31.8609/0.0179854  number: 4684089/1735
c |      113.22|     1878710|     2485627|   966170610|      134522|     4332.94|     2351108|           0|
time: 31.9752/0.0179854  number: 4700473/1735
c |      113.63|     1884807|     2494317|   969592886|      135020|     4333.71|     2359301|           0|
time: 32.0883/0.0179854  number: 4716857/1735
c |      114.01|     1890741|     2502966|   972785450|      135476|     4334.48|     2367493|           0|
time: 32.1993/0.0179854  number: 4733241/1735
c |      114.38|     1896750|     2511612|   975975765|      135932|     4335.26|     2375684|           0|
time: 32.3107/0.0179854  number: 4749625/1735
c |      114.77|     1902507|     2520280|   979265041|      136406|     4336.03|     2383877|           0|
time: 32.4227/0.0179854  number: 4766009/1735
c |      115.14|     1908437|     2528925|   982431429|      136859|     4336.80|     2392069|           0|
time: 32.5327/0.0179854  number: 4782393/1735
c |      115.53|     1914462|     2537582|   985674669|      137324|     4337.45|     2400261|           0|
time: 32.6437/0.0179854  number: 4798777/1735
c |      115.91|     1920505|     2546238|   988904971|      137789|     4338.22|     2408454|           0|
time: 32.7545/0.0179854  number: 4815161/1735
c |      116.28|     1926518|     2554877|   992054294|      138236|     4339.00|     2416645|           0|
time: 32.864/0.0179854  number: 4831545/1735
c |      116.64|     1932506|     2563497|   995062291|      138662|     4339.77|     2424838|           0|
time: 32.9714/0.0179854  number: 4847929/1735
c |      117.00|     1938659|     2572115|   998084280|      139088|     4340.54|     2433030|           0|
time: 33.0787/0.0179854  number: 4864313/1735
c |      117.38|     1944826|     2580757|  1001240236|      139538|     4341.32|     2441223|           0|
time: 33.1882/0.0179854  number: 4880697/1735
c |      117.75|     1950973|     2589385|  1004327278|      139976|     4342.09|     2449413|           0|
time: 33.2966/0.0179854  number: 4897081/1735
c |      118.13|     1957039|     2598045|  1007581004|      140441|     4342.86|     2457608|           0|
time: 33.4079/0.0179854  number: 4913465/1735
c |      118.53|     1963183|     2606685|  1010743226|      140891|     4343.51|     2465796|           0|
time: 33.5245/0.0179854  number: 4929849/1735
c |      118.90|     1969257|     2615327|  1013859809|      141335|     4344.28|     2473994|           0|
time: 33.6341/0.0179854  number: 4946233/1735
c |      119.27|     1975588|     2623943|  1016915374|      141767|     4345.05|     2482180|           0|
time: 33.742/0.0179854  number: 4962617/1735
c |      119.64|     1981854|     2632580|  1020025454|      142208|     4345.83|     2490376|           0|
time: 33.8509/0.0179854  number: 4979001/1735
c |      120.02|     1988048|     2641222|  1023208371|      142661|     4346.60|     2498565|           0|
time: 33.9605/0.0179854  number: 4995385/1735
c |      120.39|     1994314|     2649853|  1026297765|      143099|     4347.38|     2506758|           0|
time: 34.0682/0.0179854  number: 5011769/1735
c |      120.75|     2000601|     2658481|  1029394500|      143537|     4348.02|     2514948|           0|
time: 34.1764/0.0179854  number: 5028153/1735
c |      121.13|     2006878|     2667088|  1032361295|      143951|     4348.79|     2523140|           0|
time: 34.3016/0.0179854  number: 5044537/1735
c |      121.48|     2013071|     2675696|  1035332199|      144368|     4349.57|     2531333|           0|
time: 34.4072/0.0179854  number: 5060921/1735
c |      121.85|     2019041|     2684332|  1038437387|      144812|     4350.34|     2539524|           0|
time: 34.5166/0.0179854  number: 5077305/1735
c |      122.23|     2025220|     2692981|  1041623505|      145268|     4351.11|     2547718|           0|
time: 34.627/0.0179854  number: 5093689/1735
c |      122.61|     2031321|     2701630|  1044843655|      145727|     4351.89|     2555906|           0|
time: 34.7372/0.0179854  number: 5110073/1735
c |      122.99|     2037458|     2710296|  1048120123|      146198|     4352.66|     2564100|           0|
time: 34.8484/0.0179854  number: 5126457/1735
c |      123.38|     2043502|     2718965|  1051433302|      146678|     4353.43|     2572292|           0|
time: 34.9604/0.0179854  number: 5142841/1735
c |      123.76|     2049584|     2727621|  1054664996|      147140|     4354.08|     2580484|           0|
time: 35.0712/0.0179854  number: 5159225/1735
c |      124.14|     2055717|     2736296|  1057962979|      147620|     4354.85|     2588680|           0|
time: 35.1828/0.0179854  number: 5175609/1735
c |      124.55|     2062117|     2745024|  1061564669|      148157|     4355.62|     2596870|           0|
time: 35.2971/0.0179854  number: 5191993/1735
c |      124.96|     2068365|     2753764|  1065222872|      148706|     4356.40|     2605060|           0|
time: 35.4124/0.0179854  number: 5208377/1735
c |      125.36|     2074719|     2762487|  1068762957|      149234|     4357.17|     2613256|           0|
time: 35.5265/0.0179854  number: 5224761/1735
c --------------------------------------------------------------------------------------------------------
c |        time|     #posHit|     #negHit|      memory|      #split|     mem(MB)|  #dec. Node|     #models|
c --------------------------------------------------------------------------------------------------------
c |      125.76|     2081106|     2771186|  1072215324|      149744|     4357.95|     2621447|           0|
time: 35.6392/0.0179854  number: 5241145/1735
c |      126.17|     2087470|     2779909|  1075779177|      150275|     4358.72|     2629637|           0|
time: 35.7534/0.0179854  number: 5257529/1735
c |      126.57|     2093716|     2788623|  1079288362|      150797|     4359.49|     2637829|           0|
time: 35.8671/0.0179854  number: 5273913/1735
c |      126.98|     2100104|     2797355|  1082896115|      151337|     4360.27|     2646021|           0|
time: 35.9826/0.0179854  number: 5290297/1735
c |      127.39|     2106420|     2806105|  1086572228|      151889|     4361.04|     2654219|           0|
time: 36.0992/0.0179854  number: 5306681/1735
c |      127.80|     2112791|     2814836|  1090211494|      152435|     4361.81|     2662406|           0|
time: 36.219/0.0179854  number: 5323065/1735
c |      128.22|     2119113|     2823577|  1093861425|      152981|     4362.46|     2670600|           0|
time: 36.3364/0.0179854  number: 5339449/1735
c |      128.62|     2125449|     2832304|  1097459235|      153518|     4363.23|     2678789|           0|
time: 36.4517/0.0179854  number: 5355833/1735
c |      129.04|     2131586|     2841007|  1100884729|      154028|     4364.00|     2686984|           0|
time: 36.5635/0.0179854  number: 5372217/1735
c |      129.44|     2138006|     2849719|  1104388337|      154547|     4364.78|     2695176|           0|
time: 36.6767/0.0179854  number: 5388601/1735
c |      129.84|     2144392|     2858439|  1107952554|      155078|     4365.55|     2703365|           0|
time: 36.7916/0.0179854  number: 5404985/1735
c |      130.25|     2150735|     2867167|  1111533127|      155612|     4366.32|     2711559|           0|
time: 36.9067/0.0179854  number: 5421369/1735
c |      130.65|     2157059|     2875896|  1115127619|      156149|     4367.10|     2719751|           0|
time: 37.0221/0.0179854  number: 5437753/1735
c |      131.06|     2163373|     2884622|  1118692492|      156683|     4367.87|     2727943|           0|
time: 37.1378/0.0179854  number: 5454137/1735
c |      131.46|     2169702|     2893345|  1122280753|      157217|     4368.64|     2736132|           0|
time: 37.2527/0.0179854  number: 5470521/1735
c |      131.87|     2175940|     2902085|  1125925691|      157763|     4369.42|     2744326|           0|
time: 37.3687/0.0179854  number: 5486905/1735
c |      132.28|     2182252|     2910807|  1129473912|      158291|     4370.19|     2752519|           0|
time: 37.4836/0.0179854  number: 5503289/1735
c |      132.68|     2188600|     2919518|  1132968265|      158810|     4370.84|     2760711|           0|
time: 37.5983/0.0179854  number: 5519673/1735
c |      133.07|     2195006|     2928208|  1136375581|      159311|     4371.61|     2768900|           0|
time: 37.7106/0.0179854  number: 5536057/1735
c |      133.46|     2201232|     2936898|  1139736611|      159809|     4372.38|     2777094|           0|
time: 37.8221/0.0179854  number: 5552441/1735
c |      133.88|     2207575|     2945663|  1143512281|      160379|     4373.16|     2785289|           0|
time: 37.9369/0.0179854  number: 5568825/1735
c |      134.30|     2213880|     2954427|  1147290451|      160949|     4373.93|     2793481|           0|
time: 38.0532/0.0179854  number: 5585209/1735
c |      134.72|     2220211|     2963185|  1151062441|      161519|     4374.70|     2801668|           0|
time: 38.1693/0.0179854  number: 5601593/1735
c |      135.14|     2226298|     2971953|  1154842401|      162092|     4375.48|     2809865|           0|
time: 38.2839/0.0179854  number: 5617977/1735
c |      135.56|     2232669|     2980707|  1158595758|      162659|     4376.25|     2818052|           0|
time: 38.3999/0.0179854  number: 5634361/1735
c |      135.96|     2238910|     2989451|  1162241322|      163205|     4377.02|     2826250|           0|
time: 38.5146/0.0179854  number: 5650745/1735
c |      136.37|     2245259|     2998189|  1165885651|      163751|     4377.80|     2834442|           0|
time: 38.6283/0.0179854  number: 5667129/1735
c |      136.80|     2251556|     3006924|  1169545838|      164300|     4378.57|     2842628|           0|
time: 38.7429/0.0179854  number: 5683513/1735
c |      137.21|     2257862|     3015666|  1173170473|      164843|     4379.34|     2850827|           0|
time: 38.8563/0.0179854  number: 5699897/1735
c |      137.62|     2264158|     3024400|  1176829606|      165392|     4380.12|     2859012|           0|
time: 38.9719/0.0179854  number: 5716281/1735
c |      138.03|     2270290|     3033160|  1180539875|      165953|     4380.76|     2867211|           0|
time: 39.0877/0.0179854  number: 5732665/1735
c |      138.44|     2276609|     3041906|  1184252216|      166511|     4381.54|     2875398|           0|
time: 39.2025/0.0179854  number: 5749049/1735
c |      138.85|     2282912|     3050638|  1187866307|      167054|     4382.31|     2883588|           0|
time: 39.3187/0.0179854  number: 5765433/1735
c |      139.25|     2289267|     3059364|  1191451070|      167588|     4383.08|     2891780|           0|
time: 39.4336/0.0179854  number: 5781817/1735
c |      139.66|     2295585|     3068100|  1195087334|      168131|     4383.86|     2899972|           0|
time: 39.549/0.0179854  number: 5798201/1735
c |      140.07|     2301941|     3076832|  1198694202|      168671|     4384.63|     2908165|           0|
time: 39.6635/0.0179854  number: 5814585/1735
c |      140.48|     2308195|     3085581|  1202367332|      169223|     4385.40|     2916362|           0|
time: 39.7789/0.0179854  number: 5830969/1735
c |      140.90|     2314539|     3094339|  1206143527|      169796|     4386.18|     2924548|           0|
time: 39.8941/0.0179854  number: 5847353/1735
c |      141.32|     2320820|     3103106|  1209919357|      170366|     4386.95|     2932745|           0|
time: 40.0108/0.0179854  number: 5863737/1735
c |      141.74|     2327134|     3111866|  1213697619|      170939|     4387.72|     2940932|           0|
time: 40.1288/0.0179854  number: 5880121/1735
c |      142.16|     2333473|     3120629|  1217474442|      171509|     4388.50|     2949125|           0|
time: 40.2469/0.0179854  number: 5896505/1735
c |      142.58|     2339651|     3129396|  1221249493|      172082|     4389.27|     2957318|           0|
time: 40.3626/0.0179854  number: 5912889/1735
c |      143.00|     2345993|     3138157|  1224984987|      172652|     4390.04|     2965509|           0|
time: 40.479/0.0179854  number: 5929273/1735
c |      143.42|     2352300|     3146921|  1228720965|      173222|     4390.69|     2973702|           0|
time: 40.5972/0.0179854  number: 5945657/1735
c |      143.84|     2358635|     3155691|  1232460923|      173795|     4391.46|     2981899|           0|
time: 40.7139/0.0179854  number: 5962041/1735
c |      144.28|     2364858|     3164448|  1236196602|      174368|     4392.23|     2990085|           0|
time: 40.8306/0.0179854  number: 5978425/1735
c |      144.69|     2371232|     3173209|  1239928128|      174938|     4393.01|     2998276|           0|
time: 40.9475/0.0179854  number: 5994809/1735
c |      145.10|     2377489|     3181943|  1243491805|      175475|     4393.78|     3006472|           0|
time: 41.064/0.0179854  number: 6011193/1735
c |      145.50|     2383791|     3190661|  1247006711|      176003|     4394.55|     3014661|           0|
time: 41.178/0.0179854  number: 6027577/1735
c |      145.90|     2390057|     3199386|  1250544817|      176534|     4395.33|     3022854|           0|
time: 41.2923/0.0179854  number: 6043961/1735
c |      146.30|     2396329|     3208102|  1254032951|      177059|     4396.10|     3031046|           0|
time: 41.4045/0.0179854  number: 6060345/1735
c |      146.69|     2402633|     3216808|  1257488586|      177578|     4396.88|     3039235|           0|
time: 41.5175/0.0179854  number: 6076729/1735
c |      147.09|     2408906|     3225526|  1260967638|      178097|     4397.65|     3047432|           0|
time: 41.6309/0.0179854  number: 6093113/1735
c |      147.49|     2414991|     3234245|  1264451682|      178622|     4398.42|     3055625|           0|
time: 41.7433/0.0179854  number: 6109497/1735
c |      147.88|     2421294|     3242951|  1267916210|      179141|     4399.20|     3063813|           0|
time: 41.857/0.0179854  number: 6125881/1735
c |      148.28|     2427585|     3251677|  1271447377|      179672|     4399.97|     3072008|           0|
time: 41.9697/0.0179854  number: 6142265/1735
c |      148.68|     2433823|     3260404|  1274996944|      180209|     4400.74|     3080200|           0|
time: 42.0847/0.0179854  number: 6158649/1735
c |      149.08|     2440045|     3269129|  1278550576|      180743|     4401.52|     3088389|           0|
time: 42.198/0.0179854  number: 6175033/1735
c |      149.48|     2446244|     3277858|  1282081414|      181277|     4402.29|     3096586|           0|
time: 42.3108/0.0179854  number: 6191417/1735
c |      149.88|     2452539|     3286584|  1285637430|      181811|     4403.06|     3104776|           0|
time: 42.4246/0.0179854  number: 6207801/1735
c |      150.29|     2458650|     3295315|  1289225047|      182354|     4403.84|     3112965|           0|
time: 42.5386/0.0179854  number: 6224185/1735
c |      150.69|     2464838|     3304052|  1292797922|      182894|     4404.61|     3121161|           0|
time: 42.653/0.0179854  number: 6240569/1735
c |      151.10|     2471166|     3312796|  1296455429|      183449|     4405.38|     3129351|           0|
time: 42.7696/0.0179854  number: 6256953/1735
c |      151.52|     2477513|     3321557|  1300189781|      184019|     4406.16|     3137541|           0|
time: 42.8866/0.0179854  number: 6273337/1735
c --------------------------------------------------------------------------------------------------------
c |        time|     #posHit|     #negHit|      memory|      #split|     mem(MB)|  #dec. Node|     #models|
c --------------------------------------------------------------------------------------------------------
c |      151.92|     2483668|     3330279|  1303671903|      184547|     4407.06|     3145735|           0|
time: 42.9997/0.0179854  number: 6289721/1735
c |      152.32|     2489989|     3338960|  1306948931|      185039|     4407.84|     3153926|           0|
time: 43.109/0.0179854  number: 6306105/1735
c |      152.71|     2496197|     3347657|  1310292692|      185543|     4408.61|     3162118|           0|
time: 43.2195/0.0179854  number: 6322489/1735
c |      153.09|     2502454|     3356344|  1313595049|      186038|     4409.38|     3170309|           0|
time: 43.3299/0.0179854  number: 6338873/1735
c |      153.49|     2508586|     3365062|  1317052969|      186563|     4410.16|     3178502|           0|
time: 43.4429/0.0179854  number: 6355257/1735
c |      153.88|     2514821|     3373771|  1320469076|      187082|     4410.93|     3186694|           0|
time: 43.5574/0.0179854  number: 6371641/1735
c |      154.26|     2521010|     3382473|  1323831750|      187589|     4411.70|     3194888|           0|
time: 43.67/0.0179854  number: 6388025/1735
c |      154.65|     2527360|     3391168|  1327200097|      188096|     4412.48|     3203075|           0|
time: 43.7827/0.0179854  number: 6404409/1735
c |      155.04|     2533549|     3399879|  1330610689|      188612|     4413.38|     3211270|           0|
time: 43.896/0.0179854  number: 6420793/1735
c |      155.43|     2539823|     3408579|  1333969398|      189119|     4414.15|     3219463|           0|
time: 44.008/0.0179854  number: 6437177/1735
c |      155.82|     2546133|     3417278|  1337345206|      189629|     4414.93|     3227653|           0|
time: 44.1206/0.0179854  number: 6453561/1735
c |      156.21|     2552422|     3425985|  1340723004|      190139|     4415.70|     3235849|           0|
time: 44.2346/0.0179854  number: 6469945/1735
c |      156.59|     2558518|     3434668|  1343992235|      190631|     4416.47|     3244040|           0|
time: 44.3474/0.0179854  number: 6486329/1735
c |      156.97|     2564844|     3443353|  1347251137|      191126|     4417.38|     3252232|           0|
time: 44.4601/0.0179854  number: 6502713/1735
c |      157.35|     2571104|     3452045|  1350541405|      191627|     4418.15|     3260423|           0|
time: 44.573/0.0179854  number: 6519097/1735
c |      157.74|     2577397|     3460739|  1353835402|      192125|     4418.92|     3268617|           0|
time: 44.6867/0.0179854  number: 6535481/1735
c |      158.13|     2583658|     3469449|  1357245944|      192647|     4419.82|     3276805|           0|
time: 44.7987/0.0179854  number: 6551865/1735
c |      158.52|     2589964|     3478145|  1360576448|      193154|     4420.60|     3284993|           0|
time: 44.9111/0.0179854  number: 6568249/1735
c |      158.90|     2596159|     3486837|  1363843856|      193652|     4421.37|     3293188|           0|
time: 45.0229/0.0179854  number: 6584633/1735
c |      159.29|     2602557|     3495537|  1367138561|      194159|     4422.14|     3301383|           0|
time: 45.1336/0.0179854  number: 6601017/1735
c |      159.68|     2608868|     3504243|  1370473187|      194672|     4422.92|     3309575|           0|
time: 45.2438/0.0179854  number: 6617401/1735
c |      160.09|     2615163|     3512955|  1373816544|      195191|     4423.82|     3317768|           0|
time: 45.3569/0.0179854  number: 6633785/1735
c |      160.47|     2621571|     3521666|  1377150481|      195710|     4424.59|     3325958|           0|
time: 45.4705/0.0179854  number: 6650169/1735
c |      160.86|     2627944|     3530367|  1380423961|      196226|     4425.37|     3334146|           0|
time: 45.5813/0.0179854  number: 6666553/1735
c --------------------------------------------------------------------------------------------------------
c
c [1m[31mStatistics [0m
c [33mCompilation Information[0m
c Number of recursive call: 6680683
c Number of split formula: 196610
c Number of decision: 3340341
c Number of models used: 0
c
c [1m[34mCache Information[0m
c Number of positive hit: 2632482
c Number of negative hit: 3536949
c
c Final time: 161.14
c
time: 45.6639/0.0180922  number: 6678938/1745
s SATISFIABLE
c s type mc
c s log10-estimate 18.66387298468149880698548829842051143110469988462
c s exact arb int 4611826756989485056
c [COUNTER] Elapsed time: 161.243999827000010327537893317639827728271484375 seconds
