c [D4] Competition version
c [INITIAL INPUT] [4m[32mStatistics about the input formula[0m
c [INITIAL INPUT] Number of variables: 432
c [INITIAL INPUT] Number of clauses: 1377
c [INITIAL INPUT] Number of unit clauses: 11
c [INITIAL INPUT] Number of binary clauses: 127
c [INITIAL INPUT] Number of ternary clauses: 861
c [INITIAL INPUT] Number of clauses larger than 3: 378
c [INITIAL INPUT] Number of literals: 4447
c
c [D4] Run the projected model counter
c [PREPROC MANAGER] Option PreprocManager: preproc(basic) input type(dimacs cnf)
c [MAIN PREPROCESSED INPUT] [4m[32mStatistics about the preprocessed formula[0m
c [PREPROCESSED INPUT] Number of variables: 432
c [PREPROCESSED INPUT] Number of clauses: 1377
c [PREPROCESSED INPUT] Number of unit clauses: 11
c [PREPROCESSED INPUT] Number of binary clauses: 127
c [PREPROCESSED INPUT] Number of ternary clauses: 861
c [PREPROCESSED INPUT] Number of clauses larger than 3: 378
c [PREPROCESSED INPUT] Number of literals: 4447
c
c
c [PROJECTED VARIABLES] list: 5 6 7 8 9 10 11 12 13 14 15 16 17 18 19 20 124 125 126 127 128 129 130 131 132 133 134 135 136 137 138 139 227 228 229 230 231 232 233 234 235 236 237 238 239 240 241 242 330 331 332 333 334 335 336 337 338 339 340 341 342 343 344 345 432 
c
c [DPLL STYLE METHOD] Option DPLL-style Method: exploit-model(1) 
c [WRAPPER SOLVER] Option Solver: solver name(glucose cnf)
c [GLUCOSE SOLVER] Init phase
c [SPEC MANAGER] Option Formula Manager: update mode(dynamicBlockedSimp)
c [SPEC MANAGER] DYN with blocked clause elimination
c [SPEC MANAGER] Number of clauses removed at the beginning: 182
c [MODE] Projected we can only use the classical heuristic
c [BRANCHING HEURISTIC] Option Branching Heuristic: scoring method(vsads) phase heuristic(polarity) reverse phase (0) freq-decay (2048) branching heuristic (classic)
c [CACHE CLEANING MANAGER]  Option CacheCleaningManager: cleaning strategy(none) 
c [BUCKET MANAGER]  Option BucketManager: storage(not-touched)  representation(clause)  size_first_page(4294967296) size_additional_page(536870912)
c [CACHE LIST CONSTRUCTOR]
c [OPERATION MANAGER] Operator option: operator type(counting)
c
c [DPLL STYLE METHOD] Exploitation models: 1
c Warm start process (11): 25/29
c --------------------------------------------------------------------------------------------------------
c |        time|     #posHit|     #negHit|      memory|      #split|     mem(MB)|  #dec. Node|     #models|
c --------------------------------------------------------------------------------------------------------
c |        0.37|        6988|        8660|     3037152|        2988|     4128.92|        8203|           0|
time: 0.113733/0.00396304  number: 15977/407
c |        0.75|       14009|       17318|     6002365|        5475|     4129.57|       16390|           0|
time: 0.228814/0.00456925  number: 32304/464
c |        1.11|       20372|       25977|     8887758|        6390|     4130.21|       24583|           0|
time: 0.337493/0.00466748  number: 48677/475
c |        1.47|       26266|       34637|    11693966|        7892|     4130.97|       32776|           0|
time: 0.44526/0.00589391  number: 64928/608
c |        1.84|       32281|       43305|    14562158|        9352|     4131.61|       40968|           0|
time: 0.557851/0.00607022  number: 81294/626
c |        2.20|       38506|       51931|    17376412|       10193|     4132.25|       49159|           0|
time: 0.666034/0.00607022  number: 97678/626
c |        2.56|       44842|       60546|    20146154|       11036|     4132.90|       57351|           0|
time: 0.77236/0.00612815  number: 114056/632
c |        2.89|       50839|       69146|    22642584|       11841|     4133.66|       65543|           0|
time: 0.874858/0.00627168  number: 130426/646
c |        3.24|       56746|       77767|    25278403|       12690|     4134.31|       73735|           0|
time: 0.980816/0.00642498  number: 146794/662
c |        3.59|       62774|       86374|    27885429|       13520|     4134.95|       81924|           0|
time: 1.08662/0.00642498  number: 163178/662
c |        3.94|       68912|       94998|    30638941|       14384|     4135.59|       90118|           0|
time: 1.1944/0.00642498  number: 179562/662
c |        4.30|       75155|      103605|    33364768|       15218|     4136.36|       98309|           0|
time: 1.30132/0.00642498  number: 195946/662
c |        4.66|       81242|      112237|    36212525|       16094|     4137.00|      106501|           0|
time: 1.41155/0.00642498  number: 212330/662
c |        5.03|       87517|      120862|    39006030|       16968|     4137.63|      114696|           0|
time: 1.52069/0.00666865  number: 228689/687
c |        5.37|       94039|      129449|    41641758|       19192|     4138.27|      122891|           0|
time: 1.63119/0.00918826  number: 244818/942
c |        5.72|      100543|      138012|    44216541|       20289|     4139.04|      131078|           0|
time: 1.74066/0.00922974  number: 261198/946
c |        6.08|      106610|      146629|    46922825|       21142|     4139.68|      139270|           0|
time: 1.84984/0.00954636  number: 277552/976
c |        6.45|      112942|      155248|    49705374|       22008|     4140.32|      147462|           0|
time: 1.96131/0.00969752  number: 293920/992
c |        6.82|      119367|      163870|    52532756|       22868|     4141.09|      155654|           0|
time: 2.07478/0.00969752  number: 310304/992
c |        7.19|      125852|      172490|    55343478|       23726|     4141.73|      163846|           0|
time: 2.18814/0.00969752  number: 326688/992
c |        7.56|      132371|      181108|    58154484|       24578|     4142.38|      172037|           0|
time: 2.30118/0.00969752  number: 343072/992
c |        7.91|      138447|      189700|    60762470|       25366|     4143.02|      180229|           0|
time: 2.4089/0.00989684  number: 359436/1012
c |        8.26|      145074|      198294|    63389223|       26160|     4143.67|      188421|           0|
time: 2.51766/0.00989684  number: 375820/1012
c |        8.62|      151550|      206893|    66033359|       26973|     4144.31|      196615|           0|
time: 2.62781/0.00989684  number: 392204/1012
c |        8.98|      158126|      215490|    68668288|       27783|     4145.09|      204807|           0|
time: 2.73776/0.00989684  number: 408588/1012
c |        9.33|      164566|      224090|    71321543|       28594|     4145.72|      213001|           0|
time: 2.84859/0.00989684  number: 424972/1012
c |        9.70|      171101|      232697|    74042453|       29436|     4146.37|      221187|           0|
time: 2.96181/0.00989684  number: 441356/1012
c |       10.06|      177791|      241301|    76711992|       30255|     4147.01|      229382|           0|
time: 3.07173/0.00989684  number: 457740/1012
c |       10.41|      184340|      249886|    79310256|       31054|     4147.65|      237575|           0|
time: 3.17987/0.0101152  number: 474102/1034
c |       10.74|      190205|      258541|    81885537|       32510|     4148.43|      245768|           0|
time: 3.2841/0.0128237  number: 490181/1339
c |       11.08|      196050|      267205|    84509247|       34060|     4145.04|      253957|           0|
time: 3.3883/0.0158363  number: 506278/1626
c |       11.43|      202301|      275845|    87254574|       35750|     4145.69|      262151|           0|
time: 3.49736/0.0167671  number: 522564/1724
c |       11.78|      207954|      284464|    89897594|       36626|     4146.33|      270341|           0|
time: 3.60471/0.0170332  number: 538920/1752
c |       12.14|      213724|      293104|    92649667|       37484|     4146.98|      278533|           0|
time: 3.71506/0.0172964  number: 555274/1782
c |       12.49|      219453|      301737|    95300072|       38324|     4147.75|      286727|           0|
time: 3.82238/0.0174452  number: 571641/1799
c |       12.83|      224950|      310347|    97860972|       39144|     4148.39|      294919|           0|
time: 3.92844/0.0176216  number: 588007/1817
c |       13.16|      230726|      318924|   100301062|       39932|     4149.04|      303111|           0|
time: 4.03222/0.0177904  number: 604373/1835
c |       13.51|      236459|      327529|   102906228|       40760|     4149.68|      311304|           0|
time: 4.13923/0.018004  number: 620734/1858
c |       13.86|      242502|      336142|   105550162|       41608|     4150.52|      319494|           0|
time: 4.24945/0.018004  number: 637118/1858
c |       14.20|      248045|      344743|   108116724|       42393|     4151.17|      327686|           0|
time: 4.35668/0.0180994  number: 653493/1867
c |       14.54|      254016|      353331|   110600974|       43183|     4151.81|      335877|           0|
time: 4.46098/0.0180994  number: 669877/1867
c |       14.88|      259999|      361934|   113160990|       43987|     4152.46|      344073|           0|
time: 4.5666/0.0180994  number: 686261/1867
c |       15.22|      265989|      370533|   115775749|       44806|     4153.23|      352260|           0|
time: 4.67388/0.0181833  number: 702638/1874
c |       15.55|      271796|      379109|   118235513|       45571|     4153.88|      360455|           0|
time: 4.77853/0.0181833  number: 719022/1874
c |       15.88|      277549|      387682|   120697942|       46331|     4154.52|      368646|           0|
time: 4.88267/0.0181833  number: 735406/1874
c |       16.24|      283526|      396269|   123388707|       47125|     4155.16|      376836|           0|
time: 4.99045/0.0181833  number: 751790/1874
c |       16.59|      289373|      404869|   126186323|       47939|     4155.81|      385030|           0|
time: 5.09969/0.0181833  number: 768174/1874
c |       16.94|      295239|      413456|   128946921|       48724|     4156.45|      393224|           0|
time: 5.20896/0.0181833  number: 784558/1874
c |       17.31|      301212|      422079|   131876119|       49595|     4157.23|      401412|           0|
time: 5.32069/0.0181833  number: 800942/1874
c |       17.67|      307209|      430686|   134716102|       50425|     4157.87|      409604|           0|
time: 5.43129/0.0181833  number: 817326/1874
c |       18.04|      313342|      439297|   137563581|       51265|     4158.52|      417794|           0|
time: 5.54204/0.0181833  number: 833710/1874
c |       18.38|      319565|      447832|   140174906|       51943|     4159.16|      425990|           0|
time: 5.6489/0.0181833  number: 850094/1874
c |       18.73|      325772|      456428|   142951156|       52751|     4159.80|      434183|           0|
time: 5.75738/0.0181833  number: 866478/1874
c |       19.09|      331981|      464998|   145687149|       53511|     4160.58|      442373|           0|
time: 5.86621/0.0181833  number: 882862/1874
c |       19.44|      338021|      473590|   148492024|       54308|     4161.22|      450566|           0|
time: 5.9766/0.0181833  number: 899246/1874
c |       19.80|      344121|      482159|   151299793|       55058|     4161.87|      458758|           0|
time: 6.08607/0.0181833  number: 915630/1874
c |       20.16|      350631|      490710|   154172921|       55781|     4162.51|      466948|           0|
time: 6.19674/0.0181833  number: 932014/1874
c |       20.53|      357383|      499313|   157222591|       56594|     4163.29|      475145|           0|
time: 6.30841/0.0181833  number: 948398/1874
c |       20.91|      364050|      507922|   160347929|       57431|     4163.93|      483336|           0|
time: 6.41979/0.0181833  number: 964782/1874
c |       21.27|      370462|      516543|   163283699|       59371|     4164.57|      491527|           0|
time: 6.53267/0.0200773  number: 980946/2094
c |       21.66|      376946|      525193|   166312030|       61879|     4165.22|      499722|           0|
time: 6.65205/0.0206533  number: 997268/2156
c |       22.01|      382880|      533773|   168945348|       62840|     4165.99|      507910|           0|
time: 6.76071/0.0208975  number: 1013629/2179
c |       22.37|      388922|      542376|   171711525|       63685|     4166.64|      516102|           0|
time: 6.87143/0.0210329  number: 1029999/2193
c --------------------------------------------------------------------------------------------------------
c |        time|     #posHit|     #negHit|      memory|      #split|     mem(MB)|  #dec. Node|     #models|
c --------------------------------------------------------------------------------------------------------
c |       22.73|      394968|      550967|   174406086|       64597|     4167.28|      524292|           0|
time: 6.98062/0.0213056  number: 1046351/2225
c |       23.09|      401126|      559568|   177160938|       65413|     4167.93|      532485|           0|
time: 7.09155/0.0213056  number: 1062735/2225
c |       23.44|      407011|      568155|   179825453|       66313|     4168.70|      540676|           0|
time: 7.19996/0.0217195  number: 1079077/2267
c |       23.78|      412665|      576739|   182420259|       67601|     4169.49|      548870|           0|
time: 7.30589/0.0232607  number: 1095274/2454
c |       24.14|      418878|      585344|   185119481|       69435|     4170.13|      557064|           0|
time: 7.41714/0.0248781  number: 1111467/2645
c |       24.50|      424868|      593943|   187780292|       70687|     4170.91|      565253|           0|
time: 7.5278/0.0248991  number: 1127849/2647
c |       24.86|      430917|      602519|   190374489|       71457|     4171.55|      573444|           0|
time: 7.63702/0.0248991  number: 1144233/2647
c |       25.21|      436558|      611170|   193112253|       72655|     4172.20|      581637|           0|
time: 7.74625/0.0252329  number: 1160582/2682
c |       25.56|      442164|      619734|   195724623|       73402|     4172.84|      589829|           0|
time: 7.85499/0.0252329  number: 1176966/2682
c |       25.92|      448163|      628321|   198424605|       74191|     4173.62|      598021|           0|
time: 7.96686/0.0252329  number: 1193350/2682
c |       26.27|      454347|      636894|   201040722|       74947|     4174.26|      606214|           0|
time: 8.07619/0.0252329  number: 1209734/2682
c |       26.64|      460617|      645543|   203915487|       76605|     4174.91|      614410|           0|
time: 8.19025/0.0266157  number: 1225953/2847
c |       27.01|      466685|      654210|   206822146|       78576|     4175.68|      622602|           0|
time: 8.30499/0.0279184  number: 1242184/3000
c |       27.37|      472637|      662871|   209657747|       80455|     4176.56|      630789|           0|
time: 8.40988/0.0327364  number: 1257986/3582
c |       27.73|      478839|      671541|   212548615|       82411|     4177.20|      638983|           0|
time: 8.52179/0.0334249  number: 1274290/3662
c |       28.10|      484737|      680165|   215312536|       83293|     4178.15|      647172|           0|
time: 8.63342/0.0334249  number: 1290674/3662
c |       28.48|      490464|      688778|   218136917|       84129|     4178.93|      655366|           0|
time: 8.74805/0.0334249  number: 1307058/3662
c |       28.84|      496308|      697388|   220909272|       84967|     4179.57|      663557|           0|
time: 8.86062/0.0334249  number: 1323442/3662
c |       29.20|      502395|      706060|   223775838|       86777|     4180.34|      671750|           0|
time: 8.96831/0.0365873  number: 1339458/4030
c |       29.56|      508877|      714671|   226476949|       88165|     4180.99|      679943|           0|
time: 9.07936/0.0365988  number: 1355841/4031
c |       29.91|      515044|      723262|   229103454|       88968|     4181.63|      688133|           0|
time: 9.18891/0.0365988  number: 1372225/4031
c |       30.27|      521276|      731875|   231823362|       89808|     4182.41|      696325|           0|
time: 9.30048/0.0365988  number: 1388609/4031
c |       30.63|      527455|      740487|   234516151|       91110|     4183.05|      704516|           0|
time: 9.41204/0.0371481  number: 1404937/4087
c |       30.97|      533277|      749122|   237184582|       92209|     4183.70|      712712|           0|
time: 9.51171/0.0412184  number: 1420833/4575
c |       31.30|      539432|      757815|   240054459|       94231|     4184.47|      720902|           0|
time: 9.60476/0.0484854  number: 1436380/5412
c |       31.68|      545806|      766502|   243021365|       96003|     4185.25|      729094|           0|
time: 9.71335/0.0488592  number: 1452725/5451
c |       32.03|      551713|      775136|   245715201|       97007|     4185.89|      737288|           0|
time: 9.81948/0.0491777  number: 1469080/5480
c |       32.39|      557355|      783759|   248528503|       97873|     4186.54|      745479|           0|
time: 9.93134/0.0491777  number: 1485464/5480
c |       32.75|      563047|      792358|   251271465|       98689|     4187.31|      753669|           0|
time: 10.0437/0.0491777  number: 1501848/5480
c |       33.12|      568667|      800987|   254145740|       99593|     4187.95|      761861|           0|
time: 10.1586/0.0494943  number: 1518199/5513
c |       33.48|      574454|      809601|   256848821|      100437|     4188.48|      770052|           0|
time: 10.264/0.0509439  number: 1534568/5528
c |       33.83|      580381|      818191|   259567496|      101229|     4189.12|      778246|           0|
time: 10.3669/0.0509439  number: 1550952/5528
c |       34.17|      586117|      826784|   262179632|      102100|     4189.77|      786436|           0|
time: 10.4681/0.051272  number: 1567302/5562
c |       34.53|      592058|      835392|   264927647|      102919|     4190.54|      794631|           0|
time: 10.5738/0.051478  number: 1583667/5581
c |       34.89|      598304|      844012|   267697674|      103777|     4191.19|      802822|           0|
time: 10.6803/0.051478  number: 1600051/5581
c |       35.24|      604517|      852617|   270393572|      104605|     4191.96|      811013|           0|
time: 10.7836/0.051478  number: 1616435/5581
c |       35.60|      610347|      861246|   273206942|      105472|     4192.61|      819208|           0|
time: 10.8882/0.051478  number: 1632819/5581
c |       35.96|      616297|      869854|   276002534|      106369|     4193.38|      827396|           0|
time: 10.9926/0.0518137  number: 1649170/5614
c |       36.33|      622547|      878467|   278873012|      107218|     4194.02|      835589|           0|
time: 11.1009/0.05189  number: 1665547/5621
c |       36.68|      628608|      887054|   281551707|      108012|     4194.67|      843784|           0|
time: 11.2032/0.0521036  number: 1681911/5641
c |       37.04|      634603|      895643|   284278662|      108873|     4195.44|      851975|           0|
time: 11.3086/0.0524279  number: 1698263/5673
c |       37.38|      640701|      904256|   286943985|      109883|     4196.09|      860167|           0|
time: 11.41/0.0525728  number: 1714633/5687
c |       37.73|      646729|      912858|   289561877|      110703|     4196.86|      868360|           0|
time: 11.5101/0.0525995  number: 1731014/5690
c |       38.08|      652751|      921441|   292085412|      111491|     4197.50|      876548|           0|
time: 11.6116/0.0525995  number: 1747398/5690
c |       38.43|      658929|      930044|   294835811|      112311|     4198.28|      884740|           0|
time: 11.7165/0.0525995  number: 1763782/5690
c |       38.80|      665113|      938678|   297789653|      113198|     4198.92|      892933|           0|
time: 11.8237/0.0525995  number: 1780166/5690
c |       39.17|      671388|      947301|   300696539|      114057|     4199.70|      901126|           0|
time: 11.9292/0.0525995  number: 1796550/5690
c |       39.54|      677616|      955935|   303673637|      114941|     4200.34|      909318|           0|
time: 12.0383/0.0525995  number: 1812934/5690
c |       39.92|      683834|      964565|   306603441|      115817|     4201.11|      917510|           0|
time: 12.1458/0.0525995  number: 1829318/5690
c |       40.30|      689981|      973216|   309668765|      116741|     4201.76|      925698|           0|
time: 12.2555/0.0525995  number: 1845702/5690
c |       40.68|      696216|      981852|   312647326|      117623|     4202.53|      933892|           0|
time: 12.3647/0.0525995  number: 1862086/5690
c |       41.05|      702430|      990482|   315564788|      118502|     4203.18|      942086|           0|
time: 12.4727/0.0525995  number: 1878470/5690
c |       41.41|      708708|      999094|   318406682|      119339|     4203.95|      950278|           0|
time: 12.5779/0.0525995  number: 1894854/5690
c |       41.78|      714154|     1007741|   321363363|      120155|     4204.72|      958471|           0|
time: 12.6822/0.0555979  number: 1910880/6048
c |       42.15|      716973|     1016528|   324525128|      120921|     4205.62|      966667|           0|
time: 12.7833/0.072661  number: 1925344/7968
c |       42.55|      719813|     1025391|   327960597|      122377|     4206.27|      974853|           0|
time: 12.8966/0.0866724  number: 1940096/9600
c |       42.98|      724363|     1034257|   331496644|      123887|     4207.04|      983048|           0|
time: 13.0269/0.0908304  number: 1955919/10161
c |       43.42|      729151|     1043088|   335119426|      125615|     4208.42|      991240|           0|
time: 13.1592/0.0951525  number: 1971735/10729
c |       43.87|      734611|     1051906|   338793308|      127305|     4208.94|      999431|           0|
time: 13.2962/0.0969606  number: 1987894/10954
c |       44.34|      740418|     1060818|   342892524|      129533|     4209.71|     1007625|           0|
time: 13.4411/0.0993715  number: 2004005/11227
c |       44.79|      745706|     1069678|   346636080|      131459|     4210.36|     1015814|           0|
time: 13.5789/0.101672  number: 2020122/11494
c |       45.24|      750743|     1078585|   350226141|      133183|     4211.14|     1024007|           0|
time: 13.7126/0.103636  number: 2036278/11722
c |       45.67|      756248|     1087435|   353762493|      134691|     4211.91|     1032203|           0|
time: 13.8422/0.105216  number: 2052482/11902
c |       46.10|      761658|     1096202|   357304941|      136221|     4212.68|     1040391|           0|
time: 13.9723/0.107249  number: 2068617/12151
c --------------------------------------------------------------------------------------------------------
c |        time|     #posHit|     #negHit|      memory|      #split|     mem(MB)|  #dec. Node|     #models|
c --------------------------------------------------------------------------------------------------------
c |       46.56|      767089|     1105025|   361019573|      138148|     4213.33|     1048583|           0|
time: 14.1078/0.108977  number: 2084802/12350
c |       47.02|      772048|     1113798|   364711744|      139752|     4214.10|     1056775|           0|
time: 14.2469/0.11143  number: 2100920/12616
c |       47.46|      777465|     1122615|   368375975|      141380|     4214.88|     1064966|           0|
time: 14.3763/0.114382  number: 2116984/12936
c |       47.89|      782657|     1131448|   372118352|      143073|     4215.65|     1073159|           0|
time: 14.5054/0.117533  number: 2133018/13286
c |       48.33|      787872|     1140301|   375802248|      144825|     4216.29|     1081352|           0|
time: 14.6337/0.120871  number: 2149034/13654
c |       48.74|      793577|     1149063|   379107945|      145871|     4217.07|     1089544|           0|
time: 14.7598/0.120871  number: 2165418/13654
c |       49.15|      798372|     1157884|   382394185|      146715|     4217.84|     1097733|           0|
time: 14.8834/0.121829  number: 2181695/13761
c |       49.58|      804443|     1166686|   385932960|      148171|     4218.48|     1105924|           0|
time: 15.0108/0.123278  number: 2197937/13903
c |       50.03|      810278|     1175512|   389636844|      149809|     4219.26|     1114117|           0|
time: 15.1395/0.125006  number: 2214137/14087
c |       50.45|      815876|     1184309|   393116399|      151120|     4220.03|     1122311|           0|
time: 15.2642/0.125903  number: 2230437/14171
c |       50.89|      821692|     1193118|   396780392|      152763|     4220.80|     1130503|           0|
time: 15.3902/0.128077  number: 2246588/14404
c |       51.32|      827312|     1201898|   400124354|      153787|     4221.45|     1138695|           0|
time: 15.5206/0.128295  number: 2262950/14426
c |       51.73|      831182|     1210654|   403321440|      154466|     4222.22|     1146884|           0|
time: 15.6469/0.128295  number: 2279334/14426
c |       52.16|      836954|     1219438|   406645021|      155353|     4224.11|     1155078|           0|
time: 15.7723/0.130251  number: 2295609/14535
c |       52.59|      842692|     1228190|   409870684|      156113|     4224.37|     1163268|           0|
time: 15.9013/0.130923  number: 2311927/14601
c |       53.02|      848357|     1237022|   413492132|      157734|     4226.09|     1171462|           0|
time: 16.0291/0.132872  number: 2328105/14807
c |       53.43|      854176|     1245829|   416959769|      159069|     4226.70|     1179657|           0|
time: 16.1449/0.13618  number: 2344331/14965
c |       53.85|      860127|     1254648|   420513066|      160555|     4226.70|     1187847|           0|
time: 16.2604/0.137889  number: 2360530/15150
c |       54.26|      865684|     1263468|   424022886|      161896|     4226.83|     1196038|           0|
time: 16.3721/0.139563  number: 2376715/15349
c |       54.67|      871029|     1272300|   427525768|      163306|     4227.47|     1204227|           0|
time: 16.4839/0.141078  number: 2392939/15509
c |       55.08|      876774|     1281078|   430883890|      164338|     4228.25|     1212419|           0|
time: 16.5976/0.141703  number: 2409261/15571
c |       55.48|      883131|     1289850|   434113576|      165128|     4229.02|     1220613|           0|
time: 16.7079/0.142092  number: 2425603/15613
c |       55.89|      889297|     1298620|   437469725|      166210|     4229.79|     1228807|           0|
time: 16.8201/0.143092  number: 2441876/15724
c |       56.29|      895556|     1307391|   440975404|      167748|     4230.44|     1236998|           0|
time: 16.9338/0.144507  number: 2458118/15866
c |       56.69|      901340|     1316199|   444424372|      169175|     4231.21|     1245190|           0|
time: 17.0441/0.146395  number: 2474287/16081
c |       57.10|      907289|     1325002|   447933555|      170690|     4231.98|     1253382|           0|
time: 17.1583/0.148402  number: 2490459/16293
c |       57.51|      912649|     1333786|   451524504|      171941|     4233.31|     1261574|           0|
time: 17.2742/0.151007  number: 2506620/16516
c |       57.92|      918811|     1342588|   455223317|      173418|     4233.82|     1269767|           0|
time: 17.3839/0.153006  number: 2522807/16713
c |       58.34|      924742|     1351371|   458978821|      174975|     4234.60|     1277957|           0|
time: 17.4968/0.154433  number: 2539053/16851
c |       58.76|      930452|     1360172|   462799632|      176451|     4235.37|     1286154|           0|
time: 17.6102/0.156104  number: 2555275/17013
c |       59.17|      937101|     1368948|   466529149|      178333|     4236.02|     1294344|           0|
time: 17.7226/0.157858  number: 2571491/17181
c |       59.59|      943069|     1377761|   470159996|      179881|     4236.79|     1302536|           0|
time: 17.8313/0.160388  number: 2587628/17428
c |       60.00|      949486|     1386572|   473822170|      181607|     4237.56|     1310725|           0|
time: 17.9416/0.16199  number: 2603871/17569
c |       60.42|      956028|     1395344|   477367393|      183261|     4238.34|     1318919|           0|
time: 18.0558/0.164008  number: 2620063/17761
c |       60.83|      962543|     1404138|   480962628|      184849|     4238.98|     1327111|           0|
time: 18.1668/0.165858  number: 2636287/17921
c |       61.23|      968930|     1412951|   484586174|      186343|     4239.75|     1335306|           0|
time: 18.2755/0.167727  number: 2652509/18083
c |       61.63|      975297|     1421716|   488079170|      187873|     4240.53|     1343492|           0|
time: 18.3851/0.169543  number: 2668707/18269
c |       62.03|      981322|     1430479|   491516334|      189397|     4241.30|     1351684|           0|
time: 18.4947/0.172011  number: 2684810/18550
c |       62.42|      987008|     1439257|   494907586|      190756|     4242.07|     1359879|           0|
time: 18.5993/0.17599  number: 2700725/19019
c |       62.81|      993106|     1447993|   498234838|      192156|     4242.85|     1368071|           0|
time: 18.7068/0.179038  number: 2716731/19397
c |       63.21|      998900|     1456700|   501647244|      193501|     4243.50|     1376262|           0|
time: 18.815/0.182276  number: 2732694/19818
c |       63.59|     1004331|     1465450|   504902874|      194795|     4244.27|     1384457|           0|
time: 18.9201/0.185382  number: 2748704/20192
c |       63.99|     1010446|     1474176|   508011506|      195725|     4245.04|     1392647|           0|
time: 19.0345/0.185847  number: 2765038/20242
c |       64.38|     1016280|     1482901|   511059698|      196365|     4245.82|     1400836|           0|
time: 19.1472/0.185847  number: 2781422/20242
c |       64.77|     1022085|     1491655|   514099077|      197034|     4246.46|     1409031|           0|
time: 19.2585/0.185847  number: 2797806/20242
c |       65.16|     1027519|     1500427|   517159576|      197733|     4247.23|     1417221|           0|
time: 19.3685/0.185847  number: 2814190/20242
c |       65.55|     1033477|     1509141|   520174060|      198357|     4248.01|     1425413|           0|
time: 19.4787/0.185847  number: 2830574/20242
c |       65.93|     1039082|     1517846|   523134184|      198983|     4248.78|     1433606|           0|
time: 19.5868/0.186213  number: 2846928/20272
c |       66.30|     1044583|     1526585|   526172137|      199682|     4249.55|     1441797|           0|
time: 19.6937/0.186846  number: 2863240/20344
c |       66.70|     1050282|     1535344|   529348049|      200618|     4250.20|     1449993|           0|
time: 19.801/0.188143  number: 2879508/20460
c |       67.11|     1054918|     1544279|   532796584|      201955|     4252.29|     1458182|           0|
time: 19.9187/0.19092  number: 2895703/20649
c |       67.54|     1060699|     1553089|   536255560|      203165|     4252.41|     1466373|           0|
time: 20.0449/0.191691  number: 2912013/20723
c |       67.97|     1066459|     1561887|   539900197|      204685|     4253.19|     1474567|           0|
time: 20.1677/0.193606  number: 2928208/20912
c |       68.41|     1071469|     1570736|   543655082|      206134|     4253.96|     1482755|           0|
time: 20.2925/0.195498  number: 2944409/21095
c |       68.83|     1076994|     1579531|   547036541|      207067|     4254.61|     1490953|           0|
time: 20.4165/0.19652  number: 2960693/21195
c |       69.27|     1083406|     1588363|   550728633|      208485|     4255.42|     1499142|           0|
time: 20.542/0.197558  number: 2976988/21284
c |       69.68|     1089112|     1597133|   553917772|      209162|     4256.20|     1507334|           0|
time: 20.6645/0.197558  number: 2993372/21284
c |       70.09|     1094724|     1605895|   557108567|      209849|     4256.97|     1515527|           0|
time: 20.7874/0.197558  number: 3009756/21284
c |       70.50|     1099408|     1614651|   560286657|      210527|     4257.74|     1523718|           0|
time: 20.9105/0.197558  number: 3026140/21284
c |       70.91|     1104516|     1623395|   563443020|      211193|     4258.52|     1531912|           0|
time: 21.0338/0.197558  number: 3042524/21284
c |       71.33|     1110243|     1632146|   566623369|      211868|     4259.29|     1540100|           0|
time: 21.1587/0.197558  number: 3058908/21284
c |       71.75|     1115862|     1640897|   569805496|      212540|     4259.93|     1548292|           0|
time: 21.2846/0.197558  number: 3075292/21284
c |       72.18|     1121522|     1649674|   573009347|      213242|     4260.71|     1556485|           0|
time: 21.4077/0.197558  number: 3091676/21284
c |       72.59|     1127353|     1658428|   576101049|      213918|     4261.48|     1564676|           0|
time: 21.5292/0.197634  number: 3108053/21291
c --------------------------------------------------------------------------------------------------------
c |        time|     #posHit|     #negHit|      memory|      #split|     mem(MB)|  #dec. Node|     #models|
c --------------------------------------------------------------------------------------------------------
c |       73.00|     1133044|     1667227|   579486744|      215254|     4262.25|     1572871|           0|
time: 21.6484/0.199473  number: 3124293/21435
c |       73.40|     1138782|     1675998|   582748000|      216232|     4263.03|     1581061|           0|
time: 21.7703/0.20006  number: 3140628/21484
c |       73.80|     1144402|     1684758|   585830928|      216994|     4263.80|     1589255|           0|
time: 21.8864/0.200564  number: 3156971/21525
c |       74.21|     1150455|     1693520|   588909864|      217674|     4264.57|     1597448|           0|
time: 22.0037/0.200564  number: 3173355/21525
c |       74.61|     1156498|     1702262|   591964124|      218343|     4265.24|     1605638|           0|
time: 22.1225/0.200564  number: 3189739/21525
c |       75.01|     1162414|     1710998|   595017337|      218991|     4266.02|     1613831|           0|
time: 22.2412/0.200564  number: 3206123/21525
c |       75.40|     1168309|     1719717|   598017994|      219630|     4266.79|     1622023|           0|
time: 22.3609/0.200564  number: 3222507/21525
c |       75.79|     1173979|     1728438|   601014540|      220272|     4267.56|     1630211|           0|
time: 22.4803/0.200564  number: 3238891/21525
c |       76.19|     1179695|     1737175|   604057830|      220924|     4268.34|     1638404|           0|
time: 22.5997/0.200564  number: 3255275/21525
c |       76.60|     1185718|     1745880|   607074715|      221544|     4269.11|     1646596|           0|
time: 22.7226/0.200564  number: 3271659/21525
c |       77.00|     1191797|     1754572|   610070112|      222144|     4269.76|     1654789|           0|
time: 22.8444/0.200564  number: 3288043/21525
c |       77.39|     1197811|     1763248|   613010200|      222729|     4270.53|     1662982|           0|
time: 22.9676/0.200564  number: 3304427/21525
c |       77.79|     1203860|     1771979|   616169205|      223560|     4271.30|     1671172|           0|
time: 23.0878/0.201586  number: 3320714/21622
c |       78.20|     1210050|     1780748|   619488699|      224481|     4272.08|     1679366|           0|
time: 23.2083/0.202761  number: 3336998/21722
c |       78.61|     1216301|     1789475|   622579087|      225183|     4272.85|     1687558|           0|
time: 23.3296/0.202761  number: 3353382/21722
c |       79.01|     1222242|     1798184|   625597487|      225803|     4273.62|     1695748|           0|
time: 23.4491/0.202761  number: 3369766/21722
c |       79.40|     1228031|     1806895|   628636865|      226427|     4274.27|     1703940|           0|
time: 23.5685/0.202761  number: 3386150/21722
c |       79.80|     1234107|     1815595|   631623897|      227039|     4275.04|     1712132|           0|
time: 23.6894/0.202761  number: 3402534/21722
c |       80.20|     1239509|     1824282|   634578895|      227637|     4275.82|     1720324|           0|
time: 23.8122/0.202761  number: 3418918/21722
c |       80.62|     1244706|     1833032|   637818022|      228409|     4276.59|     1728520|           0|
time: 23.938/0.204066  number: 3435198/21826
c |       81.05|     1250827|     1841810|   641418196|      229639|     4277.36|     1736708|           0|
time: 24.0632/0.206309  number: 3451414/21994
c |       81.49|     1256647|     1850592|   645057405|      230893|     4278.14|     1744905|           0|
time: 24.1931/0.207934  number: 3467666/22126
c |       81.94|     1262864|     1859392|   648825766|      232339|     4278.78|     1753093|           0|
time: 24.3231/0.209956  number: 3483890/22286
c |       82.40|     1267696|     1868181|   652739743|      233621|     4279.55|     1761287|           0|
time: 24.4597/0.211817  number: 3500121/22439
c |       82.84|     1273889|     1876971|   656534200|      235038|     4280.33|     1769476|           0|
time: 24.5898/0.213679  number: 3516354/22590
c |       83.29|     1279829|     1885759|   660352341|      236435|     4281.10|     1777668|           0|
time: 24.7201/0.215746  number: 3532575/22753
c |       83.71|     1285877|     1894526|   663902120|      237604|     4281.88|     1785861|           0|
time: 24.8491/0.216738  number: 3548883/22829
c |       84.15|     1291808|     1903323|   667657186|      238989|     4282.65|     1794054|           0|
time: 24.9792/0.219004  number: 3565085/23011
c |       84.59|     1298039|     1912176|   671426600|      240639|     4283.43|     1802250|           0|
time: 25.1061/0.221446  number: 3581287/23193
c |       85.02|     1304591|     1920960|   675071643|      242304|     4284.20|     1810438|           0|
time: 25.2332/0.223406  number: 3597512/23352
c |       85.45|     1310672|     1929797|   678684973|      243893|     4284.97|     1818629|           0|
time: 25.358/0.22526  number: 3613751/23497
c |       85.89|     1317499|     1938604|   682337552|      245420|     4285.75|     1826822|           0|
time: 25.4868/0.227488  number: 3629960/23672
c |       86.31|     1323191|     1947457|   686003690|      246992|     4286.52|     1835017|           0|
time: 25.6117/0.22967  number: 3646163/23853
c |       86.72|     1328513|     1956279|   689378634|      248222|     4287.29|     1843206|           0|
time: 25.7343/0.230715  number: 3662467/23933
c |       87.14|     1334735|     1965058|   692737609|      249450|     4288.07|     1851399|           0|
time: 25.8592/0.232508  number: 3678699/24085
c |       87.59|     1341360|     1973877|   696405995|      251039|     4288.84|     1859591|           0|
time: 25.9904/0.234591  number: 3694911/24257
c |       88.01|     1346679|     1982692|   699950280|      252359|     4289.61|     1867781|           0|
time: 26.1133/0.2372  number: 3711079/24473
c |       88.42|     1352842|     1991458|   703227053|      253615|     4290.39|     1875975|           0|
time: 26.2374/0.238909  number: 3727307/24629
c |       88.85|     1358662|     2000253|   706629243|      255051|     4291.16|     1884166|           0|
time: 26.3653/0.240946  number: 3743522/24798
c |       89.29|     1365252|     2009057|   710207522|      256549|     4291.93|     1892356|           0|
time: 26.4905/0.24306  number: 3759738/24966
c |       89.71|     1371264|     2017914|   713866578|      257987|     4292.97|     1900550|           0|
time: 26.6096/0.247981  number: 3775936/25152
c |       90.13|     1377507|     2026694|   717336016|      259303|     4292.97|     1908740|           0|
time: 26.7311/0.250018  number: 3792167/25305
c |       90.55|     1382081|     2035600|   720893751|      260496|     4293.62|     1916931|           0|
time: 26.8511/0.251284  number: 3808443/25413
c |       90.96|     1388085|     2044352|   724041110|      261131|     4294.39|     1925131|           0|
time: 26.9695/0.251284  number: 3824827/25413
c |       91.37|     1394093|     2053078|   727164305|      261776|     4295.16|     1933319|           0|
time: 27.0875/0.251284  number: 3841211/25413
c |       91.77|     1399985|     2061812|   730302125|      262427|     4295.94|     1941510|           0|
time: 27.2033/0.251284  number: 3857595/25413
c |       92.17|     1405496|     2070575|   733432393|      263117|     4296.59|     1949700|           0|
time: 27.3185/0.251284  number: 3873979/25413
c |       92.58|     1411278|     2079344|   736589513|      263810|     4297.36|     1957891|           0|
time: 27.4365/0.251284  number: 3890363/25413
c |       92.99|     1416435|     2088172|   739780086|      264573|     4298.13|     1966086|           0|
time: 27.5541/0.251284  number: 3906747/25413
c |       93.41|     1421254|     2097032|   743020158|      265375|     4298.91|     1974275|           0|
time: 27.6758/0.251284  number: 3923131/25413
c |       93.80|     1426679|     2105775|   746136398|      266041|     4299.68|     1982467|           0|
time: 27.7923/0.251284  number: 3939515/25413
c |       94.21|     1432573|     2114531|   749308007|      266719|     4300.45|     1990659|           0|
time: 27.9085/0.251284  number: 3955899/25413
c |       94.61|     1438277|     2123283|   752454239|      267382|     4301.23|     1998857|           0|
time: 28.0246/0.251284  number: 3972283/25413
c |       95.02|     1444225|     2132022|   755605161|      268045|     4302.00|     2007044|           0|
time: 28.1412/0.251284  number: 3988667/25413
c |       95.42|     1449928|     2140775|   758723036|      268721|     4302.77|     2015236|           0|
time: 28.2607/0.251284  number: 4005051/25413
c |       95.81|     1455550|     2149522|   761699441|      269389|     4303.55|     2023427|           0|
time: 28.3734/0.251284  number: 4021435/25413
c |       96.20|     1461356|     2158281|   764779525|      270065|     4304.32|     2031624|           0|
time: 28.4887/0.251284  number: 4037819/25413
c |       96.58|     1467684|     2166934|   767558129|      270622|     4305.10|     2039812|           0|
time: 28.6147/0.251284  number: 4054203/25413
c |       96.96|     1474092|     2175619|   770468194|      271211|     4305.74|     2048006|           0|
time: 28.7282/0.251284  number: 4070587/25413
c |       97.36|     1480582|     2184338|   773517056|      271849|     4306.52|     2056195|           0|
time: 28.8429/0.251284  number: 4086971/25413
c |       97.76|     1487088|     2193103|   776755959|      272539|     4307.29|     2064386|           0|
time: 28.9582/0.251284  number: 4103355/25413
c --------------------------------------------------------------------------------------------------------
c
c [1m[31mStatistics [0m
c [33mCompilation Information[0m
c Number of recursive call: 4141429
c Number of split formula: 273073
c Number of decision: 2070714
c Number of models used: 0
c
c [1m[34mCache Information[0m
c Number of positive hit: 1492156
c Number of negative hit: 2199877
c
c Final time: 98.08
c
time: 29.0496/0.251284  number: 4116016/25413
s SATISFIABLE
c s type mc
c s log10-estimate 17.982601264315307935843026085878299030087589807923
c s exact arb int 960729805355491328
c [COUNTER] Elapsed time: 98.157802626000005830064765177667140960693359375 seconds
