c [D4] Competition version
c [INITIAL INPUT] [4m[32mStatistics about the input formula[0m
c [INITIAL INPUT] Number of variables: 432
c [INITIAL INPUT] Number of clauses: 1377
c [INITIAL INPUT] Number of unit clauses: 11
c [INITIAL INPUT] Number of binary clauses: 127
c [INITIAL INPUT] Number of ternary clauses: 861
c [INITIAL INPUT] Number of clauses larger than 3: 378
c [INITIAL INPUT] Number of literals: 4447
c
c [D4] Run the projected model counter
c [PREPROC MANAGER] Option PreprocManager: preproc(basic) input type(dimacs cnf)
c [MAIN PREPROCESSED INPUT] [4m[32mStatistics about the preprocessed formula[0m
c [PREPROCESSED INPUT] Number of variables: 432
c [PREPROCESSED INPUT] Number of clauses: 1377
c [PREPROCESSED INPUT] Number of unit clauses: 11
c [PREPROCESSED INPUT] Number of binary clauses: 127
c [PREPROCESSED INPUT] Number of ternary clauses: 861
c [PREPROCESSED INPUT] Number of clauses larger than 3: 378
c [PREPROCESSED INPUT] Number of literals: 4447
c
c
c [PROJECTED VARIABLES] list: 5 6 7 8 9 10 11 12 13 14 15 16 17 18 19 20 124 125 126 127 128 129 130 131 132 133 134 135 136 137 138 139 227 228 229 230 231 232 233 234 235 236 237 238 239 240 241 242 330 331 332 333 334 335 336 337 338 339 340 341 342 343 344 345 432 
c
c [DPLL STYLE METHOD] Option DPLL-style Method: exploit-model(1) 
c [WRAPPER SOLVER] Option Solver: solver name(glucose cnf)
c [GLUCOSE SOLVER] Init phase
c [SPEC MANAGER] Option Formula Manager: update mode(dynamicBlockedSimp)
c [SPEC MANAGER] DYN with blocked clause elimination
c [SPEC MANAGER] Number of clauses removed at the beginning: 185
c [MODE] Projected we can only use the classical heuristic
c [BRANCHING HEURISTIC] Option Branching Heuristic: scoring method(vsads) phase heuristic(polarity) reverse phase (0) freq-decay (2048) branching heuristic (classic)
c [CACHE CLEANING MANAGER]  Option CacheCleaningManager: cleaning strategy(none) 
c [BUCKET MANAGER]  Option BucketManager: storage(not-touched)  representation(clause)  size_first_page(4294967296) size_additional_page(536870912)
c [CACHE LIST CONSTRUCTOR]
c [OPERATION MANAGER] Operator option: operator type(counting)
c
c [DPLL STYLE METHOD] Exploitation models: 1
c Warm start process (11): 27/29
c --------------------------------------------------------------------------------------------------------
c |        time|     #posHit|     #negHit|      memory|      #split|     mem(MB)|  #dec. Node|     #models|
c --------------------------------------------------------------------------------------------------------
c |        0.37|        6471|        8640|     3163725|         438|     4128.80|        8204|           0|
time: 0.101562/4.69994e-05  number: 16379/5
c |        0.75|       13114|       17301|     6472075|         909|     4129.57|       16393|           0|
time: 0.204511/4.69994e-05  number: 32763/5
c |        1.13|       19739|       25961|     9760035|        1377|     4130.22|       24587|           0|
time: 0.306957/4.69994e-05  number: 49147/5
c |        1.52|       26169|       34615|    13132676|        1842|     4130.86|       32774|           0|
time: 0.41329/0.00048259  number: 65485/51
c |        1.93|       32329|       43338|    16618317|        2373|     4131.63|       40965|           0|
time: 0.522815/0.000660212  number: 81852/68
c |        2.32|       38302|       52035|    19971204|        2880|     4132.27|       49156|           0|
time: 0.630524/0.000681193  number: 98234/70
c |        2.71|       44400|       60689|    23220573|        3342|     4132.91|       57350|           0|
time: 0.73553/0.000712426  number: 114615/73
c |        3.11|       50979|       69369|    26719287|        3831|     4133.56|       65541|           0|
time: 0.845183/0.000802309  number: 130991/81
c |        3.52|       57574|       78063|    30290932|        4332|     4134.20|       73733|           0|
time: 0.955419/0.000884087  number: 147367/89
c |        3.94|       64246|       86769|    33898325|        4845|     4134.98|       81927|           0|
time: 1.06667/0.000905068  number: 163749/91
c |        4.35|       70940|       95487|    37510041|        5367|     4135.62|       90122|           0|
time: 1.17807/0.000905068  number: 180133/91
c |        4.77|       77676|      104195|    41108596|        5889|     4136.27|       98309|           0|
time: 1.28914/0.000905068  number: 196517/91
c |        5.18|       84409|      112900|    44705409|        6399|     4136.91|      106504|           0|
time: 1.40003/0.000905068  number: 212901/91
c |        5.60|       91154|      121608|    48339986|        6915|     4137.55|      114696|           0|
time: 1.5107/0.000905068  number: 229285/91
c |        6.01|       97881|      130324|    51977159|        7434|     4138.33|      122891|           0|
time: 1.6221/0.000905068  number: 245669/91
c |        6.43|      104588|      139025|    55596940|        7947|     4138.97|      131078|           0|
time: 1.73244/0.000905068  number: 262053/91
c |        6.84|      111321|      147735|    59224937|        8463|     4139.75|      139273|           0|
time: 1.84309/0.000905068  number: 278437/91
c |        7.25|      118039|      156442|    62859668|        8982|     4140.38|      147462|           0|
time: 1.95356/0.000905068  number: 294821/91
c |        7.66|      124742|      165133|    66441403|        9480|     4141.03|      155654|           0|
time: 2.0639/0.000905068  number: 311205/91
c |        8.08|      131417|      173839|    70073384|        9996|     4141.67|      163846|           0|
time: 2.17508/0.000905068  number: 327589/91
c |        8.49|      138077|      182542|    73681925|       10503|     4142.31|      172040|           0|
time: 2.28628/0.000905068  number: 343973/91
c |        8.90|      144715|      191208|    77229898|       10980|     4143.09|      180230|           0|
time: 2.39545/0.000905068  number: 360357/91
c |        9.30|      151465|      199888|    80885736|       11466|     4143.73|      188425|           0|
time: 2.50446/0.000905068  number: 376741/91
c |        9.71|      158194|      208579|    84525037|       11961|     4144.37|      196619|           0|
time: 2.61255/0.000905068  number: 393125/91
c |       10.11|      164982|      217253|    88080925|       12447|     4145.01|      204807|           0|
time: 2.71978/0.000905068  number: 409509/91
c |       10.50|      171838|      225919|    91612039|       12921|     4145.66|      213000|           0|
time: 2.8266/0.000905068  number: 425893/91
c |       10.90|      178676|      234592|    95169893|       13401|     4146.30|      221192|           0|
time: 2.93325/0.000905068  number: 442277/91
c |       11.31|      185493|      243268|    98734957|       13887|     4147.07|      229383|           0|
time: 3.04/0.000905068  number: 458661/91
c |       11.71|      192267|      251962|   102272403|       14388|     4147.71|      237575|           0|
time: 3.14655/0.000905068  number: 475045/91
c |       12.11|      199051|      260655|   105839388|       14889|     4148.35|      245767|           0|
time: 3.25345/0.000905068  number: 491429/91
c |       12.51|      205829|      269345|   109421544|       15390|     4149.00|      253958|           0|
time: 3.36045/0.000905068  number: 507813/91
c |       12.91|      212745|      277991|   112940569|       15840|     4149.77|      262152|           0|
time: 3.46766/0.000905068  number: 524197/91
c |       13.31|      219630|      286647|   116501552|       16305|     4150.41|      270344|           0|
time: 3.57581/0.000905068  number: 540581/91
c |       13.71|      226489|      295309|   120085751|       16779|     4151.18|      278533|           0|
time: 3.68384/0.000905068  number: 556965/91
c |       14.12|      233336|      303978|   123680717|       17256|     4151.82|      286725|           0|
time: 3.79237/0.000905068  number: 573349/91
c |       14.52|      240172|      312649|   127282750|       17733|     4152.47|      294918|           0|
time: 3.90097/0.000905068  number: 589733/91
c |       14.92|      247030|      321314|   130868873|       18207|     4153.24|      303109|           0|
time: 4.00963/0.000905068  number: 606117/91
c |       15.33|      253873|      329986|   134484575|       18684|     4153.89|      311304|           0|
time: 4.11825/0.000905068  number: 622501/91
c |       15.73|      260698|      338660|   138140968|       19170|     4154.53|      319492|           0|
time: 4.22711/0.000905068  number: 638885/91
c |       16.14|      267514|      347338|   141795527|       19656|     4155.18|      327684|           0|
time: 4.33634/0.000905068  number: 655269/91
c |       16.54|      274342|      356017|   145452509|       20139|     4155.82|      335879|           0|
time: 4.44582/0.000905068  number: 671653/91
c |       16.95|      281158|      364696|   149108082|       20628|     4156.59|      344071|           0|
time: 4.55465/0.000905068  number: 688037/91
c |       17.35|      287975|      373371|   152764700|       21114|     4157.24|      352259|           0|
time: 4.66359/0.000905068  number: 704421/91
c |       17.76|      294793|      382052|   156425828|       21600|     4157.88|      360454|           0|
time: 4.77148/0.000905068  number: 720805/91
c |       18.16|      301615|      390731|   160088451|       22086|     4158.53|      368646|           0|
time: 4.88/0.000905068  number: 737189/91
c |       18.57|      308435|      399409|   163746056|       22572|     4159.30|      376838|           0|
time: 4.98894/0.000905068  number: 753573/91
c |       18.97|      315240|      408090|   167408741|       23061|     4159.95|      385032|           0|
time: 5.09766/0.000905068  number: 769957/91
c |       19.38|      322067|      416766|   171067425|       23547|     4160.59|      393221|           0|
time: 5.2058/0.000905068  number: 786341/91
c |       19.79|      328879|      425449|   174728363|       24033|     4161.23|      401417|           0|
time: 5.31389/0.000905068  number: 802725/91
c |       20.19|      335705|      434123|   178387054|       24519|     4162.01|      409605|           0|
time: 5.42303/0.000905068  number: 819109/91
c |       20.58|      342642|      442760|   181910341|       24963|     4162.65|      417799|           0|
time: 5.5306/0.000905068  number: 835493/91
c |       20.99|      349595|      451391|   185407791|       25401|     4163.30|      425993|           0|
time: 5.64211/0.000905068  number: 851877/91
c |       21.38|      356546|      460017|   188897521|       25836|     4163.94|      434183|           0|
time: 5.74875/0.000905068  number: 868261/91
c |       21.78|      363479|      468656|   192427735|       26283|     4164.71|      442376|           0|
time: 5.85714/0.000905068  number: 884645/91
c |       22.18|      370366|      477305|   196000454|       26742|     4165.36|      450566|           0|
time: 5.96586/0.000905068  number: 901029/91
c |       22.58|      377262|      485956|   199574177|       27201|     4166.00|      458757|           0|
time: 6.07512/0.000905068  number: 917413/91
c |       22.98|      384148|      494611|   203154187|       27660|     4166.65|      466953|           0|
time: 6.18332/0.000905068  number: 933797/91
c |       23.38|      391000|      503273|   206770325|       28134|     4167.42|      475142|           0|
time: 6.29218/0.000905068  number: 950181/91
c |       23.79|      397856|      511936|   210382172|       28605|     4168.07|      483332|           0|
time: 6.40065/0.000905068  number: 966565/91
c |       24.19|      404698|      520607|   214001490|       29079|     4168.71|      491530|           0|
time: 6.5091/0.000905068  number: 982949/91
c |       24.59|      411572|      529265|   217615160|       29550|     4169.48|      499716|           0|
time: 6.61801/0.000905068  number: 999333/91
c |       25.00|      418411|      537930|   221231574|       30024|     4170.13|      507909|           0|
time: 6.72595/0.000905068  number: 1015717/91
c |       25.40|      425260|      546600|   224851843|       30495|     4170.77|      516106|           0|
time: 6.83427/0.000905068  number: 1032101/91
c --------------------------------------------------------------------------------------------------------
c |        time|     #posHit|     #negHit|      memory|      #split|     mem(MB)|  #dec. Node|     #models|
c --------------------------------------------------------------------------------------------------------
c |       25.80|      432099|      555269|   228493328|       30975|     4171.42|      524295|           0|
time: 6.94231/0.000905068  number: 1048485/91
c |       26.20|      438916|      563945|   232148844|       31464|     4172.19|      532484|           0|
time: 7.05023/0.000905068  number: 1064869/91
c |       26.61|      445717|      572628|   235811567|       31950|     4172.84|      540680|           0|
time: 7.15863/0.000905068  number: 1081253/91
c |       27.01|      452537|      581304|   239468680|       32436|     4173.48|      548870|           0|
time: 7.26643/0.000905068  number: 1097637/91
c |       27.41|      459342|      589981|   243125653|       32922|     4174.50|      557060|           0|
time: 7.37421/0.000905068  number: 1114021/91
c |       27.82|      466156|      598661|   246783005|       33408|     4175.15|      565253|           0|
time: 7.48238/0.000905068  number: 1130405/91
c |       28.22|      472973|      607342|   250449699|       33897|     4175.79|      573448|           0|
time: 7.59039/0.000905068  number: 1146789/91
c |       28.62|      479783|      616018|   254107983|       34383|     4176.57|      581637|           0|
time: 7.69843/0.000905068  number: 1163173/91
c |       29.03|      486599|      624700|   257766882|       34869|     4177.21|      589833|           0|
time: 7.80736/0.000905068  number: 1179557/91
c |       29.43|      493406|      633377|   261428526|       35355|     4177.86|      598023|           0|
time: 7.91611/0.000905068  number: 1195941/91
c |       29.83|      500218|      642054|   265084961|       35841|     4178.63|      606213|           0|
time: 8.02464/0.000905068  number: 1212325/91
c |       30.24|      507028|      650736|   268747325|       36330|     4179.28|      614408|           0|
time: 8.13343/0.000905068  number: 1228709/91
c |       30.64|      513853|      659409|   272403435|       36816|     4179.92|      622595|           0|
time: 8.24127/0.000905068  number: 1245093/91
c |       31.04|      520618|      668105|   276072198|       37317|     4180.57|      630791|           0|
time: 8.34964/0.000905068  number: 1261477/91
c |       31.45|      527394|      676798|   279732067|       37818|     4181.34|      638982|           0|
time: 8.45775/0.000905068  number: 1277861/91
c |       31.85|      534167|      685490|   283393779|       38319|     4181.98|      647173|           0|
time: 8.56642/0.000905068  number: 1294245/91
c |       32.26|      540924|      694184|   287053598|       38820|     4182.76|      655365|           0|
time: 8.67444/0.000905068  number: 1310629/91
c |       32.67|      547709|      702878|   290714326|       39321|     4183.40|      663558|           0|
time: 8.78797/0.000905068  number: 1327013/91
c |       33.08|      554480|      711571|   294374938|       39825|     4184.05|      671749|           0|
time: 8.89608/0.000905068  number: 1343397/91
c |       33.48|      561247|      720270|   298041274|       40326|     4184.82|      679947|           0|
time: 9.00346/0.000905068  number: 1359781/91
c |       33.88|      568022|      728958|   301697538|       40827|     4185.46|      688133|           0|
time: 9.11098/0.000905068  number: 1376165/91
c |       34.29|      574781|      737653|   305353128|       41328|     4186.11|      696326|           0|
time: 9.21896/0.000905068  number: 1392549/91
c |       34.69|      581564|      746345|   309014012|       41829|     4186.88|      704517|           0|
time: 9.32664/0.000905068  number: 1408933/91
c |       35.10|      588322|      755039|   312674265|       42330|     4187.53|      712709|           0|
time: 9.43519/0.000905068  number: 1425317/91
c |       35.51|      595094|      763734|   316337377|       42834|     4188.30|      720903|           0|
time: 9.54349/0.000905068  number: 1441701/91
c |       35.91|      601871|      772427|   319945300|       43335|     4188.95|      729094|           0|
time: 9.65213/0.000905068  number: 1458085/91
c |       36.33|      608642|      781121|   323520753|       43836|     4189.72|      737287|           0|
time: 9.76225/0.000905068  number: 1474469/91
c |       36.76|      615412|      789812|   327093681|       44337|     4190.36|      745476|           0|
time: 9.8759/0.000905068  number: 1490853/91
c |       37.16|      622189|      798508|   330616710|       44838|     4191.01|      753671|           0|
time: 9.98341/0.000905068  number: 1507237/91
c |       37.56|      628940|      807200|   334051381|       45342|     4191.78|      761861|           0|
time: 10.0906/0.000905068  number: 1523621/91
c |       37.96|      635708|      815898|   337559417|       45843|     4192.43|      770057|           0|
time: 10.1969/0.000905068  number: 1540005/91
c |       38.38|      642490|      824587|   341123120|       46344|     4193.20|      778245|           0|
time: 10.3067/0.000905068  number: 1556389/91
c |       38.80|      649257|      833280|   344741750|       46845|     4193.84|      786436|           0|
time: 10.4175/0.000905068  number: 1572773/91
c |       39.22|      656019|      841975|   348364113|       47346|     4194.62|      794630|           0|
time: 10.5272/0.000905068  number: 1589157/91
c |       39.63|      662796|      850668|   351986392|       47847|     4195.26|      802821|           0|
time: 10.6342/0.000905068  number: 1605541/91
c |       40.03|      669566|      859366|   355607753|       48351|     4196.04|      811018|           0|
time: 10.742/0.000905068  number: 1621925/91
c |       40.44|      676334|      868054|   359224715|       48852|     4196.68|      819204|           0|
time: 10.8498/0.000905068  number: 1638309/91
c |       40.83|      683239|      876703|   362634453|       49305|     4197.45|      827400|           0|
time: 10.9552/0.000905068  number: 1654693/91
c |       41.22|      690331|      885316|   365890829|       49728|     4198.10|      835588|           0|
time: 11.0628/0.000905068  number: 1671077/91
c |       41.63|      697366|      893957|   369227283|       50175|     4198.74|      843783|           0|
time: 11.1724/0.000905068  number: 1687461/91
c |       42.03|      704382|      902602|   372588345|       50631|     4199.52|      851973|           0|
time: 11.2809/0.000905068  number: 1703845/91
c |       42.43|      711315|      911245|   375922639|       51078|     4200.16|      860170|           0|
time: 11.3903/0.000905068  number: 1720229/91
c |       42.84|      718274|      919889|   379284590|       51534|     4200.93|      868358|           0|
time: 11.5024/0.000905068  number: 1736613/91
c |       43.25|      725201|      928543|   382662115|       51993|     4201.58|      876552|           0|
time: 11.6152/0.000905068  number: 1752997/91
c |       43.67|      731093|      937214|   386070728|       52470|     4202.35|      884745|           0|
time: 11.7293/0.00100806  number: 1769368/104
c |       44.10|      737399|      945895|   389541772|       52962|     4203.00|      892934|           0|
time: 11.8431/0.00100806  number: 1785752/104
c |       44.51|      743793|      954576|   393010960|       53451|     4203.77|      901125|           0|
time: 11.9554/0.00100806  number: 1802136/104
c |       44.93|      750244|      963262|   396477447|       53943|     4204.41|      909320|           0|
time: 12.0677/0.00100806  number: 1818520/104
c |       45.35|      756920|      971939|   399936792|       54432|     4205.19|      917509|           0|
time: 12.1799/0.00100806  number: 1834904/104
c |       45.77|      763703|      980626|   403444314|       54927|     4205.96|      925702|           0|
time: 12.2927/0.00100806  number: 1851288/104
c |       46.18|      770907|      989294|   406974816|       55401|     4206.61|      933896|           0|
time: 12.4058/0.00100806  number: 1867672/104
c |       46.60|      777994|      997971|   410469824|       55884|     4207.38|      942089|           0|
time: 12.5175/0.00100806  number: 1884056/104
c |       47.01|      785238|     1006641|   413891031|       56364|     4208.02|      950278|           0|
time: 12.6284/0.00100806  number: 1900440/104
c |       47.42|      792387|     1015321|   417332672|       56847|     4208.80|      958476|           0|
time: 12.7392/0.00100806  number: 1916824/104
c |       47.84|      799502|     1023992|   420869093|       57333|     4209.44|      966661|           0|
time: 12.8523/0.00100806  number: 1933208/104
c |       48.25|      806748|     1032673|   424414227|       57819|     4210.21|      974855|           0|
time: 12.9651/0.00100806  number: 1949592/104
c |       48.67|      813923|     1041345|   427942161|       58302|     4210.99|      983044|           0|
time: 13.0775/0.00100806  number: 1965976/104
c |       49.08|      821326|     1049999|   431397975|       58758|     4211.63|      991241|           0|
time: 13.1897/0.00100806  number: 1982360/104
c |       49.48|      828914|     1058644|   434846137|       59214|     4212.41|      999431|           0|
time: 13.3012/0.00100806  number: 1998744/104
c |       49.89|      836494|     1067294|   438306175|       59676|     4213.05|     1007621|           0|
time: 13.4133/0.00100806  number: 2015128/104
c |       50.29|      844074|     1075945|   441736001|       60135|     4213.82|     1015813|           0|
time: 13.5245/0.00100806  number: 2031512/104
c |       50.69|      851652|     1084598|   445076235|       60594|     4214.60|     1024007|           0|
time: 13.6344/0.00100806  number: 2047896/104
c |       51.09|      859233|     1093248|   448487061|       61053|     4215.25|     1032197|           0|
time: 13.7451/0.00100806  number: 2064280/104
c |       51.49|      866808|     1101903|   451945843|       61515|     4216.02|     1040390|           0|
time: 13.8567/0.00100806  number: 2080664/104
c --------------------------------------------------------------------------------------------------------
c |        time|     #posHit|     #negHit|      memory|      #split|     mem(MB)|  #dec. Node|     #models|
c --------------------------------------------------------------------------------------------------------
c |       51.91|      874360|     1110575|   455536637|       61992|     4216.66|     1048585|           0|
time: 13.9697/0.00100806  number: 2097048/104
c |       52.33|      881920|     1119241|   459128717|       62469|     4217.44|     1056774|           0|
time: 14.0827/0.00100806  number: 2113432/104
c |       52.74|      889475|     1127910|   462719573|       62946|     4218.21|     1064965|           0|
time: 14.1962/0.00100806  number: 2129816/104
c |       53.16|      897031|     1136580|   466314493|       63423|     4218.86|     1073158|           0|
time: 14.3088/0.00100806  number: 2146200/104
c |       53.59|      904582|     1145254|   469906493|       63900|     4219.63|     1081355|           0|
time: 14.4212/0.00100806  number: 2162584/104
c |       54.00|      912138|     1153922|   473497816|       64377|     4220.40|     1089545|           0|
time: 14.5345/0.00100806  number: 2178968/104
c |       54.42|      919693|     1162592|   477097915|       64857|     4221.05|     1097737|           0|
time: 14.6473/0.00100806  number: 2195352/104
c |       54.84|      927248|     1171261|   480698595|       65337|     4221.82|     1105926|           0|
time: 14.7609/0.00100806  number: 2211736/104
c |       55.26|      934797|     1179936|   484298544|       65817|     4223.09|     1114122|           0|
time: 14.8741/0.00100806  number: 2228120/104
c |       55.68|      942354|     1188603|   487899097|       66297|     4223.74|     1122309|           0|
time: 14.9878/0.00100806  number: 2244504/104
c |       56.10|      949908|     1197274|   491497468|       66774|     4224.51|     1130501|           0|
time: 15.1024/0.00100806  number: 2260888/104
c |       56.52|      957464|     1205943|   495093223|       67251|     4225.29|     1138693|           0|
time: 15.2149/0.00100806  number: 2277272/104
c |       56.93|      964774|     1214603|   498585663|       67719|     4225.93|     1146885|           0|
time: 15.327/0.00100806  number: 2293656/104
c |       57.34|      971759|     1223269|   501994318|       68193|     4226.70|     1155078|           0|
time: 15.4391/0.00100806  number: 2310040/104
c |       57.75|      978816|     1231946|   505484695|       68679|     4227.48|     1163269|           0|
time: 15.5521/0.00100806  number: 2326424/104
c |       58.17|      985869|     1240625|   508978584|       69165|     4228.12|     1171461|           0|
time: 15.6652/0.00100806  number: 2342808/104
c |       58.58|      992929|     1249304|   512471726|       69651|     4228.89|     1179654|           0|
time: 15.779/0.00100806  number: 2359192/104
c |       59.00|      999990|     1257984|   515962680|       70140|     4229.67|     1187847|           0|
time: 15.8923/0.00100806  number: 2375576/104
c |       59.42|     1007045|     1266659|   519453296|       70626|     4230.31|     1196035|           0|
time: 16.0053/0.00100806  number: 2391960/104
c |       59.84|     1014115|     1275335|   522936042|       71109|     4231.09|     1204229|           0|
time: 16.1193/0.00100806  number: 2408344/104
c |       60.26|     1021185|     1284008|   526412221|       71589|     4231.86|     1212420|           0|
time: 16.2322/0.00100806  number: 2424728/104
c |       60.67|     1028256|     1292681|   529887615|       72072|     4232.64|     1220611|           0|
time: 16.3444/0.00100806  number: 2441112/104
c |       61.08|     1035319|     1301355|   533366107|       72552|     4233.28|     1228803|           0|
time: 16.4573/0.00100806  number: 2457496/104
c |       61.50|     1042388|     1310032|   536849902|       73035|     4234.05|     1236998|           0|
time: 16.5703/0.00100806  number: 2473880/104
c |       61.92|     1049562|     1318704|   540355279|       73518|     4234.83|     1245187|           0|
time: 16.6843/0.00100806  number: 2490264/104
c |       62.35|     1057101|     1327386|   544008808|       74007|     4235.47|     1253381|           0|
time: 16.8/0.00100806  number: 2506648/104
c |       62.79|     1064633|     1336074|   547690515|       74499|     4236.25|     1261578|           0|
time: 16.9169/0.00100806  number: 2523032/104
c |       63.22|     1072174|     1344753|   551362443|       74991|     4237.02|     1269765|           0|
time: 17.0321/0.00100806  number: 2539416/104
c |       63.64|     1079708|     1353440|   555038270|       75480|     4237.80|     1277960|           0|
time: 17.1456/0.00100806  number: 2555800/104
c |       64.07|     1087246|     1362122|   558711237|       75972|     4238.44|     1286151|           0|
time: 17.2612/0.00100806  number: 2572184/104
c |       64.50|     1094782|     1370805|   562386819|       76464|     4239.21|     1294342|           0|
time: 17.3764/0.00100806  number: 2588568/104
c |       64.93|     1102318|     1379490|   566066306|       76956|     4239.99|     1302536|           0|
time: 17.4903/0.00100806  number: 2604952/104
c |       65.35|     1109858|     1388170|   569740504|       77448|     4240.76|     1310725|           0|
time: 17.6044/0.00100806  number: 2621336/104
c |       65.78|     1117395|     1396853|   573415908|       77940|     4241.41|     1318916|           0|
time: 17.7189/0.00100806  number: 2637720/104
c |       66.21|     1124931|     1405537|   577094161|       78429|     4242.18|     1327108|           0|
time: 17.8324/0.00100806  number: 2654104/104
c |       66.63|     1132462|     1414227|   580775266|       78921|     4242.95|     1335307|           0|
time: 17.9462/0.00100806  number: 2670488/104
c |       67.06|     1140005|     1422904|   584448429|       79413|     4243.73|     1343492|           0|
time: 18.0606/0.00100806  number: 2686872/104
c |       67.49|     1147539|     1431590|   588132468|       79905|     4244.37|     1351686|           0|
time: 18.1756/0.00100806  number: 2703256/104
c |       67.92|     1155060|     1440285|   591835939|       80406|     4245.14|     1359879|           0|
time: 18.2909/0.00100806  number: 2719640/104
c |       68.35|     1162585|     1448977|   595538917|       80910|     4245.92|     1368070|           0|
time: 18.4058/0.00100806  number: 2736024/104
c |       68.78|     1170104|     1457674|   599246526|       81411|     4246.69|     1376265|           0|
time: 18.5216/0.00100806  number: 2752408/104
c |       69.21|     1177629|     1466367|   602944180|       81912|     4247.34|     1384457|           0|
time: 18.636/0.00100806  number: 2768792/104
c |       69.65|     1185157|     1475056|   606644543|       82413|     4248.11|     1392644|           0|
time: 18.7514/0.00100806  number: 2785176/104
c |       70.08|     1192680|     1483750|   610346785|       82914|     4248.88|     1400837|           0|
time: 18.8661/0.00100806  number: 2801560/104
c |       70.51|     1200203|     1492443|   614051307|       83418|     4249.66|     1409028|           0|
time: 18.9817/0.00100806  number: 2817944/104
c |       70.94|     1207723|     1501140|   617755782|       83919|     4250.43|     1417224|           0|
time: 19.0963/0.00100806  number: 2834328/104
c |       71.37|     1215248|     1509832|   621452298|       84420|     4251.07|     1425414|           0|
time: 19.2106/0.00100806  number: 2850712/104
c |       71.80|     1222771|     1518526|   625157544|       84921|     4251.85|     1433607|           0|
time: 19.3255/0.00100806  number: 2867096/104
c |       72.23|     1230296|     1527218|   628857479|       85422|     4252.62|     1441797|           0|
time: 19.4397/0.00100806  number: 2883480/104
c |       72.67|     1237819|     1535911|   632561440|       85923|     4253.39|     1449988|           0|
time: 19.5543/0.00100806  number: 2899864/104
c |       73.09|     1245347|     1544602|   636254432|       86421|     4254.17|     1458182|           0|
time: 19.6681/0.00100806  number: 2916248/104
c |       73.52|     1252873|     1553293|   639942761|       86919|     4254.81|     1466376|           0|
time: 19.7824/0.00100806  number: 2932632/104
c |       73.95|     1260408|     1561978|   643626805|       87414|     4255.59|     1474565|           0|
time: 19.8966/0.00100806  number: 2949016/104
c |       74.38|     1267938|     1570666|   647311994|       87912|     4256.36|     1482757|           0|
time: 20.0114/0.00100806  number: 2965400/104
c |       74.81|     1275469|     1579354|   650999471|       88407|     4257.13|     1490948|           0|
time: 20.1246/0.00100806  number: 2981784/104
c |       75.23|     1282992|     1588048|   654688392|       88905|     4257.91|     1499145|           0|
time: 20.2389/0.00100806  number: 2998168/104
c |       75.66|     1290528|     1596732|   658373150|       89400|     4258.55|     1507333|           0|
time: 20.3521/0.00100806  number: 3014552/104
c |       76.09|     1298058|     1605420|   662062439|       89898|     4259.32|     1515525|           0|
time: 20.4662/0.00100806  number: 3030936/104
c |       76.51|     1305587|     1614110|   665748086|       90393|     4260.10|     1523718|           0|
time: 20.5798/0.00100806  number: 3047320/104
c |       76.94|     1313113|     1622801|   669439072|       90891|     4260.87|     1531913|           0|
time: 20.6943/0.00100806  number: 3063704/104
c |       77.37|     1320649|     1631485|   673121038|       91386|     4261.64|     1540100|           0|
time: 20.8087/0.00100806  number: 3080088/104
c |       77.80|     1328175|     1640177|   676811538|       91881|     4262.42|     1548296|           0|
time: 20.9225/0.00100806  number: 3096472/104
c |       78.22|     1335713|     1648859|   680491207|       92376|     4263.07|     1556486|           0|
time: 21.0368/0.00100806  number: 3112856/104
c |       78.65|     1343250|     1657542|   684166300|       92868|     4263.84|     1564677|           0|
time: 21.1533/0.00100806  number: 3129240/104
c --------------------------------------------------------------------------------------------------------
c |        time|     #posHit|     #negHit|      memory|      #split|     mem(MB)|  #dec. Node|     #models|
c --------------------------------------------------------------------------------------------------------
c |       79.08|     1350783|     1666229|   687843864|       93357|     4264.61|     1572872|           0|
time: 21.2679/0.00100806  number: 3145624/104
c |       79.51|     1358322|     1674911|   691520622|       93849|     4265.39|     1581063|           0|
time: 21.3832/0.00100806  number: 3162008/104
c |       79.93|     1365858|     1683594|   695193759|       94341|     4266.16|     1589254|           0|
time: 21.497/0.00100806  number: 3178392/104
c |       80.36|     1373396|     1692277|   698868625|       94833|     4266.80|     1597446|           0|
time: 21.6104/0.00100806  number: 3194776/104
c |       80.80|     1380936|     1700957|   702542316|       95322|     4267.58|     1605635|           0|
time: 21.7373/0.00100806  number: 3211160/104
c |       81.22|     1388473|     1709642|   706208060|       95811|     4268.35|     1613834|           0|
time: 21.8501/0.00100806  number: 3227544/104
c |       81.64|     1396019|     1718318|   709864128|       96297|     4269.12|     1622023|           0|
time: 21.9641/0.00100806  number: 3243928/104
c |       82.07|     1403563|     1726995|   713524855|       96783|     4269.90|     1630213|           0|
time: 22.0792/0.00100806  number: 3260312/104
c |       82.50|     1411104|     1735677|   717183881|       97269|     4270.67|     1638409|           0|
time: 22.1933/0.00100806  number: 3276696/104
c |       82.92|     1418651|     1744351|   720845461|       97758|     4271.32|     1646595|           0|
time: 22.3055/0.00100806  number: 3293080/104
c |       83.35|     1426191|     1753032|   724511756|       98247|     4272.09|     1654787|           0|
time: 22.4196/0.00100806  number: 3309464/104
c |       83.70|     1431616|     1761641|   727397099|       98660|     4272.86|     1662986|           0|
time: 22.5202/0.00407508  number: 3325546/406
c |       84.06|     1437408|     1770257|   730323183|       99083|     4273.64|     1671177|           0|
time: 22.6248/0.00542548  number: 3341814/522
c |       84.43|     1443055|     1778885|   733306848|       99524|     4274.41|     1679365|           0|
time: 22.7309/0.00625709  number: 3358122/598
c |       84.77|     1448750|     1787467|   736039383|       99911|     4275.19|     1687559|           0|
time: 22.8323/0.00625709  number: 3374506/598
c |       85.12|     1454230|     1796040|   738712500|      100295|     4275.83|     1695749|           0|
time: 22.9335/0.00647834  number: 3390869/619
c |       85.46|     1459768|     1804617|   741406976|      100679|     4276.61|     1703941|           0|
time: 23.0348/0.00647834  number: 3407253/619
c |       85.82|     1465466|     1813227|   744247236|      101093|     4277.38|     1712139|           0|
time: 23.138/0.00660804  number: 3423622/634
c |       86.16|     1471424|     1821807|   746995838|      101486|     4278.16|     1720326|           0|
time: 23.2412/0.00660804  number: 3440006/634
c |       86.53|     1477225|     1830428|   749946193|      101912|     4278.80|     1728520|           0|
time: 23.3467/0.00660804  number: 3456390/634
c |       86.86|     1482928|     1838983|   752554762|      102275|     4279.57|     1736710|           0|
time: 23.4471/0.00660804  number: 3472774/634
c |       87.22|     1488692|     1847569|   755312847|      102671|     4280.35|     1744902|           0|
time: 23.55/0.00664619  number: 3489154/638
c |       87.57|     1494662|     1856166|   758130615|      103073|     4281.12|     1753096|           0|
time: 23.6532/0.00676826  number: 3505526/650
c |       87.92|     1500429|     1864742|   760845114|      103457|     4281.89|     1761288|           0|
time: 23.7544/0.00682166  number: 3521905/655
c |       88.26|     1506252|     1873300|   763483272|      103826|     4282.54|     1769476|           0|
time: 23.8562/0.00700477  number: 3538271/673
c |       88.59|     1511732|     1881849|   766035228|      104186|     4283.31|     1777668|           0|
time: 23.9562/0.00725654  number: 3554631/697
c |       88.93|     1517571|     1890422|   768753363|      104561|     4284.09|     1785865|           0|
time: 24.0591/0.00725654  number: 3571015/697
c |       89.30|     1523500|     1898997|   771553303|      104945|     4284.86|     1794054|           0|
time: 24.1636/0.00725654  number: 3587399/697
c |       89.64|     1528772|     1907558|   774192937|      105311|     4285.50|     1802249|           0|
time: 24.2643/0.00756934  number: 3603755/725
c |       89.98|     1534719|     1916115|   776889024|      105677|     4286.28|     1810440|           0|
time: 24.3668/0.00756934  number: 3620139/725
c |       90.34|     1540268|     1924698|   779734713|      106073|     4287.05|     1818629|           0|
time: 24.4717/0.00756934  number: 3636523/725
c |       90.70|     1545479|     1933317|   782756578|      106499|     4287.82|     1826821|           0|
time: 24.5787/0.00759223  number: 3652905/727
c |       91.06|     1551237|     1941903|   785597197|      106892|     4288.47|     1835015|           0|
time: 24.6829/0.00761512  number: 3669287/729
c |       91.41|     1556821|     1950494|   788468229|      107291|     4289.24|     1843205|           0|
time: 24.7866/0.00765327  number: 3685669/731
c |       91.78|     1562562|     1959087|   791356519|      107693|     4290.02|     1851397|           0|
time: 24.8936/0.00765327  number: 3702053/731
c |       92.17|     1568494|     1967699|   794337594|      108113|     4290.79|     1859590|           0|
time: 25.0041/0.00765327  number: 3718437/731
c |       92.54|     1574455|     1976290|   797214809|      108512|     4291.56|     1867781|           0|
time: 25.1123/0.00769141  number: 3734818/734
c |       92.93|     1580355|     1984910|   800253984|      108941|     4292.21|     1875974|           0|
time: 25.2243/0.00769141  number: 3751202/734
c |       93.28|     1586360|     1993505|   803156730|      109343|     4292.98|     1884165|           0|
time: 25.3282/0.00769141  number: 3767586/734
c |       93.64|     1592533|     2002080|   805948248|      109727|     4293.75|     1892356|           0|
time: 25.4328/0.00769141  number: 3783970/734
c |       94.01|     1598603|     2010644|   808667610|      110099|     4294.53|     1900548|           0|
time: 25.5411/0.00769141  number: 3800354/734
c |       94.36|     1604821|     2019203|   811369506|      110468|     4295.30|     1908740|           0|
time: 25.645/0.00769141  number: 3816738/734
c |       94.73|     1610824|     2027808|   814283095|      110873|     4295.95|     1916938|           0|
time: 25.7514/0.00772956  number: 3833119/737
c |       95.10|     1617113|     2036432|   817338405|      111305|     4296.72|     1925130|           0|
time: 25.8578/0.00772956  number: 3849503/737
c |       95.46|     1623090|     2045043|   820344269|      111731|     4297.50|     1933317|           0|
time: 25.9633/0.00772956  number: 3865887/737
c |       95.82|     1629185|     2053644|   823245113|      112136|     4298.27|     1941511|           0|
time: 26.0722/0.00772956  number: 3882271/737
c |       96.20|     1635479|     2062230|   826103967|      112532|     4299.05|     1949702|           0|
time: 26.183/0.00772956  number: 3898655/737
c |       96.66|     1641669|     2070837|   829056635|      112943|     4299.69|     1957897|           0|
time: 26.3166/0.00772956  number: 3915039/737
c |       97.05|     1648030|     2079424|   831921890|      113339|     4300.46|     1966088|           0|
time: 26.4328/0.00772956  number: 3931423/737
c |       97.45|     1654149|     2088010|   834775280|      113735|     4301.24|     1974278|           0|
time: 26.548/0.00778297  number: 3947802/742
c |       97.83|     1660459|     2096609|   837709096|      114143|     4302.01|     1982469|           0|
time: 26.6531/0.00778297  number: 3964186/742
c |       98.19|     1666682|     2105222|   840708809|      114563|     4302.79|     1990661|           0|
time: 26.7601/0.00778297  number: 3980570/742
c |       98.57|     1672879|     2113852|   843800071|      115001|     4303.43|     1998856|           0|
time: 26.8687/0.00778297  number: 3996954/742
c |       98.93|     1678973|     2122463|   846777815|      115418|     4304.20|     2007048|           0|
time: 26.9752/0.00778297  number: 4013338/742
c |       99.31|     1684940|     2131105|   849963564|      115871|     4304.98|     2015236|           0|
time: 27.084/0.00778297  number: 4029722/742
c |       99.68|     1691038|     2139727|   853007040|      116300|     4305.75|     2023430|           0|
time: 27.1912/0.00778297  number: 4046106/742
c |      100.04|     1697255|     2148327|   855949263|      116711|     4306.52|     2031619|           0|
time: 27.2962/0.00778297  number: 4062490/742
c |      100.42|     1703365|     2156964|   859034122|      117149|     4307.30|     2039819|           0|
time: 27.4035/0.00778297  number: 4078874/742
c |      100.79|     1709644|     2165595|   862182689|      117596|     4307.95|     2048004|           0|
time: 27.512/0.00778297  number: 4095258/742
c |      101.18|     1715796|     2174251|   865427822|      118058|     4308.72|     2056196|           0|
time: 27.6212/0.00778297  number: 4111642/742
c |      101.55|     1722018|     2182880|   868512647|      118496|     4309.49|     2064389|           0|
time: 27.7283/0.00778297  number: 4128026/742
c |      101.92|     1728302|     2191519|   871640629|      118937|     4310.27|     2072586|           0|
time: 27.8363/0.00778297  number: 4144410/742
c |      102.28|     1734610|     2200114|   874570500|      119345|     4311.04|     2080773|           0|
time: 27.942/0.00778297  number: 4160794/742
c |      102.63|     1740994|     2208691|   877382342|      119732|     4311.82|     2088964|           0|
time: 28.0447/0.00778297  number: 4177178/742
c --------------------------------------------------------------------------------------------------------
c |        time|     #posHit|     #negHit|      memory|      #split|     mem(MB)|  #dec. Node|     #models|
c --------------------------------------------------------------------------------------------------------
c |      103.00|     1747035|     2217315|   880420128|      120164|     4312.46|     2097156|           0|
time: 28.1502/0.00788215  number: 4193554/750
c |      103.37|     1753200|     2225958|   883540999|      120611|     4313.23|     2105351|           0|
time: 28.2571/0.00788215  number: 4209938/750
c |      103.75|     1759493|     2234605|   886723199|      121067|     4314.01|     2113541|           0|
time: 28.3648/0.00788215  number: 4226322/750
c |      104.12|     1765744|     2243229|   889763012|      121499|     4314.78|     2121734|           0|
time: 28.4698/0.00788215  number: 4242706/750
c |      104.50|     1771918|     2251878|   892953918|      121955|     4315.55|     2129925|           0|
time: 28.5792/0.00788215  number: 4259090/750
c |      104.89|     1778147|     2260536|   896178795|      122420|     4316.33|     2138118|           0|
time: 28.6882/0.00788215  number: 4275474/750
c |      105.26|     1784492|     2269156|   899228632|      122852|     4317.10|     2146306|           0|
time: 28.7944/0.00788215  number: 4291858/750
c |      105.67|     1790657|     2277877|   902783156|      123377|     4317.75|     2154502|           0|
time: 28.9071/0.00788215  number: 4308242/750
c |      106.08|     1796868|     2286609|   906407298|      123914|     4318.52|     2162698|           0|
time: 29.0227/0.00788215  number: 4324626/750
c |      106.51|     1803090|     2295335|   910027899|      124451|     4319.29|     2170888|           0|
time: 29.1368/0.00788215  number: 4341010/750
c |      106.93|     1809399|     2304057|   913623176|      124979|     4320.07|     2179080|           0|
time: 29.2514/0.00788215  number: 4357394/750
c |      107.34|     1815684|     2312775|   917207177|      125510|     4320.84|     2187269|           0|
time: 29.3654/0.00788215  number: 4373778/750
c |      107.72|     1821569|     2321441|   920454850|      125981|     4321.61|     2195464|           0|
time: 29.4747/0.00788215  number: 4390162/750
c |      108.07|     1827817|     2330027|   923303363|      126374|     4322.39|     2203656|           0|
time: 29.58/0.00788215  number: 4406546/750
c |      108.43|     1834017|     2338623|   926209051|      126779|     4323.03|     2211846|           0|
time: 29.686/0.00788215  number: 4422930/750
c |      108.80|     1840190|     2347240|   929236152|      127208|     4323.80|     2220037|           0|
time: 29.7931/0.00788215  number: 4439314/750
c |      109.16|     1846254|     2355843|   932147772|      127613|     4324.58|     2228233|           0|
time: 29.8989/0.00788215  number: 4455698/750
c |      109.53|     1852223|     2364467|   935234293|      128051|     4325.35|     2236420|           0|
time: 30.0069/0.00788215  number: 4472082/750
c |      109.89|     1858265|     2373084|   938242629|      128474|     4326.12|     2244612|           0|
time: 30.1147/0.00788215  number: 4488466/750
c |      110.26|     1864402|     2381696|   941231083|      128894|     4326.90|     2252805|           0|
time: 30.2215/0.00788215  number: 4504850/750
c |      110.62|     1870309|     2390307|   944201511|      129314|     4327.55|     2260997|           0|
time: 30.3265/0.00788215  number: 4521234/750
c |      110.99|     1876353|     2398947|   947348156|      129764|     4328.32|     2269188|           0|
time: 30.4345/0.00788215  number: 4537618/750
c |      111.37|     1882076|     2407614|   950619989|      130235|     4329.09|     2277382|           0|
time: 30.5439/0.00788215  number: 4554002/750
c |      111.75|     1888042|     2416254|   953763835|      130685|     4329.87|     2285573|           0|
time: 30.6507/0.00788215  number: 4570386/750
c |      112.12|     1894070|     2424893|   956890463|      131129|     4331.64|     2293767|           0|
time: 30.7582/0.00788215  number: 4586770/750
c |      112.48|     1900119|     2433510|   959901840|      131555|     4332.41|     2301957|           0|
time: 30.8643/0.00788215  number: 4603154/750
c |      112.85|     1906229|     2442126|   962922765|      131984|     4333.06|     2310147|           0|
time: 30.9702/0.00788215  number: 4619538/750
c |      113.20|     1912168|     2450737|   965876042|      132401|     4333.83|     2318341|           0|
time: 31.0755/0.00788215  number: 4635922/750
c |      113.57|     1918393|     2459357|   968912731|      132827|     4334.61|     2326532|           0|
time: 31.1816/0.00788215  number: 4652306/750
c |      113.96|     1924427|     2467994|   972027381|      133274|     4335.38|     2334725|           0|
time: 31.3064/0.00788215  number: 4668690/750
c |      114.33|     1930580|     2476624|   975101356|      133709|     4336.15|     2342920|           0|
time: 31.4136/0.00788215  number: 4685074/750
c |      114.70|     1936616|     2485264|   978265165|      134159|     4336.93|     2351107|           0|
time: 31.5207/0.00788215  number: 4701458/750
c |      115.07|     1942673|     2493893|   981321979|      134594|     4337.70|     2359302|           0|
time: 31.6277/0.00788215  number: 4717842/750
c |      115.43|     1948760|     2502506|   984306293|      135014|     4338.34|     2367496|           0|
time: 31.7337/0.00788215  number: 4734226/750
c |      115.80|     1954778|     2511145|   987448248|      135464|     4339.12|     2375686|           0|
time: 31.8419/0.00788215  number: 4750610/750
c |      116.18|     1960856|     2519808|   990735329|      135935|     4339.89|     2383876|           0|
time: 31.9512/0.00788215  number: 4766994/750
c |      116.58|     1966841|     2528495|   994133441|      136430|     4340.66|     2392068|           0|
time: 32.0626/0.00788215  number: 4783378/750
c |      116.96|     1972901|     2537167|   997424000|      136904|     4341.44|     2400265|           0|
time: 32.1723/0.00788215  number: 4799762/750
c |      117.40|     1979007|     2545837|  1000750175|      137384|     4342.21|     2408456|           0|
time: 32.2946/0.00788215  number: 4816146/750
c |      117.85|     1985146|     2554494|  1004003791|      137852|     4342.98|     2416647|           0|
time: 32.4209/0.00788215  number: 4832530/750
c |      118.22|     1991018|     2563145|  1007194526|      138311|     4343.63|     2424838|           0|
time: 32.5288/0.00788215  number: 4848914/750
c |      118.61|     1997125|     2571815|  1010506944|      138788|     4344.40|     2433031|           0|
time: 32.6393/0.00788215  number: 4865298/750
c |      119.00|     2003167|     2580493|  1013860379|      139274|     4345.18|     2441223|           0|
time: 32.751/0.00788215  number: 4881682/750
c |      119.39|     2009278|     2589170|  1017226519|      139760|     4345.95|     2449413|           0|
time: 32.8603/0.00788215  number: 4898066/750
c |      119.80|     2015172|     2597868|  1020660590|      140261|     4346.72|     2457610|           0|
time: 32.9711/0.00788215  number: 4914450/750
c |      120.19|     2020926|     2606556|  1024099449|      140765|     4347.50|     2465796|           0|
time: 33.0805/0.00788215  number: 4930834/750
c |      120.58|     2027003|     2615239|  1027484198|      141254|     4348.27|     2473988|           0|
time: 33.1921/0.00788215  number: 4947218/750
c |      120.95|     2032834|     2623895|  1030695791|      141716|     4348.91|     2482182|           0|
time: 33.3009/0.00788215  number: 4963602/750
c |      121.33|     2038792|     2632558|  1033971080|      142190|     4349.69|     2490373|           0|
time: 33.4113/0.00788215  number: 4979986/750
c |      121.72|     2044605|     2641234|  1037316229|      142673|     4350.46|     2498565|           0|
time: 33.5209/0.00788215  number: 4996370/750
c |      122.10|     2050571|     2649885|  1040526594|      143132|     4351.23|     2506756|           0|
time: 33.6294/0.00788215  number: 5012754/750
c |      122.49|     2056632|     2658553|  1043822997|      143606|     4352.01|     2514949|           0|
time: 33.7407/0.00788215  number: 5029138/750
c |      122.87|     2062694|     2667209|  1047052001|      144071|     4352.78|     2523141|           0|
time: 33.8503/0.00788215  number: 5045522/750
c |      123.24|     2068510|     2675849|  1050174313|      144518|     4353.55|     2531334|           0|
time: 33.9575/0.00788215  number: 5061906/750
c |      123.62|     2074639|     2684488|  1053323132|      144968|     4354.20|     2539525|           0|
time: 34.0669/0.00788215  number: 5078290/750
c |      124.00|     2080716|     2693135|  1056503445|      145421|     4354.97|     2547718|           0|
time: 34.1759/0.00788215  number: 5094674/750
c |      124.38|     2086911|     2701783|  1059693410|      145877|     4355.75|     2555911|           0|
time: 34.2893/0.00788215  number: 5111058/750
c |      124.76|     2092893|     2710437|  1062906108|      146339|     4356.52|     2564102|           0|
time: 34.3984/0.00788215  number: 5127442/750
c |      125.14|     2098901|     2719101|  1066177424|      146810|     4357.29|     2572296|           0|
time: 34.5076/0.00788215  number: 5143826/750
c |      125.52|     2105017|     2727755|  1069408812|      147272|     4358.07|     2580486|           0|
time: 34.6163/0.00788215  number: 5160210/750
c |      125.91|     2111187|     2736428|  1072709025|      147755|     4358.84|     2588678|           0|
time: 34.7267/0.00788215  number: 5176594/750
c |      126.33|     2117558|     2745129|  1076152840|      148262|     4359.62|     2596869|           0|
time: 34.8398/0.00788215  number: 5192978/750
c |      126.73|     2123882|     2753845|  1079661939|      148784|     4360.26|     2605065|           0|
time: 34.9517/0.00788215  number: 5209362/750
c |      127.12|     2130225|     2762544|  1083078101|      149288|     4361.04|     2613258|           0|
time: 35.0632/0.00788215  number: 5225746/750
c --------------------------------------------------------------------------------------------------------
c |        time|     #posHit|     #negHit|      memory|      #split|     mem(MB)|  #dec. Node|     #models|
c --------------------------------------------------------------------------------------------------------
c |      127.52|     2136555|     2771243|  1086511359|      149798|     4361.81|     2621450|           0|
time: 35.1739/0.00788215  number: 5242130/750
c |      127.91|     2142987|     2779930|  1089903672|      150296|     4362.58|     2629637|           0|
time: 35.2836/0.00788215  number: 5258514/750
c |      128.29|     2149130|     2788621|  1093269368|      150794|     4363.36|     2637830|           0|
time: 35.3929/0.00788215  number: 5274898/750
c |      128.69|     2155511|     2797332|  1096733153|      151307|     4364.13|     2646027|           0|
time: 35.5035/0.00788215  number: 5291282/750
c |      129.09|     2161853|     2806039|  1100250017|      151829|     4364.90|     2654213|           0|
time: 35.615/0.00788215  number: 5307666/750
c |      129.48|     2168170|     2814756|  1103764776|      152351|     4365.68|     2662407|           0|
time: 35.7281/0.00788215  number: 5324050/750
c |      129.89|     2174384|     2823492|  1107402678|      152897|     4366.45|     2670598|           0|
time: 35.841/0.00788215  number: 5340434/750
c |      130.29|     2180749|     2832210|  1110922942|      153422|     4367.22|     2678793|           0|
time: 35.9515/0.00788215  number: 5356818/750
c |      130.69|     2187019|     2840931|  1114495582|      153956|     4368.00|     2686980|           0|
time: 36.0646/0.00788215  number: 5373202/750
c |      131.10|     2193297|     2849676|  1118170374|      154508|     4368.64|     2695172|           0|
time: 36.1787/0.00788215  number: 5389586/750
c |      131.51|     2199440|     2858424|  1121869797|      155063|     4369.42|     2703363|           0|
time: 36.2927/0.00788215  number: 5405970/750
c |      131.93|     2205729|     2867166|  1125525344|      155615|     4370.19|     2711556|           0|
time: 36.4079/0.00788215  number: 5422354/750
c |      132.34|     2212025|     2875908|  1129178887|      156164|     4370.96|     2719749|           0|
time: 36.5205/0.00788215  number: 5438738/750
c |      132.74|     2218191|     2884648|  1132805398|      156710|     4371.74|     2727942|           0|
time: 36.6323/0.00788215  number: 5455122/750
c |      133.16|     2224513|     2893373|  1136391252|      157244|     4372.51|     2736132|           0|
time: 36.7482/0.00788215  number: 5471506/750
c |      133.56|     2230837|     2902113|  1140013196|      157787|     4373.29|     2744329|           0|
time: 36.8607/0.00788215  number: 5487890/750
c |      133.96|     2237157|     2910847|  1143622132|      158330|     4374.06|     2752521|           0|
time: 36.9723/0.00788215  number: 5504274/750
c |      134.37|     2243449|     2919586|  1147283557|      158879|     4374.83|     2760711|           0|
time: 37.0858/0.00788215  number: 5520658/750
c |      134.77|     2249780|     2928312|  1150851786|      159413|     4375.48|     2768904|           0|
time: 37.1975/0.00788215  number: 5537042/750
c |      135.19|     2256071|     2937029|  1154371155|      159938|     4376.25|     2777096|           0|
time: 37.3094/0.00788215  number: 5553426/750
c |      135.60|     2262471|     2945756|  1157969245|      160475|     4377.02|     2785284|           0|
time: 37.4227/0.00788215  number: 5569810/750
c |      136.01|     2268761|     2954493|  1161597631|      161021|     4377.80|     2793477|           0|
time: 37.5368/0.00788215  number: 5586194/750
c |      136.43|     2275068|     2963252|  1165344991|      161585|     4378.57|     2801670|           0|
time: 37.6533/0.00788215  number: 5602578/750
c |      136.85|     2281377|     2972020|  1169122713|      162158|     4379.34|     2809866|           0|
time: 37.772/0.00788215  number: 5618962/750
c |      137.27|     2287710|     2980779|  1172897525|      162728|     4380.12|     2818055|           0|
time: 37.8891/0.00788215  number: 5635346/750
c |      137.68|     2293910|     2989520|  1176523631|      163274|     4380.89|     2826249|           0|
time: 38.0038/0.00788215  number: 5651730/750
c |      138.09|     2300279|     2998247|  1180133856|      163814|     4381.66|     2834435|           0|
time: 38.118/0.00788215  number: 5668114/750
c |      138.50|     2306565|     3006989|  1183770146|      164363|     4382.44|     2842631|           0|
time: 38.2318/0.00788215  number: 5684498/750
c |      138.91|     2312788|     3015727|  1187429895|      164909|     4383.21|     2850821|           0|
time: 38.3459/0.00788215  number: 5700882/750
c |      139.32|     2319102|     3024464|  1191071317|      165458|     4383.98|     2859010|           0|
time: 38.462/0.00788215  number: 5717266/750
c |      139.74|     2325369|     3033209|  1194717594|      166007|     4384.63|     2867207|           0|
time: 38.5778/0.00788215  number: 5733650/750
c |      140.15|     2331774|     3041958|  1198429460|      166565|     4385.40|     2875398|           0|
time: 38.6939/0.00788215  number: 5750034/750
c |      140.57|     2338040|     3050714|  1202159498|      167126|     4386.18|     2883591|           0|
time: 38.8097/0.00788215  number: 5766418/750
c |      140.99|     2344386|     3059464|  1205877581|      167687|     4386.95|     2891780|           0|
time: 38.927/0.00788215  number: 5782802/750
c |      141.41|     2350731|     3068219|  1209602320|      168251|     4387.72|     2899973|           0|
time: 39.0436/0.00788215  number: 5799186/750
c |      141.83|     2357102|     3076980|  1213373815|      168818|     4388.50|     2908164|           0|
time: 39.1651/0.00788215  number: 5815570/750
c |      142.21|     2363276|     3085655|  1216670322|      169304|     4389.27|     2916356|           0|
time: 39.2746/0.00788215  number: 5831954/750
c |      142.57|     2369690|     3094260|  1219610080|      169715|     4390.04|     2924548|           0|
time: 39.3799/0.00788215  number: 5848338/750
c |      142.93|     2375957|     3102885|  1222629203|      170147|     4390.82|     2932742|           0|
time: 39.487/0.00788215  number: 5864722/750
c |      143.29|     2382289|     3111492|  1225579854|      170564|     4391.59|     2940933|           0|
time: 39.5939/0.00788215  number: 5881106/750
c |      143.66|     2388664|     3120120|  1228639993|      170999|     4392.23|     2949124|           0|
time: 39.7022/0.00788215  number: 5897490/750
c |      144.05|     2394928|     3128746|  1231695671|      171434|     4393.01|     2957314|           0|
time: 39.8108/0.00788215  number: 5913874/750
c |      144.41|     2401262|     3137357|  1234647217|      171854|     4393.78|     2965508|           0|
time: 39.9183/0.00788215  number: 5930258/750
c |      144.80|     2407523|     3146039|  1237902883|      172340|     4394.55|     2973702|           0|
time: 40.0283/0.00788215  number: 5946642/750
c |      145.20|     2413950|     3154776|  1241400440|      172886|     4395.33|     2981893|           0|
time: 40.1413/0.00788215  number: 5963026/750
c |      145.60|     2420344|     3163513|  1244898828|      173432|     4396.10|     2990085|           0|
time: 40.2542/0.00788215  number: 5979410/750
c |      146.00|     2426695|     3172252|  1248371448|      173978|     4396.88|     2998277|           0|
time: 40.3651/0.00788215  number: 5995794/750
c |      146.40|     2433081|     3180987|  1251820993|      174524|     4397.65|     3006468|           0|
time: 40.4776/0.00788215  number: 6012178/750
c |      146.80|     2439329|     3189725|  1255208994|      175070|     4398.42|     3014660|           0|
time: 40.5896/0.00788215  number: 6028562/750
c |      147.20|     2445445|     3198463|  1258700211|      175613|     4399.20|     3022854|           0|
time: 40.7037/0.00801948  number: 6044934/762
c |      147.61|     2451813|     3207197|  1262199716|      176153|     4399.97|     3031049|           0|
time: 40.8175/0.00801948  number: 6061318/762
c |      148.01|     2458200|     3215929|  1265701947|      176693|     4400.74|     3039239|           0|
time: 40.9307/0.00801948  number: 6077702/762
c |      148.42|     2464565|     3224659|  1269197363|      177233|     4401.39|     3047430|           0|
time: 41.044/0.00801948  number: 6094086/762
c |      148.82|     2471034|     3233387|  1272694194|      177770|     4402.16|     3055619|           0|
time: 41.1568/0.00801948  number: 6110470/762
c |      149.24|     2477150|     3242123|  1276249851|      178463|     4402.93|     3063815|           0|
time: 41.2719/0.00873664  number: 6126780/836
c |      149.67|     2482975|     3250871|  1280194129|      180144|     4403.71|     3072005|           0|
time: 41.3955/0.0124293  number: 6142811/1189
c |      150.12|     2488975|     3259632|  1284261425|      181947|     4404.61|     3080198|           0|
time: 41.5226/0.0150843  number: 6158947/1437
c |      150.57|     2495149|     3268409|  1288428479|      183824|     4401.22|     3088397|           0|
time: 41.6542/0.017663  number: 6175125/1643
c |      150.99|     2501062|     3277139|  1292149617|      184991|     4402.00|     3096587|           0|
time: 41.771/0.0190058  number: 6191371/1781
c |      151.40|     2506747|     3285884|  1295770669|      185766|     4402.77|     3104771|           0|
time: 41.8853/0.0196467  number: 6207701/1835
c |      151.84|     2512830|     3294651|  1299474743|      186336|     4403.54|     3112966|           0|
time: 42.0006/0.0196467  number: 6224085/1835
c |      152.27|     2518774|     3303428|  1303184673|      186921|     4404.32|     3121160|           0|
time: 42.1186/0.0196925  number: 6240464/1840
c |      152.69|     2524396|     3312222|  1306901739|      187521|     4405.25|     3129351|           0|
time: 42.2347/0.0199824  number: 6256831/1857
c |      153.11|     2530324|     3320986|  1310584199|      188097|     4406.03|     3137542|           0|
time: 42.3507/0.0199824  number: 6273215/1857
c --------------------------------------------------------------------------------------------------------
c |        time|     #posHit|     #negHit|      memory|      #split|     mem(MB)|  #dec. Node|     #models|
c --------------------------------------------------------------------------------------------------------
c |      153.53|     2536331|     3329754|  1314286191|      188673|     4406.80|     3145732|           0|
time: 42.4681/0.0199824  number: 6289599/1857
c |      153.94|     2542511|     3338505|  1317883996|      189231|     4407.57|     3153925|           0|
time: 42.5847/0.0199824  number: 6305983/1857
c |      154.35|     2548506|     3347230|  1321405162|      189762|     4408.35|     3162120|           0|
time: 42.6986/0.0199824  number: 6322367/1857
c |      154.75|     2554471|     3355956|  1324893371|      190296|     4409.12|     3170311|           0|
time: 42.8126/0.0200587  number: 6338746/1862
c |      155.16|     2560213|     3364688|  1328374345|      190842|     4409.89|     3178499|           0|
time: 42.925/0.0201197  number: 6355123/1869
c |      155.57|     2566302|     3373430|  1331973470|      191388|     4410.54|     3186694|           0|
time: 43.0416/0.0201197  number: 6371507/1869
c |      155.99|     2572360|     3382169|  1335555777|      191937|     4411.31|     3194885|           0|
time: 43.1576/0.0201197  number: 6387891/1869
c |      156.43|     2578255|     3390903|  1339099810|      192477|     4412.09|     3203078|           0|
time: 43.276/0.0201197  number: 6404275/1869
c |      156.84|     2584257|     3399648|  1342701756|      193029|     4412.86|     3211271|           0|
time: 43.3912/0.0202265  number: 6420649/1879
c |      157.26|     2590367|     3408413|  1346442275|      193599|     4413.63|     3219464|           0|
time: 43.5082/0.0202265  number: 6437033/1879
c |      157.68|     2596679|     3417164|  1350135000|      194163|     4414.54|     3227653|           0|
time: 43.6246/0.0202265  number: 6453417/1879
c |      158.08|     2602854|     3425870|  1353579277|      194679|     4415.31|     3235843|           0|
time: 43.7378/0.0203181  number: 6469793/1887
c |      158.47|     2609096|     3434560|  1356923524|      195174|     4416.08|     3244036|           0|
time: 43.8496/0.0203181  number: 6486177/1887
c |      158.87|     2615413|     3443242|  1360241964|      195666|     4416.86|     3252227|           0|
time: 43.9614/0.0203181  number: 6502561/1887
c |      159.25|     2621613|     3451922|  1363532192|      196155|     4417.63|     3260420|           0|
time: 44.0716/0.0203791  number: 6518940/1892
c |      159.65|     2627834|     3460608|  1366851706|      196644|     4418.40|     3268614|           0|
time: 44.184/0.0203791  number: 6535324/1892
c |      160.06|     2634045|     3469335|  1370403528|      197184|     4419.18|     3276803|           0|
time: 44.2996/0.0203791  number: 6551708/1892
c |      160.47|     2640348|     3478063|  1373932416|      197715|     4420.08|     3284999|           0|
time: 44.4142/0.0203791  number: 6568092/1892
c |      160.88|     2646562|     3486779|  1377428716|      198243|     4420.85|     3293188|           0|
time: 44.5288/0.0204554  number: 6584471/1897
c |      161.29|     2652729|     3495489|  1380883836|      198762|     4421.62|     3301377|           0|
time: 44.6418/0.0204859  number: 6600850/1902
c |      161.70|     2659034|     3504203|  1384356008|      199284|     4422.40|     3309570|           0|
time: 44.7577/0.0204859  number: 6617234/1902
c |      162.10|     2665281|     3512919|  1387835628|      199806|     4423.17|     3317764|           0|
time: 44.8709/0.0204859  number: 6633618/1902
c |      162.52|     2671605|     3521594|  1391113192|      200292|     4424.07|     3325955|           0|
time: 44.9841/0.0204859  number: 6650002/1902
c |      162.91|     2677774|     3530264|  1394355754|      200769|     4424.85|     3334147|           0|
time: 45.0949/0.0204859  number: 6666386/1902
c |      163.29|     2684014|     3538931|  1397579006|      201246|     4425.75|     3342337|           0|
time: 45.2065/0.0205317  number: 6682765/1907
c --------------------------------------------------------------------------------------------------------
c
c [1m[31mStatistics [0m
c [33mCompilation Information[0m
c Number of recursive call: 6685113
c Number of split formula: 201258
c Number of decision: 3342556
c Number of models used: 0
c
c [1m[34mCache Information[0m
c Number of positive hit: 2684175
c Number of negative hit: 3539164
c
c Final time: 163.30
c
time: 45.2095/0.0205317  number: 6683206/1907
s SATISFIABLE
c s type mc
c s log10-estimate 18.66387298468149880698548829842051143110469988462
c s exact arb int 4611826756989485056
c [COUNTER] Elapsed time: 163.410562811000005467576556839048862457275390625 seconds
