c [D4] Competition version
c [INITIAL INPUT] [4m[32mStatistics about the input formula[0m
c [INITIAL INPUT] Number of variables: 432
c [INITIAL INPUT] Number of clauses: 1377
c [INITIAL INPUT] Number of unit clauses: 11
c [INITIAL INPUT] Number of binary clauses: 127
c [INITIAL INPUT] Number of ternary clauses: 861
c [INITIAL INPUT] Number of clauses larger than 3: 378
c [INITIAL INPUT] Number of literals: 4447
c
c [D4] Run the projected model counter
c [PREPROC MANAGER] Option PreprocManager: preproc(basic) input type(dimacs cnf)
c [MAIN PREPROCESSED INPUT] [4m[32mStatistics about the preprocessed formula[0m
c [PREPROCESSED INPUT] Number of variables: 432
c [PREPROCESSED INPUT] Number of clauses: 1377
c [PREPROCESSED INPUT] Number of unit clauses: 11
c [PREPROCESSED INPUT] Number of binary clauses: 127
c [PREPROCESSED INPUT] Number of ternary clauses: 861
c [PREPROCESSED INPUT] Number of clauses larger than 3: 378
c [PREPROCESSED INPUT] Number of literals: 4447
c
c
c [PROJECTED VARIABLES] list: 5 6 7 8 9 10 11 12 13 14 15 16 17 18 19 20 124 125 126 127 128 129 130 131 132 133 134 135 136 137 138 139 227 228 229 230 231 232 233 234 235 236 237 238 239 240 241 242 330 331 332 333 334 335 336 337 338 339 340 341 342 343 344 345 432 
c
c [DPLL STYLE METHOD] Option DPLL-style Method: exploit-model(1) 
c [WRAPPER SOLVER] Option Solver: solver name(glucose cnf)
c [GLUCOSE SOLVER] Init phase
c [SPEC MANAGER] Option Formula Manager: update mode(dynamicBlockedSimp)
c [SPEC MANAGER] DYN with blocked clause elimination
c [SPEC MANAGER] Number of clauses removed at the beginning: 184
c [MODE] Projected we can only use the classical heuristic
c [BRANCHING HEURISTIC] Option Branching Heuristic: scoring method(vsads) phase heuristic(polarity) reverse phase (0) freq-decay (2048) branching heuristic (classic)
c [CACHE CLEANING MANAGER]  Option CacheCleaningManager: cleaning strategy(none) 
c [BUCKET MANAGER]  Option BucketManager: storage(not-touched)  representation(clause)  size_first_page(4294967296) size_additional_page(536870912)
c [CACHE LIST CONSTRUCTOR]
c [OPERATION MANAGER] Operator option: operator type(counting)
c
c [DPLL STYLE METHOD] Exploitation models: 1
c Warm start process (11): 24/29
c --------------------------------------------------------------------------------------------------------
c |        time|     #posHit|     #negHit|      memory|      #split|     mem(MB)|  #dec. Node|     #models|
c --------------------------------------------------------------------------------------------------------
c |        0.40|        6558|        8658|     3491676|         508|     4128.93|        8200|           0|
time: 0.10525/0.000139001  number: 16370/14
c |        0.81|       13306|       17339|     7117879|        1090|     4129.57|       16395|           0|
time: 0.212125/0.000139001  number: 32754/14
c |        1.19|       19834|       25970|    10442049|        1615|     4130.21|       24589|           0|
time: 0.315838/0.000139001  number: 49138/14
c |        1.59|       26164|       34633|    13799400|        2182|     4130.85|       32780|           0|
time: 0.423614/0.000139001  number: 65522/14
c |        1.99|       32418|       43318|    17233596|        2780|     4131.61|       40967|           0|
time: 0.532259/0.000139001  number: 81906/14
c |        2.38|       38721|       51971|    20494527|        3312|     4132.25|       49160|           0|
time: 0.63834/0.000139001  number: 98290/14
c |        2.78|       45151|       60643|    23874840|        3888|     4132.89|       57353|           0|
time: 0.746798/0.000139001  number: 114674/14
c |        3.19|       51599|       69338|    27315113|        4493|     4133.53|       65543|           0|
time: 0.856263/0.000139001  number: 131058/14
c |        3.60|       58375|       78034|    30802273|        5099|     4134.19|       73734|           0|
time: 0.966253/0.000139001  number: 147442/14
c |        4.01|       65156|       86731|    34293551|        5702|     4134.96|       81925|           0|
time: 1.07646/0.000139001  number: 163826/14
c |        4.41|       71619|       95424|    37740888|        6299|     4135.61|       90122|           0|
time: 1.18583/0.000139001  number: 180210/14
c |        4.82|       78090|      104113|    41238000|        6899|     4136.25|       98312|           0|
time: 1.29585/0.000139001  number: 196594/14
c |        5.23|       84784|      112800|    44723750|        7496|     4136.90|      106502|           0|
time: 1.40551/0.000139001  number: 212978/14
c |        5.64|       91493|      121476|    48181793|        8075|     4137.54|      114695|           0|
time: 1.51493/0.000139001  number: 229362/14
c |        6.05|       98148|      130162|    51680151|        8666|     4138.18|      122889|           0|
time: 1.62577/0.000139001  number: 245746/14
c |        6.46|      105328|      138835|    55243044|        9245|     4138.95|      131080|           0|
time: 1.7357/0.000139001  number: 262130/14
c |        6.86|      112549|      147489|    58738592|        9800|     4139.59|      139269|           0|
time: 1.84317/0.000139001  number: 278514/14
c |        7.27|      119769|      156155|    62280685|       10370|     4140.36|      147462|           0|
time: 1.95103/0.000139001  number: 294898/14
c |        7.67|      127317|      164842|    65902940|       10964|     4140.99|      155654|           0|
time: 2.05959/0.000139001  number: 311282/14
c |        8.09|      134854|      173538|    69600277|       11570|     4141.63|      163845|           0|
time: 2.16927/0.000139001  number: 327666/14
c |        8.51|      142395|      182231|    73289525|       12173|     4142.27|      172036|           0|
time: 2.28171/0.000139001  number: 344050/14
c |        8.91|      149986|      190886|    76841257|       12725|     4142.92|      180231|           0|
time: 2.38879/0.000139001  number: 360434/14
c |        9.31|      157565|      199549|    80428874|       13286|     4143.69|      188424|           0|
time: 2.49633/0.000139001  number: 376818/14
c |        9.72|      165146|      208211|    84013087|       13856|     4144.33|      196613|           0|
time: 2.60481/0.000139001  number: 393202/14
c |       10.12|      172699|      216894|    87584221|       14442|     4144.98|      204807|           0|
time: 2.71417/0.000139001  number: 409586/14
c |       10.53|      180261|      225571|    91146990|       15029|     4145.62|      212997|           0|
time: 2.82295/0.000139001  number: 425970/14
c |       10.93|      187812|      234256|    94759444|       15618|     4146.27|      221190|           0|
time: 2.9319/0.000139001  number: 442354/14
c |       11.34|      195359|      242944|    98410816|       16211|     4147.03|      229383|           0|
time: 3.04159/0.000139001  number: 458738/14
c |       11.75|      202911|      251628|   102054566|       16805|     4147.68|      237572|           0|
time: 3.15119/0.000139001  number: 475122/14
c |       12.16|      210457|      260317|   105706530|       17400|     4148.32|      245766|           0|
time: 3.26099/0.000139001  number: 491506/14
c |       12.57|      218003|      269006|   109368587|       17996|     4148.96|      253957|           0|
time: 3.37092/0.000139001  number: 507890/14
c |       12.98|      225548|      277696|   113016743|       18593|     4149.61|      262150|           0|
time: 3.48026/0.000139001  number: 524274/14
c |       13.38|      233092|      286387|   116658898|       19193|     4150.38|      270343|           0|
time: 3.58997/0.000139001  number: 540658/14
c |       13.80|      240647|      295069|   120273371|       19778|     4151.15|      278534|           0|
time: 3.70071/0.000139001  number: 557042/14
c |       14.20|      248205|      303748|   123884020|       20366|     4151.79|      286726|           0|
time: 3.81/0.000139001  number: 573426/14
c |       14.61|      255770|      312423|   127460230|       20945|     4152.44|      294917|           0|
time: 3.91861/0.000139001  number: 589810/14
c |       15.01|      263314|      321113|   131113534|       21540|     4153.21|      303111|           0|
time: 4.02763/0.000139001  number: 606194/14
c |       15.42|      270897|      329773|   134704570|       22106|     4153.86|      311300|           0|
time: 4.13724/0.000139001  number: 622578/14
c |       15.83|      278467|      338444|   138318917|       22680|     4154.50|      319494|           0|
time: 4.24704/0.000139001  number: 638962/14
c |       16.23|      286026|      347123|   141906101|       23264|     4155.14|      327684|           0|
time: 4.35884/0.000139001  number: 655346/14
c |       16.64|      293568|      355815|   145484151|       23864|     4155.92|      335877|           0|
time: 4.46705/0.000139001  number: 671730/14
c |       17.05|      301111|      364506|   149123549|       24464|     4156.55|      344068|           0|
time: 4.57636/0.000139001  number: 688114/14
c |       17.43|      308091|      373118|   152484907|       24886|     4157.20|      352265|           0|
time: 4.68269/0.000139001  number: 704498/14
c |       17.83|      315012|      381741|   155910154|       25318|     4157.84|      360457|           0|
time: 4.79115/0.000139001  number: 720882/14
c |       18.22|      321885|      390373|   159359564|       25755|     4158.49|      368651|           0|
time: 4.89909/0.000139001  number: 737266/14
c |       18.62|      328748|      399010|   162843986|       26204|     4159.26|      376839|           0|
time: 5.00824/0.000139001  number: 753650/14
c |       19.01|      335570|      407653|   166332878|       26655|     4159.90|      385032|           0|
time: 5.11587/0.000139001  number: 770034/14
c |       19.41|      342418|      416296|   169826246|       27106|     4160.55|      393223|           0|
time: 5.22357/0.000139001  number: 786418/14
c |       19.81|      349200|      424958|   173382576|       27578|     4161.19|      401414|           0|
time: 5.33194/0.000139001  number: 802802/14
c |       20.21|      355981|      433622|   176939142|       28049|     4161.96|      409607|           0|
time: 5.44055/0.000139001  number: 819186/14
c |       20.61|      362772|      442283|   180498882|       28518|     4162.61|      417797|           0|
time: 5.54933/0.000139001  number: 835570/14
c |       21.01|      369564|      450939|   184037289|       28984|     4163.25|      425988|           0|
time: 5.65762/0.000139001  number: 851954/14
c |       21.40|      376359|      459599|   187577774|       29449|     4163.89|      434183|           0|
time: 5.76614/0.000139001  number: 868338/14
c |       21.80|      383115|      468272|   191143415|       29932|     4164.66|      442375|           0|
time: 5.87438/0.000139001  number: 884722/14
c |       22.21|      389851|      476951|   194714529|       30418|     4165.30|      450566|           0|
time: 5.98662/0.000139001  number: 901106/14
c |       22.60|      396604|      485624|   198255416|       30898|     4165.95|      458760|           0|
time: 6.09429/0.000139001  number: 917490/14
c |       23.00|      403380|      494287|   201778658|       31372|     4166.73|      466950|           0|
time: 6.20166/0.000139001  number: 933874/14
c |       23.39|      410154|      502955|   205304944|       31844|     4167.36|      475145|           0|
time: 6.30949/0.000139001  number: 950258/14
c |       23.79|      416926|      511622|   208828955|       32320|     4168.00|      483335|           0|
time: 6.41874/0.000139001  number: 966642/14
c |       24.20|      423662|      520296|   212345532|       32804|     4168.64|      491524|           0|
time: 6.52837/0.000139001  number: 983026/14
c |       24.60|      430398|      528974|   215863653|       33289|     4169.42|      499717|           0|
time: 6.63621/0.000139001  number: 999410/14
c |       24.99|      437143|      537654|   219387805|       33775|     4170.06|      507913|           0|
time: 6.7448/0.000139001  number: 1015794/14
c |       25.39|      443889|      546327|   222904878|       34260|     4170.70|      516101|           0|
time: 6.85349/0.000139001  number: 1032178/14
c --------------------------------------------------------------------------------------------------------
c |        time|     #posHit|     #negHit|      memory|      #split|     mem(MB)|  #dec. Node|     #models|
c --------------------------------------------------------------------------------------------------------
c |       25.79|      450627|      555002|   226422709|       34744|     4171.47|      524291|           0|
time: 6.9611/0.000139001  number: 1048562/14
c |       26.20|      457313|      563701|   230122938|       35249|     4172.11|      532485|           0|
time: 7.06923/0.000139001  number: 1064946/14
c |       26.60|      463989|      572402|   233825455|       35755|     4172.76|      540680|           0|
time: 7.17727/0.000139001  number: 1081330/14
c |       27.01|      470659|      581101|   237523193|       36260|     4173.53|      548874|           0|
time: 7.28599/0.000139001  number: 1097714/14
c |       27.42|      477349|      589795|   241220236|       36766|     4174.18|      557062|           0|
time: 7.3939/0.000139001  number: 1114098/14
c |       27.83|      484022|      598490|   244914981|       37272|     4175.07|      565251|           0|
time: 7.50276/0.000139001  number: 1130482/14
c |       28.24|      490701|      607189|   248618801|       37778|     4175.84|      573445|           0|
time: 7.61004/0.000139001  number: 1146866/14
c |       28.64|      497381|      615889|   252320681|       38284|     4176.49|      581639|           0|
time: 7.71761/0.000139001  number: 1163250/14
c |       29.05|      504062|      624585|   256017566|       38789|     4177.13|      589829|           0|
time: 7.82547/0.000139001  number: 1179634/14
c |       29.46|      510731|      633288|   259721619|       39295|     4177.91|      598026|           0|
time: 7.93343/0.000139001  number: 1196018/14
c |       29.86|      517413|      641985|   263420313|       39800|     4178.55|      606218|           0|
time: 8.04125/0.000139001  number: 1212402/14
c |       30.26|      524089|      650677|   267118382|       40306|     4179.20|      614405|           0|
time: 8.14861/0.000139001  number: 1228786/14
c |       30.67|      530772|      659374|   270816968|       40812|     4179.97|      622596|           0|
time: 8.25545/0.000139001  number: 1245170/14
c |       31.08|      537459|      668078|   274520525|       41315|     4180.61|      630797|           0|
time: 8.3627/0.000139001  number: 1261554/14
c |       31.48|      544160|      676763|   278198489|       41815|     4181.26|      638982|           0|
time: 8.47065/0.000139001  number: 1277938/14
c |       31.88|      550850|      685459|   281881330|       42315|     4182.03|      647178|           0|
time: 8.57746/0.000139001  number: 1294322/14
c |       32.29|      557553|      694145|   285562100|       42815|     4182.68|      655365|           0|
time: 8.68412/0.000139001  number: 1310706/14
c |       32.69|      564244|      702836|   289238354|       43312|     4183.32|      663557|           0|
time: 8.79111/0.000139001  number: 1327090/14
c |       33.09|      570954|      711527|   292921012|       43812|     4184.09|      671748|           0|
time: 8.89818/0.000139001  number: 1343474/14
c |       33.50|      577640|      720217|   296599762|       44312|     4184.74|      679939|           0|
time: 9.00592/0.000139001  number: 1359858/14
c |       33.90|      584337|      728908|   300281865|       44812|     4185.51|      688130|           0|
time: 9.11307/0.000139001  number: 1376242/14
c |       34.31|      591357|      737575|   303882839|       45310|     4186.16|      696326|           0|
time: 9.22135/0.000139001  number: 1392626/14
c |       34.71|      598464|      746228|   307435070|       45816|     4186.80|      704521|           0|
time: 9.33063/0.000139001  number: 1409010/14
c |       35.11|      605459|      754873|   310974658|       46316|     4187.57|      712710|           0|
time: 9.43978/0.000139001  number: 1425394/14
c |       35.52|      612521|      763537|   314567946|       46836|     4188.22|      720903|           0|
time: 9.54968/0.000139001  number: 1441778/14
c |       35.93|      619416|      772200|   318165185|       47358|     4188.86|      729092|           0|
time: 9.65996/0.000139001  number: 1458162/14
c |       36.34|      626455|      780869|   321770611|       47878|     4189.64|      737288|           0|
time: 9.76918/0.000139001  number: 1474546/14
c |       36.76|      633429|      789533|   325367898|       48396|     4190.28|      745478|           0|
time: 9.87965/0.000139001  number: 1490930/14
c |       37.17|      640356|      798201|   328966757|       48918|     4191.05|      753673|           0|
time: 9.98876/0.000139001  number: 1507314/14
c |       37.58|      647430|      806864|   332566980|       49438|     4191.70|      761862|           0|
time: 10.0982/0.000139001  number: 1523698/14
c |       37.98|      654401|      815528|   336166082|       49960|     4192.34|      770052|           0|
time: 10.2072/0.000139001  number: 1540082/14
c |       38.39|      661372|      824194|   339765708|       50482|     4193.12|      778245|           0|
time: 10.3167/0.000139001  number: 1556466/14
c |       38.80|      668428|      832859|   343350351|       50996|     4193.76|      786442|           0|
time: 10.4265/0.000139001  number: 1572850/14
c |       39.21|      675372|      841523|   346950435|       51517|     4194.54|      794632|           0|
time: 10.5361/0.000139001  number: 1589234/14
c |       39.63|      682388|      850201|   350594425|       52054|     4195.18|      802823|           0|
time: 10.6464/0.000139001  number: 1605618/14
c |       40.04|      689472|      858867|   354201183|       52573|     4195.95|      811014|           0|
time: 10.7566/0.000139001  number: 1622002/14
c |       40.45|      696536|      867528|   357795207|       53092|     4196.60|      819205|           0|
time: 10.8659/0.000139001  number: 1638386/14
c |       40.85|      703634|      876191|   361390629|       53612|     4197.37|      827397|           0|
time: 10.9757/0.000139001  number: 1654770/14
c |       41.26|      710716|      884859|   364989283|       54131|     4198.02|      835595|           0|
time: 11.0843/0.000139001  number: 1671154/14
c |       41.66|      717794|      893518|   368584801|       54644|     4198.79|      843783|           0|
time: 11.1933/0.000139001  number: 1687538/14
c |       42.07|      724884|      902178|   372180850|       55163|     4199.43|      851972|           0|
time: 11.3024/0.000139001  number: 1703922/14
c |       42.48|      731977|      910843|   375782121|       55684|     4200.21|      860165|           0|
time: 11.4116/0.000139001  number: 1720306/14
c |       42.88|      739065|      919512|   379394926|       56208|     4200.85|      868359|           0|
time: 11.5205/0.000139001  number: 1736690/14
c |       43.29|      746101|      928193|   383051320|       56744|     4201.62|      876551|           0|
time: 11.6302/0.000139001  number: 1753074/14
c |       43.70|      753129|      936873|   386706516|       57281|     4202.40|      884740|           0|
time: 11.7391/0.000139001  number: 1769458/14
c |       44.12|      760184|      945557|   390363329|       57824|     4203.04|      892934|           0|
time: 11.8487/0.000139001  number: 1785842/14
c |       44.53|      767231|      954237|   394017091|       58364|     4203.82|      901123|           0|
time: 11.9586/0.000139001  number: 1802226/14
c |       44.95|      774265|      962922|   397677588|       58903|     4204.46|      909318|           0|
time: 12.0682/0.000139001  number: 1818610/14
c |       45.36|      781315|      971605|   401334855|       59440|     4205.23|      917510|           0|
time: 12.1776/0.000139001  number: 1834994/14
c |       45.77|      788342|      980289|   404989756|       59983|     4205.88|      925704|           0|
time: 12.2869/0.000139001  number: 1851378/14
c |       46.18|      795408|      988967|   408635044|       60517|     4206.65|      933895|           0|
time: 12.3962/0.000139001  number: 1867762/14
c |       46.59|      802488|      997636|   412253359|       61045|     4207.30|      942085|           0|
time: 12.5048/0.000139001  number: 1884146/14
c |       47.00|      809545|     1006306|   415875209|       61573|     4208.07|      950276|           0|
time: 12.6135/0.000139001  number: 1900530/14
c |       47.41|      816610|     1014982|   419506042|       62101|     4208.84|      958471|           0|
time: 12.7231/0.000139001  number: 1916914/14
c |       47.82|      823667|     1023658|   423144068|       62634|     4209.49|      966662|           0|
time: 12.8326/0.000139001  number: 1933298/14
c |       48.23|      830707|     1032335|   426782454|       63166|     4210.26|      974854|           0|
time: 12.9421/0.000139001  number: 1949682/14
c |       48.64|      837758|     1041014|   430421105|       63699|     4210.91|      983049|           0|
time: 13.0508/0.000139001  number: 1966066/14
c |       49.06|      844768|     1049690|   434058553|       64233|     4211.68|      991240|           0|
time: 13.16/0.000139001  number: 1982450/14
c |       49.47|      851846|     1058365|   437696474|       64764|     4212.45|      999430|           0|
time: 13.27/0.000139001  number: 1998834/14
c |       49.88|      858898|     1067040|   441332196|       65298|     4213.10|     1007620|           0|
time: 13.3801/0.000139001  number: 2015218/14
c |       50.30|      865961|     1075717|   444972215|       65835|     4213.87|     1015813|           0|
time: 13.4903/0.000139001  number: 2031602/14
c |       50.71|      873019|     1084394|   448609660|       66366|     4214.52|     1024005|           0|
time: 13.5998/0.000139001  number: 2047986/14
c |       51.13|      880079|     1093071|   452251838|       66900|     4215.29|     1032196|           0|
time: 13.7095/0.000139001  number: 2064370/14
c |       51.54|      887107|     1101751|   455904865|       67436|     4216.06|     1040387|           0|
time: 13.8195/0.000139001  number: 2080754/14
c --------------------------------------------------------------------------------------------------------
c |        time|     #posHit|     #negHit|      memory|      #split|     mem(MB)|  #dec. Node|     #models|
c --------------------------------------------------------------------------------------------------------
c |       51.95|      894150|     1110449|   459467264|       67994|     4216.71|     1048582|           0|
time: 13.9281/0.000139001  number: 2097138/14
c |       52.36|      901118|     1119145|   463011054|       68548|     4217.48|     1056772|           0|
time: 14.0365/0.000139001  number: 2113522/14
c |       52.77|      908143|     1127843|   466550705|       69104|     4218.25|     1064965|           0|
time: 14.1455/0.000139001  number: 2129906/14
c |       53.19|      915150|     1136544|   470097093|       69663|     4218.90|     1073160|           0|
time: 14.2623/0.000139001  number: 2146290/14
c |       53.60|      922130|     1145238|   473637653|       70217|     4219.67|     1081348|           0|
time: 14.3702/0.000139001  number: 2162674/14
c |       54.00|      929170|     1153938|   477128726|       70772|     4220.45|     1089542|           0|
time: 14.4781/0.000139001  number: 2179058/14
c |       54.41|      936136|     1162635|   480551651|       71330|     4221.09|     1097734|           0|
time: 14.5854/0.000139001  number: 2195442/14
c |       54.81|      943129|     1171332|   484005675|       71886|     4221.86|     1105925|           0|
time: 14.6929/0.000139001  number: 2211826/14
c |       55.22|      950155|     1180029|   487515312|       72441|     4223.14|     1114116|           0|
time: 14.8015/0.000139001  number: 2228210/14
c |       55.63|      957164|     1188727|   491023618|       72998|     4223.78|     1122309|           0|
time: 14.9094/0.000139001  number: 2244594/14
c |       56.04|      964163|     1197425|   494616751|       73552|     4224.55|     1130501|           0|
time: 15.0187/0.000139001  number: 2260978/14
c |       56.45|      971167|     1206123|   498232630|       74110|     4225.33|     1138693|           0|
time: 15.1277/0.000139001  number: 2277362/14
c |       56.87|      978185|     1214822|   501854586|       74664|     4226.11|     1146887|           0|
time: 15.2378/0.000139001  number: 2293746/14
c |       57.28|      985166|     1223517|   505471168|       75222|     4226.75|     1155076|           0|
time: 15.347/0.000139001  number: 2310130/14
c |       57.70|      992184|     1232215|   509087593|       75779|     4227.52|     1163268|           0|
time: 15.4566/0.000139001  number: 2326514/14
c |       58.11|      999186|     1240918|   512714545|       76333|     4228.30|     1171466|           0|
time: 15.5663/0.000139001  number: 2342898/14
c |       58.53|     1006193|     1249610|   516327270|       76892|     4228.94|     1179652|           0|
time: 15.6758/0.000139001  number: 2359282/14
c |       58.94|     1013202|     1258308|   519948238|       77448|     4229.71|     1187845|           0|
time: 15.7853/0.000139001  number: 2375666/14
c |       59.37|     1020194|     1267006|   523566943|       78002|     4230.49|     1196037|           0|
time: 15.8944/0.000139001  number: 2392050/14
c |       59.78|     1027228|     1275703|   527186928|       78560|     4231.27|     1204228|           0|
time: 16.0036/0.000139001  number: 2408434/14
c |       60.20|     1034218|     1284401|   530834447|       79118|     4231.91|     1212421|           0|
time: 16.1128/0.000139001  number: 2424818/14
c |       60.62|     1041210|     1293102|   534496110|       79671|     4232.68|     1220616|           0|
time: 16.222/0.000139001  number: 2441202/14
c |       61.04|     1048247|     1301799|   538157284|       80229|     4233.46|     1228807|           0|
time: 16.3313/0.000139001  number: 2457586/14
c |       61.45|     1055219|     1310494|   541812318|       80786|     4234.23|     1236996|           0|
time: 16.4408/0.000139001  number: 2473970/14
c |       61.87|     1062241|     1319192|   545473689|       81340|     4234.88|     1245189|           0|
time: 16.5499/0.000139001  number: 2490354/14
c |       62.29|     1069263|     1327890|   549132460|       81898|     4235.65|     1253381|           0|
time: 16.6598/0.000139001  number: 2506738/14
c |       62.72|     1076223|     1336588|   552792080|       82452|     4236.43|     1261573|           0|
time: 16.772/0.000139001  number: 2523122/14
c |       63.14|     1083255|     1345284|   556443542|       83008|     4237.20|     1269765|           0|
time: 16.8825/0.000139001  number: 2539506/14
c |       63.56|     1090286|     1353976|   560089033|       83558|     4237.85|     1277957|           0|
time: 16.992/0.000139001  number: 2555890/14
c |       63.98|     1097299|     1362670|   563732475|       84108|     4238.62|     1286152|           0|
time: 17.1031/0.000139001  number: 2572274/14
c |       64.39|     1104305|     1371360|   567376408|       84656|     4239.39|     1294342|           0|
time: 17.2126/0.000139001  number: 2588658/14
c |       64.82|     1111350|     1380050|   571017827|       85206|     4240.17|     1302533|           0|
time: 17.3219/0.000139001  number: 2605042/14
c |       65.24|     1118356|     1388741|   574659184|       85756|     4240.81|     1310724|           0|
time: 17.4299/0.000139001  number: 2621426/14
c |       65.66|     1125402|     1397432|   578300834|       86306|     4241.59|     1318916|           0|
time: 17.5404/0.000139001  number: 2637810/14
c |       66.07|     1132374|     1406122|   581940335|       86852|     4242.36|     1327106|           0|
time: 17.6492/0.000139001  number: 2654194/14
c |       66.49|     1139412|     1414816|   585584369|       87404|     4243.13|     1335301|           0|
time: 17.7584/0.000139001  number: 2670578/14
c |       66.90|     1146429|     1423509|   589229457|       87952|     4243.78|     1343494|           0|
time: 17.867/0.000139001  number: 2686962/14
c |       67.32|     1153463|     1432199|   592868852|       88504|     4244.55|     1351685|           0|
time: 17.9759/0.000139001  number: 2703346/14
c |       67.74|     1160464|     1440890|   596512341|       89052|     4245.32|     1359876|           0|
time: 18.0857/0.000139001  number: 2719730/14
c |       68.16|     1167480|     1449582|   600158989|       89604|     4246.10|     1368066|           0|
time: 18.1954/0.000139001  number: 2736114/14
c |       68.56|     1173840|     1458273|   603698402|       90156|     4246.87|     1376262|           0|
time: 18.3008/0.00251937  number: 2752257/255
c |       68.97|     1177443|     1467041|   607368129|       91185|     4247.64|     1384459|           0|
time: 18.4147/0.00846267  number: 2768103/793
c |       69.38|     1181760|     1475760|   610844259|       91852|     4248.42|     1392646|           0|
time: 18.5312/0.00966049  number: 2784369/911
c |       69.77|     1185892|     1484464|   614113793|       92372|     4249.06|     1400838|           0|
time: 18.6425/0.0115449  number: 2800564/1100
c |       70.18|     1189559|     1493251|   617666126|       93053|     4249.84|     1409031|           0|
time: 18.7606/0.0142534  number: 2816695/1353
c |       70.58|     1194710|     1501947|   621013053|       93555|     4250.61|     1417226|           0|
time: 18.8754/0.0142534  number: 2833079/1353
c |       70.96|     1199755|     1510637|   624180628|       94055|     4251.38|     1425415|           0|
time: 18.9873/0.0149248  number: 2849401/1415
c |       71.35|     1204987|     1519319|   627403826|       94547|     4252.16|     1433604|           0|
time: 19.1006/0.0151384  number: 2865765/1435
c |       71.74|     1210213|     1528002|   630564664|       95045|     4252.80|     1441799|           0|
time: 19.2125/0.0155656  number: 2882111/1473
c |       72.11|     1215507|     1536622|   633496629|       95473|     4253.58|     1449989|           0|
time: 19.3301/0.015619  number: 2898491/1477
c |       72.49|     1220964|     1545288|   636606215|       95944|     4254.35|     1458185|           0|
time: 19.4402/0.0158098  number: 2914860/1492
c |       72.86|     1226303|     1553922|   639581871|       96392|     4255.12|     1466371|           0|
time: 19.5481/0.0158632  number: 2931238/1498
c |       73.27|     1231638|     1562625|   642930278|       96901|     4255.77|     1474564|           0|
time: 19.6631/0.0158632  number: 2947622/1498
c |       73.64|     1237096|     1571281|   645981029|       97361|     4256.54|     1482762|           0|
time: 19.772/0.0160387  number: 2963991/1513
c |       73.99|     1242521|     1579874|   648734697|       97762|     4257.32|     1490953|           0|
time: 19.8766/0.0161302  number: 2980366/1522
c |       74.38|     1247805|     1588550|   651954277|       98251|     4258.09|     1499142|           0|
time: 19.9888/0.0163133  number: 2996731/1541
c |       74.78|     1253430|     1597258|   655345752|       98766|     4258.73|     1507333|           0|
time: 20.1035/0.0164506  number: 3013101/1555
c |       75.18|     1259114|     1605945|   658618317|       99260|     4259.51|     1515526|           0|
time: 20.2174/0.0164506  number: 3029485/1555
c |       75.56|     1264450|     1614581|   661622814|       99706|     4260.28|     1523717|           0|
time: 20.3275/0.0164506  number: 3045869/1555
c |       75.93|     1270048|     1623209|   664579627|      100142|     4261.05|     1531909|           0|
time: 20.4358/0.0164506  number: 3062253/1555
c |       76.30|     1275686|     1631834|   667548124|      100572|     4261.70|     1540103|           0|
time: 20.5441/0.0164506  number: 3078637/1555
c |       76.68|     1281228|     1640501|   670736492|      101047|     4262.47|     1548295|           0|
time: 20.6543/0.0165269  number: 3095015/1561
c |       77.08|     1286830|     1649183|   674103695|      101540|     4263.25|     1556485|           0|
time: 20.7695/0.0165269  number: 3111399/1561
c |       77.50|     1292396|     1657888|   677588167|      102053|     4264.02|     1564678|           0|
time: 20.8858/0.0165269  number: 3127783/1561
c --------------------------------------------------------------------------------------------------------
c |        time|     #posHit|     #negHit|      memory|      #split|     mem(MB)|  #dec. Node|     #models|
c --------------------------------------------------------------------------------------------------------
c |       77.90|     1297857|     1666608|   681003499|      102580|     4264.66|     1572868|           0|
time: 21.0011/0.0165269  number: 3144167/1561
c |       78.29|     1303286|     1675336|   684293932|      103111|     4265.44|     1581067|           0|
time: 21.1128/0.0166643  number: 3160537/1575
c |       78.71|     1308451|     1684102|   687852637|      103698|     4266.21|     1589253|           0|
time: 21.2325/0.0172441  number: 3176871/1625
c |       79.12|     1313759|     1692880|   691372454|      104283|     4266.98|     1597447|           0|
time: 21.349/0.017473  number: 3193235/1645
c |       79.53|     1319228|     1701599|   694820944|      104809|     4267.76|     1605638|           0|
time: 21.4659/0.017473  number: 3209619/1645
c |       79.91|     1325066|     1710216|   697902268|      105235|     4268.53|     1613831|           0|
time: 21.5779/0.017473  number: 3226003/1645
c |       80.28|     1331152|     1718793|   700767376|      105622|     4269.18|     1622020|           0|
time: 21.6867/0.017473  number: 3242387/1645
c |       80.66|     1336913|     1727402|   703800163|      106038|     4269.95|     1630215|           0|
time: 21.7982/0.017473  number: 3258771/1645
c |       81.03|     1342801|     1735995|   706748278|      106438|     4270.72|     1638406|           0|
time: 21.9078/0.017473  number: 3275155/1645
c |       81.40|     1348656|     1744573|   709629480|      106829|     4271.50|     1646594|           0|
time: 22.017/0.017473  number: 3291539/1645
c |       81.77|     1354628|     1753186|   712648155|      107242|     4272.14|     1654794|           0|
time: 22.1281/0.017473  number: 3307923/1645
c |       82.17|     1360840|     1761858|   715888720|      107724|     4272.91|     1662982|           0|
time: 22.2418/0.017473  number: 3324307/1645
c |       82.56|     1366655|     1770530|   719097476|      108206|     4273.69|     1671174|           0|
time: 22.3562/0.017473  number: 3340691/1645
c |       82.94|     1372665|     1779169|   722135852|      108655|     4274.47|     1679364|           0|
time: 22.4676/0.017473  number: 3357075/1645
c |       83.34|     1378770|     1787841|   725385755|      109136|     4275.24|     1687555|           0|
time: 22.5815/0.017473  number: 3373459/1645
c |       83.71|     1384624|     1796463|   728355133|      109565|     4276.02|     1695749|           0|
time: 22.6923/0.017473  number: 3389843/1645
c |       84.08|     1390803|     1805079|   731306610|      109987|     4276.66|     1703943|           0|
time: 22.8026/0.017473  number: 3406227/1645
c |       84.45|     1397164|     1813698|   734280698|      110414|     4277.43|     1712134|           0|
time: 22.9129/0.017473  number: 3422611/1645
c |       84.84|     1403620|     1822364|   737420499|      110886|     4278.21|     1720328|           0|
time: 23.0248/0.017473  number: 3438995/1645
c |       85.23|     1409965|     1831035|   740680765|      111369|     4278.98|     1728517|           0|
time: 23.1393/0.017473  number: 3455379/1645
c |       85.62|     1416012|     1839688|   743832565|      111828|     4279.62|     1736710|           0|
time: 23.2525/0.017473  number: 3471763/1645
c |       86.00|     1422128|     1848327|   746908246|      112274|     4280.40|     1744902|           0|
time: 23.3638/0.017473  number: 3488147/1645
c |       86.38|     1428299|     1856980|   750025054|      112733|     4281.18|     1753095|           0|
time: 23.4763/0.017473  number: 3504531/1645
c |       86.77|     1434581|     1865635|   753130604|      113200|     4281.95|     1761284|           0|
time: 23.5893/0.017473  number: 3520915/1645
c |       87.14|     1440796|     1874266|   756160144|      113638|     4282.73|     1769477|           0|
time: 23.7003/0.017473  number: 3537299/1645
c |       87.53|     1446940|     1882899|   759245819|      114080|     4283.37|     1777668|           0|
time: 23.8123/0.017473  number: 3553683/1645
c |       87.91|     1452993|     1891529|   762302921|      114519|     4284.14|     1785861|           0|
time: 23.9234/0.017473  number: 3570067/1645
c |       88.29|     1458904|     1900175|   765436554|      114970|     4284.92|     1794056|           0|
time: 24.037/0.017473  number: 3586451/1645
c |       88.66|     1464946|     1908789|   768418391|      115392|     4285.69|     1802246|           0|
time: 24.1476/0.017473  number: 3602835/1645
c |       89.04|     1470970|     1917386|   771288909|      115799|     4286.46|     1810438|           0|
time: 24.2701/0.017473  number: 3619219/1645
c |       89.41|     1477080|     1925990|   774210608|      116212|     4287.11|     1818628|           0|
time: 24.3806/0.017473  number: 3635603/1645
c |       89.78|     1483068|     1934604|   777170484|      116631|     4287.88|     1826821|           0|
time: 24.4912/0.017473  number: 3651987/1645
c |       90.15|     1489032|     1943221|   780149743|      117059|     4288.66|     1835013|           0|
time: 24.6025/0.017473  number: 3668371/1645
c |       90.52|     1495131|     1951828|   783079315|      117472|     4289.43|     1843205|           0|
time: 24.7109/0.017473  number: 3684755/1645
c |       90.87|     1501361|     1960413|   785886730|      117865|     4290.20|     1851396|           0|
time: 24.8177/0.017473  number: 3701139/1645
c |       91.24|     1507620|     1969015|   788792239|      118278|     4290.85|     1859587|           0|
time: 24.9263/0.017473  number: 3717523/1645
c |       91.59|     1513854|     1977607|   791621805|      118674|     4291.62|     1867783|           0|
time: 25.0328/0.017473  number: 3733907/1645
c |       91.95|     1520112|     1986193|   794450335|      119072|     4292.39|     1875971|           0|
time: 25.1399/0.017473  number: 3750291/1645
c |       92.30|     1526449|     1994777|   797230117|      119462|     4293.17|     1884165|           0|
time: 25.2469/0.017473  number: 3766675/1645
c |       92.68|     1532561|     2003418|   800273787|      120090|     4289.77|     1892356|           0|
time: 25.3568/0.0192659  number: 3782953/1751
c |       93.06|     1538580|     2012067|   803358101|      120652|     4290.54|     1900550|           0|
time: 25.467/0.0193498  number: 3799326/1762
c |       93.44|     1544799|     2020721|   806467220|      121136|     4291.31|     1908743|           0|
time: 25.5771/0.0197313  number: 3815668/1804
c |       93.82|     1550985|     2029374|   809586337|      121602|     4292.09|     1916932|           0|
time: 25.6879/0.0197313  number: 3832052/1804
c |       94.20|     1556372|     2038039|   812710551|      122072|     4292.73|     1925126|           0|
time: 25.7978/0.0200288  number: 3848402/1838
c |       94.60|     1562772|     2046697|   815880916|      122543|     4293.50|     1933315|           0|
time: 25.9093/0.0200288  number: 3864786/1838
c |       94.99|     1569020|     2055371|   819119169|      123024|     4294.28|     1941507|           0|
time: 26.0231/0.0200288  number: 3881170/1838
c |       95.37|     1575167|     2064025|   822254113|      123486|     4295.05|     1949699|           0|
time: 26.1338/0.0201814  number: 3897538/1854
c |       95.75|     1581169|     2072668|   825368831|      123934|     4295.82|     1957894|           0|
time: 26.2452/0.0203111  number: 3913909/1867
c |       96.15|     1587093|     2081323|   828688744|      124392|     4296.60|     1966091|           0|
time: 26.3592/0.0203111  number: 3930293/1867
c |       96.55|     1593059|     2090011|   832029182|      124891|     4297.24|     1974281|           0|
time: 26.473/0.0203111  number: 3946677/1867
c |       96.94|     1599426|     2098655|   835236859|      125343|     4298.02|     1982470|           0|
time: 26.5866/0.0203111  number: 3963061/1867
c |       97.34|     1605775|     2107327|   838547801|      125824|     4298.79|     1990662|           0|
time: 26.7006/0.0203111  number: 3979445/1867
c |       97.73|     1611661|     2115976|   841757303|      126282|     4299.56|     1998853|           0|
time: 26.8124/0.0203111  number: 3995829/1867
c |       98.12|     1617757|     2124638|   845041916|      126755|     4300.34|     2007044|           0|
time: 26.9245/0.0203111  number: 4012213/1867
c |       98.50|     1623881|     2133289|   848258109|      127212|     4301.11|     2015237|           0|
time: 27.0358/0.0203111  number: 4028597/1867
c |       98.91|     1629920|     2141955|   851479316|      127682|     4301.75|     2023433|           0|
time: 27.1474/0.0203416  number: 4044977/1871
c |       99.29|     1636142|     2150581|   854683778|      128119|     4302.53|     2031622|           0|
time: 27.2571/0.0203416  number: 4061361/1871
c |       99.67|     1642579|     2159210|   857891750|      128559|     4303.30|     2039812|           0|
time: 27.3676/0.0203416  number: 4077745/1871
c |      100.07|     1648887|     2167856|   861169860|      129008|     4304.07|     2048007|           0|
time: 27.4818/0.0203416  number: 4094129/1871
c |      100.46|     1655206|     2176508|   864513284|      129470|     4304.85|     2056197|           0|
time: 27.5946/0.0203416  number: 4110513/1871
c |      100.87|     1661522|     2185185|   867989620|      129956|     4305.62|     2064389|           0|
time: 27.7087/0.0203416  number: 4126897/1871
c |      101.27|     1667896|     2193860|   871435071|      130434|     4306.39|     2072585|           0|
time: 27.8228/0.0203416  number: 4143281/1871
c |      101.67|     1673992|     2202555|   874810506|      130943|     4307.04|     2080773|           0|
time: 27.9357/0.0203416  number: 4159665/1871
c |      102.06|     1679999|     2211242|   878085636|      131438|     4307.81|     2088963|           0|
time: 28.0456/0.0203722  number: 4176047/1873
c --------------------------------------------------------------------------------------------------------
c |        time|     #posHit|     #negHit|      memory|      #split|     mem(MB)|  #dec. Node|     #models|
c --------------------------------------------------------------------------------------------------------
c |      102.45|     1686192|     2219945|   881426568|      131945|     4308.59|     2097161|           0|
time: 28.1571/0.0203722  number: 4192431/1873
c |      102.85|     1692289|     2228632|   884716602|      132443|     4309.36|     2105349|           0|
time: 28.2729/0.0203722  number: 4208815/1873
c |      103.23|     1698470|     2237310|   887942020|      132929|     4310.13|     2113542|           0|
time: 28.3827/0.0203722  number: 4225199/1873
c |      103.62|     1704554|     2246009|   891295666|      133436|     4310.91|     2121731|           0|
time: 28.4948/0.0203722  number: 4241583/1873
c |      104.01|     1710542|     2254697|   894570566|      133931|     4311.55|     2129925|           0|
time: 28.6076/0.0203722  number: 4257967/1873
c |      104.39|     1716635|     2263379|   897822596|      134423|     4312.32|     2138116|           0|
time: 28.7183/0.0203722  number: 4274351/1873
c |      104.79|     1722655|     2272081|   901171536|      134930|     4313.10|     2146310|           0|
time: 28.8308/0.0203722  number: 4290735/1873
c |      105.18|     1728704|     2280735|   904429873|      135393|     4313.87|     2154502|           0|
time: 28.9448/0.0203722  number: 4307119/1873
c |      105.57|     1734702|     2289381|   907703682|      135842|     4314.64|     2162698|           0|
time: 29.0576/0.0203722  number: 4323503/1873
c |      105.97|     1740882|     2298041|   911110199|      136316|     4315.42|     2170885|           0|
time: 29.1722/0.0203722  number: 4339887/1873
c |      106.35|     1747021|     2306658|   914247706|      136742|     4316.19|     2179076|           0|
time: 29.283/0.0203722  number: 4356271/1873
c |      106.75|     1753144|     2315274|   917375808|      137167|     4316.96|     2187268|           0|
time: 29.3939/0.0203722  number: 4372655/1873
c |      107.13|     1759209|     2323897|   920543222|      137596|     4317.61|     2195460|           0|
time: 29.5054/0.0203722  number: 4389039/1873
c |      107.52|     1765575|     2332530|   923762333|      138036|     4318.38|     2203653|           0|
time: 29.6169/0.0203722  number: 4405423/1873
c |      107.91|     1772007|     2341170|   927032366|      138484|     4319.16|     2211844|           0|
time: 29.7288/0.0203722  number: 4421807/1873
c |      108.29|     1778480|     2349801|   930234500|      138922|     4319.93|     2220038|           0|
time: 29.8394/0.0203722  number: 4438191/1873
c |      108.69|     1784858|     2358469|   933649349|      139396|     4320.70|     2228233|           0|
time: 29.953/0.0203722  number: 4454575/1873
c |      109.09|     1791233|     2367129|   937049001|      139867|     4321.48|     2236421|           0|
time: 30.0664/0.0203722  number: 4470959/1873
c |      109.49|     1797513|     2375785|   940372413|      140328|     4323.23|     2244616|           0|
time: 30.1792/0.0203722  number: 4487343/1873
c |      109.88|     1803483|     2384450|   943706102|      140806|     4324.00|     2252804|           0|
time: 30.2928/0.0203722  number: 4503727/1873
c |      110.28|     1809491|     2393127|   947076774|      141288|     4324.78|     2260998|           0|
time: 30.4073/0.0203722  number: 4520111/1873
c |      110.67|     1815613|     2401785|   950350443|      141756|     4325.42|     2269189|           0|
time: 30.521/0.0203722  number: 4536495/1873
c |      111.06|     1821675|     2410429|   953551650|      142210|     4326.20|     2277379|           0|
time: 30.6323/0.0203722  number: 4552879/1873
c |      111.45|     1827881|     2419107|   956911056|      142690|     4326.97|     2285576|           0|
time: 30.7436/0.0203722  number: 4569263/1873
c |      111.85|     1834060|     2427791|   960349640|      143187|     4327.74|     2293764|           0|
time: 30.8578/0.0203722  number: 4585647/1873
c |      112.25|     1840245|     2436473|   963749608|      143676|     4328.52|     2301956|           0|
time: 30.9708/0.0203722  number: 4602031/1873
c |      112.64|     1846344|     2445149|   967122998|      144159|     4329.29|     2310149|           0|
time: 31.084/0.0203722  number: 4618415/1873
c |      113.02|     1852537|     2453792|   970288340|      144607|     4330.06|     2318346|           0|
time: 31.194/0.0203722  number: 4634799/1873
c |      113.41|     1858687|     2462433|   973499162|      145060|     4330.71|     2326531|           0|
time: 31.3095/0.0203722  number: 4651183/1873
c |      113.79|     1864931|     2471079|   976695782|      145512|     4331.48|     2334726|           0|
time: 31.4206/0.0203722  number: 4667567/1873
c |      114.17|     1871128|     2479718|   979865661|      145960|     4332.25|     2342917|           0|
time: 31.5318/0.0203722  number: 4683951/1873
c |      114.56|     1877377|     2488340|   982940537|      146390|     4333.03|     2351108|           0|
time: 31.6416/0.0203722  number: 4700335/1873
c |      114.94|     1883603|     2496978|   986096401|      146838|     4333.80|     2359300|           0|
time: 31.753/0.0203722  number: 4716719/1873
c |      115.33|     1889742|     2505638|   989382563|      147306|     4334.57|     2367492|           0|
time: 31.8656/0.0203722  number: 4733103/1873
c |      115.72|     1895898|     2514303|   992694565|      147780|     4335.35|     2375683|           0|
time: 31.9785/0.0203722  number: 4749487/1873
c |      116.11|     1901973|     2522967|   996007349|      148252|     4336.12|     2383874|           0|
time: 32.0917/0.0203722  number: 4765871/1873
c |      116.50|     1908122|     2531626|   999268659|      148714|     4336.77|     2392072|           0|
time: 32.2044/0.0203722  number: 4782255/1873
c |      116.91|     1914179|     2540300|  1002649919|      149197|     4337.54|     2400262|           0|
time: 32.3201/0.0203722  number: 4798639/1873
c |      117.30|     1920350|     2548960|  1005947506|      149668|     4338.31|     2408451|           0|
time: 32.4333/0.0203722  number: 4815023/1873
c |      117.69|     1926491|     2557623|  1009255410|      150140|     4339.09|     2416643|           0|
time: 32.5464/0.0203722  number: 4831407/1873
c |      118.07|     1932725|     2566267|  1012450471|      150591|     4339.86|     2424837|           0|
time: 32.6581/0.0203722  number: 4847791/1873
c |      118.45|     1938898|     2574907|  1015631606|      151039|     4340.63|     2433029|           0|
time: 32.7686/0.0203722  number: 4864175/1873
c |      118.83|     1945162|     2583552|  1018843192|      151492|     4341.41|     2441219|           0|
time: 32.8798/0.0203722  number: 4880559/1873
c |      119.22|     1951373|     2592217|  1022144239|      151961|     4342.18|     2449415|           0|
time: 32.9942/0.0203722  number: 4896943/1873
c |      119.61|     1957508|     2600864|  1025389075|      152422|     4342.83|     2457602|           0|
time: 33.1067/0.0203722  number: 4913327/1873
c |      120.00|     1963701|     2609538|  1028742772|      152900|     4343.60|     2465797|           0|
time: 33.2204/0.0203722  number: 4929711/1873
c |      120.41|     1969804|     2618231|  1032223896|      153404|     4344.38|     2473987|           0|
time: 33.3354/0.0203722  number: 4946095/1873
c |      120.82|     1976029|     2626918|  1035667151|      153898|     4345.15|     2482179|           0|
time: 33.4536/0.0203722  number: 4962479/1873
c |      121.22|     1982245|     2635607|  1039114983|      154396|     4345.92|     2490371|           0|
time: 33.5684/0.0203722  number: 4978863/1873
c |      121.61|     1988364|     2644270|  1042422253|      154867|     4346.70|     2498564|           0|
time: 33.6818/0.0203722  number: 4995247/1873
c |      122.02|     1994465|     2652947|  1045801193|      155350|     4347.47|     2506757|           0|
time: 33.7964/0.0203722  number: 5011631/1873
c |      122.42|     2000583|     2661613|  1049136459|      155827|     4348.24|     2514947|           0|
time: 33.9098/0.0203722  number: 5028015/1873
c |      122.82|     2006664|     2670295|  1052550361|      156316|     4349.02|     2523138|           0|
time: 34.0255/0.0203722  number: 5044399/1873
c --------------------------------------------------------------------------------------------------------
c
c [1m[31mStatistics [0m
c [33mCompilation Information[0m
c Number of recursive call: 5055989
c Number of split formula: 156614
c Number of decision: 2527994
c Number of models used: 0
c
c [1m[34mCache Information[0m
c Number of positive hit: 2010105
c Number of negative hit: 2675450
c
c Final time: 123.05
c
time: 34.094/0.0203722  number: 5054116/1873
s SATISFIABLE
c s type mc
c s log10-estimate 18.32536396101962479353257318586401010470995457493
c s exact arb int 2115260994291761152
c [COUNTER] Elapsed time: 123.1549007969999962597285048104822635650634765625 seconds
