c [D4] Competition version
c [INITIAL INPUT] [4m[32mStatistics about the input formula[0m
c [INITIAL INPUT] Number of variables: 432
c [INITIAL INPUT] Number of clauses: 1377
c [INITIAL INPUT] Number of unit clauses: 11
c [INITIAL INPUT] Number of binary clauses: 127
c [INITIAL INPUT] Number of ternary clauses: 861
c [INITIAL INPUT] Number of clauses larger than 3: 378
c [INITIAL INPUT] Number of literals: 4447
c
c [D4] Run the projected model counter
c [PREPROC MANAGER] Option PreprocManager: preproc(basic) input type(dimacs cnf)
c [MAIN PREPROCESSED INPUT] [4m[32mStatistics about the preprocessed formula[0m
c [PREPROCESSED INPUT] Number of variables: 432
c [PREPROCESSED INPUT] Number of clauses: 1377
c [PREPROCESSED INPUT] Number of unit clauses: 11
c [PREPROCESSED INPUT] Number of binary clauses: 127
c [PREPROCESSED INPUT] Number of ternary clauses: 861
c [PREPROCESSED INPUT] Number of clauses larger than 3: 378
c [PREPROCESSED INPUT] Number of literals: 4447
c
c
c [PROJECTED VARIABLES] list: 5 6 7 8 9 10 11 12 13 14 15 16 17 18 19 20 124 125 126 127 128 129 130 131 132 133 134 135 136 137 138 139 227 228 229 230 231 232 233 234 235 236 237 238 239 240 241 242 330 331 332 333 334 335 336 337 338 339 340 341 342 343 344 345 432 
c
c [DPLL STYLE METHOD] Option DPLL-style Method: exploit-model(1) 
c [WRAPPER SOLVER] Option Solver: solver name(glucose cnf)
c [GLUCOSE SOLVER] Init phase
c [SPEC MANAGER] Option Formula Manager: update mode(dynamicBlockedSimp)
c [SPEC MANAGER] DYN with blocked clause elimination
c [SPEC MANAGER] Number of clauses removed at the beginning: 181
c [MODE] Projected we can only use the classical heuristic
c [BRANCHING HEURISTIC] Option Branching Heuristic: scoring method(vsads) phase heuristic(polarity) reverse phase (0) freq-decay (2048) branching heuristic (classic)
c [CACHE CLEANING MANAGER]  Option CacheCleaningManager: cleaning strategy(none) 
c [BUCKET MANAGER]  Option BucketManager: storage(not-touched)  representation(clause)  size_first_page(4294967296) size_additional_page(536870912)
c [CACHE LIST CONSTRUCTOR]
c [OPERATION MANAGER] Operator option: operator type(counting)
c
c [DPLL STYLE METHOD] Exploitation models: 1
c Warm start process (11): 25/29
c --------------------------------------------------------------------------------------------------------
c |        time|     #posHit|     #negHit|      memory|      #split|     mem(MB)|  #dec. Node|     #models|
c --------------------------------------------------------------------------------------------------------
c |        0.34|        5413|        8506|     2760977|         617|     4128.80|        8205|           0|
time: 0.100596/0.000938013  number: 16272/112
c |        0.70|       10715|       17036|     5702351|        1302|     4129.58|       16389|           0|
time: 0.204232/0.001085  number: 32643/125
c |        1.07|       16187|       25587|     8673590|        1898|     4130.21|       24583|           0|
time: 0.308166/0.001085  number: 49027/125
c |        1.43|       21359|       34151|    11673645|        2512|     4130.86|       32775|           0|
time: 0.412314/0.00117584  number: 65403/133
c |        1.80|       25671|       42725|    14704613|        3148|     4131.49|       40969|           0|
time: 0.518336/0.00160332  number: 81738/182
c |        2.16|       31176|       51258|    17522132|        3781|     4132.15|       49162|           0|
time: 0.623586/0.00173242  number: 98109/195
c |        2.54|       36628|       59813|    20527648|        4508|     4132.79|       57351|           0|
time: 0.732097/0.00201257  number: 114461/227
c |        2.93|       42777|       68392|    23748657|        5799|     4133.56|       65540|           0|
time: 0.845366/0.002369  number: 130801/271
c |        3.30|       48053|       76942|    26669201|        6402|     4134.20|       73734|           0|
time: 0.951973/0.00256903  number: 147156/300
c |        3.67|       53451|       85490|    29630845|        6995|     4134.84|       81930|           0|
time: 1.0593/0.00273211  number: 163520/320
c |        4.05|       58588|       94033|    32604591|        7604|     4135.47|       90119|           0|
time: 1.16773/0.00288852  number: 179890/334
c |        4.41|       63091|      102567|    35463009|        8286|     4136.24|       98311|           0|
time: 1.27435/0.00306113  number: 196258/350
c |        4.79|       67637|      111113|    38410541|        8901|     4136.87|      106502|           0|
time: 1.3821/0.00319131  number: 212629/363
c |        5.16|       72337|      119659|    41349855|        9551|     4137.51|      114694|           0|
time: 1.49051/0.00334056  number: 228994/382
c |        5.53|       76320|      128216|    44332041|       10175|     4138.15|      122887|           0|
time: 1.59775/0.00354321  number: 245357/403
c |        5.89|       81234|      136750|    47193047|       10819|     4138.79|      131082|           0|
time: 1.70336/0.00380023  number: 261710/434
c |        6.26|       86678|      145299|    50153023|       11414|     4139.44|      139270|           0|
time: 1.80994/0.00402816  number: 278063/465
c |        6.64|       92618|      153842|    53125366|       12020|     4140.08|      147461|           0|
time: 1.91774/0.00421412  number: 294428/484
c |        7.00|       98002|      162382|    56019938|       12652|     4140.86|      155654|           0|
time: 2.02327/0.00437196  number: 310797/499
c |        7.38|      103932|      170941|    59056189|       13269|     4141.49|      163846|           0|
time: 2.13108/0.00455649  number: 327164/516
c |        7.74|      110087|      179479|    61972763|       13895|     4142.13|      172039|           0|
time: 2.23782/0.00471003  number: 343534/530
c |        8.12|      115529|      188050|    65067268|       14467|     4142.77|      180228|           0|
time: 2.34567/0.00491793  number: 359896/552
c |        8.49|      121403|      196593|    67987277|       15089|     4143.41|      188424|           0|
time: 2.45287/0.00509436  number: 376262/570
c |        8.86|      127417|      205153|    71040194|       15685|     4144.17|      196615|           0|
time: 2.5613/0.0052336  number: 392627/589
c |        9.24|      133810|      213707|    74051353|       16313|     4144.81|      204805|           0|
time: 2.67059/0.0054539  number: 408983/617
c |        9.61|      139621|      222254|    76995990|       16941|     4145.45|      212998|           0|
time: 2.77722/0.00570948  number: 425334/650
c |        9.98|      145543|      230798|    79952023|       17557|     4146.21|      221191|           0|
time: 2.88503/0.00588115  number: 441696/672
c |       10.36|      151846|      239356|    82996530|       18184|     4146.86|      229385|           0|
time: 2.99409/0.00608046  number: 458058/694
c |       10.73|      158115|      247908|    86019726|       18817|     4147.49|      237572|           0|
time: 3.10214/0.00627406  number: 474422/714
c |       11.10|      164223|      256466|    89030464|       19437|     4148.13|      245767|           0|
time: 3.20994/0.00653537  number: 490776/744
c |       11.48|      170417|      265015|    92023597|       20069|     4148.77|      253958|           0|
time: 3.31796/0.00672801  number: 507138/766
c |       11.86|      176660|      273579|    95102893|       20685|     4149.42|      262151|           0|
time: 3.42719/0.00688727  number: 523506/782
c |       12.23|      182690|      282132|    98118176|       21295|     4150.19|      270342|           0|
time: 3.5365/0.00700267  number: 539878/794
c |       12.61|      188510|      290685|   101096948|       21915|     4150.84|      278539|           0|
time: 3.64518/0.00710566  number: 556252/804
c |       12.98|      194639|      299235|   104120962|       22557|     4151.48|      286726|           0|
time: 3.75394/0.00723536  number: 572624/816
c |       13.37|      201359|      307801|   107229478|       23181|     4152.12|      294918|           0|
time: 3.86428/0.00736316  number: 588995/829
c |       13.74|      207843|      316358|   110301929|       23828|     4152.76|      303110|           0|
time: 3.97404/0.00750144  number: 605366/842
c |       14.12|      214647|      324908|   113348824|       24433|     4153.53|      311301|           0|
time: 4.0833/0.00759585  number: 621740/852
c |       14.49|      220756|      333454|   116348059|       25053|     4154.16|      319493|           0|
time: 4.19194/0.00781901  number: 638095/881
c |       14.87|      227247|      342010|   119400076|       25655|     4154.80|      327686|           0|
time: 4.30103/0.00799926  number: 654461/899
c |       15.24|      232887|      350553|   122380018|       26278|     4155.45|      335877|           0|
time: 4.40884/0.00814994  number: 670829/915
c |       15.61|      238514|      359095|   125337900|       26884|     4156.09|      344069|           0|
time: 4.51675/0.00825389  number: 687202/926
c |       15.97|      244012|      367640|   128300361|       27497|     4156.86|      352260|           0|
time: 4.62434/0.00838263  number: 703573/939
c |       16.35|      250198|      376204|   131377871|       28084|     4157.50|      360455|           0|
time: 4.73379/0.00853808  number: 719942/954
c |       16.72|      256261|      384736|   134289019|       28713|     4158.14|      368644|           0|
time: 4.84161/0.00865252  number: 736314/966
c |       17.08|      262089|      393272|   137181632|       29321|     4158.91|      376840|           0|
time: 4.94877/0.00878222  number: 752685/979
c |       17.45|      268139|      401820|   140182236|       29921|     4159.55|      385028|           0|
time: 5.05744/0.00891574  number: 769057/991
c |       17.81|      273724|      410360|   143113804|       30511|     4160.33|      393220|           0|
time: 5.16508/0.0090874  number: 785424/1008
c |       18.18|      278919|      418903|   146041492|       31126|     4160.97|      401414|           0|
time: 5.27318/0.00921138  number: 801795/1021
c |       18.55|      284485|      427443|   148973725|       31729|     4161.62|      409605|           0|
time: 5.3809/0.00935061  number: 818165/1035
c |       18.92|      290680|      435993|   151960814|       32338|     4162.26|      417800|           0|
time: 5.49089/0.00949939  number: 834534/1050
c |       19.29|      296842|      444542|   154971507|       32947|     4162.91|      425991|           0|
time: 5.60042/0.00961001  number: 850906/1062
c |       19.67|      303268|      453086|   157943590|       33556|     4163.55|      434182|           0|
time: 5.70963/0.00969966  number: 867280/1072
c |       20.05|      309635|      461637|   160965812|       34182|     4164.32|      442375|           0|
time: 5.82074/0.00982364  number: 883652/1084
c |       20.43|      316220|      470194|   164040100|       34789|     4164.97|      450564|           0|
time: 5.93223/0.00998767  number: 900021/1099
c |       20.80|      322227|      478737|   166980745|       35421|     4165.61|      458759|           0|
time: 6.04198/0.0100811  number: 916395/1109
c |       21.18|      328449|      487283|   169978600|       36007|     4166.26|      466949|           0|
time: 6.15252/0.0102165  number: 932766/1122
c |       21.55|      334034|      495822|   172911427|       36630|     4166.90|      475139|           0|
time: 6.26201/0.0103329  number: 949139/1133
c |       21.93|      340569|      504374|   175922704|       37240|     4167.68|      483334|           0|
time: 6.37287/0.0104492  number: 965512/1144
c |       22.30|      346598|      512917|   178894317|       37852|     4168.32|      491523|           0|
time: 6.48312/0.0105656  number: 981884/1156
c |       22.68|      352913|      521466|   181891276|       38464|     4168.96|      499717|           0|
time: 6.59375/0.0106648  number: 998258/1166
c |       23.05|      359167|      530017|   184910035|       39090|     4169.61|      507908|           0|
time: 6.70369/0.0107926  number: 1014630/1178
c |       23.44|      365373|      538576|   187954874|       39696|     4170.38|      516104|           0|
time: 6.81808/0.0109185  number: 1031001/1191
c --------------------------------------------------------------------------------------------------------
c |        time|     #posHit|     #negHit|      memory|      #split|     mem(MB)|  #dec. Node|     #models|
c --------------------------------------------------------------------------------------------------------
c |       23.81|      371144|      547121|   190925066|       40315|     4171.03|      524294|           0|
time: 6.92589/0.0110195  number: 1047375/1201
c |       24.18|      377261|      555668|   193915423|       40946|     4171.67|      532487|           0|
time: 7.03447/0.0111016  number: 1063750/1210
c |       24.56|      383702|      564225|   196965908|       41568|     4172.32|      540680|           0|
time: 7.14392/0.0112637  number: 1080118/1226
c |       24.94|      390153|      572788|   200067732|       42189|     4173.09|      548870|           0|
time: 7.2537/0.011464  number: 1096478/1250
c |       25.31|      396670|      581338|   203071568|       42836|     4173.74|      557064|           0|
time: 7.36331/0.0116051  number: 1112847/1265
c |       25.68|      402652|      589892|   206111920|       43444|     4174.38|      565252|           0|
time: 7.47198/0.011752  number: 1129216/1280
c |       26.06|      409049|      598454|   209178647|       44059|     4175.03|      573446|           0|
time: 7.58331/0.011874  number: 1145587/1293
c |       26.43|      414774|      607001|   212125961|       44697|     4175.67|      581642|           0|
time: 7.69247/0.0120133  number: 1161957/1307
c |       26.80|      420631|      615543|   215094910|       45286|     4176.45|      589829|           0|
time: 7.80151/0.0121258  number: 1178330/1318
c |       27.17|      425989|      624093|   218056933|       45910|     4177.09|      598023|           0|
time: 7.91062/0.0122765  number: 1194698/1334
c |       27.55|      432117|      632648|   221079277|       46512|     4177.73|      606215|           0|
time: 8.02001/0.0124577  number: 1211065/1351
c |       27.92|      437975|      641185|   224014436|       47138|     4178.38|      614402|           0|
time: 8.12921/0.0126217  number: 1227435/1365
c |       28.30|      444372|      649743|   227046662|       47748|     4179.15|      622599|           0|
time: 8.23901/0.012843  number: 1243801/1383
c |       28.67|      451134|      658303|   230128364|       48375|     4179.80|      630791|           0|
time: 8.34884/0.0129784  number: 1260171/1397
c |       29.05|      457331|      666859|   233183946|       49040|     4180.44|      638981|           0|
time: 8.45817/0.013131  number: 1276539/1413
c |       29.43|      463157|      675411|   236181983|       49693|     4181.21|      647176|           0|
time: 8.56756/0.013255  number: 1292911/1425
c |       29.81|      469602|      683979|   239309762|       50315|     4181.86|      655368|           0|
time: 8.67942/0.0133751  number: 1309283/1437
c |       30.19|      476143|      692542|   242415506|       50940|     4182.50|      663558|           0|
time: 8.79025/0.0134896  number: 1325656/1448
c |       30.57|      483252|      701107|   245524755|       51578|     4183.15|      671751|           0|
time: 8.90239/0.0136231  number: 1342025/1463
c |       30.95|      489701|      709665|   248594861|       52182|     4183.92|      679943|           0|
time: 9.0126/0.01381  number: 1358388/1484
c |       31.33|      496287|      718222|   251660602|       52800|     4184.57|      688133|           0|
time: 9.12418/0.0139149  number: 1374761/1495
c |       31.72|      502670|      726777|   254693659|       53448|     4185.21|      696328|           0|
time: 9.23499/0.0140713  number: 1391128/1512
c |       32.09|      508703|      735338|   257764011|       54066|     4185.98|      704522|           0|
time: 9.34534/0.0142201  number: 1407496/1528
c |       32.47|      514241|      743896|   260819454|       54678|     4186.63|      712710|           0|
time: 9.45592/0.0143841  number: 1423863/1545
c |       32.85|      520355|      752446|   263838513|       55276|     4187.27|      720901|           0|
time: 9.56627/0.0145176  number: 1440232/1560
c |       33.22|      526447|      760996|   266836544|       55944|     4188.05|      729095|           0|
time: 9.67609/0.0146664  number: 1456599/1577
c |       33.60|      532569|      769552|   269887704|       56582|     4188.69|      737286|           0|
time: 9.78633/0.0148342  number: 1472966/1594
c |       33.97|      538319|      778088|   272789800|       57224|     4189.46|      745478|           0|
time: 9.89565/0.0150555  number: 1489321/1623
c |       34.35|      544466|      786638|   275795278|       57831|     4190.36|      753669|           0|
time: 10.007/0.0152005  number: 1505688/1640
c |       34.73|      550396|      795191|   278801488|       58430|     4191.00|      761860|           0|
time: 10.1183/0.0153302  number: 1522057/1655
c |       35.11|      556062|      803756|   281876507|       59014|     4191.78|      770054|           0|
time: 10.2288/0.0154827  number: 1538424/1672
c |       35.49|      562212|      812308|   284878800|       59640|     4192.42|      778246|           0|
time: 10.3395/0.0156277  number: 1554795/1685
c |       35.88|      568693|      820869|   287961564|       60244|     4193.20|      786436|           0|
time: 10.4519/0.0157727  number: 1571163/1701
c |       36.25|      574973|      829413|   290927814|       60862|     4193.84|      794629|           0|
time: 10.563/0.0159024  number: 1587535/1713
c |       36.62|      580790|      837950|   293843192|       61552|     4194.48|      802821|           0|
time: 10.672/0.0160321  number: 1603905/1727
c |       37.02|      587445|      846509|   296923651|       62162|     4195.13|      811013|           0|
time: 10.785/0.0161961  number: 1620273/1743
c |       37.40|      594160|      855071|   300015366|       62776|     4195.90|      819205|           0|
time: 10.8965/0.0163296  number: 1636644/1756
c |       37.79|      600498|      863629|   303083252|       63404|     4196.55|      827395|           0|
time: 11.0139/0.0164517  number: 1653016/1768
c |       38.17|      606377|      872196|   306168699|       64002|     4197.32|      835588|           0|
time: 11.1246/0.0166233  number: 1669383/1785
c |       38.55|      612778|      880752|   309208564|       64607|     4197.96|      843780|           0|
time: 11.2347/0.0167454  number: 1685754/1798
c |       38.93|      619220|      889296|   312181983|       65245|     4198.74|      851974|           0|
time: 11.3481/0.0168904  number: 1702122/1814
c |       39.32|      625042|      897846|   315164235|       65898|     4199.38|      860166|           0|
time: 11.459/0.0170582  number: 1718492/1828
c |       39.69|      630775|      906382|   318062925|       66524|     4200.16|      868356|           0|
time: 11.5684/0.0171917  number: 1734863/1841
c |       40.08|      636992|      914938|   321093447|       67123|     4200.80|      876551|           0|
time: 11.681/0.0173405  number: 1751232/1856
c |       40.45|      642886|      923491|   324096626|       67720|     4197.42|      884741|           0|
time: 11.79/0.0179928  number: 1767605/1867
c |       40.84|      648743|      932049|   327136644|       68324|     4198.06|      892934|           0|
time: 11.9/0.0181568  number: 1783972/1884
c |       41.21|      654864|      940609|   330174987|       68930|     4198.84|      901128|           0|
time: 12.0093/0.0183094  number: 1800342/1898
c |       41.60|      661467|      949157|   333200315|       69560|     4199.61|      909317|           0|
time: 12.1197/0.0184468  number: 1816711/1913
c |       41.97|      667659|      957704|   336173207|       70172|     4200.25|      917510|           0|
time: 12.2278/0.018626  number: 1833073/1935
c |       42.34|      673115|      966231|   339015769|       70830|     4200.90|      925702|           0|
time: 12.3346/0.0188053  number: 1849440/1952
c |       42.72|      679348|      974776|   341988849|       71428|     4201.67|      933893|           0|
time: 12.4442/0.0189389  number: 1865808/1968
c |       43.11|      685543|      983334|   345038561|       72031|     4202.32|      942085|           0|
time: 12.5537/0.0191372  number: 1882171/1989
c |       43.49|      691305|      991886|   348040197|       72628|     4203.09|      950275|           0|
time: 12.6636/0.0192593  number: 1898543/2001
c |       43.86|      696631|     1000445|   351041785|       73221|     4203.73|      958473|           0|
time: 12.772/0.0193661  number: 1914915/2013
c |       44.23|      702547|     1008977|   353943977|       73834|     4204.51|      966660|           0|
time: 12.8795/0.0194882  number: 1931287/2025
c |       44.60|      708283|     1017517|   356879252|       74429|     4205.15|      974851|           0|
time: 12.9879/0.0196255  number: 1947657/2039
c |       44.97|      713303|     1026073|   359820063|       75069|     4206.20|      983046|           0|
time: 13.0931/0.0206364  number: 1963950/2130
c |       45.38|      716585|     1035091|   363494704|       76149|     4206.72|      991236|           0|
time: 13.2105/0.0232609  number: 1980049/2415
c |       45.79|      720694|     1043880|   366895064|       77303|     4207.36|      999432|           0|
time: 13.3282/0.0248287  number: 1996272/2576
c |       46.18|      724900|     1052555|   370178258|       78574|     4208.14|     1007621|           0|
time: 13.4449/0.0256642  number: 2012570/2662
c |       46.59|      730092|     1061235|   373661453|       79852|     4208.91|     1015812|           0|
time: 13.565/0.0276211  number: 2028750/2866
c |       47.00|      734882|     1069934|   377127221|       81323|     4209.77|     1024005|           0|
time: 13.6854/0.0298527  number: 2044923/3077
c |       47.40|      739229|     1078658|   380573652|       82678|     4210.41|     1032197|           0|
time: 13.8043/0.031741  number: 2061113/3271
c |       47.81|      744485|     1087334|   383972269|       84015|     4211.19|     1040389|           0|
time: 13.9241/0.0332745  number: 2077346/3422
c --------------------------------------------------------------------------------------------------------
c |        time|     #posHit|     #negHit|      memory|      #split|     mem(MB)|  #dec. Node|     #models|
c --------------------------------------------------------------------------------------------------------
c |       48.21|      749648|     1095973|   387316791|       85201|     4211.96|     1048582|           0|
time: 14.044/0.0346707  number: 2093584/3568
c |       48.62|      754318|     1104665|   390756305|       86284|     4212.61|     1056773|           0|
time: 14.1648/0.0366085  number: 2109773/3763
c |       49.03|      760023|     1113364|   394294172|       87812|     4213.38|     1064966|           0|
time: 14.2872/0.0383862  number: 2125980/3940
c |       49.46|      765354|     1122082|   398022935|       89331|     4214.02|     1073155|           0|
time: 14.4136/0.0402668  number: 2142174/4130
c |       49.87|      770401|     1130843|   401598398|       90813|     4214.80|     1081349|           0|
time: 14.534/0.0422238  number: 2158359/4329
c |       50.29|      776302|     1139508|   405160118|       92782|     4215.94|     1089540|           0|
time: 14.6597/0.0446919  number: 2174532/4540
c |       50.70|      782017|     1148182|   408545855|       94347|     4216.59|     1097735|           0|
time: 14.7801/0.0462902  number: 2190758/4698
c |       51.10|      787262|     1156950|   411998604|       95617|     4217.23|     1105924|           0|
time: 14.8981/0.0487164  number: 2206899/4941
c |       51.51|      792724|     1165703|   415549832|       96915|     4218.00|     1114121|           0|
time: 15.0185/0.0506428  number: 2223085/5139
c |       51.93|      797903|     1174439|   419095165|       98243|     4218.78|     1122310|           0|
time: 15.1426/0.0514477  number: 2239383/5225
c |       52.37|      804372|     1183130|   422856520|      100409|     4219.43|     1130503|           0|
time: 15.2754/0.0522946  number: 2255692/5300
c |       52.81|      811093|     1191818|   426580011|      102259|     4220.20|     1138696|           0|
time: 15.4084/0.0533093  number: 2271968/5408
c |       53.26|      817393|     1200523|   430470159|      104361|     4220.84|     1146887|           0|
time: 15.5436/0.0545948  number: 2288236/5524
c |       53.71|      823844|     1209222|   434506377|      106440|     4221.62|     1155078|           0|
time: 15.6833/0.0557469  number: 2304521/5623
c |       54.14|      829659|     1217893|   438134580|      107892|     4222.39|     1163270|           0|
time: 15.8131/0.0563839  number: 2320846/5682
c |       54.57|      835383|     1226608|   441862792|      109584|     4223.04|     1171462|           0|
time: 15.9424/0.0576695  number: 2337122/5790
c |       54.96|      840768|     1235330|   445284878|      111054|     4223.81|     1179653|           0|
time: 16.0541/0.0593289  number: 2353328/5968
c |       55.36|      846372|     1244044|   448811697|      112460|     4224.58|     1187846|           0|
time: 16.1619/0.0618885  number: 2369451/6229
c |       55.77|      850620|     1252731|   452288156|      113938|     4225.09|     1196038|           0|
time: 16.2778/0.0661343  number: 2385565/6499
c |       56.18|      854185|     1261492|   455769360|      115058|     4225.86|     1204228|           0|
time: 16.3983/0.0689572  number: 2401644/6804
c |       56.59|      857997|     1270337|   459285250|      116375|     4226.50|     1212419|           0|
time: 16.523/0.0718106  number: 2417754/7078
c |       57.01|      861576|     1279211|   462963820|      117617|     4227.67|     1220611|           0|
time: 16.6471/0.0758732  number: 2433783/7433
c |       57.44|      865814|     1288108|   466578692|      118714|     4228.31|     1228808|           0|
time: 16.772/0.0781506  number: 2449933/7667
c |       57.84|      871442|     1296763|   469884745|      119915|     4228.96|     1236997|           0|
time: 16.8946/0.0791691  number: 2466211/7773
c |       58.28|      877442|     1305463|   473480957|      121755|     4229.73|     1245191|           0|
time: 17.0244/0.0812252  number: 2482391/7977
c |       58.68|      881698|     1314080|   476714952|      122960|     4230.50|     1253383|           0|
time: 17.1488/0.0822705  number: 2498670/8082
c |       59.13|      886073|     1322900|   480737275|      124250|     4231.15|     1261576|           0|
time: 17.2761/0.0853871  number: 2514745/8391
c |       59.55|      891804|     1331527|   484235570|      126027|     4231.92|     1269764|           0|
time: 17.4064/0.0863026  number: 2531039/8481
c |       60.01|      896482|     1340257|   488196534|      127588|     4232.70|     1277959|           0|
time: 17.5417/0.0892819  number: 2547150/8754
c |       60.41|      901655|     1348927|   491451062|      128758|     4233.34|     1286151|           0|
time: 17.6653/0.0904721  number: 2563427/8861
c |       60.84|      906250|     1357758|   495107167|      129857|     4234.11|     1294343|           0|
time: 17.7965/0.0922421  number: 2579639/9033
c |       61.27|      911815|     1366475|   498691774|      131654|     4234.89|     1302532|           0|
time: 17.9275/0.0940045  number: 2595833/9223
c |       61.69|      917919|     1375128|   501865153|      132428|     4235.66|     1310725|           0|
time: 18.055/0.0946873  number: 2612143/9297
c |       62.14|      924059|     1383814|   505553293|      134252|     4236.43|     1318919|           0|
time: 18.1877/0.0963696  number: 2628355/9469
c |       62.55|      928510|     1392466|   508977463|      135210|     4237.75|     1327110|           0|
time: 18.3137/0.0981243  number: 2644621/9587
c |       62.98|      933358|     1401115|   512573841|      136896|     4238.72|     1335301|           0|
time: 18.4435/0.0995854  number: 2660859/9733
c |       63.40|      936599|     1409797|   516129903|      137875|     4239.50|     1343492|           0|
time: 18.5713/0.101241  number: 2677074/9902
c |       63.81|      941195|     1418479|   519643323|      138879|     4240.14|     1351684|           0|
time: 18.6976/0.102675  number: 2693314/10046
c |       64.24|      946957|     1427115|   523259258|      140610|     4240.91|     1359878|           0|
time: 18.8296/0.104441  number: 2709523/10221
c |       64.67|      953075|     1435806|   526956301|      142548|     4241.69|     1368070|           0|
time: 18.9587/0.106601  number: 2725692/10436
c |       65.09|      959075|     1444524|   530449536|      143966|     4242.46|     1376264|           0|
time: 19.0846/0.107707  number: 2741972/10540
c |       65.49|      964469|     1453153|   533612251|      144921|     4243.23|     1384453|           0|
time: 19.2098/0.109202  number: 2758207/10689
c |       65.93|      970541|     1461829|   537300852|      146895|     4243.88|     1392648|           0|
time: 19.3418/0.111667  number: 2774361/10919
c |       66.34|      975967|     1470510|   540679608|      148465|     4244.65|     1400839|           0|
time: 19.4677/0.113292  number: 2790588/11076
c |       66.77|      982191|     1479162|   544270363|      150368|     4245.43|     1409029|           0|
time: 19.6008/0.114863  number: 2806822/11226
c |       67.19|      987422|     1487935|   547949938|      152045|     4246.20|     1417223|           0|
time: 19.7167/0.117465  number: 2822961/11471
c |       67.59|      992713|     1496649|   551258688|      152925|     4246.84|     1425415|           0|
time: 19.8307/0.118075  number: 2839273/11543
c |       68.00|      997688|     1505404|   554681562|      153923|     4247.62|     1433605|           0|
time: 19.9434/0.119792  number: 2855474/11726
c |       68.40|     1003201|     1514066|   557937956|      154905|     4248.39|     1441799|           0|
time: 20.0601/0.121287  number: 2871709/11875
c |       68.81|     1008784|     1522779|   561496243|      156381|     4249.16|     1449989|           0|
time: 20.1772/0.123462  number: 2887887/12081
c |       69.23|     1014817|     1531459|   565090880|      158182|     4249.94|     1458182|           0|
time: 20.2971/0.124804  number: 2904130/12222
c |       69.65|     1020684|     1540208|   568721143|      159935|     4250.58|     1466371|           0|
time: 20.4159/0.126612  number: 2920350/12386
c |       70.06|     1026387|     1548893|   572166766|      161267|     4251.36|     1474563|           0|
time: 20.5337/0.127917  number: 2936625/12495
c |       70.48|     1031789|     1557735|   575997428|      163017|     4252.13|     1482755|           0|
time: 20.6475/0.131358  number: 2952693/12811
c |       70.89|     1037127|     1566409|   579403086|      164663|     4252.90|     1490952|           0|
time: 20.7647/0.132174  number: 2969010/12878
c |       71.31|     1042590|     1575128|   583016709|      165947|     4253.68|     1499143|           0|
time: 20.8845/0.133616  number: 2985253/13019
c |       71.74|     1047633|     1583967|   586770173|      167508|     4256.05|     1507335|           0|
time: 21.0013/0.137118  number: 3001405/13251
c |       72.13|     1052381|     1592808|   590383272|      168613|     4256.05|     1515526|           0|
time: 21.1053/0.140109  number: 3017643/13397
c |       72.53|     1058089|     1601496|   593753150|      169967|     4256.05|     1523718|           0|
time: 21.2134/0.141566  number: 3033878/13546
c |       72.93|     1063758|     1610184|   597222695|      171367|     4256.30|     1531911|           0|
time: 21.3209/0.143939  number: 3050028/13780
c |       73.33|     1069214|     1618882|   600684119|      172583|     4257.08|     1540101|           0|
time: 21.4319/0.145076  number: 3066290/13902
c |       73.74|     1074834|     1627595|   604282611|      174057|     4257.85|     1548294|           0|
time: 21.5416/0.146808  number: 3082492/14084
c |       74.14|     1080450|     1636277|   607653629|      175398|     4258.50|     1556487|           0|
time: 21.6513/0.148204  number: 3098735/14225
c |       74.55|     1085672|     1644943|   611150742|      176761|     4259.27|     1564681|           0|
time: 21.765/0.150508  number: 3114877/14467
c --------------------------------------------------------------------------------------------------------
c |        time|     #posHit|     #negHit|      memory|      #split|     mem(MB)|  #dec. Node|     #models|
c --------------------------------------------------------------------------------------------------------
c |       74.97|     1091899|     1653651|   614942889|      178755|     4260.04|     1572869|           0|
time: 21.8774/0.153132  number: 3131004/14724
c |       75.38|     1097540|     1662448|   618631350|      180118|     4261.43|     1581063|           0|
time: 21.9834/0.155848  number: 3147148/14964
c |       75.77|     1103457|     1671107|   621899180|      181488|     4261.94|     1589256|           0|
time: 22.0962/0.156703  number: 3163450/15046
c |       76.18|     1109264|     1679794|   625423733|      182910|     4262.71|     1597445|           0|
time: 22.211/0.157718  number: 3179737/15143
c |       76.59|     1115022|     1688494|   628950425|      184499|     4263.36|     1605635|           0|
time: 22.3229/0.159571  number: 3195951/15313
c |       77.00|     1120721|     1697270|   632672399|      186186|     4264.13|     1613833|           0|
time: 22.4336/0.162135  number: 3212106/15542
c |       77.40|     1124917|     1706021|   636209007|      187148|     4264.91|     1622023|           0|
time: 22.545/0.163638  number: 3228342/15690
c |       77.81|     1131091|     1714743|   640011653|      188628|     4265.68|     1630215|           0|
time: 22.654/0.165324  number: 3244581/15835
c |       78.22|     1136838|     1723417|   643460993|      190083|     4266.45|     1638405|           0|
time: 22.767/0.166102  number: 3260888/15912
c |       78.64|     1143255|     1732091|   647187808|      192167|     4267.23|     1646597|           0|
time: 22.8849/0.167132  number: 3277178/16006
c |       79.06|     1147493|     1740784|   650943148|      193305|     4267.88|     1654792|           0|
time: 23.0028/0.169528  number: 3293343/16225
c |       79.48|     1153054|     1749456|   654638668|      195044|     4268.65|     1662983|           0|
time: 23.1163/0.171565  number: 3309542/16410
c |       79.88|     1157858|     1758138|   658216118|      196315|     4269.42|     1671173|           0|
time: 23.2311/0.172953  number: 3325795/16541
c |       80.29|     1162644|     1766881|   661862655|      197914|     4270.20|     1679366|           0|
time: 23.3441/0.17612  number: 3341856/16864
c |       80.70|     1168308|     1775560|   665310168|      199436|     4270.97|     1687556|           0|
time: 23.4591/0.177699  number: 3358085/17019
c |       81.12|     1174020|     1784228|   668883284|      201135|     4271.61|     1695749|           0|
time: 23.5769/0.179591  number: 3374289/17199
c |       81.54|     1179858|     1792995|   672656748|      202787|     4272.39|     1703941|           0|
time: 23.6919/0.181544  number: 3390470/17402
c |       81.97|     1185631|     1801839|   676532252|      204316|     4273.16|     1712135|           0|
time: 23.8066/0.184016  number: 3406613/17643
c |       82.41|     1191685|     1810571|   680348787|      206168|     4273.93|     1720326|           0|
time: 23.9314/0.186251  number: 3422789/17851
c |       82.83|     1197550|     1819221|   683809775|      207927|     4274.71|     1728515|           0|
time: 24.046/0.187846  number: 3439028/17996
c |       83.26|     1203323|     1827969|   687632703|      209814|     4275.48|     1736708|           0|
time: 24.164/0.190211  number: 3455200/18208
c |       83.69|     1208938|     1836754|   691450061|      211505|     4276.25|     1744906|           0|
time: 24.2815/0.19308  number: 3471319/18473
c |       84.11|     1214433|     1845508|   694997819|      212893|     4278.64|     1753098|           0|
time: 24.4001/0.195651  number: 3487539/18637
c |       84.56|     1220348|     1854180|   698878100|      214763|     4278.64|     1761286|           0|
time: 24.5283/0.197398  number: 3503751/18809
c |       84.97|     1225624|     1862899|   702304283|      216021|     4279.16|     1769480|           0|
time: 24.6429/0.199328  number: 3519962/18982
c |       85.39|     1230746|     1871686|   705885003|      217245|     4279.99|     1777674|           0|
time: 24.7595/0.200824  number: 3536203/19125
c |       85.79|     1235882|     1880429|   709543095|      218865|     4280.76|     1785862|           0|
time: 24.8673/0.202258  number: 3552457/19255
c |       86.20|     1241137|     1889247|   713168412|      220280|     4281.41|     1794054|           0|
time: 24.9789/0.204707  number: 3568611/19485
c |       86.60|     1246611|     1898023|   716757611|      221721|     4282.18|     1802245|           0|
time: 25.0921/0.207003  number: 3584783/19697
c |       87.00|     1250870|     1906789|   720145988|      222515|     4282.95|     1810435|           0|
time: 25.2054/0.208712  number: 3601009/19855
c |       87.41|     1256776|     1915468|   723642722|      224205|     4283.73|     1818630|           0|
time: 25.3234/0.210246  number: 3617262/19986
c |       87.82|     1262672|     1924169|   727276639|      226010|     4284.50|     1826822|           0|
time: 25.4395/0.212237  number: 3633456/20176
c |       88.25|     1267620|     1932844|   730933211|      227284|     4285.27|     1835016|           0|
time: 25.5648/0.214595  number: 3649629/20387
c |       88.65|     1273108|     1941465|   734322920|      228786|     4286.05|     1843205|           0|
time: 25.6852/0.215449  number: 3665939/20461
c |       89.07|     1277188|     1950195|   737778672|      229649|     4286.82|     1851397|           0|
time: 25.8054/0.21696  number: 3682176/20608
c |       89.47|     1282867|     1958887|   741220859|      231394|     4287.46|     1859587|           0|
time: 25.9199/0.218333  number: 3698433/20735
c |       89.88|     1287351|     1967680|   744713331|      232436|     4288.24|     1867783|           0|
time: 26.035/0.220965  number: 3714574/20978
c |       90.30|     1292654|     1976418|   748186090|      233807|     4289.14|     1875972|           0|
time: 26.1653/0.222316  number: 3730820/21116
c |       90.72|     1297797|     1985113|   751711586|      235232|     4289.92|     1884166|           0|
time: 26.2864/0.224704  number: 3746965/21355
c |       91.13|     1302594|     1993823|   755167288|      236392|     4290.56|     1892358|           0|
time: 26.4076/0.225917  number: 3763242/21462
c |       91.55|     1308324|     2002567|   758756624|      237763|     4291.34|     1900547|           0|
time: 26.5256/0.227984  number: 3779445/21643
c |       91.97|     1313877|     2011309|   762272825|      238881|     4292.11|     1908740|           0|
time: 26.6426/0.229541  number: 3795682/21790
c |       92.38|     1319315|     2020150|   765977386|      240187|     4292.88|     1916932|           0|
time: 26.7584/0.232249  number: 3811811/22045
c |       92.80|     1323432|     2029105|   769696977|      241445|     4293.66|     1925125|           0|
time: 26.8748/0.234462  number: 3827995/22245
c |       93.22|     1327503|     2037990|   773319750|      242717|     4294.43|     1933316|           0|
time: 27.0024/0.237063  number: 3844135/22489
c |       93.65|     1332270|     2046731|   776935068|      244003|     4295.20|     1941507|           0|
time: 27.134/0.238444  number: 3860399/22609
c |       94.09|     1337954|     2055479|   780653290|      245434|     4295.98|     1949705|           0|
time: 27.2662/0.239428  number: 3876704/22688
c |       94.53|     1344261|     2064200|   784348918|      247085|     4296.75|     1957891|           0|
time: 27.3962/0.241145  number: 3892947/22829
c |       94.97|     1350071|     2072973|   788000812|      248189|     4297.52|     1966085|           0|
time: 27.5283/0.241908  number: 3909272/22888
c |       95.42|     1355557|     2081749|   791869903|      249757|     4298.30|     1974276|           0|
time: 27.6633/0.243434  number: 3925522/23022
c --------------------------------------------------------------------------------------------------------
c
c [1m[31mStatistics [0m
c [33mCompilation Information[0m
c Number of recursive call: 3953229
c Number of split formula: 250553
c Number of decision: 1976614
c Number of models used: 0
c
c [1m[34mCache Information[0m
c Number of positive hit: 1356889
c Number of negative hit: 2084253
c
c Final time: 95.55
c
time: 27.7026/0.243998  number: 3930169/23060
s SATISFIABLE
c s type mc
c s log10-estimate 17.635899845288008677664324633814845128785549877465
c s exact arb int 432414098467708928
c [COUNTER] Elapsed time: 95.64480746899999985544127412140369415283203125 seconds
