c [D4] Competition version
c [INITIAL INPUT] [4m[32mStatistics about the input formula[0m
c [INITIAL INPUT] Number of variables: 432
c [INITIAL INPUT] Number of clauses: 1377
c [INITIAL INPUT] Number of unit clauses: 11
c [INITIAL INPUT] Number of binary clauses: 127
c [INITIAL INPUT] Number of ternary clauses: 861
c [INITIAL INPUT] Number of clauses larger than 3: 378
c [INITIAL INPUT] Number of literals: 4447
c
c [D4] Run the projected model counter
c [PREPROC MANAGER] Option PreprocManager: preproc(basic) input type(dimacs cnf)
c [MAIN PREPROCESSED INPUT] [4m[32mStatistics about the preprocessed formula[0m
c [PREPROCESSED INPUT] Number of variables: 432
c [PREPROCESSED INPUT] Number of clauses: 1377
c [PREPROCESSED INPUT] Number of unit clauses: 11
c [PREPROCESSED INPUT] Number of binary clauses: 127
c [PREPROCESSED INPUT] Number of ternary clauses: 861
c [PREPROCESSED INPUT] Number of clauses larger than 3: 378
c [PREPROCESSED INPUT] Number of literals: 4447
c
c
c [PROJECTED VARIABLES] list: 5 6 7 8 9 10 11 12 13 14 15 16 17 18 19 20 124 125 126 127 128 129 130 131 132 133 134 135 136 137 138 139 227 228 229 230 231 232 233 234 235 236 237 238 239 240 241 242 330 331 332 333 334 335 336 337 338 339 340 341 342 343 344 345 432 
c
c [DPLL STYLE METHOD] Option DPLL-style Method: exploit-model(1) 
c [WRAPPER SOLVER] Option Solver: solver name(glucose cnf)
c [GLUCOSE SOLVER] Init phase
c [SPEC MANAGER] Option Formula Manager: update mode(dynamicBlockedSimp)
c [SPEC MANAGER] DYN with blocked clause elimination
c [SPEC MANAGER] Number of clauses removed at the beginning: 183
c [MODE] Projected we can only use the classical heuristic
c [BRANCHING HEURISTIC] Option Branching Heuristic: scoring method(vsads) phase heuristic(polarity) reverse phase (0) freq-decay (2048) branching heuristic (classic)
c [CACHE CLEANING MANAGER]  Option CacheCleaningManager: cleaning strategy(none) 
c [BUCKET MANAGER]  Option BucketManager: storage(not-touched)  representation(clause)  size_first_page(4294967296) size_additional_page(536870912)
c [CACHE LIST CONSTRUCTOR]
c [OPERATION MANAGER] Operator option: operator type(counting)
c
c [DPLL STYLE METHOD] Exploitation models: 1
c Warm start process (11): 25/29
c --------------------------------------------------------------------------------------------------------
c |        time|     #posHit|     #negHit|      memory|      #split|     mem(MB)|  #dec. Node|     #models|
c --------------------------------------------------------------------------------------------------------
c |        0.34|        6086|        8613|     2820736|         411|     4128.80|        8203|           0|
time: 0.0962315/6.89991e-05  number: 16378/6
c |        0.70|       12193|       17274|     5943393|         885|     4129.57|       16391|           0|
time: 0.195205/6.89991e-05  number: 32762/6
c |        1.09|       18123|       26003|     9346161|        1422|     4130.22|       24583|           0|
time: 0.296394/6.89991e-05  number: 49146/6
c |        1.42|       23373|       34621|    12141503|        1842|     4130.86|       32780|           0|
time: 0.390833/6.89991e-05  number: 65530/6
c |        1.76|       28626|       43237|    14982636|        2268|     4131.53|       40970|           0|
time: 0.486321/6.89991e-05  number: 81914/6
c |        2.15|       34073|       51962|    18430583|        2805|     4132.17|       49159|           0|
time: 0.588635/6.89991e-05  number: 98298/6
c |        2.50|       38799|       60625|    21512294|        3274|     4132.81|       57353|           0|
time: 0.685739/6.89991e-05  number: 114682/6
c |        2.85|       43033|       69287|    24548050|        3746|     4133.58|       65543|           0|
time: 0.781732/6.89991e-05  number: 131066/6
c |        3.20|       47996|       77952|    27610649|        4220|     4134.23|       73738|           0|
time: 0.877103/6.89991e-05  number: 147450/6
c |        3.56|       54107|       86613|    30666169|        4692|     4134.88|       81925|           0|
time: 0.972965/6.89991e-05  number: 163834/6
c |        3.91|       59827|       95289|    33770397|        5179|     4135.52|       90121|           0|
time: 1.0698/0.000289298  number: 180194/30
c |        4.30|       64673|      103988|    37025908|        5876|     4136.27|       98311|           0|
time: 1.17922/0.00105867  number: 196499/109
c |        4.70|       69163|      112724|    40389274|        6515|     4136.91|      106505|           0|
time: 1.29025/0.00175629  number: 212814/178
c |        5.10|       74543|      121459|    43802998|        7098|     4137.68|      114696|           0|
time: 1.40251/0.00203524  number: 229168/208
c |        5.50|       79655|      130197|    47255094|        7755|     4138.32|      122884|           0|
time: 1.51394/0.00203524  number: 245552/208
c |        5.90|       84817|      138965|    50768253|        8460|     4138.96|      131081|           0|
time: 1.62581/0.00246439  number: 261892/252
c |        6.31|       90332|      147740|    54274338|        9116|     4139.73|      139273|           0|
time: 1.73786/0.00290117  number: 278232/296
c |        6.71|       95623|      156469|    57691863|        9734|     4140.38|      147461|           0|
time: 1.8496/0.00290117  number: 294616/296
c |        7.11|      101094|      165205|    61133905|       10382|     4141.02|      155655|           0|
time: 1.96114/0.00290117  number: 311000/296
c |        7.51|      106252|      173978|    64619885|       11082|     4141.79|      163848|           0|
time: 2.07363/0.00290117  number: 327384/296
c |        7.92|      112322|      182732|    68078979|       11772|     4142.43|      172039|           0|
time: 2.18645/0.00352726  number: 343703/361
c |        8.33|      118791|      191496|    71541935|       12446|     4143.07|      180233|           0|
time: 2.30022/0.00363264  number: 360077/371
c |        8.72|      124909|      200219|    74888089|       12990|     4143.72|      188421|           0|
time: 2.41041/0.00387392  number: 376435/397
c |        9.12|      131356|      208928|    78272020|       13593|     4144.50|      196613|           0|
time: 2.52146/0.00387392  number: 392819/397
c |        9.52|      137629|      217650|    81666917|       14222|     4145.13|      204810|           0|
time: 2.63273/0.00408087  number: 409182/418
c |        9.91|      143257|      226371|    85008552|       14767|     4145.78|      212997|           0|
time: 2.74391/0.00449476  number: 425528/456
c |       10.31|      149182|      235089|    88377709|       15358|     4146.42|      221190|           0|
time: 2.85821/0.00449476  number: 441912/456
c |       10.71|      155081|      243811|    91769024|       15991|     4147.20|      229385|           0|
time: 2.97143/0.00449476  number: 458296/456
c |       11.11|      160964|      252532|    95161595|       16628|     4147.83|      237575|           0|
time: 3.08475/0.00449476  number: 474680/456
c |       11.51|      166837|      261251|    98562998|       17244|     4148.46|      245767|           0|
time: 3.1978/0.00465879  number: 491049/471
c |       11.92|      172746|      269998|   101968170|       17815|     4149.11|      253961|           0|
time: 3.31211/0.00507746  number: 507393/511
c |       12.32|      178615|      278740|   105358414|       18388|     4150.00|      262151|           0|
time: 3.42632/0.00518427  number: 523768/520
c |       12.73|      184121|      287574|   108894221|       19224|     4150.64|      270340|           0|
time: 3.54213/0.0065423  number: 540010/662
c |       13.13|      189925|      296333|   112297106|       19790|     4151.29|      278534|           0|
time: 3.65493/0.0065423  number: 556394/662
c |       13.54|      195942|      305088|   115757870|       20441|     4152.06|      286727|           0|
time: 3.7686/0.0065423  number: 572778/662
c |       13.93|      201871|      313820|   119163210|       21089|     4152.71|      294919|           0|
time: 3.8814/0.0065423  number: 589162/662
c |       14.33|      207881|      322543|   122564855|       21728|     4153.35|      303111|           0|
time: 3.99448/0.0065423  number: 605546/662
c |       14.73|      213305|      331314|   126001576|       22402|     4154.00|      311301|           0|
time: 4.1081/0.00728903  number: 621851/741
c |       15.14|      218885|      340140|   129464636|       23046|     4154.77|      319495|           0|
time: 4.22265/0.00747404  number: 638217/759
c |       15.54|      224807|      348873|   132807475|       23698|     4155.41|      327686|           0|
time: 4.33565/0.00770865  number: 654578/782
c |       15.93|      230705|      357579|   136156597|       24314|     4156.06|      335878|           0|
time: 4.44822/0.00770865  number: 670962/782
c |       16.33|      236751|      366291|   139470404|       24914|     4156.83|      344070|           0|
time: 4.56112/0.00862513  number: 687254/874
c |       16.73|      242481|      375011|   142843808|       25465|     4157.48|      352261|           0|
time: 4.67577/0.00862513  number: 703638/874
c |       17.14|      248025|      383764|   146252602|       26062|     4158.12|      360456|           0|
time: 4.79233/0.00925074  number: 719961/935
c |       17.54|      253790|      392483|   149598755|       26612|     4158.77|      368645|           0|
time: 4.90664/0.00962076  number: 736305/975
c |       17.95|      259393|      401235|   152976461|       27198|     4159.54|      376839|           0|
time: 5.02265/0.0104161  number: 752613/1051
c |       18.36|      264738|      410009|   156558949|       28276|     4160.19|      385030|           0|
time: 5.14088/0.0117646  number: 768848/1200
c |       18.77|      270478|      418744|   159930844|       28928|     4160.83|      393222|           0|
time: 5.25679/0.0117646  number: 785232/1200
c |       19.17|      275824|      427464|   163244498|       29584|     4157.50|      401415|           0|
time: 5.36891/0.0144063  number: 801374/1442
c |       19.58|      281204|      436206|   166650687|       30222|     4158.14|      409607|           0|
time: 5.4838/0.0147038  number: 817722/1478
c |       19.98|      286916|      444946|   170076894|       30851|     4158.79|      417799|           0|
time: 5.59777/0.0150548  number: 834062/1522
c |       20.40|      292509|      453684|   173498304|       31484|     4159.56|      425992|           0|
time: 5.71317/0.0150682  number: 850445/1523
c |       20.81|      297816|      462442|   176899971|       32116|     4160.29|      434183|           0|
time: 5.82795/0.0165101  number: 866681/1671
c |       21.22|      303483|      471224|   180343697|       32726|     4160.94|      442375|           0|
time: 5.9449/0.0174962  number: 882956/1780
c |       21.63|      309798|      479968|   183755026|       33335|     4161.71|      450568|           0|
time: 6.0614/0.0174962  number: 899340/1780
c |       22.05|      315660|      488752|   187320440|       34313|     4162.36|      458757|           0|
time: 6.18019/0.0188733  number: 915569/1935
c |       22.47|      321503|      497542|   190770235|       34927|     4163.13|      466950|           0|
time: 6.29819/0.0191136  number: 931927/1961
c |       22.88|      327452|      506309|   194204826|       35566|     4163.77|      475145|           0|
time: 6.41578/0.0191136  number: 948311/1961
c |       23.28|      332955|      515032|   197597062|       36205|     4164.42|      483336|           0|
time: 6.53146/0.0191136  number: 964695/1961
c |       23.69|      338946|      523771|   201010372|       36862|     4165.19|      491528|           0|
time: 6.64738/0.0191136  number: 981079/1961
c |       24.10|      344805|      532500|   204414023|       37507|     4166.09|      499718|           0|
time: 6.76346/0.0191136  number: 997463/1961
c |       24.51|      350895|      541261|   207849021|       38192|     4166.74|      507911|           0|
time: 6.88063/0.0191136  number: 1013847/1961
c |       24.92|      356942|      550011|   211276898|       38864|     4167.38|      516101|           0|
time: 6.99727/0.0191136  number: 1030231/1961
c --------------------------------------------------------------------------------------------------------
c |        time|     #posHit|     #negHit|      memory|      #split|     mem(MB)|  #dec. Node|     #models|
c --------------------------------------------------------------------------------------------------------
c |       25.33|      362973|      558746|   214687513|       39512|     4168.16|      524295|           0|
time: 7.11242/0.0191136  number: 1046615/1961
c |       25.73|      368821|      567491|   218124607|       40174|     4168.80|      532487|           0|
time: 7.22827/0.0191136  number: 1062999/1961
c |       26.14|      374604|      576224|   221553517|       40826|     4169.45|      540677|           0|
time: 7.34376/0.0191136  number: 1079383/1961
c |       26.55|      380724|      585004|   225008425|       41528|     4170.22|      548869|           0|
time: 7.46027/0.0192128  number: 1095758/1970
c |       26.95|      386669|      593753|   228404613|       42141|     4170.86|      557062|           0|
time: 7.5748/0.0192796  number: 1112137/1975
c |       27.35|      392690|      602478|   231779398|       42758|     4171.64|      565254|           0|
time: 7.68908/0.0192796  number: 1128521/1975
c |       27.74|      399204|      611163|   235020859|       43352|     4172.29|      573443|           0|
time: 7.80178/0.0192796  number: 1144905/1975
c |       28.12|      405775|      619839|   238186319|       43931|     4172.93|      581639|           0|
time: 7.9127/0.0192796  number: 1161289/1975
c |       28.51|      412506|      628512|   241389826|       44507|     4173.57|      589830|           0|
time: 8.03025/0.0192796  number: 1177673/1975
c |       28.89|      419151|      637186|   244557813|       45086|     4174.35|      598023|           0|
time: 8.14212/0.0192796  number: 1194057/1975
c |       29.28|      425806|      645862|   247755605|       45666|     4174.99|      606215|           0|
time: 8.25504/0.0192796  number: 1210441/1975
c |       29.66|      432367|      654538|   250936577|       46248|     4175.64|      614408|           0|
time: 8.36699/0.0192796  number: 1226825/1975
c |       30.04|      438968|      663201|   254072800|       46814|     4176.41|      622596|           0|
time: 8.47777/0.0193883  number: 1243199/1985
c |       30.43|      445005|      671915|   257307189|       47354|     4177.05|      630791|           0|
time: 8.59276/0.019682  number: 1259554/2014
c |       30.83|      450200|      680669|   260790275|       47971|     4177.83|      638983|           0|
time: 8.70788/0.0200768  number: 1275893/2059
c |       31.25|      455605|      689426|   264226688|       48628|     4178.47|      647177|           0|
time: 8.82729/0.0200768  number: 1292277/2059
c |       31.65|      460466|      698171|   267649281|       49280|     4179.12|      655365|           0|
time: 8.94104/0.0204545  number: 1308619/2101
c |       32.05|      465672|      706934|   271108074|       49924|     4179.89|      663558|           0|
time: 9.05554/0.0208951  number: 1324951/2153
c |       32.45|      471225|      715682|   274552593|       50590|     4180.54|      671749|           0|
time: 9.16973/0.0208951  number: 1341335/2153
c |       32.85|      476545|      724447|   277998649|       51226|     4181.31|      679943|           0|
time: 9.28379/0.0212308  number: 1357688/2184
c |       33.25|      481900|      733202|   281441610|       51818|     4181.95|      688134|           0|
time: 9.39747/0.0212308  number: 1374072/2184
c |       33.65|      487248|      741958|   284882957|       52470|     4182.73|      696325|           0|
time: 9.51136/0.0216199  number: 1390416/2224
c |       34.06|      492723|      750745|   288353415|       53118|     4183.52|      704517|           0|
time: 9.62608/0.0221044  number: 1406753/2271
c |       34.46|      498822|      759493|   291781479|       53721|     4184.29|      712711|           0|
time: 9.74023/0.0223027  number: 1423116/2292
c |       34.86|      504963|      768249|   295295622|       54493|     4184.93|      720901|           0|
time: 9.85579/0.0230275  number: 1439421/2371
c |       35.27|      511179|      776989|   298718588|       55054|     4185.71|      729092|           0|
time: 9.9706/0.0230275  number: 1455805/2371
c |       35.67|      517964|      785717|   302151079|       55695|     4186.36|      737285|           0|
time: 10.0874/0.0230275  number: 1472189/2371
c |       36.08|      524362|      794444|   305582545|       56337|     4187.00|      745480|           0|
time: 10.2022/0.0230275  number: 1488573/2371
c |       36.48|      531164|      803166|   309009385|       56974|     4187.77|      753670|           0|
time: 10.3176/0.0230275  number: 1504957/2371
c |       36.89|      537577|      811893|   312446287|       57618|     4188.42|      761860|           0|
time: 10.4339/0.0230275  number: 1521341/2371
c |       37.29|      544036|      820651|   315906948|       58274|     4189.19|      770055|           0|
time: 10.55/0.0230275  number: 1537725/2371
c |       37.70|      550459|      829397|   319359034|       58940|     4189.84|      778247|           0|
time: 10.6665/0.0230275  number: 1554109/2371
c |       38.12|      557042|      838188|   322976176|       59971|     4190.61|      786443|           0|
time: 10.7838/0.0239278  number: 1570411/2453
c |       38.54|      563659|      846982|   326644600|       60998|     4191.38|      794628|           0|
time: 10.9029/0.0244924  number: 1586740/2508
c |       38.95|      569949|      855764|   330095316|       61605|     4192.03|      802823|           0|
time: 11.0248/0.0248357  number: 1603089/2543
c |       39.36|      576473|      864550|   333627159|       62366|     4192.80|      811013|           0|
time: 11.1404/0.0256406  number: 1619398/2618
c |       39.76|      582865|      873311|   337071587|       62974|     4193.45|      819206|           0|
time: 11.2554/0.0259725  number: 1635751/2649
c |       40.17|      589214|      882040|   340471041|       63601|     4194.22|      827398|           0|
time: 11.3721/0.0259725  number: 1652135/2649
c |       40.57|      595820|      890760|   343829576|       64238|     4194.86|      835590|           0|
time: 11.4878/0.0259725  number: 1668519/2649
c |       40.98|      602565|      899490|   347237672|       64882|     4195.64|      843782|           0|
time: 11.6046/0.0259725  number: 1684903/2649
c |       41.39|      609370|      908223|   350675197|       65534|     4196.41|      851972|           0|
time: 11.722/0.0259725  number: 1701287/2649
c |       41.80|      615180|      917017|   354265366|       66392|     4197.05|      860165|           0|
time: 11.8378/0.0276814  number: 1717481/2839
c |       42.20|      620757|      925817|   357802787|       67104|     4197.83|      868360|           0|
time: 11.9526/0.0288945  number: 1733739/2965
c |       42.61|      626424|      934575|   361285679|       67759|     4198.47|      876549|           0|
time: 12.0696/0.0288945  number: 1750123/2965
c |       43.03|      631886|      943331|   364728431|       68320|     4199.25|      884742|           0|
time: 12.1938/0.0288945  number: 1766507/2965
c |       43.43|      637500|      952078|   368176171|       68877|     4200.02|      892932|           0|
time: 12.3098/0.0288945  number: 1782891/2965
c |       43.83|      642788|      960827|   371627939|       69434|     4200.66|      901124|           0|
time: 12.4264/0.0288945  number: 1799275/2965
c |       44.24|      648343|      969581|   375078526|       69994|     4201.44|      909319|           0|
time: 12.5427/0.0288945  number: 1815659/2965
c |       44.64|      654042|      978342|   378528347|       70566|     4202.08|      917509|           0|
time: 12.6581/0.0290395  number: 1832027/2981
c |       45.05|      659729|      987112|   381993952|       71156|     4202.86|      925701|           0|
time: 12.7703/0.0294553  number: 1848369/3023
c |       45.44|      665268|      995878|   385425096|       71732|     4203.63|      933893|           0|
time: 12.8798/0.0296613  number: 1864731/3045
c |       45.84|      671533|     1004603|   388825188|       72348|     4204.27|      942086|           0|
time: 12.9906/0.0296613  number: 1881115/3045
c |       46.24|      678208|     1013305|   392193882|       72962|     4205.05|      950277|           0|
time: 13.1022/0.0296613  number: 1897499/3045
c |       46.64|      685085|     1022000|   395545499|       73562|     4205.70|      958471|           0|
time: 13.2148/0.0296613  number: 1913883/3045
c |       47.04|      691854|     1030699|   398912449|       74172|     4206.47|      966662|           0|
time: 13.327/0.0296613  number: 1930267/3045
c |       47.45|      698586|     1039400|   402299575|       74786|     4207.24|      974853|           0|
time: 13.4389/0.0296613  number: 1946651/3045
c |       47.85|      704564|     1048152|   405748454|       75361|     4207.89|      983046|           0|
time: 13.5492/0.0296613  number: 1963035/3045
c |       48.25|      710727|     1056854|   408998618|       75934|     4209.60|      991243|           0|
time: 13.6618/0.0297605  number: 1979411/3053
c |       48.63|      717319|     1065530|   412190558|       76515|     4209.86|      999433|           0|
time: 13.7717/0.0297605  number: 1995795/3053
c |       49.04|      723823|     1074226|   415510210|       77124|     4210.63|     1007623|           0|
time: 13.884/0.0297605  number: 2012179/3053
c |       49.42|      730084|     1082887|   418657025|       77664|     4211.27|     1015815|           0|
time: 13.9932/0.0297605  number: 2028563/3053
c |       49.80|      736496|     1091569|   421840486|       78224|     4212.05|     1024007|           0|
time: 14.102/0.0297605  number: 2044947/3053
c |       50.20|      742892|     1100254|   425111809|       78794|     4212.82|     1032196|           0|
time: 14.2119/0.0297605  number: 2061331/3053
c |       50.58|      749276|     1108959|   428348825|       79382|     4213.46|     1040392|           0|
time: 14.3208/0.0297605  number: 2077715/3053
c --------------------------------------------------------------------------------------------------------
c |        time|     #posHit|     #negHit|      memory|      #split|     mem(MB)|  #dec. Node|     #models|
c --------------------------------------------------------------------------------------------------------
c |       50.98|      755693|     1117662|   431687294|       79970|     4214.24|     1048581|           0|
time: 14.4313/0.0297605  number: 2094099/3053
c |       51.37|      761927|     1126325|   434851064|       80513|     4215.02|     1056774|           0|
time: 14.541/0.0297605  number: 2110483/3053
c |       51.76|      768223|     1135013|   438045991|       81082|     4215.66|     1064963|           0|
time: 14.6498/0.0297605  number: 2126867/3053
c |       52.16|      774552|     1143718|   441398416|       81674|     4216.43|     1073157|           0|
time: 14.7612/0.0297605  number: 2143251/3053
c |       52.55|      780891|     1152419|   444695255|       82261|     4217.08|     1081348|           0|
time: 14.871/0.0297605  number: 2159635/3053
c |       52.94|      787186|     1161125|   448023916|       82848|     4217.85|     1089542|           0|
time: 14.9821/0.0297605  number: 2176019/3053
c |       53.34|      793707|     1169812|   451373072|       83483|     4218.62|     1097733|           0|
time: 15.0924/0.0304547  number: 2192336/3120
c |       53.73|      800040|     1178506|   454706360|       84214|     4219.40|     1105925|           0|
time: 15.2033/0.0310384  number: 2208663/3177
c |       54.12|      806458|     1187199|   458019891|       84785|     4220.04|     1114119|           0|
time: 15.3147/0.0313245  number: 2225022/3202
c |       54.53|      812863|     1195894|   461354934|       85367|     4220.82|     1122308|           0|
time: 15.4271/0.0315381  number: 2241392/3216
c |       54.93|      818935|     1204593|   464684568|       85962|     4221.59|     1130500|           0|
time: 15.5409/0.0321141  number: 2257723/3269
c |       55.34|      825099|     1213311|   468091323|       86592|     4222.23|     1138692|           0|
time: 15.6551/0.0323468  number: 2274085/3291
c |       55.74|      831317|     1222008|   471387350|       87174|     4223.01|     1146886|           0|
time: 15.7682/0.0325871  number: 2290445/3315
c |       56.14|      837346|     1230715|   474757464|       87874|     4223.78|     1155078|           0|
time: 15.88/0.0336324  number: 2306714/3430
c |       56.55|      843470|     1239421|   478163100|       88722|     4224.79|     1163267|           0|
time: 15.9934/0.0343801  number: 2323025/3503
c |       56.96|      849221|     1248142|   481536949|       89414|     4225.43|     1171459|           0|
time: 16.1078/0.0354024  number: 2339312/3600
c |       57.36|      854962|     1256898|   484937251|       90128|     4226.21|     1179653|           0|
time: 16.2195/0.0363637  number: 2355596/3700
c |       57.77|      860975|     1265638|   488322784|       90690|     4226.98|     1187849|           0|
time: 16.331/0.0367757  number: 2371936/3744
c |       58.17|      867154|     1274364|   491670608|       91281|     4227.75|     1196038|           0|
time: 16.4429/0.0369741  number: 2388301/3763
c |       58.58|      873312|     1283101|   495040614|       91873|     4228.40|     1204229|           0|
time: 16.555/0.0369741  number: 2404685/3763
c |       58.98|      879851|     1291825|   498428184|       92508|     4229.17|     1212423|           0|
time: 16.6689/0.0369741  number: 2421069/3763
c |       59.39|      886257|     1300551|   501821187|       93132|     4229.95|     1220613|           0|
time: 16.7828/0.0369741  number: 2437453/3763
c |       59.80|      892199|     1309277|   505099113|       93728|     4230.72|     1228806|           0|
time: 16.8947/0.0370198  number: 2453834/3766
c |       60.19|      898352|     1317972|   508316566|       94330|     4231.36|     1236999|           0|
time: 17.007/0.0370198  number: 2470218/3766
c |       60.59|      904103|     1326723|   511710513|       94989|     4232.14|     1245187|           0|
time: 17.1147/0.0379964  number: 2486501/3867
c |       61.00|      909609|     1335511|   515191427|       95749|     4232.91|     1253383|           0|
time: 17.2256/0.0389348  number: 2502794/3958
c |       61.44|      914457|     1344313|   519161489|       97310|     4233.68|     1261578|           0|
time: 17.3507/0.0398618  number: 2519076/4060
c |       61.87|      918526|     1353116|   522952038|       98322|     4234.33|     1269764|           0|
time: 17.4735/0.0412541  number: 2535317/4203
c |       62.30|      922831|     1361901|   526816986|       99647|     4235.10|     1277961|           0|
time: 17.5973/0.0422193  number: 2551606/4298
c |       62.74|      927110|     1370791|   530683903|      100703|     4235.88|     1286148|           0|
time: 17.7232/0.0440885  number: 2567806/4482
c |       63.17|      933027|     1379547|   534446874|      101576|     4236.65|     1294347|           0|
time: 17.8452/0.0442983  number: 2584170/4502
c |       63.60|      939127|     1388210|   538092888|      102555|     4237.43|     1302533|           0|
time: 17.9674/0.0450269  number: 2600487/4569
c |       64.03|      945212|     1396933|   541859464|      103592|     4238.07|     1310724|           0|
time: 18.0894/0.0450269  number: 2616871/4569
c |       64.48|      950475|     1405709|   545637524|      104634|     4238.84|     1318918|           0|
time: 18.214/0.0464383  number: 2633116/4708
c |       64.92|      955436|     1414531|   549554460|      105948|     4239.62|     1327110|           0|
time: 18.3406/0.0476895  number: 2649386/4822
c |       65.36|      960549|     1423363|   553413904|      106996|     4240.39|     1335304|           0|
time: 18.4668/0.0477506  number: 2665763/4829
c |       65.80|      966251|     1432107|   557158993|      107931|     4241.17|     1343495|           0|
time: 18.5899/0.0479108  number: 2682131/4845
c |       66.24|      971914|     1440819|   560875242|      108896|     4241.81|     1351685|           0|
time: 18.7155/0.0485517  number: 2698453/4907
c |       66.67|      976004|     1449618|   564673035|      109896|     4242.43|     1359877|           0|
time: 18.8385/0.049841  number: 2714713/5031
c |       67.10|      980577|     1458361|   568385817|      110950|     4243.07|     1368072|           0|
time: 18.9595/0.0512067  number: 2730956/5172
c |       67.53|      985505|     1467113|   572162196|      111998|     4243.84|     1376262|           0|
time: 19.0791/0.0513059  number: 2747331/5181
c |       67.98|      990001|     1475875|   576020829|      113421|     4244.62|     1384454|           0|
time: 19.2044/0.0540982  number: 2763440/5456
c |       68.41|      993724|     1484682|   579696320|      114414|     4245.39|     1392645|           0|
time: 19.3303/0.0565015  number: 2779580/5700
c |       68.83|      998454|     1493378|   583297017|      115351|     4246.16|     1400839|           0|
time: 19.452/0.0568143  number: 2795930/5734
c |       69.30|     1003370|     1502270|   587367648|      117040|     4247.32|     1409029|           0|
time: 19.5902/0.0585691  number: 2812168/5880
c |       69.73|     1008046|     1511013|   590999029|      117967|     4247.84|     1417225|           0|
time: 19.7148/0.0593549  number: 2828476/5956
c |       70.16|     1013237|     1519826|   594773767|      118974|     4248.61|     1425415|           0|
time: 19.8403/0.0593549  number: 2844860/5956
c |       70.60|     1018619|     1528607|   598564856|      119988|     4249.39|     1433609|           0|
time: 19.9639/0.0595227  number: 2861226/5974
c |       71.04|     1023544|     1537353|   602313927|      121007|     4250.16|     1441798|           0|
time: 20.0905/0.0595227  number: 2877610/5974
c |       71.49|     1028251|     1546086|   606084256|      122088|     4250.81|     1449990|           0|
time: 20.2168/0.0595227  number: 2893994/5974
c |       71.94|     1033919|     1554805|   609811533|      123146|     4251.58|     1458180|           0|
time: 20.3442/0.0595227  number: 2910378/5974
c |       72.37|     1039512|     1563502|   613482424|      124148|     4252.36|     1466373|           0|
time: 20.4699/0.0595227  number: 2926762/5974
c |       72.82|     1045102|     1572187|   617142453|      125129|     4253.13|     1474567|           0|
time: 20.5956/0.0595227  number: 2943146/5974
c |       73.26|     1050689|     1580873|   620823498|      126116|     4253.77|     1482758|           0|
time: 20.721/0.0595227  number: 2959530/5974
c |       73.70|     1055476|     1589586|   624564850|      127163|     4254.55|     1490949|           0|
time: 20.8482/0.0595227  number: 2975914/5974
c |       74.14|     1060478|     1598291|   628190354|      128184|     4255.32|     1499142|           0|
time: 20.9761/0.0595227  number: 2992298/5974
c |       74.55|     1066334|     1606963|   631611251|      129150|     4256.09|     1507333|           0|
time: 21.097/0.0595227  number: 3008682/5974
c |       74.97|     1072303|     1615656|   635110870|      130088|     4256.74|     1515525|           0|
time: 21.2193/0.0595227  number: 3025066/5974
c |       75.40|     1078633|     1624349|   638559428|      130950|     4257.51|     1523719|           0|
time: 21.3414/0.0595227  number: 3041450/5974
c |       75.80|     1085109|     1633003|   641813143|      131754|     4258.29|     1531908|           0|
time: 21.4608/0.0595227  number: 3057834/5974
c |       76.22|     1091485|     1641676|   645216047|      132580|     4259.06|     1540101|           0|
time: 21.583/0.0595227  number: 3074218/5974
c |       76.63|     1097702|     1650356|   648653999|      133429|     4259.83|     1548292|           0|
time: 21.7055/0.0595227  number: 3090602/5974
c |       77.04|     1104120|     1659041|   652043694|      134277|     4260.48|     1556485|           0|
time: 21.8271/0.0595227  number: 3106986/5974
c |       77.45|     1110694|     1667699|   655317312|      135078|     4261.25|     1564677|           0|
time: 21.9461/0.0595227  number: 3123370/5974
c --------------------------------------------------------------------------------------------------------
c |        time|     #posHit|     #negHit|      memory|      #split|     mem(MB)|  #dec. Node|     #models|
c --------------------------------------------------------------------------------------------------------
c |       77.85|     1117227|     1676358|   658625814|      135886|     4262.02|     1572870|           0|
time: 22.0655/0.0595227  number: 3139754/5974
c |       78.26|     1123867|     1685026|   661975067|      136707|     4262.80|     1581063|           0|
time: 22.1858/0.0595227  number: 3156138/5974
c |       78.66|     1130362|     1693660|   665148998|      137473|     4263.57|     1589254|           0|
time: 22.3038/0.0595227  number: 3172522/5974
c |       79.03|     1136916|     1702229|   668031097|      138126|     4264.21|     1597443|           0|
time: 22.4177/0.0595227  number: 3188906/5974
c |       79.47|     1143728|     1710948|   671662859|      139032|     4264.99|     1605638|           0|
time: 22.5423/0.0595227  number: 3205290/5974
c |       79.86|     1149924|     1719568|   674788983|      139782|     4265.76|     1613830|           0|
time: 22.6594/0.0598966  number: 3221637/6011
c |       80.24|     1155654|     1728174|   677784846|      140646|     4266.54|     1622021|           0|
time: 22.7745/0.0606442  number: 3237948/6084
c |       80.60|     1161592|     1736759|   680610256|      141304|     4267.31|     1630213|           0|
time: 22.8855/0.0611859  number: 3254279/6137
c |       80.97|     1167928|     1745336|   683497721|      142039|     4267.95|     1638406|           0|
time: 22.9978/0.0611859  number: 3270663/6137
c |       81.33|     1174133|     1753905|   686318102|      142735|     4268.73|     1646596|           0|
time: 23.108/0.0614911  number: 3287006/6178
c |       81.69|     1180165|     1762457|   689073280|      143394|     4269.50|     1654789|           0|
time: 23.217/0.0623151  number: 3303297/6271
c |       82.04|     1186286|     1770996|   691737518|      144009|     4270.28|     1662981|           0|
time: 23.3253/0.0629025  number: 3319619/6333
c |       82.41|     1192558|     1779591|   694679780|      144740|     4270.92|     1671171|           0|
time: 23.439/0.0629865  number: 3335994/6342
c |       82.78|     1198891|     1788164|   697497293|      145434|     4271.70|     1679365|           0|
time: 23.55/0.0632459  number: 3352351/6369
c |       83.14|     1205241|     1796696|   700233146|      146064|     4272.47|     1687559|           0|
time: 23.66/0.0635358  number: 3368696/6408
c |       83.49|     1211577|     1805222|   702895930|      146660|     4273.11|     1695749|           0|
time: 23.7686/0.0638257  number: 3385048/6440
c |       83.86|     1217825|     1813824|   705882485|      147413|     4273.89|     1703943|           0|
time: 23.8832/0.0641004  number: 3401402/6470
c |       84.24|     1224221|     1822404|   708798023|      148130|     4274.66|     1712132|           0|
time: 23.9975/0.0643064  number: 3417767/6489
c |       84.59|     1230662|     1830952|   711542856|      148775|     4275.43|     1720323|           0|
time: 24.107/0.0645047  number: 3434136/6504
c |       84.94|     1237113|     1839478|   714202788|      149375|     4276.21|     1728518|           0|
time: 24.2143/0.0646268  number: 3450510/6514
c |       85.28|     1243565|     1848001|   716842825|      149973|     4276.85|     1736707|           0|
time: 24.3225/0.064726  number: 3466884/6524
c |       85.67|     1249960|     1856608|   719883916|      150728|     4277.62|     1744901|           0|
time: 24.4375/0.0648328  number: 3483259/6533
c |       86.06|     1256388|     1865255|   723094685|      151561|     4278.40|     1753094|           0|
time: 24.5554/0.0648328  number: 3499643/6533
c |       86.48|     1262897|     1873934|   726503125|      152451|     4279.17|     1761284|           0|
time: 24.6769/0.0648328  number: 3516027/6533
c |       86.88|     1269318|     1882573|   729747920|      153257|     4279.95|     1769477|           0|
time: 24.795/0.0648633  number: 3532408/6536
c |       87.28|     1275840|     1891220|   732928778|      154089|     4280.59|     1777670|           0|
time: 24.9138/0.0648786  number: 3548790/6538
c |       87.67|     1282321|     1899861|   736079925|      154909|     4281.36|     1785860|           0|
time: 25.0313/0.0648786  number: 3565174/6538
c |       88.07|     1288775|     1908506|   739267366|      155730|     4282.14|     1794055|           0|
time: 25.1474/0.0649701  number: 3581549/6547
c |       88.46|     1295378|     1917149|   742474644|      156565|     4282.91|     1802245|           0|
time: 25.265/0.0649701  number: 3597933/6547
c |       88.85|     1301685|     1925770|   745543571|      157313|     4283.68|     1810436|           0|
time: 25.381/0.064993  number: 3614314/6550
c |       89.25|     1308257|     1934418|   748746802|      158140|     4284.33|     1818629|           0|
time: 25.4986/0.064993  number: 3630698/6550
c |       89.65|     1314899|     1943064|   751974257|      158972|     4285.10|     1826824|           0|
time: 25.6164/0.064993  number: 3647082/6550
c |       90.03|     1321528|     1951671|   755084064|      159724|     4285.88|     1835013|           0|
time: 25.7325/0.064993  number: 3663466/6550
c |       90.43|     1327861|     1960298|   758194153|      160509|     4286.65|     1843207|           0|
time: 25.8625/0.0650159  number: 3679848/6552
c |       90.84|     1334631|     1968926|   761471461|      161306|     4287.42|     1851399|           0|
time: 25.9823/0.0650159  number: 3696232/6552
c |       91.27|     1341219|     1977637|   765173426|      162240|     4288.20|     1859589|           0|
time: 26.1068/0.0650159  number: 3712616/6552
c |       91.70|     1347510|     1986345|   768862434|      163158|     4288.97|     1867780|           0|
time: 26.2303/0.0650311  number: 3728998/6554
c |       92.13|     1353945|     1995028|   772490205|      164071|     4289.62|     1875973|           0|
time: 26.3527/0.0650311  number: 3745382/6554
c |       92.55|     1360534|     2003686|   776063444|      164898|     4290.39|     1884164|           0|
time: 26.4752/0.0650311  number: 3761766/6554
c |       92.98|     1367081|     2012357|   779676393|      165761|     4291.16|     1892357|           0|
time: 26.5978/0.0650311  number: 3778150/6554
c |       93.40|     1373819|     2021059|   783317328|      166700|     4291.94|     1900547|           0|
time: 26.7212/0.0650311  number: 3794534/6554
c |       93.83|     1380374|     2029766|   786911169|      167634|     4292.71|     1908740|           0|
time: 26.8426/0.0650311  number: 3810918/6554
c |       94.25|     1386957|     2038455|   790503236|      168538|     4293.48|     1916930|           0|
time: 26.9649/0.0650311  number: 3827302/6554
c |       94.68|     1393626|     2047191|   794240208|      169524|     4294.13|     1925125|           0|
time: 27.0889/0.0650311  number: 3843686/6554
c |       95.12|     1400297|     2055904|   797988834|      170470|     4294.90|     1933316|           0|
time: 27.2137/0.0650311  number: 3860070/6554
c |       95.56|     1406955|     2064644|   801783847|      171466|     4295.68|     1941507|           0|
time: 27.3397/0.0650311  number: 3876454/6554
c |       95.98|     1413382|     2073345|   805330407|      172396|     4296.45|     1949700|           0|
time: 27.4602/0.0650311  number: 3892838/6554
c |       96.39|     1419755|     2082025|   808811825|      173286|     4297.22|     1957892|           0|
time: 27.5822/0.0650311  number: 3909222/6554
c |       96.82|     1426180|     2090743|   812487829|      174248|     4298.00|     1966085|           0|
time: 27.7099/0.0650311  number: 3925606/6554
c |       97.24|     1432621|     2099447|   816067363|      175180|     4298.77|     1974279|           0|
time: 27.8317/0.0650311  number: 3941990/6554
c |       97.67|     1439153|     2108124|   819560391|      176067|     4299.55|     1982468|           0|
time: 27.9529/0.0650311  number: 3958374/6554
c |       98.09|     1445647|     2116817|   823086490|      176963|     4300.19|     1990661|           0|
time: 28.074/0.0650311  number: 3974758/6554
c |       98.51|     1452197|     2125502|   826580419|      177862|     4300.96|     1998852|           0|
time: 28.1949/0.0650311  number: 3991142/6554
c |       98.92|     1458812|     2134177|   830010466|      178731|     4301.74|     2007046|           0|
time: 28.3153/0.0650311  number: 4007526/6554
c |       99.34|     1465347|     2142861|   833530077|      179636|     4302.51|     2015236|           0|
time: 28.4373/0.0650311  number: 4023910/6554
c |       99.77|     1471869|     2151561|   837098681|      180559|     4303.29|     2023430|           0|
time: 28.5587/0.0650311  number: 4040294/6554
c |      100.18|     1478481|     2160236|   840577255|      181443|     4304.06|     2031619|           0|
time: 28.6798/0.0650311  number: 4056678/6554
c |      100.60|     1485083|     2168908|   844011243|      182324|     4304.84|     2039810|           0|
time: 28.8004/0.0650311  number: 4073062/6554
c --------------------------------------------------------------------------------------------------------
c
c [1m[31mStatistics [0m
c [33mCompilation Information[0m
c Number of recursive call: 4082827
c Number of split formula: 182498
c Number of decision: 2041413
c Number of models used: 0
c
c [1m[34mCache Information[0m
c Number of positive hit: 1486388
c Number of negative hit: 2170609
c
c Final time: 100.68
c
time: 28.8238/0.0650311  number: 4076273/6554
s SATISFIABLE
c s type mc
c s log10-estimate 17.973044017160768250484084575614894650187591459109
c s exact arb int 939818559410798592
c [COUNTER] Elapsed time: 100.7482867789999971819270285777747631072998046875 seconds
